[2022-04-07T21:37:58.208+0000][2220][gc] Using G1
[2022-04-07T21:37:59.693+0000][2220][gc,init] Version: 17.0.2+8 (release)
[2022-04-07T21:37:59.693+0000][2220][gc,init] CPUs: 4 total, 4 available
[2022-04-07T21:37:59.693+0000][2220][gc,init] Memory: 16268M
[2022-04-07T21:37:59.693+0000][2220][gc,init] Large Page Support: Disabled
[2022-04-07T21:37:59.693+0000][2220][gc,init] NUMA Support: Disabled
[2022-04-07T21:37:59.693+0000][2220][gc,init] Compressed Oops: Enabled (Zero based)
[2022-04-07T21:37:59.693+0000][2220][gc,init] Heap Region Size: 4M
[2022-04-07T21:37:59.693+0000][2220][gc,init] Heap Min Capacity: 8136M
[2022-04-07T21:37:59.693+0000][2220][gc,init] Heap Initial Capacity: 8136M
[2022-04-07T21:37:59.697+0000][2220][gc,init] Heap Max Capacity: 8136M
[2022-04-07T21:37:59.697+0000][2220][gc,init] Pre-touch: Enabled
[2022-04-07T21:37:59.697+0000][2220][gc,init] Parallel Workers: 4
[2022-04-07T21:37:59.697+0000][2220][gc,init] Concurrent Workers: 1
[2022-04-07T21:37:59.697+0000][2220][gc,init] Concurrent Refinement Workers: 4
[2022-04-07T21:37:59.697+0000][2220][gc,init] Periodic GC: Disabled
[2022-04-07T21:37:59.697+0000][2220][gc,metaspace] CDS archive(s) mapped at: [0x0000000800000000-0x0000000800bc0000-0x0000000800bc0000), size 12320768, SharedBaseAddress: 0x0000000800000000, ArchiveRelocationMode: 0.
[2022-04-07T21:37:59.697+0000][2220][gc,metaspace] Compressed class space mapped at: 0x0000000800c00000-0x0000000840c00000, reserved size: 1073741824
[2022-04-07T21:37:59.697+0000][2220][gc,metaspace] Narrow klass base: 0x0000000800000000, Narrow klass shift: 0, Narrow klass range: 0x100000000
[2022-04-07T21:37:59.996+0000][2220][safepoint   ] Safepoint "ICBufferFull", Time since last: 291486800 ns, Reaching safepoint: 105300 ns, At safepoint: 9400 ns, Total: 114700 ns
[2022-04-07T21:37:59.997+0000][2220][safepoint   ] Safepoint "ICBufferFull", Time since last: 1367400 ns, Reaching safepoint: 26500 ns, At safepoint: 2000 ns, Total: 28500 ns
[2022-04-07T21:37:59.998+0000][2220][safepoint   ] Safepoint "ICBufferFull", Time since last: 1057100 ns, Reaching safepoint: 67500 ns, At safepoint: 1800 ns, Total: 69300 ns
[2022-04-07T21:38:00.340+0000][2220][safepoint   ] Safepoint "ICBufferFull", Time since last: 342435900 ns, Reaching safepoint: 90500 ns, At safepoint: 7600 ns, Total: 98100 ns
[2022-04-07T21:38:01.036+0000][2220][safepoint   ] Safepoint "ICBufferFull", Time since last: 696439400 ns, Reaching safepoint: 113500 ns, At safepoint: 10800 ns, Total: 124300 ns
[2022-04-07T21:38:02.137+0000][2220][safepoint   ] Safepoint "ICBufferFull", Time since last: 1099678800 ns, Reaching safepoint: 127200 ns, At safepoint: 10800 ns, Total: 138000 ns
[2022-04-07T21:38:03.062+0000][2220][safepoint   ] Safepoint "ICBufferFull", Time since last: 924801000 ns, Reaching safepoint: 97000 ns, At safepoint: 1500 ns, Total: 98500 ns
[2022-04-07T21:38:04.932+0000][2220][safepoint   ] Safepoint "Cleanup", Time since last: 1869868400 ns, Reaching safepoint: 300500 ns, At safepoint: 20400 ns, Total: 320900 ns
[2022-04-07T21:38:05.399+0000][2220][gc,start    ] GC(0) Pause Young (Normal) (G1 Evacuation Pause)
[2022-04-07T21:38:05.399+0000][2220][gc,task     ] GC(0) Using 4 workers of 4 for evacuation
[2022-04-07T21:38:05.399+0000][2220][gc,age      ] GC(0) Desired survivor size 27262976 bytes, new threshold 15 (max threshold 15)
[2022-04-07T21:38:05.409+0000][2220][gc,age      ] GC(0) Age table with threshold 15 (max threshold 15)
[2022-04-07T21:38:05.409+0000][2220][gc,age      ] GC(0) - age   1:   12706456 bytes,   12706456 total
[2022-04-07T21:38:05.409+0000][2220][gc,phases   ] GC(0)   Pre Evacuate Collection Set: 0.1ms
[2022-04-07T21:38:05.409+0000][2220][gc,phases   ] GC(0)   Merge Heap Roots: 0.1ms
[2022-04-07T21:38:05.409+0000][2220][gc,phases   ] GC(0)   Evacuate Collection Set: 8.7ms
[2022-04-07T21:38:05.409+0000][2220][gc,phases   ] GC(0)   Post Evacuate Collection Set: 0.8ms
[2022-04-07T21:38:05.409+0000][2220][gc,phases   ] GC(0)   Other: 0.3ms
[2022-04-07T21:38:05.409+0000][2220][gc,heap     ] GC(0) Eden regions: 101->0(97)
[2022-04-07T21:38:05.409+0000][2220][gc,heap     ] GC(0) Survivor regions: 0->4(13)
[2022-04-07T21:38:05.409+0000][2220][gc,heap     ] GC(0) Old regions: 0->0
[2022-04-07T21:38:05.409+0000][2220][gc,heap     ] GC(0) Archive regions: 0->0
[2022-04-07T21:38:05.409+0000][2220][gc,heap     ] GC(0) Humongous regions: 0->0
[2022-04-07T21:38:05.409+0000][2220][gc,metaspace] GC(0) Metaspace: 20553K(20992K)->20553K(20992K) NonClass: 18111K(18304K)->18111K(18304K) Class: 2442K(2688K)->2442K(2688K)
[2022-04-07T21:38:05.409+0000][2220][gc          ] GC(0) Pause Young (Normal) (G1 Evacuation Pause) 404M->12M(8136M) 10.125ms
[2022-04-07T21:38:05.409+0000][2220][gc,cpu      ] GC(0) User=0.06s Sys=0.00s Real=0.01s
[2022-04-07T21:38:05.409+0000][2220][safepoint   ] Safepoint "G1CollectForAllocation", Time since last: 466996800 ns, Reaching safepoint: 132100 ns, At safepoint: 10254100 ns, Total: 10386200 ns
[2022-04-07T21:38:05.948+0000][2220][gc,start    ] GC(1) Pause Young (Concurrent Start) (Metadata GC Threshold)
[2022-04-07T21:38:05.948+0000][2220][gc,task     ] GC(1) Using 4 workers of 4 for evacuation
[2022-04-07T21:38:05.948+0000][2220][gc,age      ] GC(1) Desired survivor size 27262976 bytes, new threshold 15 (max threshold 15)
[2022-04-07T21:38:05.957+0000][2220][gc,age      ] GC(1) Age table with threshold 15 (max threshold 15)
[2022-04-07T21:38:05.957+0000][2220][gc,age      ] GC(1) - age   1:     803352 bytes,     803352 total
[2022-04-07T21:38:05.957+0000][2220][gc,age      ] GC(1) - age   2:   12645944 bytes,   13449296 total
[2022-04-07T21:38:05.957+0000][2220][gc,phases   ] GC(1)   Pre Evacuate Collection Set: 0.1ms
[2022-04-07T21:38:05.957+0000][2220][gc,phases   ] GC(1)   Merge Heap Roots: 0.0ms
[2022-04-07T21:38:05.957+0000][2220][gc,phases   ] GC(1)   Evacuate Collection Set: 7.6ms
[2022-04-07T21:38:05.957+0000][2220][gc,phases   ] GC(1)   Post Evacuate Collection Set: 0.7ms
[2022-04-07T21:38:05.957+0000][2220][gc,phases   ] GC(1)   Other: 0.3ms
[2022-04-07T21:38:05.957+0000][2220][gc,heap     ] GC(1) Eden regions: 38->0(97)
[2022-04-07T21:38:05.957+0000][2220][gc,heap     ] GC(1) Survivor regions: 4->4(13)
[2022-04-07T21:38:05.957+0000][2220][gc,heap     ] GC(1) Old regions: 0->0
[2022-04-07T21:38:05.957+0000][2220][gc,heap     ] GC(1) Archive regions: 0->0
[2022-04-07T21:38:05.957+0000][2220][gc,heap     ] GC(1) Humongous regions: 0->0
[2022-04-07T21:38:05.957+0000][2220][gc,metaspace] GC(1) Metaspace: 21060K(21504K)->21060K(21504K) NonClass: 18535K(18752K)->18535K(18752K) Class: 2524K(2752K)->2524K(2752K)
[2022-04-07T21:38:05.957+0000][2220][gc          ] GC(1) Pause Young (Concurrent Start) (Metadata GC Threshold) 164M->13M(8136M) 8.984ms
[2022-04-07T21:38:05.957+0000][2220][gc,cpu      ] GC(1) User=0.00s Sys=0.00s Real=0.01s
[2022-04-07T21:38:05.957+0000][2220][gc          ] GC(2) Concurrent Mark Cycle
[2022-04-07T21:38:05.957+0000][2220][safepoint   ] Safepoint "CollectForMetadataAllocation", Time since last: 538715400 ns, Reaching safepoint: 51000 ns, At safepoint: 9095800 ns, Total: 9146800 ns
[2022-04-07T21:38:05.957+0000][2220][gc,marking  ] GC(2) Concurrent Clear Claimed Marks
[2022-04-07T21:38:05.957+0000][2220][gc,marking  ] GC(2) Concurrent Clear Claimed Marks 0.060ms
[2022-04-07T21:38:05.957+0000][2220][gc,marking  ] GC(2) Concurrent Scan Root Regions
[2022-04-07T21:38:05.962+0000][2220][gc,marking  ] GC(2) Concurrent Scan Root Regions 4.882ms
[2022-04-07T21:38:05.962+0000][2220][gc,marking  ] GC(2) Concurrent Mark
[2022-04-07T21:38:05.962+0000][2220][gc,marking  ] GC(2) Concurrent Mark From Roots
[2022-04-07T21:38:05.962+0000][2220][gc,task     ] GC(2) Using 1 workers of 1 for marking
[2022-04-07T21:38:05.964+0000][2220][gc,marking  ] GC(2) Concurrent Mark From Roots 1.504ms
[2022-04-07T21:38:05.964+0000][2220][gc,marking  ] GC(2) Concurrent Preclean
[2022-04-07T21:38:05.964+0000][2220][gc,marking  ] GC(2) Concurrent Preclean 0.062ms
[2022-04-07T21:38:05.964+0000][2220][gc,start    ] GC(2) Pause Remark
[2022-04-07T21:38:05.966+0000][2220][gc          ] GC(2) Pause Remark 15M->15M(8136M) 2.736ms
[2022-04-07T21:38:05.966+0000][2220][gc,cpu      ] GC(2) User=0.00s Sys=0.00s Real=0.00s
[2022-04-07T21:38:05.966+0000][2220][safepoint   ] Safepoint "G1Concurrent", Time since last: 6680100 ns, Reaching safepoint: 121000 ns, At safepoint: 2881600 ns, Total: 3002600 ns
[2022-04-07T21:38:05.966+0000][2220][gc,marking  ] GC(2) Concurrent Mark 4.682ms
[2022-04-07T21:38:05.967+0000][2220][gc,marking  ] GC(2) Concurrent Rebuild Remembered Sets
[2022-04-07T21:38:05.967+0000][2220][gc,marking  ] GC(2) Concurrent Rebuild Remembered Sets 0.015ms
[2022-04-07T21:38:05.967+0000][2220][gc,start    ] GC(2) Pause Cleanup
[2022-04-07T21:38:05.967+0000][2220][gc          ] GC(2) Pause Cleanup 15M->15M(8136M) 0.024ms
[2022-04-07T21:38:05.967+0000][2220][gc,cpu      ] GC(2) User=0.00s Sys=0.00s Real=0.00s
[2022-04-07T21:38:05.967+0000][2220][safepoint   ] Safepoint "G1Concurrent", Time since last: 100300 ns, Reaching safepoint: 178500 ns, At safepoint: 68300 ns, Total: 246800 ns
[2022-04-07T21:38:05.967+0000][2220][gc,marking  ] GC(2) Concurrent Cleanup for Next Mark
[2022-04-07T21:38:05.976+0000][2220][gc,marking  ] GC(2) Concurrent Cleanup for Next Mark 8.867ms
[2022-04-07T21:38:05.977+0000][2220][gc          ] GC(2) Concurrent Mark Cycle 19.044ms
[2022-04-07T21:38:06.056+0000][2220][safepoint   ] Safepoint "ICBufferFull", Time since last: 88527200 ns, Reaching safepoint: 54000 ns, At safepoint: 11400 ns, Total: 65400 ns
[2022-04-07T21:38:06.058+0000][2220][safepoint   ] Safepoint "ICBufferFull", Time since last: 1950800 ns, Reaching safepoint: 21100 ns, At safepoint: 8600 ns, Total: 29700 ns
[2022-04-07T21:38:06.064+0000][2220][safepoint   ] Safepoint "ICBufferFull", Time since last: 5873500 ns, Reaching safepoint: 25300 ns, At safepoint: 3700 ns, Total: 29000 ns
[2022-04-07T21:38:06.065+0000][2220][safepoint   ] Safepoint "ICBufferFull", Time since last: 854000 ns, Reaching safepoint: 25400 ns, At safepoint: 2100 ns, Total: 27500 ns
[2022-04-07T21:38:06.065+0000][2220][safepoint   ] Safepoint "ICBufferFull", Time since last: 752800 ns, Reaching safepoint: 26600 ns, At safepoint: 1800 ns, Total: 28400 ns
[2022-04-07T21:38:07.457+0000][2220][safepoint   ] Safepoint "Cleanup", Time since last: 1390789500 ns, Reaching safepoint: 68700 ns, At safepoint: 2800 ns, Total: 71500 ns
[2022-04-07T21:38:08.458+0000][2220][safepoint   ] Safepoint "Cleanup", Time since last: 1001271000 ns, Reaching safepoint: 51000 ns, At safepoint: 6500 ns, Total: 57500 ns
[2022-04-07T21:38:08.561+0000][2220][gc,start    ] GC(3) Pause Young (Normal) (G1 Evacuation Pause)
[2022-04-07T21:38:08.561+0000][2220][gc,task     ] GC(3) Using 4 workers of 4 for evacuation
[2022-04-07T21:38:08.561+0000][2220][gc,age      ] GC(3) Desired survivor size 27262976 bytes, new threshold 15 (max threshold 15)
[2022-04-07T21:38:08.571+0000][2220][gc,age      ] GC(3) Age table with threshold 15 (max threshold 15)
[2022-04-07T21:38:08.571+0000][2220][gc,age      ] GC(3) - age   1:    4548056 bytes,    4548056 total
[2022-04-07T21:38:08.571+0000][2220][gc,age      ] GC(3) - age   2:     788592 bytes,    5336648 total
[2022-04-07T21:38:08.571+0000][2220][gc,age      ] GC(3) - age   3:   12641072 bytes,   17977720 total
[2022-04-07T21:38:08.571+0000][2220][gc,phases   ] GC(3)   Pre Evacuate Collection Set: 0.1ms
[2022-04-07T21:38:08.571+0000][2220][gc,phases   ] GC(3)   Merge Heap Roots: 0.1ms
[2022-04-07T21:38:08.571+0000][2220][gc,phases   ] GC(3)   Evacuate Collection Set: 8.8ms
[2022-04-07T21:38:08.571+0000][2220][gc,phases   ] GC(3)   Post Evacuate Collection Set: 0.7ms
[2022-04-07T21:38:08.571+0000][2220][gc,phases   ] GC(3)   Other: 0.2ms
[2022-04-07T21:38:08.571+0000][2220][gc,heap     ] GC(3) Eden regions: 97->0(96)
[2022-04-07T21:38:08.571+0000][2220][gc,heap     ] GC(3) Survivor regions: 4->5(13)
[2022-04-07T21:38:08.571+0000][2220][gc,heap     ] GC(3) Old regions: 0->0
[2022-04-07T21:38:08.571+0000][2220][gc,heap     ] GC(3) Archive regions: 0->0
[2022-04-07T21:38:08.571+0000][2220][gc,heap     ] GC(3) Humongous regions: 0->0
[2022-04-07T21:38:08.571+0000][2220][gc,metaspace] GC(3) Metaspace: 22806K(23296K)->22806K(23296K) NonClass: 20061K(20352K)->20061K(20352K) Class: 2745K(2944K)->2745K(2944K)
[2022-04-07T21:38:08.571+0000][2220][gc          ] GC(3) Pause Young (Normal) (G1 Evacuation Pause) 401M->18M(8136M) 10.167ms
[2022-04-07T21:38:08.571+0000][2220][gc,cpu      ] GC(3) User=0.00s Sys=0.00s Real=0.01s
[2022-04-07T21:38:08.571+0000][2220][safepoint   ] Safepoint "G1CollectForAllocation", Time since last: 102968900 ns, Reaching safepoint: 118100 ns, At safepoint: 10234600 ns, Total: 10352700 ns
[2022-04-07T21:38:09.574+0000][2220][safepoint   ] Safepoint "Cleanup", Time since last: 1002585000 ns, Reaching safepoint: 47300 ns, At safepoint: 3200 ns, Total: 50500 ns
[2022-04-07T21:38:11.027+0000][2220][safepoint   ] Safepoint "ICBufferFull", Time since last: 1453764200 ns, Reaching safepoint: 73600 ns, At safepoint: 8900 ns, Total: 82500 ns
[2022-04-07T21:38:11.192+0000][2220][gc,start    ] GC(4) Pause Young (Normal) (G1 Evacuation Pause)
[2022-04-07T21:38:11.192+0000][2220][gc,task     ] GC(4) Using 4 workers of 4 for evacuation
[2022-04-07T21:38:11.192+0000][2220][gc,age      ] GC(4) Desired survivor size 27262976 bytes, new threshold 15 (max threshold 15)
[2022-04-07T21:38:11.203+0000][2220][gc,age      ] GC(4) Age table with threshold 15 (max threshold 15)
[2022-04-07T21:38:11.203+0000][2220][gc,age      ] GC(4) - age   1:    4362680 bytes,    4362680 total
[2022-04-07T21:38:11.203+0000][2220][gc,age      ] GC(4) - age   2:    3002120 bytes,    7364800 total
[2022-04-07T21:38:11.203+0000][2220][gc,age      ] GC(4) - age   3:     785408 bytes,    8150208 total
[2022-04-07T21:38:11.203+0000][2220][gc,age      ] GC(4) - age   4:   12601384 bytes,   20751592 total
[2022-04-07T21:38:11.203+0000][2220][gc,phases   ] GC(4)   Pre Evacuate Collection Set: 0.1ms
[2022-04-07T21:38:11.203+0000][2220][gc,phases   ] GC(4)   Merge Heap Roots: 0.0ms
[2022-04-07T21:38:11.203+0000][2220][gc,phases   ] GC(4)   Evacuate Collection Set: 9.5ms
[2022-04-07T21:38:11.203+0000][2220][gc,phases   ] GC(4)   Post Evacuate Collection Set: 0.8ms
[2022-04-07T21:38:11.203+0000][2220][gc,phases   ] GC(4)   Other: 0.3ms
[2022-04-07T21:38:11.203+0000][2220][gc,heap     ] GC(4) Eden regions: 96->0(96)
[2022-04-07T21:38:11.203+0000][2220][gc,heap     ] GC(4) Survivor regions: 5->6(13)
[2022-04-07T21:38:11.203+0000][2220][gc,heap     ] GC(4) Old regions: 0->0
[2022-04-07T21:38:11.203+0000][2220][gc,heap     ] GC(4) Archive regions: 0->0
[2022-04-07T21:38:11.203+0000][2220][gc,heap     ] GC(4) Humongous regions: 0->0
[2022-04-07T21:38:11.203+0000][2220][gc,metaspace] GC(4) Metaspace: 28003K(28608K)->28003K(28608K) NonClass: 24655K(24960K)->24655K(24960K) Class: 3348K(3648K)->3348K(3648K)
[2022-04-07T21:38:11.203+0000][2220][gc          ] GC(4) Pause Young (Normal) (G1 Evacuation Pause) 402M->21M(8136M) 11.008ms
[2022-04-07T21:38:11.203+0000][2220][gc,cpu      ] GC(4) User=0.06s Sys=0.00s Real=0.01s
[2022-04-07T21:38:11.203+0000][2220][safepoint   ] Safepoint "G1CollectForAllocation", Time since last: 164294600 ns, Reaching safepoint: 30300 ns, At safepoint: 11094500 ns, Total: 11124800 ns
[2022-04-07T21:38:12.212+0000][2220][safepoint   ] Safepoint "Cleanup", Time since last: 1009298600 ns, Reaching safepoint: 63300 ns, At safepoint: 3000 ns, Total: 66300 ns
[2022-04-07T21:38:12.413+0000][2220][gc,start    ] GC(5) Pause Young (Normal) (G1 Evacuation Pause)
[2022-04-07T21:38:12.413+0000][2220][gc,task     ] GC(5) Using 4 workers of 4 for evacuation
[2022-04-07T21:38:12.413+0000][2220][gc,age      ] GC(5) Desired survivor size 27262976 bytes, new threshold 15 (max threshold 15)
[2022-04-07T21:38:12.424+0000][2220][gc,age      ] GC(5) Age table with threshold 15 (max threshold 15)
[2022-04-07T21:38:12.424+0000][2220][gc,age      ] GC(5) - age   1:    3210160 bytes,    3210160 total
[2022-04-07T21:38:12.424+0000][2220][gc,age      ] GC(5) - age   2:    3080176 bytes,    6290336 total
[2022-04-07T21:38:12.424+0000][2220][gc,age      ] GC(5) - age   3:    3000968 bytes,    9291304 total
[2022-04-07T21:38:12.424+0000][2220][gc,age      ] GC(5) - age   4:     785128 bytes,   10076432 total
[2022-04-07T21:38:12.424+0000][2220][gc,age      ] GC(5) - age   5:   12562224 bytes,   22638656 total
[2022-04-07T21:38:12.424+0000][2220][gc,phases   ] GC(5)   Pre Evacuate Collection Set: 0.1ms
[2022-04-07T21:38:12.424+0000][2220][gc,phases   ] GC(5)   Merge Heap Roots: 0.1ms
[2022-04-07T21:38:12.424+0000][2220][gc,phases   ] GC(5)   Evacuate Collection Set: 9.9ms
[2022-04-07T21:38:12.424+0000][2220][gc,phases   ] GC(5)   Post Evacuate Collection Set: 0.9ms
[2022-04-07T21:38:12.424+0000][2220][gc,phases   ] GC(5)   Other: 0.3ms
[2022-04-07T21:38:12.424+0000][2220][gc,heap     ] GC(5) Eden regions: 96->0(102)
[2022-04-07T21:38:12.424+0000][2220][gc,heap     ] GC(5) Survivor regions: 6->6(13)
[2022-04-07T21:38:12.424+0000][2220][gc,heap     ] GC(5) Old regions: 0->0
[2022-04-07T21:38:12.424+0000][2220][gc,heap     ] GC(5) Archive regions: 0->0
[2022-04-07T21:38:12.424+0000][2220][gc,heap     ] GC(5) Humongous regions: 0->0
[2022-04-07T21:38:12.424+0000][2220][gc,metaspace] GC(5) Metaspace: 29439K(30144K)->29439K(30144K) NonClass: 25888K(26304K)->25888K(26304K) Class: 3550K(3840K)->3550K(3840K)
[2022-04-07T21:38:12.424+0000][2220][gc          ] GC(5) Pause Young (Normal) (G1 Evacuation Pause) 405M->23M(8136M) 11.563ms
[2022-04-07T21:38:12.424+0000][2220][gc,cpu      ] GC(5) User=0.06s Sys=0.00s Real=0.01s
[2022-04-07T21:38:12.424+0000][2220][safepoint   ] Safepoint "G1CollectForAllocation", Time since last: 200823100 ns, Reaching safepoint: 27800 ns, At safepoint: 11637300 ns, Total: 11665100 ns
[2022-04-07T21:38:13.499+0000][2220][gc,start    ] GC(6) Pause Young (Normal) (G1 Evacuation Pause)
[2022-04-07T21:38:13.499+0000][2220][gc,task     ] GC(6) Using 4 workers of 4 for evacuation
[2022-04-07T21:38:13.499+0000][2220][gc,age      ] GC(6) Desired survivor size 29360128 bytes, new threshold 15 (max threshold 15)
[2022-04-07T21:38:13.511+0000][2220][gc,age      ] GC(6) Age table with threshold 15 (max threshold 15)
[2022-04-07T21:38:13.511+0000][2220][gc,age      ] GC(6) - age   1:    1565872 bytes,    1565872 total
[2022-04-07T21:38:13.511+0000][2220][gc,age      ] GC(6) - age   2:    2351704 bytes,    3917576 total
[2022-04-07T21:38:13.511+0000][2220][gc,age      ] GC(6) - age   3:    3078872 bytes,    6996448 total
[2022-04-07T21:38:13.511+0000][2220][gc,age      ] GC(6) - age   4:    3000600 bytes,    9997048 total
[2022-04-07T21:38:13.511+0000][2220][gc,age      ] GC(6) - age   5:     785128 bytes,   10782176 total
[2022-04-07T21:38:13.511+0000][2220][gc,age      ] GC(6) - age   6:   12562032 bytes,   23344208 total
[2022-04-07T21:38:13.511+0000][2220][gc,phases   ] GC(6)   Pre Evacuate Collection Set: 0.1ms
[2022-04-07T21:38:13.511+0000][2220][gc,phases   ] GC(6)   Merge Heap Roots: 0.1ms
[2022-04-07T21:38:13.511+0000][2220][gc,phases   ] GC(6)   Evacuate Collection Set: 10.9ms
[2022-04-07T21:38:13.511+0000][2220][gc,phases   ] GC(6)   Post Evacuate Collection Set: 1.0ms
[2022-04-07T21:38:13.511+0000][2220][gc,phases   ] GC(6)   Other: 0.4ms
[2022-04-07T21:38:13.511+0000][2220][gc,heap     ] GC(6) Eden regions: 102->0(1214)
[2022-04-07T21:38:13.511+0000][2220][gc,heap     ] GC(6) Survivor regions: 6->6(14)
[2022-04-07T21:38:13.511+0000][2220][gc,heap     ] GC(6) Old regions: 0->0
[2022-04-07T21:38:13.511+0000][2220][gc,heap     ] GC(6) Archive regions: 0->0
[2022-04-07T21:38:13.511+0000][2220][gc,heap     ] GC(6) Humongous regions: 0->0
[2022-04-07T21:38:13.511+0000][2220][gc,metaspace] GC(6) Metaspace: 30080K(30848K)->30080K(30848K) NonClass: 26434K(26880K)->26434K(26880K) Class: 3645K(3968K)->3645K(3968K)
[2022-04-07T21:38:13.511+0000][2220][gc          ] GC(6) Pause Young (Normal) (G1 Evacuation Pause) 431M->24M(8136M) 12.885ms
[2022-04-07T21:38:13.511+0000][2220][gc,cpu      ] GC(6) User=0.06s Sys=0.00s Real=0.01s
[2022-04-07T21:38:13.512+0000][2220][safepoint   ] Safepoint "G1CollectForAllocation", Time since last: 1074381500 ns, Reaching safepoint: 105300 ns, At safepoint: 12986000 ns, Total: 13091300 ns
[2022-04-07T21:38:14.519+0000][2220][safepoint   ] Safepoint "Cleanup", Time since last: 1006367200 ns, Reaching safepoint: 82900 ns, At safepoint: 8900 ns, Total: 91800 ns
[2022-04-07T21:38:14.928+0000][2220][safepoint   ] Safepoint "ICBufferFull", Time since last: 408975100 ns, Reaching safepoint: 95000 ns, At safepoint: 3000 ns, Total: 98000 ns
[2022-04-07T21:38:14.929+0000][2220][safepoint   ] Safepoint "ICBufferFull", Time since last: 574700 ns, Reaching safepoint: 24900 ns, At safepoint: 1800 ns, Total: 26700 ns
[2022-04-07T21:38:14.929+0000][2220][safepoint   ] Safepoint "ICBufferFull", Time since last: 587700 ns, Reaching safepoint: 23000 ns, At safepoint: 1600 ns, Total: 24600 ns
[2022-04-07T21:38:14.930+0000][2220][safepoint   ] Safepoint "ICBufferFull", Time since last: 554200 ns, Reaching safepoint: 25800 ns, At safepoint: 1400 ns, Total: 27200 ns
[2022-04-07T21:38:14.996+0000][2220][safepoint   ] Safepoint "ICBufferFull", Time since last: 66283600 ns, Reaching safepoint: 52800 ns, At safepoint: 2500 ns, Total: 55300 ns
[2022-04-07T21:38:14.996+0000][2220][safepoint   ] Safepoint "ICBufferFull", Time since last: 738100 ns, Reaching safepoint: 25800 ns, At safepoint: 1700 ns, Total: 27500 ns
[2022-04-07T21:38:14.998+0000][2220][gc,start    ] GC(7) Pause Young (Concurrent Start) (Metadata GC Threshold)
[2022-04-07T21:38:14.998+0000][2220][gc,task     ] GC(7) Using 4 workers of 4 for evacuation
[2022-04-07T21:38:14.998+0000][2220][gc,age      ] GC(7) Desired survivor size 320864256 bytes, new threshold 15 (max threshold 15)
[2022-04-07T21:38:15.011+0000][2220][gc,age      ] GC(7) Age table with threshold 15 (max threshold 15)
[2022-04-07T21:38:15.011+0000][2220][gc,age      ] GC(7) - age   1:    1941216 bytes,    1941216 total
[2022-04-07T21:38:15.011+0000][2220][gc,age      ] GC(7) - age   2:    1074992 bytes,    3016208 total
[2022-04-07T21:38:15.011+0000][2220][gc,age      ] GC(7) - age   3:    2334368 bytes,    5350576 total
[2022-04-07T21:38:15.011+0000][2220][gc,age      ] GC(7) - age   4:    3063296 bytes,    8413872 total
[2022-04-07T21:38:15.011+0000][2220][gc,age      ] GC(7) - age   5:    2987136 bytes,   11401008 total
[2022-04-07T21:38:15.011+0000][2220][gc,age      ] GC(7) - age   6:     779048 bytes,   12180056 total
[2022-04-07T21:38:15.011+0000][2220][gc,age      ] GC(7) - age   7:   12490632 bytes,   24670688 total
[2022-04-07T21:38:15.011+0000][2220][gc,phases   ] GC(7)   Pre Evacuate Collection Set: 0.1ms
[2022-04-07T21:38:15.011+0000][2220][gc,phases   ] GC(7)   Merge Heap Roots: 0.0ms
[2022-04-07T21:38:15.011+0000][2220][gc,phases   ] GC(7)   Evacuate Collection Set: 11.7ms
[2022-04-07T21:38:15.011+0000][2220][gc,phases   ] GC(7)   Post Evacuate Collection Set: 0.9ms
[2022-04-07T21:38:15.011+0000][2220][gc,phases   ] GC(7)   Other: 0.3ms
[2022-04-07T21:38:15.011+0000][2220][gc,heap     ] GC(7) Eden regions: 43->0(1213)
[2022-04-07T21:38:15.011+0000][2220][gc,heap     ] GC(7) Survivor regions: 6->7(153)
[2022-04-07T21:38:15.011+0000][2220][gc,heap     ] GC(7) Old regions: 0->0
[2022-04-07T21:38:15.011+0000][2220][gc,heap     ] GC(7) Archive regions: 0->0
[2022-04-07T21:38:15.011+0000][2220][gc,heap     ] GC(7) Humongous regions: 0->0
[2022-04-07T21:38:15.011+0000][2220][gc,metaspace] GC(7) Metaspace: 35186K(35968K)->35186K(35968K) NonClass: 30846K(31296K)->30846K(31296K) Class: 4340K(4672K)->4340K(4672K)
[2022-04-07T21:38:15.011+0000][2220][gc          ] GC(7) Pause Young (Concurrent Start) (Metadata GC Threshold) 196M->26M(8136M) 13.288ms
[2022-04-07T21:38:15.011+0000][2220][gc,cpu      ] GC(7) User=0.06s Sys=0.00s Real=0.01s
[2022-04-07T21:38:15.011+0000][2220][gc          ] GC(8) Concurrent Mark Cycle
[2022-04-07T21:38:15.011+0000][2220][gc,marking  ] GC(8) Concurrent Clear Claimed Marks
[2022-04-07T21:38:15.011+0000][2220][safepoint   ] Safepoint "CollectForMetadataAllocation", Time since last: 1364700 ns, Reaching safepoint: 30000 ns, At safepoint: 13430100 ns, Total: 13460100 ns
[2022-04-07T21:38:15.011+0000][2220][gc,marking  ] GC(8) Concurrent Clear Claimed Marks 0.051ms
[2022-04-07T21:38:15.011+0000][2220][gc,marking  ] GC(8) Concurrent Scan Root Regions
[2022-04-07T21:38:15.022+0000][2220][gc,marking  ] GC(8) Concurrent Scan Root Regions 11.107ms
[2022-04-07T21:38:15.022+0000][2220][gc,marking  ] GC(8) Concurrent Mark
[2022-04-07T21:38:15.022+0000][2220][gc,marking  ] GC(8) Concurrent Mark From Roots
[2022-04-07T21:38:15.022+0000][2220][gc,task     ] GC(8) Using 1 workers of 1 for marking
[2022-04-07T21:38:15.024+0000][2220][gc,marking  ] GC(8) Concurrent Mark From Roots 1.824ms
[2022-04-07T21:38:15.024+0000][2220][gc,marking  ] GC(8) Concurrent Preclean
[2022-04-07T21:38:15.024+0000][2220][gc,marking  ] GC(8) Concurrent Preclean 0.064ms
[2022-04-07T21:38:15.024+0000][2220][gc,start    ] GC(8) Pause Remark
[2022-04-07T21:38:15.027+0000][2220][gc          ] GC(8) Pause Remark 28M->28M(8136M) 3.247ms
[2022-04-07T21:38:15.027+0000][2220][gc,cpu      ] GC(8) User=0.06s Sys=0.00s Real=0.00s
[2022-04-07T21:38:15.028+0000][2220][safepoint   ] Safepoint "G1Concurrent", Time since last: 13229900 ns, Reaching safepoint: 40500 ns, At safepoint: 3415700 ns, Total: 3456200 ns
[2022-04-07T21:38:15.028+0000][2220][gc,marking  ] GC(8) Concurrent Mark 5.495ms
[2022-04-07T21:38:15.028+0000][2220][gc,marking  ] GC(8) Concurrent Rebuild Remembered Sets
[2022-04-07T21:38:15.028+0000][2220][gc,marking  ] GC(8) Concurrent Rebuild Remembered Sets 0.019ms
[2022-04-07T21:38:15.028+0000][2220][gc,start    ] GC(8) Pause Cleanup
[2022-04-07T21:38:15.028+0000][2220][gc          ] GC(8) Pause Cleanup 28M->28M(8136M) 0.024ms
[2022-04-07T21:38:15.028+0000][2220][gc,cpu      ] GC(8) User=0.00s Sys=0.00s Real=0.00s
[2022-04-07T21:38:15.028+0000][2220][safepoint   ] Safepoint "G1Concurrent", Time since last: 122200 ns, Reaching safepoint: 22600 ns, At safepoint: 67100 ns, Total: 89700 ns
[2022-04-07T21:38:15.028+0000][2220][gc,marking  ] GC(8) Concurrent Cleanup for Next Mark
[2022-04-07T21:38:15.039+0000][2220][gc,marking  ] GC(8) Concurrent Cleanup for Next Mark 9.947ms
[2022-04-07T21:38:15.039+0000][2220][gc          ] GC(8) Concurrent Mark Cycle 27.046ms
[2022-04-07T21:38:15.087+0000][2220][safepoint   ] Safepoint "ICBufferFull", Time since last: 58366800 ns, Reaching safepoint: 31500 ns, At safepoint: 2400 ns, Total: 33900 ns
[2022-04-07T21:38:15.114+0000][2220][safepoint   ] Safepoint "ICBufferFull", Time since last: 26716800 ns, Reaching safepoint: 30600 ns, At safepoint: 2800 ns, Total: 33400 ns
[2022-04-07T21:38:15.198+0000][2220][safepoint   ] Safepoint "ICBufferFull", Time since last: 84876500 ns, Reaching safepoint: 28700 ns, At safepoint: 7800 ns, Total: 36500 ns
[2022-04-07T21:38:15.199+0000][2220][safepoint   ] Safepoint "ICBufferFull", Time since last: 552300 ns, Reaching safepoint: 26700 ns, At safepoint: 7700 ns, Total: 34400 ns
[2022-04-07T21:38:15.199+0000][2220][safepoint   ] Safepoint "ICBufferFull", Time since last: 619600 ns, Reaching safepoint: 31100 ns, At safepoint: 8400 ns, Total: 39500 ns
[2022-04-07T21:38:15.219+0000][2220][safepoint   ] Safepoint "ICBufferFull", Time since last: 19713200 ns, Reaching safepoint: 29100 ns, At safepoint: 2500 ns, Total: 31600 ns
[2022-04-07T21:38:15.220+0000][2220][safepoint   ] Safepoint "ICBufferFull", Time since last: 850100 ns, Reaching safepoint: 18900 ns, At safepoint: 4900 ns, Total: 23800 ns
[2022-04-07T21:38:15.600+0000][2220][safepoint   ] Safepoint "ICBufferFull", Time since last: 380304200 ns, Reaching safepoint: 82000 ns, At safepoint: 269000 ns, Total: 351000 ns
[2022-04-07T21:38:16.225+0000][2220][safepoint   ] Safepoint "ICBufferFull", Time since last: 623766900 ns, Reaching safepoint: 85700 ns, At safepoint: 2100 ns, Total: 87800 ns
[2022-04-07T21:38:17.233+0000][2220][safepoint   ] Safepoint "Cleanup", Time since last: 1007356400 ns, Reaching safepoint: 130700 ns, At safepoint: 6900 ns, Total: 137600 ns
[2022-04-07T21:38:18.609+0000][2220][safepoint   ] Safepoint "ICBufferFull", Time since last: 1376722400 ns, Reaching safepoint: 301100 ns, At safepoint: 9400 ns, Total: 310500 ns
[2022-04-07T21:38:19.062+0000][2220][safepoint   ] Safepoint "ICBufferFull", Time since last: 453302800 ns, Reaching safepoint: 118300 ns, At safepoint: 2800 ns, Total: 121100 ns
[2022-04-07T21:38:19.337+0000][2220][safepoint   ] Safepoint "ICBufferFull", Time since last: 274105600 ns, Reaching safepoint: 129900 ns, At safepoint: 10700 ns, Total: 140600 ns
[2022-04-07T21:38:19.840+0000][2220][gc,start    ] GC(9) Pause Young (Concurrent Start) (Metadata GC Threshold)
[2022-04-07T21:38:19.840+0000][2220][gc,task     ] GC(9) Using 4 workers of 4 for evacuation
[2022-04-07T21:38:19.840+0000][2220][gc,age      ] GC(9) Desired survivor size 320864256 bytes, new threshold 15 (max threshold 15)
[2022-04-07T21:38:19.891+0000][2220][gc,age      ] GC(9) Age table with threshold 15 (max threshold 15)
[2022-04-07T21:38:19.891+0000][2220][gc,age      ] GC(9) - age   1:   25009336 bytes,   25009336 total
[2022-04-07T21:38:19.891+0000][2220][gc,age      ] GC(9) - age   2:    1762144 bytes,   26771480 total
[2022-04-07T21:38:19.891+0000][2220][gc,age      ] GC(9) - age   3:    1066272 bytes,   27837752 total
[2022-04-07T21:38:19.891+0000][2220][gc,age      ] GC(9) - age   4:    2274336 bytes,   30112088 total
[2022-04-07T21:38:19.891+0000][2220][gc,age      ] GC(9) - age   5:    3011232 bytes,   33123320 total
[2022-04-07T21:38:19.891+0000][2220][gc,age      ] GC(9) - age   6:    2976912 bytes,   36100232 total
[2022-04-07T21:38:19.891+0000][2220][gc,age      ] GC(9) - age   7:     770352 bytes,   36870584 total
[2022-04-07T21:38:19.891+0000][2220][gc,age      ] GC(9) - age   8:   12414360 bytes,   49284944 total
[2022-04-07T21:38:19.891+0000][2220][gc,phases   ] GC(9)   Pre Evacuate Collection Set: 0.2ms
[2022-04-07T21:38:19.891+0000][2220][gc,phases   ] GC(9)   Merge Heap Roots: 0.0ms
[2022-04-07T21:38:19.891+0000][2220][gc,phases   ] GC(9)   Evacuate Collection Set: 47.5ms
[2022-04-07T21:38:19.891+0000][2220][gc,phases   ] GC(9)   Post Evacuate Collection Set: 3.1ms
[2022-04-07T21:38:19.891+0000][2220][gc,phases   ] GC(9)   Other: 0.5ms
[2022-04-07T21:38:19.891+0000][2220][gc,heap     ] GC(9) Eden regions: 153->0(145)
[2022-04-07T21:38:19.891+0000][2220][gc,heap     ] GC(9) Survivor regions: 7->13(153)
[2022-04-07T21:38:19.891+0000][2220][gc,heap     ] GC(9) Old regions: 0->0
[2022-04-07T21:38:19.891+0000][2220][gc,heap     ] GC(9) Archive regions: 0->0
[2022-04-07T21:38:19.891+0000][2220][gc,heap     ] GC(9) Humongous regions: 0->0
[2022-04-07T21:38:19.891+0000][2220][gc,metaspace] GC(9) Metaspace: 58971K(60288K)->58971K(60288K) NonClass: 51036K(51776K)->51036K(51776K) Class: 7935K(8512K)->7935K(8512K)
[2022-04-07T21:38:19.891+0000][2220][gc          ] GC(9) Pause Young (Concurrent Start) (Metadata GC Threshold) 638M->50M(8136M) 51.497ms
[2022-04-07T21:38:19.891+0000][2220][gc,cpu      ] GC(9) User=0.19s Sys=0.00s Real=0.05s
[2022-04-07T21:38:19.891+0000][2220][gc          ] GC(10) Concurrent Mark Cycle
[2022-04-07T21:38:19.891+0000][2220][gc,marking  ] GC(10) Concurrent Clear Claimed Marks
[2022-04-07T21:38:19.891+0000][2220][safepoint   ] Safepoint "CollectForMetadataAllocation", Time since last: 503135500 ns, Reaching safepoint: 47400 ns, At safepoint: 51649200 ns, Total: 51696600 ns
[2022-04-07T21:38:19.892+0000][2220][gc,marking  ] GC(10) Concurrent Clear Claimed Marks 0.078ms
[2022-04-07T21:38:19.892+0000][2220][gc,marking  ] GC(10) Concurrent Scan Root Regions
[2022-04-07T21:38:19.925+0000][2220][gc,marking  ] GC(10) Concurrent Scan Root Regions 33.365ms
[2022-04-07T21:38:19.925+0000][2220][gc,marking  ] GC(10) Concurrent Mark
[2022-04-07T21:38:19.925+0000][2220][gc,marking  ] GC(10) Concurrent Mark From Roots
[2022-04-07T21:38:19.925+0000][2220][gc,task     ] GC(10) Using 1 workers of 1 for marking
[2022-04-07T21:38:19.927+0000][2220][gc,marking  ] GC(10) Concurrent Mark From Roots 1.819ms
[2022-04-07T21:38:19.927+0000][2220][gc,marking  ] GC(10) Concurrent Preclean
[2022-04-07T21:38:19.928+0000][2220][gc,marking  ] GC(10) Concurrent Preclean 0.205ms
[2022-04-07T21:38:19.943+0000][2220][gc,start    ] GC(10) Pause Remark
[2022-04-07T21:38:19.948+0000][2220][gc          ] GC(10) Pause Remark 54M->54M(8136M) 5.667ms
[2022-04-07T21:38:19.948+0000][2220][gc,cpu      ] GC(10) User=0.06s Sys=0.00s Real=0.00s
[2022-04-07T21:38:19.950+0000][2220][safepoint   ] Safepoint "G1Concurrent", Time since last: 35804400 ns, Reaching safepoint: 14814800 ns, At safepoint: 7322400 ns, Total: 22137200 ns
[2022-04-07T21:38:19.950+0000][2220][gc,marking  ] GC(10) Concurrent Mark 24.490ms
[2022-04-07T21:38:19.950+0000][2220][gc,marking  ] GC(10) Concurrent Rebuild Remembered Sets
[2022-04-07T21:38:19.950+0000][2220][gc,marking  ] GC(10) Concurrent Rebuild Remembered Sets 0.022ms
[2022-04-07T21:38:19.959+0000][2220][gc,start    ] GC(10) Pause Cleanup
[2022-04-07T21:38:19.959+0000][2220][gc          ] GC(10) Pause Cleanup 54M->54M(8136M) 0.068ms
[2022-04-07T21:38:19.959+0000][2220][gc,cpu      ] GC(10) User=0.00s Sys=0.00s Real=0.00s
[2022-04-07T21:38:19.959+0000][2220][safepoint   ] Safepoint "G1Concurrent", Time since last: 164400 ns, Reaching safepoint: 8564200 ns, At safepoint: 184600 ns, Total: 8748800 ns
[2022-04-07T21:38:19.959+0000][2220][gc,marking  ] GC(10) Concurrent Cleanup for Next Mark
[2022-04-07T21:38:19.971+0000][2220][gc,marking  ] GC(10) Concurrent Cleanup for Next Mark 11.685ms
[2022-04-07T21:38:19.971+0000][2220][gc          ] GC(10) Concurrent Mark Cycle 78.702ms
[2022-04-07T21:38:21.106+0000][2220][safepoint   ] Safepoint "Cleanup", Time since last: 1147631700 ns, Reaching safepoint: 497100 ns, At safepoint: 8500 ns, Total: 505600 ns
[2022-04-07T21:38:22.190+0000][2220][safepoint   ] Safepoint "ICBufferFull", Time since last: 1082746600 ns, Reaching safepoint: 429100 ns, At safepoint: 18600 ns, Total: 447700 ns
[2022-04-07T21:38:23.205+0000][2220][safepoint   ] Safepoint "Cleanup", Time since last: 1014833500 ns, Reaching safepoint: 314500 ns, At safepoint: 30300 ns, Total: 344800 ns
[2022-04-07T21:38:25.185+0000][2220][safepoint   ] Safepoint "Cleanup", Time since last: 1980122500 ns, Reaching safepoint: 201200 ns, At safepoint: 20600 ns, Total: 221800 ns
[2022-04-07T21:38:26.192+0000][2220][safepoint   ] Safepoint "Cleanup", Time since last: 1006448500 ns, Reaching safepoint: 212000 ns, At safepoint: 19600 ns, Total: 231600 ns
[2022-04-07T21:38:27.206+0000][2220][safepoint   ] Safepoint "Cleanup", Time since last: 1013072200 ns, Reaching safepoint: 243100 ns, At safepoint: 775200 ns, Total: 1018300 ns
[2022-04-07T21:38:28.219+0000][2220][safepoint   ] Safepoint "Cleanup", Time since last: 1011253600 ns, Reaching safepoint: 616100 ns, At safepoint: 77600 ns, Total: 693700 ns
[2022-04-07T21:38:29.223+0000][2220][safepoint   ] Safepoint "Cleanup", Time since last: 1003322200 ns, Reaching safepoint: 1092000 ns, At safepoint: 858000 ns, Total: 1950000 ns
[2022-04-07T21:38:31.246+0000][2220][safepoint   ] Safepoint "Cleanup", Time since last: 2022546200 ns, Reaching safepoint: 330600 ns, At safepoint: 316500 ns, Total: 647100 ns
[2022-04-07T21:38:34.255+0000][2220][safepoint   ] Safepoint "Cleanup", Time since last: 3007493000 ns, Reaching safepoint: 839000 ns, At safepoint: 76600 ns, Total: 915600 ns
[2022-04-07T21:38:35.262+0000][2220][safepoint   ] Safepoint "Cleanup", Time since last: 1006750500 ns, Reaching safepoint: 249800 ns, At safepoint: 61700 ns, Total: 311500 ns
[2022-04-07T21:38:37.292+0000][2220][safepoint   ] Safepoint "Cleanup", Time since last: 2013242000 ns, Reaching safepoint: 15373600 ns, At safepoint: 1409100 ns, Total: 16782700 ns
[2022-04-07T21:38:38.301+0000][2220][safepoint   ] Safepoint "Cleanup", Time since last: 1008057200 ns, Reaching safepoint: 546800 ns, At safepoint: 55000 ns, Total: 601800 ns
[2022-04-07T21:38:39.311+0000][2220][safepoint   ] Safepoint "Cleanup", Time since last: 1009390300 ns, Reaching safepoint: 225200 ns, At safepoint: 11900 ns, Total: 237100 ns
[2022-04-07T21:38:40.328+0000][2220][safepoint   ] Safepoint "Cleanup", Time since last: 1000980200 ns, Reaching safepoint: 16023200 ns, At safepoint: 150100 ns, Total: 16173300 ns
[2022-04-07T21:38:41.539+0000][2220][safepoint   ] Safepoint "Cleanup", Time since last: 1210868500 ns, Reaching safepoint: 573800 ns, At safepoint: 80200 ns, Total: 654000 ns
[2022-04-07T21:38:42.545+0000][2220][safepoint   ] Safepoint "Cleanup", Time since last: 1005438300 ns, Reaching safepoint: 233500 ns, At safepoint: 70000 ns, Total: 303500 ns
[2022-04-07T21:38:43.557+0000][2220][safepoint   ] Safepoint "Cleanup", Time since last: 1010784400 ns, Reaching safepoint: 1190300 ns, At safepoint: 82500 ns, Total: 1272800 ns
[2022-04-07T21:38:44.619+0000][2220][safepoint   ] Safepoint "Cleanup", Time since last: 1059679200 ns, Reaching safepoint: 766800 ns, At safepoint: 1061700 ns, Total: 1828500 ns
[2022-04-07T21:38:45.629+0000][2220][safepoint   ] Safepoint "Cleanup", Time since last: 1010397200 ns, Reaching safepoint: 232200 ns, At safepoint: 65500 ns, Total: 297700 ns
[2022-04-07T21:38:46.630+0000][2220][safepoint   ] Safepoint "Cleanup", Time since last: 1000317400 ns, Reaching safepoint: 405300 ns, At safepoint: 81800 ns, Total: 487100 ns
[2022-04-07T21:38:47.638+0000][2220][safepoint   ] Safepoint "Cleanup", Time since last: 1007742500 ns, Reaching safepoint: 328700 ns, At safepoint: 68800 ns, Total: 397500 ns
[2022-04-07T21:38:48.784+0000][2220][safepoint   ] Safepoint "Cleanup", Time since last: 1005501400 ns, Reaching safepoint: 139641500 ns, At safepoint: 1177500 ns, Total: 140819000 ns
[2022-04-07T21:38:49.790+0000][2220][safepoint   ] Safepoint "Cleanup", Time since last: 1004979300 ns, Reaching safepoint: 335200 ns, At safepoint: 115100 ns, Total: 450300 ns
[2022-04-07T21:38:50.801+0000][2220][safepoint   ] Safepoint "Cleanup", Time since last: 1010329300 ns, Reaching safepoint: 257600 ns, At safepoint: 82900 ns, Total: 340500 ns
[2022-04-07T21:38:51.806+0000][2220][safepoint   ] Safepoint "Cleanup", Time since last: 1005463800 ns, Reaching safepoint: 722900 ns, At safepoint: 69700 ns, Total: 792600 ns
[2022-04-07T21:38:52.822+0000][2220][safepoint   ] Safepoint "Cleanup", Time since last: 1014095500 ns, Reaching safepoint: 265900 ns, At safepoint: 733600 ns, Total: 999500 ns
[2022-04-07T21:38:53.825+0000][2220][safepoint   ] Safepoint "Cleanup", Time since last: 1002853900 ns, Reaching safepoint: 218600 ns, At safepoint: 12000 ns, Total: 230600 ns
[2022-04-07T21:38:54.836+0000][2220][safepoint   ] Safepoint "Cleanup", Time since last: 1010448800 ns, Reaching safepoint: 134100 ns, At safepoint: 27600 ns, Total: 161700 ns
[2022-04-07T21:38:56.184+0000][2220][safepoint   ] Safepoint "Cleanup", Time since last: 1348553400 ns, Reaching safepoint: 233700 ns, At safepoint: 297900 ns, Total: 531600 ns
[2022-04-07T21:38:57.011+0000][2220][gc,start    ] GC(11) Pause Young (Concurrent Start) (Metadata GC Threshold)
[2022-04-07T21:38:57.011+0000][2220][gc,task     ] GC(11) Using 4 workers of 4 for evacuation
[2022-04-07T21:38:57.011+0000][2220][gc,age      ] GC(11) Desired survivor size 41943040 bytes, new threshold 8 (max threshold 15)
[2022-04-07T21:38:57.121+0000][2220][gc,age      ] GC(11) Age table with threshold 8 (max threshold 15)
[2022-04-07T21:38:57.121+0000][2220][gc,age      ] GC(11) - age   1:   18971096 bytes,   18971096 total
[2022-04-07T21:38:57.121+0000][2220][gc,age      ] GC(11) - age   2:   24471288 bytes,   43442384 total
[2022-04-07T21:38:57.121+0000][2220][gc,age      ] GC(11) - age   3:    1732584 bytes,   45174968 total
[2022-04-07T21:38:57.121+0000][2220][gc,age      ] GC(11) - age   4:    1057168 bytes,   46232136 total
[2022-04-07T21:38:57.121+0000][2220][gc,age      ] GC(11) - age   5:    2264984 bytes,   48497120 total
[2022-04-07T21:38:57.121+0000][2220][gc,age      ] GC(11) - age   6:    2985792 bytes,   51482912 total
[2022-04-07T21:38:57.121+0000][2220][gc,age      ] GC(11) - age   7:    2971984 bytes,   54454896 total
[2022-04-07T21:38:57.122+0000][2220][gc,age      ] GC(11) - age   8:     764728 bytes,   55219624 total
[2022-04-07T21:38:57.122+0000][2220][gc,phases   ] GC(11)   Pre Evacuate Collection Set: 0.3ms
[2022-04-07T21:38:57.122+0000][2220][gc,phases   ] GC(11)   Merge Heap Roots: 0.1ms
[2022-04-07T21:38:57.122+0000][2220][gc,phases   ] GC(11)   Evacuate Collection Set: 106.3ms
[2022-04-07T21:38:57.122+0000][2220][gc,phases   ] GC(11)   Post Evacuate Collection Set: 3.3ms
[2022-04-07T21:38:57.122+0000][2220][gc,phases   ] GC(11)   Other: 0.9ms
[2022-04-07T21:38:57.122+0000][2220][gc,heap     ] GC(11) Eden regions: 111->0(91)
[2022-04-07T21:38:57.122+0000][2220][gc,heap     ] GC(11) Survivor regions: 13->14(20)
[2022-04-07T21:38:57.122+0000][2220][gc,heap     ] GC(11) Old regions: 0->4
[2022-04-07T21:38:57.122+0000][2220][gc,heap     ] GC(11) Archive regions: 0->0
[2022-04-07T21:38:57.122+0000][2220][gc,heap     ] GC(11) Humongous regions: 0->0
[2022-04-07T21:38:57.122+0000][2220][gc,metaspace] GC(11) Metaspace: 98980K(100736K)->98980K(100736K) NonClass: 85356K(86336K)->85356K(86336K) Class: 13624K(14400K)->13624K(14400K)
[2022-04-07T21:38:57.122+0000][2220][gc          ] GC(11) Pause Young (Concurrent Start) (Metadata GC Threshold) 494M->66M(8136M) 111.322ms
[2022-04-07T21:38:57.122+0000][2220][gc,cpu      ] GC(11) User=0.44s Sys=0.00s Real=0.11s
[2022-04-07T21:38:57.122+0000][2220][gc          ] GC(12) Concurrent Mark Cycle
[2022-04-07T21:38:57.122+0000][2220][gc,marking  ] GC(12) Concurrent Clear Claimed Marks
[2022-04-07T21:38:57.122+0000][2220][gc,marking  ] GC(12) Concurrent Clear Claimed Marks 0.103ms
[2022-04-07T21:38:57.122+0000][2220][gc,marking  ] GC(12) Concurrent Scan Root Regions
[2022-04-07T21:38:57.136+0000][2220][safepoint   ] Safepoint "CollectForMetadataAllocation", Time since last: 825684500 ns, Reaching safepoint: 908900 ns, At safepoint: 125485000 ns, Total: 126393900 ns
[2022-04-07T21:38:57.204+0000][2220][gc,marking  ] GC(12) Concurrent Scan Root Regions 81.447ms
[2022-04-07T21:38:57.204+0000][2220][gc,marking  ] GC(12) Concurrent Mark
[2022-04-07T21:38:57.204+0000][2220][gc,marking  ] GC(12) Concurrent Mark From Roots
[2022-04-07T21:38:57.204+0000][2220][gc,task     ] GC(12) Using 1 workers of 1 for marking
[2022-04-07T21:38:57.207+0000][2220][gc,marking  ] GC(12) Concurrent Mark From Roots 3.068ms
[2022-04-07T21:38:57.207+0000][2220][gc,marking  ] GC(12) Concurrent Preclean
[2022-04-07T21:38:57.207+0000][2220][gc,marking  ] GC(12) Concurrent Preclean 0.153ms
[2022-04-07T21:38:57.247+0000][2220][gc,start    ] GC(12) Pause Remark
[2022-04-07T21:38:57.261+0000][2220][gc          ] GC(12) Pause Remark 78M->78M(8136M) 14.851ms
[2022-04-07T21:38:57.261+0000][2220][gc,cpu      ] GC(12) User=0.05s Sys=0.02s Real=0.01s
[2022-04-07T21:38:57.266+0000][2220][safepoint   ] Safepoint "G1Concurrent", Time since last: 71187000 ns, Reaching safepoint: 39018900 ns, At safepoint: 19045800 ns, Total: 58064700 ns
[2022-04-07T21:38:57.266+0000][2220][gc,marking  ] GC(12) Concurrent Mark 61.564ms
[2022-04-07T21:38:57.266+0000][2220][gc,marking  ] GC(12) Concurrent Rebuild Remembered Sets
[2022-04-07T21:38:57.284+0000][2220][gc,marking  ] GC(12) Concurrent Rebuild Remembered Sets 17.667ms
[2022-04-07T21:38:57.284+0000][2220][gc,start    ] GC(12) Pause Cleanup
[2022-04-07T21:38:57.286+0000][2220][gc          ] GC(12) Pause Cleanup 83M->83M(8136M) 1.344ms
[2022-04-07T21:38:57.286+0000][2220][gc,cpu      ] GC(12) User=0.00s Sys=0.00s Real=0.00s
[2022-04-07T21:38:57.315+0000][2220][safepoint   ] Safepoint "G1Concurrent", Time since last: 17921800 ns, Reaching safepoint: 376300 ns, At safepoint: 30521700 ns, Total: 30898000 ns
[2022-04-07T21:38:57.315+0000][2220][gc,marking  ] GC(12) Concurrent Cleanup for Next Mark
[2022-04-07T21:38:57.327+0000][2220][gc,marking  ] GC(12) Concurrent Cleanup for Next Mark 12.405ms
[2022-04-07T21:38:57.327+0000][2220][gc          ] GC(12) Concurrent Mark Cycle 204.672ms
[2022-04-07T21:38:58.479+0000][2220][safepoint   ] Safepoint "Cleanup", Time since last: 1164267000 ns, Reaching safepoint: 166900 ns, At safepoint: 10200 ns, Total: 177100 ns
[2022-04-07T21:39:00.116+0000][2220][safepoint   ] Safepoint "Cleanup", Time since last: 1637225300 ns, Reaching safepoint: 141500 ns, At safepoint: 15500 ns, Total: 157000 ns
[2022-04-07T21:39:01.095+0000][2220][safepoint   ] Safepoint "ICBufferFull", Time since last: 978269300 ns, Reaching safepoint: 217100 ns, At safepoint: 18500 ns, Total: 235600 ns
[2022-04-07T21:39:02.002+0000][2220][safepoint   ] Safepoint "ICBufferFull", Time since last: 907375300 ns, Reaching safepoint: 199200 ns, At safepoint: 20600 ns, Total: 219800 ns
[2022-04-07T21:39:03.010+0000][2220][safepoint   ] Safepoint "Cleanup", Time since last: 1006745100 ns, Reaching safepoint: 152400 ns, At safepoint: 418000 ns, Total: 570400 ns
[2022-04-07T21:39:03.979+0000][2220][safepoint   ] Safepoint "ICBufferFull", Time since last: 968347800 ns, Reaching safepoint: 722800 ns, At safepoint: 878500 ns, Total: 1601300 ns
[2022-04-07T21:39:05.168+0000][2220][safepoint   ] Safepoint "Cleanup", Time since last: 1187856700 ns, Reaching safepoint: 106000 ns, At safepoint: 34000 ns, Total: 140000 ns
[2022-04-07T21:39:06.178+0000][2220][safepoint   ] Safepoint "Cleanup", Time since last: 1009298800 ns, Reaching safepoint: 79500 ns, At safepoint: 21400 ns, Total: 100900 ns
[2022-04-07T21:39:07.179+0000][2220][safepoint   ] Safepoint "Cleanup", Time since last: 1001485200 ns, Reaching safepoint: 165300 ns, At safepoint: 39400 ns, Total: 204700 ns
[2022-04-07T21:39:08.194+0000][2220][safepoint   ] Safepoint "Cleanup", Time since last: 1014588400 ns, Reaching safepoint: 65700 ns, At safepoint: 18100 ns, Total: 83800 ns
[2022-04-07T21:39:08.282+0000][2220][gc,start    ] GC(13) Pause Young (Normal) (G1 Evacuation Pause)
[2022-04-07T21:39:08.283+0000][2220][gc,task     ] GC(13) Using 4 workers of 4 for evacuation
[2022-04-07T21:39:08.283+0000][2220][gc,age      ] GC(13) Desired survivor size 31457280 bytes, new threshold 2 (max threshold 15)
[2022-04-07T21:39:08.328+0000][2220][gc,age      ] GC(13) Age table with threshold 2 (max threshold 15)
[2022-04-07T21:39:08.328+0000][2220][gc,age      ] GC(13) - age   1:   15732872 bytes,   15732872 total
[2022-04-07T21:39:08.328+0000][2220][gc,age      ] GC(13) - age   2:   18504168 bytes,   34237040 total
[2022-04-07T21:39:08.328+0000][2220][gc,phases   ] GC(13)   Pre Evacuate Collection Set: 0.3ms
[2022-04-07T21:39:08.328+0000][2220][gc,phases   ] GC(13)   Merge Heap Roots: 0.1ms
[2022-04-07T21:39:08.328+0000][2220][gc,phases   ] GC(13)   Evacuate Collection Set: 43.5ms
[2022-04-07T21:39:08.328+0000][2220][gc,phases   ] GC(13)   Post Evacuate Collection Set: 1.6ms
[2022-04-07T21:39:08.328+0000][2220][gc,phases   ] GC(13)   Other: 0.3ms
[2022-04-07T21:39:08.328+0000][2220][gc,heap     ] GC(13) Eden regions: 103->0(187)
[2022-04-07T21:39:08.328+0000][2220][gc,heap     ] GC(13) Survivor regions: 14->9(15)
[2022-04-07T21:39:08.328+0000][2220][gc,heap     ] GC(13) Old regions: 4->12
[2022-04-07T21:39:08.328+0000][2220][gc,heap     ] GC(13) Archive regions: 0->0
[2022-04-07T21:39:08.328+0000][2220][gc,heap     ] GC(13) Humongous regions: 5->5
[2022-04-07T21:39:08.328+0000][2220][gc,metaspace] GC(13) Metaspace: 111027K(112832K)->111027K(112832K) NonClass: 95575K(96640K)->95575K(96640K) Class: 15452K(16192K)->15452K(16192K)
[2022-04-07T21:39:08.328+0000][2220][gc          ] GC(13) Pause Young (Normal) (G1 Evacuation Pause) 498M->103M(8136M) 46.094ms
[2022-04-07T21:39:08.328+0000][2220][gc,cpu      ] GC(13) User=0.14s Sys=0.00s Real=0.05s
[2022-04-07T21:39:08.328+0000][2220][safepoint   ] Safepoint "G1CollectForAllocation", Time since last: 88781300 ns, Reaching safepoint: 44500 ns, At safepoint: 46228800 ns, Total: 46273300 ns
[2022-04-07T21:39:09.333+0000][2220][safepoint   ] Safepoint "Cleanup", Time since last: 1003605000 ns, Reaching safepoint: 127000 ns, At safepoint: 29000 ns, Total: 156000 ns
[2022-04-07T21:39:10.346+0000][2220][safepoint   ] Safepoint "Cleanup", Time since last: 1013373800 ns, Reaching safepoint: 61400 ns, At safepoint: 8400 ns, Total: 69800 ns
[2022-04-07T21:39:11.361+0000][2220][safepoint   ] Safepoint "Cleanup", Time since last: 1014792000 ns, Reaching safepoint: 74200 ns, At safepoint: 13700 ns, Total: 87900 ns
[2022-04-07T21:39:12.741+0000][2220][safepoint   ] Safepoint "Cleanup", Time since last: 1380350900 ns, Reaching safepoint: 237800 ns, At safepoint: 17100 ns, Total: 254900 ns
[2022-04-07T21:39:13.752+0000][2220][safepoint   ] Safepoint "Cleanup", Time since last: 1010182600 ns, Reaching safepoint: 101500 ns, At safepoint: 16300 ns, Total: 117800 ns
[2022-04-07T21:39:15.289+0000][2220][safepoint   ] Safepoint "Cleanup", Time since last: 1536986800 ns, Reaching safepoint: 221000 ns, At safepoint: 8900 ns, Total: 229900 ns
[2022-04-07T21:39:16.291+0000][2220][safepoint   ] Safepoint "Cleanup", Time since last: 1001852600 ns, Reaching safepoint: 58000 ns, At safepoint: 5900 ns, Total: 63900 ns
[2022-04-07T21:39:18.307+0000][2220][safepoint   ] Safepoint "Cleanup", Time since last: 2015583900 ns, Reaching safepoint: 50300 ns, At safepoint: 6100 ns, Total: 56400 ns
[2022-04-07T21:39:20.321+0000][2220][safepoint   ] Safepoint "Cleanup", Time since last: 2014068900 ns, Reaching safepoint: 65800 ns, At safepoint: 9400 ns, Total: 75200 ns
[2022-04-07T21:39:22.334+0000][2220][safepoint   ] Safepoint "Cleanup", Time since last: 2012536500 ns, Reaching safepoint: 64400 ns, At safepoint: 58200 ns, Total: 122600 ns
[2022-04-07T21:39:24.341+0000][2220][safepoint   ] Safepoint "Cleanup", Time since last: 2007317500 ns, Reaching safepoint: 68200 ns, At safepoint: 8200 ns, Total: 76400 ns
[2022-04-07T21:39:28.358+0000][2220][safepoint   ] Safepoint "Cleanup", Time since last: 4016812600 ns, Reaching safepoint: 61800 ns, At safepoint: 39700 ns, Total: 101500 ns
[2022-04-07T21:39:29.363+0000][2220][safepoint   ] Safepoint "Cleanup", Time since last: 1005255300 ns, Reaching safepoint: 51100 ns, At safepoint: 6600 ns, Total: 57700 ns
[2022-04-07T21:39:31.375+0000][2220][safepoint   ] Safepoint "Cleanup", Time since last: 2011595600 ns, Reaching safepoint: 62300 ns, At safepoint: 14600 ns, Total: 76900 ns
[2022-04-07T21:39:33.389+0000][2220][safepoint   ] Safepoint "Cleanup", Time since last: 2014440100 ns, Reaching safepoint: 56000 ns, At safepoint: 7100 ns, Total: 63100 ns
[2022-04-07T21:39:36.405+0000][2220][safepoint   ] Safepoint "Cleanup", Time since last: 3015784800 ns, Reaching safepoint: 50700 ns, At safepoint: 8600 ns, Total: 59300 ns
[2022-04-07T21:39:41.444+0000][2220][safepoint   ] Safepoint "Cleanup", Time since last: 5039183800 ns, Reaching safepoint: 56900 ns, At safepoint: 6900 ns, Total: 63800 ns
[2022-04-07T21:39:48.470+0000][2220][safepoint   ] Safepoint "Cleanup", Time since last: 7025483700 ns, Reaching safepoint: 44400 ns, At safepoint: 22600 ns, Total: 67000 ns
[2022-04-07T21:39:53.515+0000][2220][safepoint   ] Safepoint "Cleanup", Time since last: 5044990200 ns, Reaching safepoint: 56700 ns, At safepoint: 5400 ns, Total: 62100 ns
[2022-04-07T21:39:58.564+0000][2220][safepoint   ] Safepoint "Cleanup", Time since last: 5049200000 ns, Reaching safepoint: 40800 ns, At safepoint: 11600 ns, Total: 52400 ns
[2022-04-07T21:40:00.588+0000][2220][safepoint   ] Safepoint "Cleanup", Time since last: 2023191500 ns, Reaching safepoint: 58700 ns, At safepoint: 56500 ns, Total: 115200 ns
[2022-04-07T21:40:03.598+0000][2220][safepoint   ] Safepoint "Cleanup", Time since last: 3010530800 ns, Reaching safepoint: 49000 ns, At safepoint: 7400 ns, Total: 56400 ns
[2022-04-07T21:40:20.728+0000][2220][safepoint   ] Safepoint "Cleanup", Time since last: 17129948200 ns, Reaching safepoint: 60000 ns, At safepoint: 13300 ns, Total: 73300 ns
[2022-04-07T21:40:25.767+0000][2220][safepoint   ] Safepoint "Cleanup", Time since last: 5038531000 ns, Reaching safepoint: 108900 ns, At safepoint: 20000 ns, Total: 128900 ns
[2022-04-07T21:40:28.788+0000][2220][safepoint   ] Safepoint "Cleanup", Time since last: 3021224800 ns, Reaching safepoint: 83200 ns, At safepoint: 59400 ns, Total: 142600 ns
[2022-04-07T21:40:31.804+0000][2220][safepoint   ] Safepoint "Cleanup", Time since last: 3015515500 ns, Reaching safepoint: 54100 ns, At safepoint: 13700 ns, Total: 67800 ns
[2022-04-07T21:40:33.822+0000][2220][safepoint   ] Safepoint "Cleanup", Time since last: 2017958600 ns, Reaching safepoint: 42200 ns, At safepoint: 17500 ns, Total: 59700 ns
[2022-04-07T21:40:38.847+0000][2220][safepoint   ] Safepoint "Cleanup", Time since last: 5025084700 ns, Reaching safepoint: 40900 ns, At safepoint: 4400 ns, Total: 45300 ns
[2022-04-07T21:40:40.874+0000][2220][safepoint   ] Safepoint "Cleanup", Time since last: 2026779500 ns, Reaching safepoint: 46000 ns, At safepoint: 18700 ns, Total: 64700 ns
[2022-04-07T21:40:41.936+0000][2220][safepoint   ] Safepoint "Cleanup", Time since last: 1061628600 ns, Reaching safepoint: 80600 ns, At safepoint: 4300 ns, Total: 84900 ns
[2022-04-07T21:40:48.984+0000][2220][safepoint   ] Safepoint "Cleanup", Time since last: 7048075600 ns, Reaching safepoint: 107300 ns, At safepoint: 4700 ns, Total: 112000 ns
[2022-04-07T21:40:59.050+0000][2220][safepoint   ] Safepoint "Cleanup", Time since last: 10066242000 ns, Reaching safepoint: 46200 ns, At safepoint: 7100 ns, Total: 53300 ns
[2022-04-07T21:41:01.055+0000][2220][safepoint   ] Safepoint "Cleanup", Time since last: 2004790500 ns, Reaching safepoint: 68200 ns, At safepoint: 8100 ns, Total: 76300 ns
[2022-04-07T21:41:02.069+0000][2220][safepoint   ] Safepoint "Cleanup", Time since last: 1014161800 ns, Reaching safepoint: 46100 ns, At safepoint: 6300 ns, Total: 52400 ns
[2022-04-07T21:41:12.143+0000][2220][safepoint   ] Safepoint "Cleanup", Time since last: 10073497400 ns, Reaching safepoint: 50500 ns, At safepoint: 9000 ns, Total: 59500 ns
[2022-04-07T21:41:25.267+0000][2220][safepoint   ] Safepoint "Cleanup", Time since last: 13124710000 ns, Reaching safepoint: 52000 ns, At safepoint: 17300 ns, Total: 69300 ns
[2022-04-07T21:41:28.279+0000][2220][safepoint   ] Safepoint "Cleanup", Time since last: 3011297000 ns, Reaching safepoint: 74700 ns, At safepoint: 45900 ns, Total: 120600 ns
[2022-04-07T21:41:32.298+0000][2220][safepoint   ] Safepoint "Cleanup", Time since last: 4019339700 ns, Reaching safepoint: 57200 ns, At safepoint: 15800 ns, Total: 73000 ns
[2022-04-07T21:41:38.345+0000][2220][safepoint   ] Safepoint "Cleanup", Time since last: 6047058000 ns, Reaching safepoint: 96100 ns, At safepoint: 9600 ns, Total: 105700 ns
[2022-04-07T21:41:44.371+0000][2220][safepoint   ] Safepoint "Cleanup", Time since last: 6025554100 ns, Reaching safepoint: 37000 ns, At safepoint: 5400 ns, Total: 42400 ns
[2022-04-07T21:41:55.445+0000][2220][safepoint   ] Safepoint "Cleanup", Time since last: 11073949400 ns, Reaching safepoint: 52800 ns, At safepoint: 5000 ns, Total: 57800 ns
[2022-04-07T21:41:58.461+0000][2220][safepoint   ] Safepoint "Cleanup", Time since last: 3016189200 ns, Reaching safepoint: 44500 ns, At safepoint: 19600 ns, Total: 64100 ns
[2022-04-07T21:41:59.462+0000][2220][safepoint   ] Safepoint "Cleanup", Time since last: 1001107100 ns, Reaching safepoint: 46300 ns, At safepoint: 15000 ns, Total: 61300 ns
[2022-04-07T21:42:16.570+0000][2220][safepoint   ] Safepoint "Cleanup", Time since last: 17107009200 ns, Reaching safepoint: 54300 ns, At safepoint: 12800 ns, Total: 67100 ns
[2022-04-07T21:42:28.675+0000][2220][safepoint   ] Safepoint "Cleanup", Time since last: 12105759900 ns, Reaching safepoint: 52600 ns, At safepoint: 7100 ns, Total: 59700 ns
[2022-04-07T21:42:54.814+0000][2220][safepoint   ] Safepoint "Cleanup", Time since last: 26138060900 ns, Reaching safepoint: 73000 ns, At safepoint: 7600 ns, Total: 80600 ns
[2022-04-07T21:43:10.905+0000][2220][safepoint   ] Safepoint "Cleanup", Time since last: 16091737000 ns, Reaching safepoint: 54900 ns, At safepoint: 10300 ns, Total: 65200 ns
[2022-04-07T21:43:16.932+0000][2220][safepoint   ] Safepoint "Cleanup", Time since last: 6026969800 ns, Reaching safepoint: 96400 ns, At safepoint: 11600 ns, Total: 108000 ns
[2022-04-07T21:43:17.936+0000][2220][safepoint   ] Safepoint "Cleanup", Time since last: 1003772800 ns, Reaching safepoint: 41800 ns, At safepoint: 5300 ns, Total: 47100 ns
[2022-04-07T21:43:23.979+0000][2220][safepoint   ] Safepoint "Cleanup", Time since last: 6042440000 ns, Reaching safepoint: 46200 ns, At safepoint: 4600 ns, Total: 50800 ns
[2022-04-07T21:43:28.011+0000][2220][safepoint   ] Safepoint "Cleanup", Time since last: 4031885000 ns, Reaching safepoint: 73300 ns, At safepoint: 15600 ns, Total: 88900 ns
[2022-04-07T21:43:31.036+0000][2220][safepoint   ] Safepoint "Cleanup", Time since last: 3024793100 ns, Reaching safepoint: 51200 ns, At safepoint: 12800 ns, Total: 64000 ns
[2022-04-07T21:44:09.309+0000][2220][safepoint   ] Safepoint "Cleanup", Time since last: 38273318100 ns, Reaching safepoint: 55300 ns, At safepoint: 14900 ns, Total: 70200 ns
[2022-04-07T21:44:19.359+0000][2220][safepoint   ] Safepoint "Cleanup", Time since last: 10050036300 ns, Reaching safepoint: 56300 ns, At safepoint: 10200 ns, Total: 66500 ns
[2022-04-07T21:44:20.369+0000][2220][safepoint   ] Safepoint "Cleanup", Time since last: 1010189800 ns, Reaching safepoint: 53200 ns, At safepoint: 8900 ns, Total: 62100 ns
[2022-04-07T21:44:28.446+0000][2220][safepoint   ] Safepoint "Cleanup", Time since last: 8077080700 ns, Reaching safepoint: 48100 ns, At safepoint: 9500 ns, Total: 57600 ns
[2022-04-07T21:44:28.915+0000][2220][gc,start    ] GC(14) Pause Young (Normal) (G1 Evacuation Pause)
[2022-04-07T21:44:28.915+0000][2220][gc,task     ] GC(14) Using 4 workers of 4 for evacuation
[2022-04-07T21:44:28.915+0000][2220][gc,age      ] GC(14) Desired survivor size 44040192 bytes, new threshold 15 (max threshold 15)
[2022-04-07T21:44:28.940+0000][2220][gc,age      ] GC(14) Age table with threshold 15 (max threshold 15)
[2022-04-07T21:44:28.940+0000][2220][gc,age      ] GC(14) - age   1:    5374456 bytes,    5374456 total
[2022-04-07T21:44:28.940+0000][2220][gc,age      ] GC(14) - age   2:   12176888 bytes,   17551344 total
[2022-04-07T21:44:28.940+0000][2220][gc,age      ] GC(14) - age   3:   18487608 bytes,   36038952 total
[2022-04-07T21:44:28.940+0000][2220][gc,phases   ] GC(14)   Pre Evacuate Collection Set: 0.2ms
[2022-04-07T21:44:28.940+0000][2220][gc,phases   ] GC(14)   Merge Heap Roots: 0.2ms
[2022-04-07T21:44:28.940+0000][2220][gc,phases   ] GC(14)   Evacuate Collection Set: 22.3ms
[2022-04-07T21:44:28.940+0000][2220][gc,phases   ] GC(14)   Post Evacuate Collection Set: 1.7ms
[2022-04-07T21:44:28.940+0000][2220][gc,phases   ] GC(14)   Other: 0.3ms
[2022-04-07T21:44:28.940+0000][2220][gc,heap     ] GC(14) Eden regions: 155->0(1210)
[2022-04-07T21:44:28.940+0000][2220][gc,heap     ] GC(14) Survivor regions: 9->10(21)
[2022-04-07T21:44:28.940+0000][2220][gc,heap     ] GC(14) Old regions: 12->12
[2022-04-07T21:44:28.940+0000][2220][gc,heap     ] GC(14) Archive regions: 0->0
[2022-04-07T21:44:28.940+0000][2220][gc,heap     ] GC(14) Humongous regions: 5->5
[2022-04-07T21:44:28.940+0000][2220][gc,metaspace] GC(14) Metaspace: 113620K(115520K)->113620K(115520K) NonClass: 97854K(98944K)->97854K(98944K) Class: 15765K(16576K)->15765K(16576K)
[2022-04-07T21:44:28.940+0000][2220][gc          ] GC(14) Pause Young (Normal) (G1 Evacuation Pause) 723M->107M(8136M) 24.829ms
[2022-04-07T21:44:28.940+0000][2220][gc,cpu      ] GC(14) User=0.08s Sys=0.00s Real=0.03s
[2022-04-07T21:44:28.940+0000][2220][safepoint   ] Safepoint "G1CollectForAllocation", Time since last: 469102900 ns, Reaching safepoint: 49000 ns, At safepoint: 24948000 ns, Total: 24997000 ns
[2022-04-07T21:44:30.950+0000][2220][safepoint   ] Safepoint "Cleanup", Time since last: 2009609200 ns, Reaching safepoint: 56500 ns, At safepoint: 8300 ns, Total: 64800 ns
[2022-04-07T21:44:45.032+0000][2220][safepoint   ] Safepoint "Cleanup", Time since last: 14081956200 ns, Reaching safepoint: 53500 ns, At safepoint: 11500 ns, Total: 65000 ns
[2022-04-07T21:45:14.218+0000][2220][safepoint   ] Safepoint "Cleanup", Time since last: 29185974300 ns, Reaching safepoint: 47700 ns, At safepoint: 5100 ns, Total: 52800 ns
[2022-04-07T21:45:25.292+0000][2220][safepoint   ] Safepoint "Cleanup", Time since last: 11073731900 ns, Reaching safepoint: 47900 ns, At safepoint: 10100 ns, Total: 58000 ns
[2022-04-07T21:46:17.712+0000][2220][safepoint   ] Safepoint "Cleanup", Time since last: 52419803600 ns, Reaching safepoint: 39700 ns, At safepoint: 4500 ns, Total: 44200 ns
[2022-04-07T21:46:58.042+0000][2220][safepoint   ] Safepoint "Cleanup", Time since last: 40330070200 ns, Reaching safepoint: 44300 ns, At safepoint: 4700 ns, Total: 49000 ns
[2022-04-07T21:47:00.063+0000][2220][safepoint   ] Safepoint "Cleanup", Time since last: 2021401600 ns, Reaching safepoint: 51000 ns, At safepoint: 6700 ns, Total: 57700 ns
[2022-04-07T21:47:25.247+0000][2220][safepoint   ] Safepoint "Cleanup", Time since last: 25183685600 ns, Reaching safepoint: 201100 ns, At safepoint: 8000 ns, Total: 209100 ns
[2022-04-07T21:47:43.385+0000][2220][safepoint   ] Safepoint "Cleanup", Time since last: 18137236400 ns, Reaching safepoint: 55000 ns, At safepoint: 8000 ns, Total: 63000 ns
[2022-04-07T21:48:22.619+0000][2220][safepoint   ] Safepoint "Cleanup", Time since last: 39233925100 ns, Reaching safepoint: 39300 ns, At safepoint: 5300 ns, Total: 44600 ns
[2022-04-07T21:48:31.688+0000][2220][safepoint   ] Safepoint "Cleanup", Time since last: 9069597400 ns, Reaching safepoint: 34600 ns, At safepoint: 4900 ns, Total: 39500 ns
[2022-04-07T21:48:39.730+0000][2220][safepoint   ] Safepoint "Cleanup", Time since last: 8041571900 ns, Reaching safepoint: 45200 ns, At safepoint: 7300 ns, Total: 52500 ns
[2022-04-07T21:48:58.827+0000][2220][safepoint   ] Safepoint "Cleanup", Time since last: 19097314300 ns, Reaching safepoint: 89100 ns, At safepoint: 10500 ns, Total: 99600 ns
[2022-04-07T21:49:19.986+0000][2220][safepoint   ] Safepoint "Cleanup", Time since last: 21158893200 ns, Reaching safepoint: 45900 ns, At safepoint: 6000 ns, Total: 51900 ns
[2022-04-07T21:49:50.239+0000][2220][safepoint   ] Safepoint "Cleanup", Time since last: 30253013800 ns, Reaching safepoint: 44100 ns, At safepoint: 8400 ns, Total: 52500 ns
[2022-04-07T21:49:52.256+0000][2220][safepoint   ] Safepoint "Cleanup", Time since last: 2016476600 ns, Reaching safepoint: 47600 ns, At safepoint: 11000 ns, Total: 58600 ns
[2022-04-07T21:50:42.636+0000][2220][safepoint   ] Safepoint "Cleanup", Time since last: 50380283600 ns, Reaching safepoint: 62600 ns, At safepoint: 6300 ns, Total: 68900 ns
[2022-04-07T21:50:46.663+0000][2220][safepoint   ] Safepoint "Cleanup", Time since last: 4026312100 ns, Reaching safepoint: 53100 ns, At safepoint: 5400 ns, Total: 58500 ns
[2022-04-07T21:51:01.783+0000][2220][safepoint   ] Safepoint "Cleanup", Time since last: 15120518400 ns, Reaching safepoint: 68300 ns, At safepoint: 7100 ns, Total: 75400 ns
[2022-04-07T21:51:30.996+0000][2220][safepoint   ] Safepoint "Cleanup", Time since last: 29213150800 ns, Reaching safepoint: 60700 ns, At safepoint: 8400 ns, Total: 69100 ns
[2022-04-07T21:52:22.362+0000][2220][safepoint   ] Safepoint "Cleanup", Time since last: 51365268100 ns, Reaching safepoint: 46300 ns, At safepoint: 7200 ns, Total: 53500 ns
[2022-04-07T21:52:26.375+0000][2220][safepoint   ] Safepoint "Cleanup", Time since last: 4013574100 ns, Reaching safepoint: 51800 ns, At safepoint: 6900 ns, Total: 58700 ns
[2022-04-07T21:52:45.527+0000][2220][safepoint   ] Safepoint "Cleanup", Time since last: 19151994800 ns, Reaching safepoint: 42800 ns, At safepoint: 6100 ns, Total: 48900 ns
[2022-04-07T21:53:56.051+0000][2220][safepoint   ] Safepoint "Cleanup", Time since last: 70523235100 ns, Reaching safepoint: 44600 ns, At safepoint: 6500 ns, Total: 51100 ns
[2022-04-07T21:53:58.068+0000][2220][safepoint   ] Safepoint "Cleanup", Time since last: 2017616100 ns, Reaching safepoint: 45500 ns, At safepoint: 5400 ns, Total: 50900 ns
[2022-04-07T21:53:59.077+0000][2220][safepoint   ] Safepoint "Cleanup", Time since last: 1008916700 ns, Reaching safepoint: 46500 ns, At safepoint: 7300 ns, Total: 53800 ns
[2022-04-07T21:54:03.117+0000][2220][safepoint   ] Safepoint "Cleanup", Time since last: 4039858600 ns, Reaching safepoint: 41800 ns, At safepoint: 8500 ns, Total: 50300 ns
[2022-04-07T21:54:31.293+0000][2220][safepoint   ] Safepoint "Cleanup", Time since last: 28175454900 ns, Reaching safepoint: 68900 ns, At safepoint: 4800 ns, Total: 73700 ns
[2022-04-07T21:54:51.465+0000][2220][safepoint   ] Safepoint "Cleanup", Time since last: 20171828500 ns, Reaching safepoint: 38400 ns, At safepoint: 11600 ns, Total: 50000 ns
[2022-04-07T21:55:31.859+0000][2220][safepoint   ] Safepoint "Cleanup", Time since last: 40394390400 ns, Reaching safepoint: 40500 ns, At safepoint: 5200 ns, Total: 45700 ns
[2022-04-07T21:55:35.902+0000][2220][safepoint   ] Safepoint "Cleanup", Time since last: 4043378100 ns, Reaching safepoint: 40000 ns, At safepoint: 5300 ns, Total: 45300 ns
[2022-04-07T21:56:58.420+0000][2220][safepoint   ] Safepoint "Cleanup", Time since last: 82517672800 ns, Reaching safepoint: 47700 ns, At safepoint: 7700 ns, Total: 55400 ns
[2022-04-07T21:57:01.449+0000][2220][safepoint   ] Safepoint "Cleanup", Time since last: 3028865900 ns, Reaching safepoint: 68400 ns, At safepoint: 4400 ns, Total: 72800 ns
[2022-04-07T21:57:06.477+0000][2220][safepoint   ] Safepoint "Cleanup", Time since last: 5027884600 ns, Reaching safepoint: 47900 ns, At safepoint: 8400 ns, Total: 56300 ns
[2022-04-07T21:57:14.523+0000][2220][safepoint   ] Safepoint "Cleanup", Time since last: 8046174300 ns, Reaching safepoint: 45800 ns, At safepoint: 13300 ns, Total: 59100 ns
[2022-04-07T21:57:16.525+0000][2220][safepoint   ] Safepoint "Cleanup", Time since last: 2001673900 ns, Reaching safepoint: 45300 ns, At safepoint: 4800 ns, Total: 50100 ns
[2022-04-07T21:57:28.596+0000][2220][safepoint   ] Safepoint "Cleanup", Time since last: 12070765900 ns, Reaching safepoint: 50500 ns, At safepoint: 8300 ns, Total: 58800 ns
[2022-04-07T21:58:28.966+0000][2220][safepoint   ] Safepoint "Cleanup", Time since last: 60369937800 ns, Reaching safepoint: 41900 ns, At safepoint: 3300 ns, Total: 45200 ns
[2022-04-07T21:59:28.349+0000][2220][safepoint   ] Safepoint "Cleanup", Time since last: 59383622800 ns, Reaching safepoint: 96600 ns, At safepoint: 4200 ns, Total: 100800 ns
[2022-04-07T21:59:48.511+0000][2220][safepoint   ] Safepoint "Cleanup", Time since last: 20160868800 ns, Reaching safepoint: 45100 ns, At safepoint: 7400 ns, Total: 52500 ns
[2022-04-07T22:00:23.775+0000][2220][safepoint   ] Safepoint "Cleanup", Time since last: 35264019000 ns, Reaching safepoint: 96500 ns, At safepoint: 4500 ns, Total: 101000 ns
[2022-04-07T22:00:31.835+0000][2220][safepoint   ] Safepoint "Cleanup", Time since last: 8060474800 ns, Reaching safepoint: 43900 ns, At safepoint: 6400 ns, Total: 50300 ns
[2022-04-07T22:00:44.920+0000][2220][safepoint   ] Safepoint "Cleanup", Time since last: 13084496200 ns, Reaching safepoint: 45600 ns, At safepoint: 6100 ns, Total: 51700 ns
[2022-04-07T22:00:59.016+0000][2220][safepoint   ] Safepoint "Cleanup", Time since last: 14096639600 ns, Reaching safepoint: 50100 ns, At safepoint: 4300 ns, Total: 54400 ns
[2022-04-07T22:01:26.224+0000][2220][safepoint   ] Safepoint "Cleanup", Time since last: 27208024600 ns, Reaching safepoint: 40500 ns, At safepoint: 4500 ns, Total: 45000 ns
[2022-04-07T22:01:29.261+0000][2220][safepoint   ] Safepoint "Cleanup", Time since last: 3036627900 ns, Reaching safepoint: 41200 ns, At safepoint: 5900 ns, Total: 47100 ns
[2022-04-07T22:01:31.283+0000][2220][safepoint   ] Safepoint "Cleanup", Time since last: 2022054000 ns, Reaching safepoint: 42000 ns, At safepoint: 3200 ns, Total: 45200 ns
[2022-04-07T22:01:36.317+0000][2220][safepoint   ] Safepoint "Cleanup", Time since last: 5033273500 ns, Reaching safepoint: 45200 ns, At safepoint: 4400 ns, Total: 49600 ns
[2022-04-07T22:01:58.512+0000][2220][safepoint   ] Safepoint "Cleanup", Time since last: 22195471300 ns, Reaching safepoint: 44400 ns, At safepoint: 4700 ns, Total: 49100 ns
[2022-04-07T22:02:28.709+0000][2220][safepoint   ] Safepoint "Cleanup", Time since last: 30196840600 ns, Reaching safepoint: 39000 ns, At safepoint: 4300 ns, Total: 43300 ns
[2022-04-07T22:02:31.730+0000][2220][safepoint   ] Safepoint "Cleanup", Time since last: 3020808100 ns, Reaching safepoint: 39300 ns, At safepoint: 5300 ns, Total: 44600 ns
[2022-04-07T22:03:33.172+0000][2220][safepoint   ] Safepoint "Cleanup", Time since last: 61441533700 ns, Reaching safepoint: 247500 ns, At safepoint: 41900 ns, Total: 289400 ns
[2022-04-07T22:04:45.724+0000][2220][safepoint   ] Safepoint "Cleanup", Time since last: 72552016200 ns, Reaching safepoint: 38800 ns, At safepoint: 4500 ns, Total: 43300 ns
[2022-04-07T22:04:58.838+0000][2220][safepoint   ] Safepoint "Cleanup", Time since last: 13114959700 ns, Reaching safepoint: 52100 ns, At safepoint: 5000 ns, Total: 57100 ns
[2022-04-07T22:05:01.862+0000][2220][safepoint   ] Safepoint "Cleanup", Time since last: 3023576600 ns, Reaching safepoint: 42500 ns, At safepoint: 5700 ns, Total: 48200 ns
[2022-04-07T22:05:03.873+0000][2220][safepoint   ] Safepoint "Cleanup", Time since last: 2010753700 ns, Reaching safepoint: 41900 ns, At safepoint: 5500 ns, Total: 47400 ns
[2022-04-07T22:05:09.922+0000][2220][safepoint   ] Safepoint "Cleanup", Time since last: 6048585600 ns, Reaching safepoint: 50900 ns, At safepoint: 6600 ns, Total: 57500 ns
[2022-04-07T22:05:14.960+0000][2220][safepoint   ] Safepoint "Cleanup", Time since last: 5038350400 ns, Reaching safepoint: 52000 ns, At safepoint: 8100 ns, Total: 60100 ns
[2022-04-07T22:05:19.997+0000][2220][safepoint   ] Safepoint "Cleanup", Time since last: 5036662300 ns, Reaching safepoint: 71000 ns, At safepoint: 8900 ns, Total: 79900 ns
[2022-04-07T22:05:23.027+0000][2220][safepoint   ] Safepoint "Cleanup", Time since last: 3029724000 ns, Reaching safepoint: 46200 ns, At safepoint: 4600 ns, Total: 50800 ns
[2022-04-07T22:05:29.068+0000][2220][safepoint   ] Safepoint "Cleanup", Time since last: 6040748300 ns, Reaching safepoint: 48300 ns, At safepoint: 4000 ns, Total: 52300 ns
[2022-04-07T22:06:15.429+0000][2220][safepoint   ] Safepoint "Cleanup", Time since last: 46361633200 ns, Reaching safepoint: 48000 ns, At safepoint: 13500 ns, Total: 61500 ns
[2022-04-07T22:06:16.444+0000][2220][safepoint   ] Safepoint "Cleanup", Time since last: 1014863600 ns, Reaching safepoint: 60800 ns, At safepoint: 24200 ns, Total: 85000 ns
[2022-04-07T22:06:28.560+0000][2220][safepoint   ] Safepoint "Cleanup", Time since last: 12115631300 ns, Reaching safepoint: 46400 ns, At safepoint: 7900 ns, Total: 54300 ns
[2022-04-07T22:07:10.972+0000][2220][safepoint   ] Safepoint "Cleanup", Time since last: 42412183400 ns, Reaching safepoint: 41800 ns, At safepoint: 5800 ns, Total: 47600 ns
[2022-04-07T22:07:29.084+0000][2220][safepoint   ] Safepoint "Cleanup", Time since last: 18111701100 ns, Reaching safepoint: 50700 ns, At safepoint: 7600 ns, Total: 58300 ns
[2022-04-07T22:07:59.291+0000][2220][safepoint   ] Safepoint "Cleanup", Time since last: 30207158500 ns, Reaching safepoint: 61300 ns, At safepoint: 9300 ns, Total: 70600 ns
[2022-04-07T22:08:01.310+0000][2220][safepoint   ] Safepoint "Cleanup", Time since last: 2018944300 ns, Reaching safepoint: 57700 ns, At safepoint: 11500 ns, Total: 69200 ns
[2022-04-07T22:08:31.508+0000][2220][safepoint   ] Safepoint "Cleanup", Time since last: 30197936300 ns, Reaching safepoint: 63100 ns, At safepoint: 10400 ns, Total: 73500 ns
[2022-04-07T22:09:00.646+0000][2220][safepoint   ] Safepoint "Cleanup", Time since last: 29137441000 ns, Reaching safepoint: 48800 ns, At safepoint: 16200 ns, Total: 65000 ns
[2022-04-07T22:09:01.649+0000][2220][safepoint   ] Safepoint "Cleanup", Time since last: 1002993000 ns, Reaching safepoint: 41600 ns, At safepoint: 14000 ns, Total: 55600 ns
[2022-04-07T22:09:42.910+0000][2220][safepoint   ] Safepoint "Cleanup", Time since last: 41261311900 ns, Reaching safepoint: 43100 ns, At safepoint: 5100 ns, Total: 48200 ns
[2022-04-07T22:09:59.020+0000][2220][safepoint   ] Safepoint "Cleanup", Time since last: 16109806300 ns, Reaching safepoint: 47100 ns, At safepoint: 4900 ns, Total: 52000 ns
[2022-04-07T22:10:32.278+0000][2220][safepoint   ] Safepoint "Cleanup", Time since last: 33258144100 ns, Reaching safepoint: 42100 ns, At safepoint: 5200 ns, Total: 47300 ns
[2022-04-07T22:10:58.454+0000][2220][safepoint   ] Safepoint "Cleanup", Time since last: 26175550600 ns, Reaching safepoint: 260500 ns, At safepoint: 39600 ns, Total: 300100 ns
[2022-04-07T22:10:59.470+0000][2220][safepoint   ] Safepoint "Cleanup", Time since last: 1015726800 ns, Reaching safepoint: 279100 ns, At safepoint: 129000 ns, Total: 408100 ns
[2022-04-07T22:11:00.483+0000][2220][safepoint   ] Safepoint "Cleanup", Time since last: 1012655700 ns, Reaching safepoint: 370000 ns, At safepoint: 44400 ns, Total: 414400 ns
[2022-04-07T22:11:01.493+0000][2220][safepoint   ] Safepoint "Cleanup", Time since last: 1009865900 ns, Reaching safepoint: 245900 ns, At safepoint: 24500 ns, Total: 270400 ns
[2022-04-07T22:11:03.515+0000][2220][safepoint   ] Safepoint "Cleanup", Time since last: 2021845700 ns, Reaching safepoint: 261800 ns, At safepoint: 36500 ns, Total: 298300 ns
[2022-04-07T22:11:18.608+0000][2220][safepoint   ] Safepoint "Cleanup", Time since last: 15092328600 ns, Reaching safepoint: 64300 ns, At safepoint: 10000 ns, Total: 74300 ns
[2022-04-07T22:11:33.720+0000][2220][safepoint   ] Safepoint "Cleanup", Time since last: 15112013800 ns, Reaching safepoint: 52400 ns, At safepoint: 7800 ns, Total: 60200 ns
[2022-04-07T22:12:08.966+0000][2220][safepoint   ] Safepoint "Cleanup", Time since last: 35246527300 ns, Reaching safepoint: 51500 ns, At safepoint: 10800 ns, Total: 62300 ns
[2022-04-07T22:12:29.096+0000][2220][safepoint   ] Safepoint "Cleanup", Time since last: 20128942300 ns, Reaching safepoint: 125800 ns, At safepoint: 5400 ns, Total: 131200 ns
[2022-04-07T22:13:29.570+0000][2220][safepoint   ] Safepoint "Cleanup", Time since last: 60474147800 ns, Reaching safepoint: 49800 ns, At safepoint: 7200 ns, Total: 57000 ns
[2022-04-07T22:14:28.972+0000][2220][safepoint   ] Safepoint "Cleanup", Time since last: 59402168400 ns, Reaching safepoint: 47200 ns, At safepoint: 4700 ns, Total: 51900 ns
[2022-04-07T22:14:59.202+0000][2220][safepoint   ] Safepoint "Cleanup", Time since last: 30230135600 ns, Reaching safepoint: 78600 ns, At safepoint: 13300 ns, Total: 91900 ns
[2022-04-07T22:15:26.397+0000][2220][safepoint   ] Safepoint "Cleanup", Time since last: 27195125300 ns, Reaching safepoint: 63500 ns, At safepoint: 6400 ns, Total: 69900 ns
[2022-04-07T22:16:28.935+0000][2220][safepoint   ] Safepoint "Cleanup", Time since last: 62537526500 ns, Reaching safepoint: 63200 ns, At safepoint: 7800 ns, Total: 71000 ns
[2022-04-07T22:16:31.959+0000][2220][safepoint   ] Safepoint "Cleanup", Time since last: 3023457200 ns, Reaching safepoint: 42900 ns, At safepoint: 9400 ns, Total: 52300 ns
[2022-04-07T22:17:29.416+0000][2220][safepoint   ] Safepoint "Cleanup", Time since last: 57456975700 ns, Reaching safepoint: 62500 ns, At safepoint: 8000 ns, Total: 70500 ns
[2022-04-07T22:17:32.430+0000][2220][safepoint   ] Safepoint "Cleanup", Time since last: 3014290300 ns, Reaching safepoint: 32600 ns, At safepoint: 4500 ns, Total: 37100 ns
[2022-04-07T22:17:59.583+0000][2220][safepoint   ] Safepoint "Cleanup", Time since last: 27152884500 ns, Reaching safepoint: 65300 ns, At safepoint: 16200 ns, Total: 81500 ns
[2022-04-07T22:18:25.752+0000][2220][safepoint   ] Safepoint "Cleanup", Time since last: 26169131700 ns, Reaching safepoint: 113900 ns, At safepoint: 4400 ns, Total: 118300 ns
[2022-04-07T22:19:37.283+0000][2220][safepoint   ] Safepoint "Cleanup", Time since last: 71530779200 ns, Reaching safepoint: 53500 ns, At safepoint: 5000 ns, Total: 58500 ns
[2022-04-07T22:20:54.848+0000][2220][safepoint   ] Safepoint "Cleanup", Time since last: 77565223200 ns, Reaching safepoint: 49100 ns, At safepoint: 5100 ns, Total: 54200 ns
[2022-04-07T22:21:01.886+0000][2220][safepoint   ] Safepoint "Cleanup", Time since last: 7037670500 ns, Reaching safepoint: 48400 ns, At safepoint: 9500 ns, Total: 57900 ns
[2022-04-07T22:21:11.951+0000][2220][safepoint   ] Safepoint "Cleanup", Time since last: 10065510000 ns, Reaching safepoint: 52700 ns, At safepoint: 4900 ns, Total: 57600 ns
[2022-04-07T22:21:59.272+0000][2220][safepoint   ] Safepoint "Cleanup", Time since last: 47320337200 ns, Reaching safepoint: 85000 ns, At safepoint: 11300 ns, Total: 96300 ns
[2022-04-07T22:22:02.290+0000][2220][safepoint   ] Safepoint "Cleanup", Time since last: 3018396200 ns, Reaching safepoint: 42200 ns, At safepoint: 8000 ns, Total: 50200 ns
[2022-04-07T22:22:29.459+0000][2220][safepoint   ] Safepoint "Cleanup", Time since last: 27168481600 ns, Reaching safepoint: 48100 ns, At safepoint: 9500 ns, Total: 57600 ns
[2022-04-07T22:22:32.470+0000][2220][safepoint   ] Safepoint "Cleanup", Time since last: 3011340000 ns, Reaching safepoint: 44300 ns, At safepoint: 8400 ns, Total: 52700 ns
[2022-04-07T22:22:47.556+0000][2220][safepoint   ] Safepoint "Cleanup", Time since last: 15086251200 ns, Reaching safepoint: 112600 ns, At safepoint: 14500 ns, Total: 127100 ns
[2022-04-07T22:22:48.563+0000][2220][safepoint   ] Safepoint "Cleanup", Time since last: 1006288400 ns, Reaching safepoint: 114600 ns, At safepoint: 5500 ns, Total: 120100 ns
[2022-04-07T22:22:49.566+0000][2220][safepoint   ] Safepoint "Cleanup", Time since last: 1002641000 ns, Reaching safepoint: 55400 ns, At safepoint: 8400 ns, Total: 63800 ns
[2022-04-07T22:22:51.575+0000][2220][safepoint   ] Safepoint "Cleanup", Time since last: 2008772000 ns, Reaching safepoint: 47800 ns, At safepoint: 10000 ns, Total: 57800 ns
[2022-04-07T22:22:52.587+0000][2220][safepoint   ] Safepoint "Cleanup", Time since last: 1011910100 ns, Reaching safepoint: 50800 ns, At safepoint: 10600 ns, Total: 61400 ns
[2022-04-07T22:22:53.587+0000][2220][safepoint   ] Safepoint "Cleanup", Time since last: 1000642100 ns, Reaching safepoint: 129000 ns, At safepoint: 6000 ns, Total: 135000 ns
[2022-04-07T22:22:54.746+0000][2220][safepoint   ] Safepoint "Cleanup", Time since last: 1158366300 ns, Reaching safepoint: 146000 ns, At safepoint: 6900 ns, Total: 152900 ns
[2022-04-07T22:22:58.783+0000][2220][safepoint   ] Safepoint "Cleanup", Time since last: 4036571800 ns, Reaching safepoint: 52900 ns, At safepoint: 9800 ns, Total: 62700 ns
[2022-04-07T22:22:59.788+0000][2220][safepoint   ] Safepoint "Cleanup", Time since last: 1005133400 ns, Reaching safepoint: 47400 ns, At safepoint: 5400 ns, Total: 52800 ns
[2022-04-07T22:23:01.796+0000][2220][safepoint   ] Safepoint "Cleanup", Time since last: 2008244900 ns, Reaching safepoint: 53000 ns, At safepoint: 6000 ns, Total: 59000 ns
[2022-04-07T22:23:55.133+0000][2220][safepoint   ] Safepoint "Cleanup", Time since last: 53337106000 ns, Reaching safepoint: 51600 ns, At safepoint: 7800 ns, Total: 59400 ns
[2022-04-07T22:24:00.164+0000][2220][safepoint   ] Safepoint "Cleanup", Time since last: 5031155000 ns, Reaching safepoint: 41800 ns, At safepoint: 7100 ns, Total: 48900 ns
[2022-04-07T22:24:10.236+0000][2220][safepoint   ] Safepoint "Cleanup", Time since last: 10071644200 ns, Reaching safepoint: 65100 ns, At safepoint: 7500 ns, Total: 72600 ns
[2022-04-07T22:24:11.244+0000][2220][safepoint   ] Safepoint "Cleanup", Time since last: 1007754700 ns, Reaching safepoint: 55300 ns, At safepoint: 8200 ns, Total: 63500 ns
[2022-04-07T22:24:12.250+0000][2220][safepoint   ] Safepoint "Cleanup", Time since last: 1005823000 ns, Reaching safepoint: 59600 ns, At safepoint: 6100 ns, Total: 65700 ns
[2022-04-07T22:24:13.264+0000][2220][safepoint   ] Safepoint "Cleanup", Time since last: 1014592400 ns, Reaching safepoint: 48100 ns, At safepoint: 4900 ns, Total: 53000 ns
[2022-04-07T22:24:14.271+0000][2220][safepoint   ] Safepoint "Cleanup", Time since last: 1006450300 ns, Reaching safepoint: 54200 ns, At safepoint: 7500 ns, Total: 61700 ns
[2022-04-07T22:24:15.274+0000][2220][safepoint   ] Safepoint "Cleanup", Time since last: 1002749100 ns, Reaching safepoint: 72900 ns, At safepoint: 6500 ns, Total: 79400 ns
[2022-04-07T22:24:25.330+0000][2220][safepoint   ] Safepoint "Cleanup", Time since last: 10056582900 ns, Reaching safepoint: 46500 ns, At safepoint: 5000 ns, Total: 51500 ns
[2022-04-07T22:24:29.357+0000][2220][safepoint   ] Safepoint "Cleanup", Time since last: 4026635100 ns, Reaching safepoint: 47900 ns, At safepoint: 4900 ns, Total: 52800 ns
[2022-04-07T22:24:32.382+0000][2220][safepoint   ] Safepoint "Cleanup", Time since last: 3024867400 ns, Reaching safepoint: 49200 ns, At safepoint: 6200 ns, Total: 55400 ns
[2022-04-07T22:24:38.415+0000][2220][safepoint   ] Safepoint "Cleanup", Time since last: 6032484600 ns, Reaching safepoint: 46400 ns, At safepoint: 4000 ns, Total: 50400 ns
[2022-04-07T22:24:54.516+0000][2220][safepoint   ] Safepoint "Cleanup", Time since last: 16101787500 ns, Reaching safepoint: 40500 ns, At safepoint: 6700 ns, Total: 47200 ns
[2022-04-07T22:24:55.536+0000][2220][safepoint   ] Safepoint "Cleanup", Time since last: 1019399600 ns, Reaching safepoint: 132700 ns, At safepoint: 5800 ns, Total: 138500 ns
[2022-04-07T22:25:00.559+0000][2220][safepoint   ] Safepoint "Cleanup", Time since last: 5023002600 ns, Reaching safepoint: 64500 ns, At safepoint: 6900 ns, Total: 71400 ns
[2022-04-07T22:25:09.621+0000][2220][safepoint   ] Safepoint "Cleanup", Time since last: 9061893500 ns, Reaching safepoint: 49400 ns, At safepoint: 12200 ns, Total: 61600 ns
[2022-04-07T22:25:18.686+0000][2220][safepoint   ] Safepoint "Cleanup", Time since last: 9065000200 ns, Reaching safepoint: 52700 ns, At safepoint: 7700 ns, Total: 60400 ns
[2022-04-07T22:25:37.734+0000][2220][safepoint   ] Safepoint "Cleanup", Time since last: 19047758800 ns, Reaching safepoint: 62400 ns, At safepoint: 7800 ns, Total: 70200 ns
[2022-04-07T22:27:10.444+0000][2220][safepoint   ] Safepoint "Cleanup", Time since last: 92710498400 ns, Reaching safepoint: 55600 ns, At safepoint: 6300 ns, Total: 61900 ns
[2022-04-07T22:27:14.483+0000][2220][safepoint   ] Safepoint "Cleanup", Time since last: 4038420500 ns, Reaching safepoint: 60300 ns, At safepoint: 7500 ns, Total: 67800 ns
[2022-04-07T22:27:19.509+0000][2220][safepoint   ] Safepoint "Cleanup", Time since last: 5025838700 ns, Reaching safepoint: 61300 ns, At safepoint: 7800 ns, Total: 69100 ns
[2022-04-07T22:27:24.548+0000][2220][safepoint   ] Safepoint "Cleanup", Time since last: 5039315500 ns, Reaching safepoint: 39900 ns, At safepoint: 7100 ns, Total: 47000 ns
[2022-04-07T22:27:29.571+0000][2220][safepoint   ] Safepoint "Cleanup", Time since last: 5023023400 ns, Reaching safepoint: 64800 ns, At safepoint: 5600 ns, Total: 70400 ns
[2022-04-07T22:27:33.603+0000][2220][safepoint   ] Safepoint "Cleanup", Time since last: 4031745200 ns, Reaching safepoint: 45000 ns, At safepoint: 4400 ns, Total: 49400 ns
[2022-04-07T22:27:34.611+0000][2220][safepoint   ] Safepoint "Cleanup", Time since last: 1008070200 ns, Reaching safepoint: 49400 ns, At safepoint: 8900 ns, Total: 58300 ns
[2022-04-07T22:27:38.622+0000][2220][safepoint   ] Safepoint "Cleanup", Time since last: 4010993400 ns, Reaching safepoint: 135600 ns, At safepoint: 8200 ns, Total: 143800 ns
[2022-04-07T22:27:43.650+0000][2220][safepoint   ] Safepoint "Cleanup", Time since last: 5028016100 ns, Reaching safepoint: 65900 ns, At safepoint: 8500 ns, Total: 74400 ns
[2022-04-07T22:27:46.674+0000][2220][safepoint   ] Safepoint "Cleanup", Time since last: 3023667100 ns, Reaching safepoint: 41700 ns, At safepoint: 12200 ns, Total: 53900 ns
[2022-04-07T22:27:47.682+0000][2220][safepoint   ] Safepoint "Cleanup", Time since last: 1008109700 ns, Reaching safepoint: 57900 ns, At safepoint: 12200 ns, Total: 70100 ns
[2022-04-07T22:27:48.691+0000][2220][safepoint   ] Safepoint "Cleanup", Time since last: 1008556600 ns, Reaching safepoint: 63600 ns, At safepoint: 7400 ns, Total: 71000 ns
[2022-04-07T22:27:49.691+0000][2220][safepoint   ] Safepoint "Cleanup", Time since last: 1000296000 ns, Reaching safepoint: 42900 ns, At safepoint: 5800 ns, Total: 48700 ns
[2022-04-07T22:27:53.733+0000][2220][safepoint   ] Safepoint "Cleanup", Time since last: 4041934300 ns, Reaching safepoint: 56600 ns, At safepoint: 9300 ns, Total: 65900 ns
[2022-04-07T22:27:58.769+0000][2220][safepoint   ] Safepoint "Cleanup", Time since last: 5035751700 ns, Reaching safepoint: 52800 ns, At safepoint: 9400 ns, Total: 62200 ns
[2022-04-07T22:28:00.284+0000][2220][safepoint   ] Safepoint "Cleanup", Time since last: 1514867100 ns, Reaching safepoint: 198800 ns, At safepoint: 7700 ns, Total: 206500 ns
[2022-04-07T22:28:02.291+0000][2220][safepoint   ] Safepoint "Cleanup", Time since last: 2006749500 ns, Reaching safepoint: 50300 ns, At safepoint: 5900 ns, Total: 56200 ns
[2022-04-07T22:28:03.305+0000][2220][safepoint   ] Safepoint "Cleanup", Time since last: 1014067700 ns, Reaching safepoint: 58900 ns, At safepoint: 11200 ns, Total: 70100 ns
[2022-04-07T22:28:03.733+0000][2220][safepoint   ] Safepoint "ICBufferFull", Time since last: 428499900 ns, Reaching safepoint: 143900 ns, At safepoint: 12900 ns, Total: 156800 ns
[2022-04-07T22:28:04.057+0000][2220][safepoint   ] Safepoint "ICBufferFull", Time since last: 323409600 ns, Reaching safepoint: 89400 ns, At safepoint: 19000 ns, Total: 108400 ns
[2022-04-07T22:28:05.059+0000][2220][safepoint   ] Safepoint "Cleanup", Time since last: 1002197200 ns, Reaching safepoint: 61300 ns, At safepoint: 11200 ns, Total: 72500 ns
[2022-04-07T22:28:06.075+0000][2220][safepoint   ] Safepoint "Cleanup", Time since last: 1015826700 ns, Reaching safepoint: 62800 ns, At safepoint: 8600 ns, Total: 71400 ns
[2022-04-07T22:28:06.304+0000][2220][safepoint   ] Safepoint "ICBufferFull", Time since last: 221644900 ns, Reaching safepoint: 94500 ns, At safepoint: 7315500 ns, Total: 7410000 ns
[2022-04-07T22:28:06.549+0000][2220][safepoint   ] Safepoint "ICBufferFull", Time since last: 244147100 ns, Reaching safepoint: 92400 ns, At safepoint: 139100 ns, Total: 231500 ns
[2022-04-07T22:28:07.560+0000][2220][safepoint   ] Safepoint "Cleanup", Time since last: 1011054300 ns, Reaching safepoint: 145800 ns, At safepoint: 5000 ns, Total: 150800 ns
[2022-04-07T22:28:07.861+0000][2220][safepoint   ] Safepoint "ICBufferFull", Time since last: 300277900 ns, Reaching safepoint: 225100 ns, At safepoint: 1005200 ns, Total: 1230300 ns
[2022-04-07T22:28:07.956+0000][2220][safepoint   ] Safepoint "ICBufferFull", Time since last: 93661200 ns, Reaching safepoint: 599500 ns, At safepoint: 360600 ns, Total: 960100 ns
[2022-04-07T22:28:08.242+0000][2220][safepoint   ] Safepoint "ICBufferFull", Time since last: 285402500 ns, Reaching safepoint: 247400 ns, At safepoint: 1322900 ns, Total: 1570300 ns
[2022-04-07T22:28:08.338+0000][2220][safepoint   ] Safepoint "ICBufferFull", Time since last: 95021800 ns, Reaching safepoint: 431600 ns, At safepoint: 11800 ns, Total: 443400 ns
[2022-04-07T22:28:08.565+0000][2220][safepoint   ] Safepoint "ICBufferFull", Time since last: 226271900 ns, Reaching safepoint: 99600 ns, At safepoint: 10500 ns, Total: 110100 ns
[2022-04-07T22:28:08.908+0000][2220][safepoint   ] Safepoint "ICBufferFull", Time since last: 343731000 ns, Reaching safepoint: 132900 ns, At safepoint: 41100 ns, Total: 174000 ns
[2022-04-07T22:28:09.092+0000][2220][safepoint   ] Safepoint "ICBufferFull", Time since last: 183091500 ns, Reaching safepoint: 75600 ns, At safepoint: 4700 ns, Total: 80300 ns
[2022-04-07T22:28:09.156+0000][2220][safepoint   ] Safepoint "ICBufferFull", Time since last: 64628100 ns, Reaching safepoint: 53700 ns, At safepoint: 6400 ns, Total: 60100 ns
[2022-04-07T22:28:09.157+0000][2220][safepoint   ] Safepoint "ICBufferFull", Time since last: 890300 ns, Reaching safepoint: 29900 ns, At safepoint: 4500 ns, Total: 34400 ns
[2022-04-07T22:28:09.158+0000][2220][safepoint   ] Safepoint "ICBufferFull", Time since last: 869500 ns, Reaching safepoint: 36500 ns, At safepoint: 3400 ns, Total: 39900 ns
[2022-04-07T22:28:09.160+0000][2220][safepoint   ] Safepoint "ICBufferFull", Time since last: 1046600 ns, Reaching safepoint: 34300 ns, At safepoint: 3500 ns, Total: 37800 ns
[2022-04-07T22:28:09.160+0000][2220][safepoint   ] Safepoint "ICBufferFull", Time since last: 1066000 ns, Reaching safepoint: 35000 ns, At safepoint: 4000 ns, Total: 39000 ns
[2022-04-07T22:28:09.162+0000][2220][safepoint   ] Safepoint "ICBufferFull", Time since last: 1108300 ns, Reaching safepoint: 31200 ns, At safepoint: 7900 ns, Total: 39100 ns
[2022-04-07T22:28:09.163+0000][2220][safepoint   ] Safepoint "ICBufferFull", Time since last: 1051700 ns, Reaching safepoint: 30900 ns, At safepoint: 3300 ns, Total: 34200 ns
[2022-04-07T22:28:09.164+0000][2220][safepoint   ] Safepoint "ICBufferFull", Time since last: 1287500 ns, Reaching safepoint: 27600 ns, At safepoint: 2000 ns, Total: 29600 ns
[2022-04-07T22:28:09.165+0000][2220][safepoint   ] Safepoint "ICBufferFull", Time since last: 1265900 ns, Reaching safepoint: 21300 ns, At safepoint: 3000 ns, Total: 24300 ns
[2022-04-07T22:28:09.167+0000][2220][safepoint   ] Safepoint "ICBufferFull", Time since last: 1264600 ns, Reaching safepoint: 16800 ns, At safepoint: 1200 ns, Total: 18000 ns
[2022-04-07T22:28:09.168+0000][2220][safepoint   ] Safepoint "ICBufferFull", Time since last: 977400 ns, Reaching safepoint: 14300 ns, At safepoint: 1000 ns, Total: 15300 ns
[2022-04-07T22:28:09.169+0000][2220][safepoint   ] Safepoint "ICBufferFull", Time since last: 1101200 ns, Reaching safepoint: 20700 ns, At safepoint: 3700 ns, Total: 24400 ns
[2022-04-07T22:28:09.170+0000][2220][safepoint   ] Safepoint "ICBufferFull", Time since last: 1048000 ns, Reaching safepoint: 28400 ns, At safepoint: 4000 ns, Total: 32400 ns
[2022-04-07T22:28:09.171+0000][2220][safepoint   ] Safepoint "ICBufferFull", Time since last: 947200 ns, Reaching safepoint: 20400 ns, At safepoint: 3100 ns, Total: 23500 ns
[2022-04-07T22:28:09.172+0000][2220][safepoint   ] Safepoint "ICBufferFull", Time since last: 905300 ns, Reaching safepoint: 19500 ns, At safepoint: 2600 ns, Total: 22100 ns
[2022-04-07T22:28:09.173+0000][2220][safepoint   ] Safepoint "ICBufferFull", Time since last: 861300 ns, Reaching safepoint: 32200 ns, At safepoint: 5900 ns, Total: 38100 ns
[2022-04-07T22:28:09.174+0000][2220][safepoint   ] Safepoint "ICBufferFull", Time since last: 1603600 ns, Reaching safepoint: 30800 ns, At safepoint: 3900 ns, Total: 34700 ns
[2022-04-07T22:28:09.176+0000][2220][safepoint   ] Safepoint "ICBufferFull", Time since last: 1232100 ns, Reaching safepoint: 31200 ns, At safepoint: 9300 ns, Total: 40500 ns
[2022-04-07T22:28:09.177+0000][2220][safepoint   ] Safepoint "ICBufferFull", Time since last: 1938900 ns, Reaching safepoint: 31500 ns, At safepoint: 3500 ns, Total: 35000 ns
[2022-04-07T22:28:09.179+0000][2220][safepoint   ] Safepoint "ICBufferFull", Time since last: 1570800 ns, Reaching safepoint: 26500 ns, At safepoint: 4000 ns, Total: 30500 ns
[2022-04-07T22:28:09.180+0000][2220][safepoint   ] Safepoint "ICBufferFull", Time since last: 871100 ns, Reaching safepoint: 28400 ns, At safepoint: 3200 ns, Total: 31600 ns
[2022-04-07T22:28:09.181+0000][2220][safepoint   ] Safepoint "ICBufferFull", Time since last: 884600 ns, Reaching safepoint: 30700 ns, At safepoint: 4200 ns, Total: 34900 ns
[2022-04-07T22:28:09.182+0000][2220][safepoint   ] Safepoint "ICBufferFull", Time since last: 1020700 ns, Reaching safepoint: 30700 ns, At safepoint: 8700 ns, Total: 39400 ns
[2022-04-07T22:28:09.184+0000][2220][safepoint   ] Safepoint "ICBufferFull", Time since last: 1576900 ns, Reaching safepoint: 35800 ns, At safepoint: 4400 ns, Total: 40200 ns
[2022-04-07T22:28:09.185+0000][2220][safepoint   ] Safepoint "ICBufferFull", Time since last: 1049800 ns, Reaching safepoint: 30700 ns, At safepoint: 4000 ns, Total: 34700 ns
[2022-04-07T22:28:09.196+0000][2220][safepoint   ] Safepoint "ICBufferFull", Time since last: 11242300 ns, Reaching safepoint: 32800 ns, At safepoint: 5500 ns, Total: 38300 ns
[2022-04-07T22:28:09.197+0000][2220][safepoint   ] Safepoint "ICBufferFull", Time since last: 1089700 ns, Reaching safepoint: 27200 ns, At safepoint: 4600 ns, Total: 31800 ns
[2022-04-07T22:28:09.198+0000][2220][safepoint   ] Safepoint "ICBufferFull", Time since last: 993100 ns, Reaching safepoint: 25700 ns, At safepoint: 3100 ns, Total: 28800 ns
[2022-04-07T22:28:09.199+0000][2220][safepoint   ] Safepoint "ICBufferFull", Time since last: 909800 ns, Reaching safepoint: 28100 ns, At safepoint: 3000 ns, Total: 31100 ns
[2022-04-07T22:28:09.200+0000][2220][safepoint   ] Safepoint "ICBufferFull", Time since last: 1091300 ns, Reaching safepoint: 24300 ns, At safepoint: 3500 ns, Total: 27800 ns
[2022-04-07T22:28:09.201+0000][2220][safepoint   ] Safepoint "ICBufferFull", Time since last: 1072000 ns, Reaching safepoint: 24900 ns, At safepoint: 3400 ns, Total: 28300 ns
[2022-04-07T22:28:09.202+0000][2220][safepoint   ] Safepoint "ICBufferFull", Time since last: 946800 ns, Reaching safepoint: 30000 ns, At safepoint: 3800 ns, Total: 33800 ns
[2022-04-07T22:28:09.203+0000][2220][safepoint   ] Safepoint "ICBufferFull", Time since last: 822600 ns, Reaching safepoint: 25300 ns, At safepoint: 5200 ns, Total: 30500 ns
[2022-04-07T22:28:09.204+0000][2220][safepoint   ] Safepoint "ICBufferFull", Time since last: 842600 ns, Reaching safepoint: 25400 ns, At safepoint: 3500 ns, Total: 28900 ns
[2022-04-07T22:28:09.205+0000][2220][safepoint   ] Safepoint "ICBufferFull", Time since last: 886800 ns, Reaching safepoint: 23600 ns, At safepoint: 4000 ns, Total: 27600 ns
[2022-04-07T22:28:09.206+0000][2220][safepoint   ] Safepoint "ICBufferFull", Time since last: 887200 ns, Reaching safepoint: 31700 ns, At safepoint: 4700 ns, Total: 36400 ns
[2022-04-07T22:28:09.208+0000][2220][safepoint   ] Safepoint "ICBufferFull", Time since last: 2606000 ns, Reaching safepoint: 32300 ns, At safepoint: 3800 ns, Total: 36100 ns
[2022-04-07T22:28:09.211+0000][2220][safepoint   ] Safepoint "ICBufferFull", Time since last: 2716100 ns, Reaching safepoint: 32300 ns, At safepoint: 4600 ns, Total: 36900 ns
[2022-04-07T22:28:09.212+0000][2220][safepoint   ] Safepoint "ICBufferFull", Time since last: 1184800 ns, Reaching safepoint: 27400 ns, At safepoint: 3200 ns, Total: 30600 ns
[2022-04-07T22:28:09.541+0000][2220][safepoint   ] Safepoint "ICBufferFull", Time since last: 328382600 ns, Reaching safepoint: 102600 ns, At safepoint: 35200 ns, Total: 137800 ns
[2022-04-07T22:28:09.960+0000][2220][safepoint   ] Safepoint "ICBufferFull", Time since last: 419050000 ns, Reaching safepoint: 152500 ns, At safepoint: 11700 ns, Total: 164200 ns
[2022-04-07T22:28:10.219+0000][2220][safepoint   ] Safepoint "ICBufferFull", Time since last: 257757300 ns, Reaching safepoint: 543800 ns, At safepoint: 15500 ns, Total: 559300 ns
[2022-04-07T22:28:10.485+0000][2220][safepoint   ] Safepoint "ICBufferFull", Time since last: 255642100 ns, Reaching safepoint: 209700 ns, At safepoint: 10910500 ns, Total: 11120200 ns
[2022-04-07T22:28:10.592+0000][2220][safepoint   ] Safepoint "ICBufferFull", Time since last: 105210800 ns, Reaching safepoint: 857300 ns, At safepoint: 59100 ns, Total: 916400 ns
[2022-04-07T22:28:11.041+0000][2220][safepoint   ] Safepoint "ICBufferFull", Time since last: 434663100 ns, Reaching safepoint: 9941000 ns, At safepoint: 5023800 ns, Total: 14964800 ns
[2022-04-07T22:28:11.828+0000][2220][safepoint   ] Safepoint "ICBufferFull", Time since last: 785765400 ns, Reaching safepoint: 1090800 ns, At safepoint: 246400 ns, Total: 1337200 ns
[2022-04-07T22:28:12.369+0000][2220][safepoint   ] Safepoint "ICBufferFull", Time since last: 540971500 ns, Reaching safepoint: 132700 ns, At safepoint: 6800 ns, Total: 139500 ns
[2022-04-07T22:28:12.538+0000][2220][safepoint   ] Safepoint "ICBufferFull", Time since last: 168842400 ns, Reaching safepoint: 92500 ns, At safepoint: 6000 ns, Total: 98500 ns
[2022-04-07T22:28:13.032+0000][2220][safepoint   ] Safepoint "ICBufferFull", Time since last: 493548600 ns, Reaching safepoint: 173300 ns, At safepoint: 217800 ns, Total: 391100 ns
[2022-04-07T22:28:13.430+0000][2220][safepoint   ] Safepoint "ICBufferFull", Time since last: 396964800 ns, Reaching safepoint: 129200 ns, At safepoint: 10700 ns, Total: 139900 ns
[2022-04-07T22:28:13.631+0000][2220][safepoint   ] Safepoint "ICBufferFull", Time since last: 201151500 ns, Reaching safepoint: 327400 ns, At safepoint: 612700 ns, Total: 940100 ns
[2022-04-07T22:28:13.706+0000][2220][safepoint   ] Safepoint "ICBufferFull", Time since last: 75527500 ns, Reaching safepoint: 44400 ns, At safepoint: 4800 ns, Total: 49200 ns
[2022-04-07T22:28:13.755+0000][2220][safepoint   ] Safepoint "ICBufferFull", Time since last: 48031900 ns, Reaching safepoint: 39700 ns, At safepoint: 4500 ns, Total: 44200 ns
[2022-04-07T22:28:13.784+0000][2220][safepoint   ] Safepoint "ICBufferFull", Time since last: 28684400 ns, Reaching safepoint: 47100 ns, At safepoint: 10000 ns, Total: 57100 ns
[2022-04-07T22:28:13.822+0000][2220][safepoint   ] Safepoint "ICBufferFull", Time since last: 38218900 ns, Reaching safepoint: 70600 ns, At safepoint: 118600 ns, Total: 189200 ns
[2022-04-07T22:28:13.859+0000][2220][safepoint   ] Safepoint "ICBufferFull", Time since last: 33691000 ns, Reaching safepoint: 50700 ns, At safepoint: 3424300 ns, Total: 3475000 ns
[2022-04-07T22:28:13.918+0000][2220][safepoint   ] Safepoint "ICBufferFull", Time since last: 46751400 ns, Reaching safepoint: 5902000 ns, At safepoint: 6460100 ns, Total: 12362100 ns
[2022-04-07T22:28:13.985+0000][2220][safepoint   ] Safepoint "ICBufferFull", Time since last: 53337500 ns, Reaching safepoint: 3592300 ns, At safepoint: 9771500 ns, Total: 13363800 ns
[2022-04-07T22:28:14.021+0000][2220][safepoint   ] Safepoint "ICBufferFull", Time since last: 35954600 ns, Reaching safepoint: 120200 ns, At safepoint: 499300 ns, Total: 619500 ns
[2022-04-07T22:28:14.062+0000][2220][safepoint   ] Safepoint "ICBufferFull", Time since last: 40142700 ns, Reaching safepoint: 48100 ns, At safepoint: 11600 ns, Total: 59700 ns
[2022-04-07T22:28:14.098+0000][2220][safepoint   ] Safepoint "ICBufferFull", Time since last: 35977600 ns, Reaching safepoint: 191300 ns, At safepoint: 41800 ns, Total: 233100 ns
[2022-04-07T22:28:14.145+0000][2220][safepoint   ] Safepoint "ICBufferFull", Time since last: 46917300 ns, Reaching safepoint: 58000 ns, At safepoint: 11000 ns, Total: 69000 ns
[2022-04-07T22:28:14.370+0000][2220][safepoint   ] Safepoint "ICBufferFull", Time since last: 212112500 ns, Reaching safepoint: 330200 ns, At safepoint: 12833000 ns, Total: 13163200 ns
[2022-04-07T22:28:14.838+0000][2220][safepoint   ] Safepoint "ICBufferFull", Time since last: 467151100 ns, Reaching safepoint: 109000 ns, At safepoint: 7800 ns, Total: 116800 ns
[2022-04-07T22:28:15.482+0000][2220][safepoint   ] Safepoint "ICBufferFull", Time since last: 634423600 ns, Reaching safepoint: 9328000 ns, At safepoint: 212200 ns, Total: 9540200 ns
[2022-04-07T22:28:15.690+0000][2220][safepoint   ] Safepoint "ICBufferFull", Time since last: 207339200 ns, Reaching safepoint: 99900 ns, At safepoint: 804100 ns, Total: 904000 ns
[2022-04-07T22:28:16.076+0000][2220][safepoint   ] Safepoint "ICBufferFull", Time since last: 385597400 ns, Reaching safepoint: 94800 ns, At safepoint: 5400 ns, Total: 100200 ns
[2022-04-07T22:28:16.658+0000][2220][safepoint   ] Safepoint "ICBufferFull", Time since last: 573653800 ns, Reaching safepoint: 8833800 ns, At safepoint: 20000 ns, Total: 8853800 ns
[2022-04-07T22:28:16.975+0000][2220][safepoint   ] Safepoint "ICBufferFull", Time since last: 316640100 ns, Reaching safepoint: 491600 ns, At safepoint: 67900 ns, Total: 559500 ns
[2022-04-07T22:28:18.327+0000][2220][safepoint   ] Safepoint "ICBufferFull", Time since last: 1352417600 ns, Reaching safepoint: 149800 ns, At safepoint: 14400 ns, Total: 164200 ns
[2022-04-07T22:28:18.511+0000][2220][safepoint   ] Safepoint "ICBufferFull", Time since last: 182994700 ns, Reaching safepoint: 181600 ns, At safepoint: 120800 ns, Total: 302400 ns
[2022-04-07T22:28:18.971+0000][2220][safepoint   ] Safepoint "ICBufferFull", Time since last: 459199500 ns, Reaching safepoint: 142900 ns, At safepoint: 11500 ns, Total: 154400 ns
[2022-04-07T22:28:19.063+0000][2220][safepoint   ] Safepoint "ICBufferFull", Time since last: 84491700 ns, Reaching safepoint: 639300 ns, At safepoint: 7197700 ns, Total: 7837000 ns
[2022-04-07T22:28:19.312+0000][2220][safepoint   ] Safepoint "ICBufferFull", Time since last: 214983400 ns, Reaching safepoint: 15256100 ns, At safepoint: 19458200 ns, Total: 34714300 ns
[2022-04-07T22:28:21.322+0000][2220][safepoint   ] Safepoint "Cleanup", Time since last: 2008222400 ns, Reaching safepoint: 680500 ns, At safepoint: 76300 ns, Total: 756800 ns
[2022-04-07T22:28:23.322+0000][2220][safepoint   ] Safepoint "Cleanup", Time since last: 2000063200 ns, Reaching safepoint: 324100 ns, At safepoint: 32000 ns, Total: 356100 ns
[2022-04-07T22:28:24.326+0000][2220][safepoint   ] Safepoint "Cleanup", Time since last: 1003457500 ns, Reaching safepoint: 239200 ns, At safepoint: 31300 ns, Total: 270500 ns
[2022-04-07T22:28:25.332+0000][2220][safepoint   ] Safepoint "Cleanup", Time since last: 1006234000 ns, Reaching safepoint: 241900 ns, At safepoint: 30100 ns, Total: 272000 ns
[2022-04-07T22:28:26.340+0000][2220][safepoint   ] Safepoint "Cleanup", Time since last: 1007912500 ns, Reaching safepoint: 205900 ns, At safepoint: 35100 ns, Total: 241000 ns
[2022-04-07T22:28:27.345+0000][2220][safepoint   ] Safepoint "Cleanup", Time since last: 1004354100 ns, Reaching safepoint: 252800 ns, At safepoint: 11800 ns, Total: 264600 ns
[2022-04-07T22:28:28.348+0000][2220][safepoint   ] Safepoint "Cleanup", Time since last: 1002523200 ns, Reaching safepoint: 263300 ns, At safepoint: 41900 ns, Total: 305200 ns
[2022-04-07T22:28:29.369+0000][2220][safepoint   ] Safepoint "Cleanup", Time since last: 1004784300 ns, Reaching safepoint: 15368900 ns, At safepoint: 1149100 ns, Total: 16518000 ns
[2022-04-07T22:28:30.378+0000][2220][safepoint   ] Safepoint "Cleanup", Time since last: 1008772800 ns, Reaching safepoint: 256000 ns, At safepoint: 35300 ns, Total: 291300 ns
[2022-04-07T22:28:30.852+0000][2220][safepoint   ] Safepoint "ICBufferFull", Time since last: 474031600 ns, Reaching safepoint: 305200 ns, At safepoint: 37700 ns, Total: 342900 ns
[2022-04-07T22:28:31.859+0000][2220][safepoint   ] Safepoint "Cleanup", Time since last: 1005963400 ns, Reaching safepoint: 593700 ns, At safepoint: 89200 ns, Total: 682900 ns
[2022-04-07T22:28:33.797+0000][2220][safepoint   ] Safepoint "ICBufferFull", Time since last: 1916958900 ns, Reaching safepoint: 16177100 ns, At safepoint: 5082300 ns, Total: 21259400 ns
[2022-04-07T22:28:34.194+0000][2220][safepoint   ] Safepoint "ICBufferFull", Time since last: 395383700 ns, Reaching safepoint: 980400 ns, At safepoint: 75800 ns, Total: 1056200 ns
[2022-04-07T22:28:35.206+0000][2220][safepoint   ] Safepoint "Cleanup", Time since last: 1011541500 ns, Reaching safepoint: 866700 ns, At safepoint: 213600 ns, Total: 1080300 ns
[2022-04-07T22:28:36.213+0000][2220][safepoint   ] Safepoint "Cleanup", Time since last: 1006810700 ns, Reaching safepoint: 342300 ns, At safepoint: 47000 ns, Total: 389300 ns
[2022-04-07T22:28:37.476+0000][2220][safepoint   ] Safepoint "Cleanup", Time since last: 1001676100 ns, Reaching safepoint: 237633000 ns, At safepoint: 23239700 ns, Total: 260872700 ns
[2022-04-07T22:28:38.685+0000][2220][safepoint   ] Safepoint "Cleanup", Time since last: 1016198100 ns, Reaching safepoint: 149788600 ns, At safepoint: 43122600 ns, Total: 192911200 ns
[2022-04-07T22:28:39.691+0000][2220][safepoint   ] Safepoint "Cleanup", Time since last: 1006308700 ns, Reaching safepoint: 391100 ns, At safepoint: 77100 ns, Total: 468200 ns
[2022-04-07T22:28:40.962+0000][2220][safepoint   ] Safepoint "Cleanup", Time since last: 1004671700 ns, Reaching safepoint: 262509700 ns, At safepoint: 2944100 ns, Total: 265453800 ns
[2022-04-07T22:28:41.976+0000][2220][safepoint   ] Safepoint "Cleanup", Time since last: 1014021000 ns, Reaching safepoint: 329900 ns, At safepoint: 35900 ns, Total: 365800 ns
[2022-04-07T22:28:44.995+0000][2220][safepoint   ] Safepoint "Cleanup", Time since last: 3017854000 ns, Reaching safepoint: 376600 ns, At safepoint: 21400 ns, Total: 398000 ns
[2022-04-07T22:28:46.002+0000][2220][safepoint   ] Safepoint "Cleanup", Time since last: 1007393500 ns, Reaching safepoint: 316600 ns, At safepoint: 41300 ns, Total: 357900 ns
[2022-04-07T22:28:48.019+0000][2220][safepoint   ] Safepoint "Cleanup", Time since last: 2016063300 ns, Reaching safepoint: 360600 ns, At safepoint: 99200 ns, Total: 459800 ns
[2022-04-07T22:28:49.030+0000][2220][safepoint   ] Safepoint "Cleanup", Time since last: 1010456200 ns, Reaching safepoint: 440500 ns, At safepoint: 40000 ns, Total: 480500 ns
[2022-04-07T22:28:50.038+0000][2220][safepoint   ] Safepoint "Cleanup", Time since last: 1007077800 ns, Reaching safepoint: 213900 ns, At safepoint: 17000 ns, Total: 230900 ns
[2022-04-07T22:28:51.039+0000][2220][safepoint   ] Safepoint "Cleanup", Time since last: 1000766100 ns, Reaching safepoint: 511600 ns, At safepoint: 103400 ns, Total: 615000 ns
[2022-04-07T22:28:52.051+0000][2220][safepoint   ] Safepoint "Cleanup", Time since last: 1012099300 ns, Reaching safepoint: 327400 ns, At safepoint: 85600 ns, Total: 413000 ns
[2022-04-07T22:28:53.059+0000][2220][safepoint   ] Safepoint "Cleanup", Time since last: 1007285800 ns, Reaching safepoint: 234400 ns, At safepoint: 42100 ns, Total: 276500 ns
[2022-04-07T22:28:54.072+0000][2220][safepoint   ] Safepoint "Cleanup", Time since last: 1012958100 ns, Reaching safepoint: 253400 ns, At safepoint: 16500 ns, Total: 269900 ns
[2022-04-07T22:28:55.077+0000][2220][safepoint   ] Safepoint "Cleanup", Time since last: 1004443000 ns, Reaching safepoint: 172400 ns, At safepoint: 58200 ns, Total: 230600 ns
[2022-04-07T22:28:56.837+0000][2220][safepoint   ] Safepoint "ICBufferFull", Time since last: 1760323600 ns, Reaching safepoint: 257800 ns, At safepoint: 18200 ns, Total: 276000 ns
[2022-04-07T22:28:57.849+0000][2220][safepoint   ] Safepoint "Cleanup", Time since last: 1011659200 ns, Reaching safepoint: 93300 ns, At safepoint: 9800 ns, Total: 103100 ns
[2022-04-07T22:28:58.855+0000][2220][safepoint   ] Safepoint "Cleanup", Time since last: 1005996000 ns, Reaching safepoint: 211700 ns, At safepoint: 24000 ns, Total: 235700 ns
[2022-04-07T22:28:59.857+0000][2220][safepoint   ] Safepoint "Cleanup", Time since last: 1001456200 ns, Reaching safepoint: 150000 ns, At safepoint: 34700 ns, Total: 184700 ns
[2022-04-07T22:29:00.398+0000][2220][safepoint   ] Safepoint "ICBufferFull", Time since last: 540279400 ns, Reaching safepoint: 173400 ns, At safepoint: 19800 ns, Total: 193200 ns
[2022-04-07T22:29:02.071+0000][2220][safepoint   ] Safepoint "Cleanup", Time since last: 1672941000 ns, Reaching safepoint: 219400 ns, At safepoint: 23400 ns, Total: 242800 ns
[2022-04-07T22:29:03.084+0000][2220][safepoint   ] Safepoint "Cleanup", Time since last: 1012846500 ns, Reaching safepoint: 171100 ns, At safepoint: 24500 ns, Total: 195600 ns
[2022-04-07T22:29:04.099+0000][2220][safepoint   ] Safepoint "Cleanup", Time since last: 1015064400 ns, Reaching safepoint: 123000 ns, At safepoint: 6700 ns, Total: 129700 ns
[2022-04-07T22:29:05.110+0000][2220][safepoint   ] Safepoint "Cleanup", Time since last: 1010805800 ns, Reaching safepoint: 129400 ns, At safepoint: 121500 ns, Total: 250900 ns
[2022-04-07T22:29:06.036+0000][2220][safepoint   ] Safepoint "ICBufferFull", Time since last: 925252200 ns, Reaching safepoint: 144300 ns, At safepoint: 29300 ns, Total: 173600 ns
[2022-04-07T22:29:07.050+0000][2220][safepoint   ] Safepoint "Cleanup", Time since last: 1007013500 ns, Reaching safepoint: 397100 ns, At safepoint: 6674900 ns, Total: 7072000 ns
[2022-04-07T22:29:08.057+0000][2220][safepoint   ] Safepoint "Cleanup", Time since last: 1007120600 ns, Reaching safepoint: 93100 ns, At safepoint: 12700 ns, Total: 105800 ns
[2022-04-07T22:29:08.697+0000][2220][safepoint   ] Safepoint "ICBufferFull", Time since last: 640347800 ns, Reaching safepoint: 202400 ns, At safepoint: 11300 ns, Total: 213700 ns
[2022-04-07T22:29:09.708+0000][2220][safepoint   ] Safepoint "Cleanup", Time since last: 1009550100 ns, Reaching safepoint: 150300 ns, At safepoint: 1515600 ns, Total: 1665900 ns
[2022-04-07T22:29:10.723+0000][2220][safepoint   ] Safepoint "Cleanup", Time since last: 1014288900 ns, Reaching safepoint: 65000 ns, At safepoint: 19900 ns, Total: 84900 ns
[2022-04-07T22:29:11.726+0000][2220][safepoint   ] Safepoint "Cleanup", Time since last: 1002756700 ns, Reaching safepoint: 52000 ns, At safepoint: 14800 ns, Total: 66800 ns
[2022-04-07T22:29:12.729+0000][2220][safepoint   ] Safepoint "Cleanup", Time since last: 1003265900 ns, Reaching safepoint: 89000 ns, At safepoint: 4800 ns, Total: 93800 ns
[2022-04-07T22:29:14.744+0000][2220][safepoint   ] Safepoint "Cleanup", Time since last: 2015190900 ns, Reaching safepoint: 61200 ns, At safepoint: 77800 ns, Total: 139000 ns
[2022-04-07T22:29:15.745+0000][2220][safepoint   ] Safepoint "Cleanup", Time since last: 1000635300 ns, Reaching safepoint: 51700 ns, At safepoint: 21800 ns, Total: 73500 ns
[2022-04-07T22:29:16.289+0000][2220][safepoint   ] Safepoint "ICBufferFull", Time since last: 532053900 ns, Reaching safepoint: 106500 ns, At safepoint: 11792200 ns, Total: 11898700 ns
[2022-04-07T22:29:16.464+0000][2220][safepoint   ] Safepoint "ICBufferFull", Time since last: 174448900 ns, Reaching safepoint: 249600 ns, At safepoint: 788500 ns, Total: 1038100 ns
[2022-04-07T22:29:16.648+0000][2220][safepoint   ] Safepoint "ICBufferFull", Time since last: 180316100 ns, Reaching safepoint: 1002700 ns, At safepoint: 1932200 ns, Total: 2934900 ns
[2022-04-07T22:29:16.791+0000][2220][safepoint   ] Safepoint "ICBufferFull", Time since last: 142172800 ns, Reaching safepoint: 80400 ns, At safepoint: 433500 ns, Total: 513900 ns
[2022-04-07T22:29:17.015+0000][2220][safepoint   ] Safepoint "ICBufferFull", Time since last: 224511100 ns, Reaching safepoint: 91500 ns, At safepoint: 16800 ns, Total: 108300 ns
[2022-04-07T22:29:17.015+0000][2220][safepoint   ] Safepoint "ICBufferFull", Time since last: 72300 ns, Reaching safepoint: 57100 ns, At safepoint: 259400 ns, Total: 316500 ns
[2022-04-07T22:29:17.723+0000][2220][safepoint   ] Safepoint "ICBufferFull", Time since last: 707342200 ns, Reaching safepoint: 58400 ns, At safepoint: 6200 ns, Total: 64600 ns
[2022-04-07T22:29:18.732+0000][2220][safepoint   ] Safepoint "Cleanup", Time since last: 1009001800 ns, Reaching safepoint: 119300 ns, At safepoint: 11800 ns, Total: 131100 ns
[2022-04-07T22:29:19.738+0000][2220][safepoint   ] Safepoint "Cleanup", Time since last: 1005554700 ns, Reaching safepoint: 57800 ns, At safepoint: 15000 ns, Total: 72800 ns
[2022-04-07T22:29:20.748+0000][2220][safepoint   ] Safepoint "Cleanup", Time since last: 1010633700 ns, Reaching safepoint: 37800 ns, At safepoint: 2600 ns, Total: 40400 ns
[2022-04-07T22:29:21.760+0000][2220][safepoint   ] Safepoint "Cleanup", Time since last: 1011387900 ns, Reaching safepoint: 81000 ns, At safepoint: 13700 ns, Total: 94700 ns
[2022-04-07T22:29:22.766+0000][2220][safepoint   ] Safepoint "Cleanup", Time since last: 1006413200 ns, Reaching safepoint: 45200 ns, At safepoint: 4400 ns, Total: 49600 ns
[2022-04-07T22:29:23.774+0000][2220][safepoint   ] Safepoint "Cleanup", Time since last: 1007675600 ns, Reaching safepoint: 55000 ns, At safepoint: 13100 ns, Total: 68100 ns
[2022-04-07T22:29:24.796+0000][2220][safepoint   ] Safepoint "Cleanup", Time since last: 1005939400 ns, Reaching safepoint: 15055500 ns, At safepoint: 1731600 ns, Total: 16787100 ns
[2022-04-07T22:29:25.809+0000][2220][safepoint   ] Safepoint "Cleanup", Time since last: 1012124800 ns, Reaching safepoint: 51800 ns, At safepoint: 4400 ns, Total: 56200 ns
[2022-04-07T22:29:27.344+0000][2220][safepoint   ] Safepoint "Cleanup", Time since last: 1535271600 ns, Reaching safepoint: 88800 ns, At safepoint: 9200 ns, Total: 98000 ns
[2022-04-07T22:29:28.347+0000][2220][safepoint   ] Safepoint "Cleanup", Time since last: 1002382900 ns, Reaching safepoint: 113100 ns, At safepoint: 4700 ns, Total: 117800 ns
[2022-04-07T22:29:29.359+0000][2220][safepoint   ] Safepoint "Cleanup", Time since last: 1012015000 ns, Reaching safepoint: 85900 ns, At safepoint: 17500 ns, Total: 103400 ns
[2022-04-07T22:29:30.364+0000][2220][safepoint   ] Safepoint "Cleanup", Time since last: 1005041300 ns, Reaching safepoint: 62600 ns, At safepoint: 4500 ns, Total: 67100 ns
[2022-04-07T22:29:31.374+0000][2220][safepoint   ] Safepoint "Cleanup", Time since last: 1009892500 ns, Reaching safepoint: 166800 ns, At safepoint: 13400 ns, Total: 180200 ns
[2022-04-07T22:29:32.385+0000][2220][safepoint   ] Safepoint "Cleanup", Time since last: 1010926200 ns, Reaching safepoint: 54800 ns, At safepoint: 9900 ns, Total: 64700 ns
[2022-04-07T22:29:33.914+0000][2220][safepoint   ] Safepoint "Cleanup", Time since last: 1529067700 ns, Reaching safepoint: 119800 ns, At safepoint: 9700 ns, Total: 129500 ns
[2022-04-07T22:29:34.923+0000][2220][safepoint   ] Safepoint "Cleanup", Time since last: 1008865700 ns, Reaching safepoint: 67800 ns, At safepoint: 9300 ns, Total: 77100 ns
[2022-04-07T22:29:35.933+0000][2220][safepoint   ] Safepoint "Cleanup", Time since last: 1009858900 ns, Reaching safepoint: 88400 ns, At safepoint: 7900 ns, Total: 96300 ns
[2022-04-07T22:29:36.940+0000][2220][safepoint   ] Safepoint "Cleanup", Time since last: 1006708900 ns, Reaching safepoint: 65400 ns, At safepoint: 7500 ns, Total: 72900 ns
[2022-04-07T22:29:37.944+0000][2220][safepoint   ] Safepoint "Cleanup", Time since last: 1004128700 ns, Reaching safepoint: 120000 ns, At safepoint: 54200 ns, Total: 174200 ns
[2022-04-07T22:29:38.952+0000][2220][safepoint   ] Safepoint "Cleanup", Time since last: 1007812700 ns, Reaching safepoint: 42400 ns, At safepoint: 7000 ns, Total: 49400 ns
[2022-04-07T22:29:39.963+0000][2220][safepoint   ] Safepoint "Cleanup", Time since last: 1010379900 ns, Reaching safepoint: 56600 ns, At safepoint: 15100 ns, Total: 71700 ns
[2022-04-07T22:29:41.973+0000][2220][safepoint   ] Safepoint "Cleanup", Time since last: 2010338900 ns, Reaching safepoint: 66600 ns, At safepoint: 9400 ns, Total: 76000 ns
[2022-04-07T22:29:42.975+0000][2220][safepoint   ] Safepoint "Cleanup", Time since last: 1002266000 ns, Reaching safepoint: 55800 ns, At safepoint: 8600 ns, Total: 64400 ns
[2022-04-07T22:29:44.990+0000][2220][safepoint   ] Safepoint "Cleanup", Time since last: 2013992200 ns, Reaching safepoint: 47300 ns, At safepoint: 6700 ns, Total: 54000 ns
[2022-04-07T22:29:45.998+0000][2220][safepoint   ] Safepoint "Cleanup", Time since last: 1008120900 ns, Reaching safepoint: 55200 ns, At safepoint: 11000 ns, Total: 66200 ns
[2022-04-07T22:29:47.006+0000][2220][safepoint   ] Safepoint "Cleanup", Time since last: 1008639700 ns, Reaching safepoint: 41500 ns, At safepoint: 11900 ns, Total: 53400 ns
[2022-04-07T22:29:48.015+0000][2220][safepoint   ] Safepoint "Cleanup", Time since last: 1008580300 ns, Reaching safepoint: 83400 ns, At safepoint: 9300 ns, Total: 92700 ns
[2022-04-07T22:29:50.034+0000][2220][safepoint   ] Safepoint "Cleanup", Time since last: 2018442600 ns, Reaching safepoint: 48700 ns, At safepoint: 9900 ns, Total: 58600 ns
[2022-04-07T22:29:51.037+0000][2220][safepoint   ] Safepoint "Cleanup", Time since last: 1002884800 ns, Reaching safepoint: 42900 ns, At safepoint: 14500 ns, Total: 57400 ns
[2022-04-07T22:29:52.041+0000][2220][safepoint   ] Safepoint "Cleanup", Time since last: 1004604100 ns, Reaching safepoint: 65700 ns, At safepoint: 10100 ns, Total: 75800 ns
[2022-04-07T22:29:53.045+0000][2220][safepoint   ] Safepoint "Cleanup", Time since last: 1003395100 ns, Reaching safepoint: 46900 ns, At safepoint: 9900 ns, Total: 56800 ns
[2022-04-07T22:29:54.049+0000][2220][safepoint   ] Safepoint "Cleanup", Time since last: 1004034000 ns, Reaching safepoint: 80700 ns, At safepoint: 37900 ns, Total: 118600 ns
[2022-04-07T22:29:55.053+0000][2220][safepoint   ] Safepoint "Cleanup", Time since last: 1003955600 ns, Reaching safepoint: 50600 ns, At safepoint: 10600 ns, Total: 61200 ns
[2022-04-07T22:29:57.058+0000][2220][safepoint   ] Safepoint "Cleanup", Time since last: 2004870500 ns, Reaching safepoint: 103700 ns, At safepoint: 4900 ns, Total: 108600 ns
[2022-04-07T22:29:58.069+0000][2220][safepoint   ] Safepoint "Cleanup", Time since last: 1011150200 ns, Reaching safepoint: 38900 ns, At safepoint: 6300 ns, Total: 45200 ns
[2022-04-07T22:29:59.076+0000][2220][safepoint   ] Safepoint "Cleanup", Time since last: 1007113200 ns, Reaching safepoint: 125100 ns, At safepoint: 12000 ns, Total: 137100 ns
[2022-04-07T22:30:00.091+0000][2220][safepoint   ] Safepoint "Cleanup", Time since last: 1015083100 ns, Reaching safepoint: 121000 ns, At safepoint: 4200 ns, Total: 125200 ns
[2022-04-07T22:30:00.509+0000][2220][gc,start    ] GC(15) Pause Young (Normal) (G1 Evacuation Pause)
[2022-04-07T22:30:00.509+0000][2220][gc,task     ] GC(15) Using 4 workers of 4 for evacuation
[2022-04-07T22:30:00.509+0000][2220][gc,age      ] GC(15) Desired survivor size 320864256 bytes, new threshold 15 (max threshold 15)
[2022-04-07T22:30:00.573+0000][2220][gc,age      ] GC(15) Age table with threshold 15 (max threshold 15)
[2022-04-07T22:30:00.573+0000][2220][gc,age      ] GC(15) - age   1:   36907240 bytes,   36907240 total
[2022-04-07T22:30:00.573+0000][2220][gc,age      ] GC(15) - age   2:    5277504 bytes,   42184744 total
[2022-04-07T22:30:00.573+0000][2220][gc,age      ] GC(15) - age   3:   11934352 bytes,   54119096 total
[2022-04-07T22:30:00.573+0000][2220][gc,age      ] GC(15) - age   4:   18445392 bytes,   72564488 total
[2022-04-07T22:30:00.573+0000][2220][gc,phases   ] GC(15)   Pre Evacuate Collection Set: 0.1ms
[2022-04-07T22:30:00.573+0000][2220][gc,phases   ] GC(15)   Merge Heap Roots: 0.1ms
[2022-04-07T22:30:00.573+0000][2220][gc,phases   ] GC(15)   Evacuate Collection Set: 58.1ms
[2022-04-07T22:30:00.573+0000][2220][gc,phases   ] GC(15)   Post Evacuate Collection Set: 5.1ms
[2022-04-07T22:30:00.573+0000][2220][gc,phases   ] GC(15)   Other: 0.8ms
[2022-04-07T22:30:00.573+0000][2220][gc,heap     ] GC(15) Eden regions: 1210->0(497)
[2022-04-07T22:30:00.573+0000][2220][gc,heap     ] GC(15) Survivor regions: 10->19(153)
[2022-04-07T22:30:00.573+0000][2220][gc,heap     ] GC(15) Old regions: 12->12
[2022-04-07T22:30:00.573+0000][2220][gc,heap     ] GC(15) Archive regions: 0->0
[2022-04-07T22:30:00.573+0000][2220][gc,heap     ] GC(15) Humongous regions: 5->5
[2022-04-07T22:30:00.573+0000][2220][gc,metaspace] GC(15) Metaspace: 130063K(132352K)->130063K(132352K) NonClass: 112459K(113792K)->112459K(113792K) Class: 17604K(18560K)->17604K(18560K)
[2022-04-07T22:30:00.573+0000][2220][gc          ] GC(15) Pause Young (Normal) (G1 Evacuation Pause) 4947M->143M(8136M) 64.518ms
[2022-04-07T22:30:00.573+0000][2220][gc,cpu      ] GC(15) User=0.19s Sys=0.05s Real=0.06s
[2022-04-07T22:30:00.574+0000][2220][safepoint   ] Safepoint "G1CollectForAllocation", Time since last: 417934600 ns, Reaching safepoint: 53100 ns, At safepoint: 65354100 ns, Total: 65407200 ns
[2022-04-07T22:30:01.240+0000][2220][safepoint   ] Safepoint "ICBufferFull", Time since last: 622787100 ns, Reaching safepoint: 26160600 ns, At safepoint: 16409600 ns, Total: 42570200 ns
[2022-04-07T22:30:02.249+0000][2220][safepoint   ] Safepoint "Cleanup", Time since last: 1008630500 ns, Reaching safepoint: 172100 ns, At safepoint: 55400 ns, Total: 227500 ns
[2022-04-07T22:30:03.249+0000][2220][safepoint   ] Safepoint "Cleanup", Time since last: 1000246000 ns, Reaching safepoint: 58800 ns, At safepoint: 11400 ns, Total: 70200 ns
[2022-04-07T22:30:04.252+0000][2220][safepoint   ] Safepoint "Cleanup", Time since last: 1002374500 ns, Reaching safepoint: 67800 ns, At safepoint: 60700 ns, Total: 128500 ns
[2022-04-07T22:30:05.260+0000][2220][safepoint   ] Safepoint "Cleanup", Time since last: 1007648200 ns, Reaching safepoint: 50200 ns, At safepoint: 8500 ns, Total: 58700 ns
[2022-04-07T22:30:06.265+0000][2220][safepoint   ] Safepoint "Cleanup", Time since last: 1005774100 ns, Reaching safepoint: 140700 ns, At safepoint: 7800 ns, Total: 148500 ns
[2022-04-07T22:30:07.271+0000][2220][safepoint   ] Safepoint "Cleanup", Time since last: 1005524800 ns, Reaching safepoint: 106400 ns, At safepoint: 5800 ns, Total: 112200 ns
[2022-04-07T22:30:09.295+0000][2220][safepoint   ] Safepoint "Cleanup", Time since last: 2023470500 ns, Reaching safepoint: 57800 ns, At safepoint: 66900 ns, Total: 124700 ns
[2022-04-07T22:30:10.301+0000][2220][safepoint   ] Safepoint "Cleanup", Time since last: 1006353200 ns, Reaching safepoint: 48500 ns, At safepoint: 8100 ns, Total: 56600 ns
[2022-04-07T22:30:12.312+0000][2220][safepoint   ] Safepoint "Cleanup", Time since last: 2010593100 ns, Reaching safepoint: 65400 ns, At safepoint: 7500 ns, Total: 72900 ns
[2022-04-07T22:30:15.332+0000][2220][safepoint   ] Safepoint "Cleanup", Time since last: 3020271300 ns, Reaching safepoint: 86600 ns, At safepoint: 10000 ns, Total: 96600 ns
[2022-04-07T22:30:16.340+0000][2220][safepoint   ] Safepoint "Cleanup", Time since last: 1007920300 ns, Reaching safepoint: 66900 ns, At safepoint: 8700 ns, Total: 75600 ns
[2022-04-07T22:30:17.346+0000][2220][safepoint   ] Safepoint "Cleanup", Time since last: 1005893100 ns, Reaching safepoint: 128200 ns, At safepoint: 5600 ns, Total: 133800 ns
[2022-04-07T22:30:18.349+0000][2220][safepoint   ] Safepoint "Cleanup", Time since last: 1002417300 ns, Reaching safepoint: 54000 ns, At safepoint: 7000 ns, Total: 61000 ns
[2022-04-07T22:30:20.363+0000][2220][safepoint   ] Safepoint "Cleanup", Time since last: 2014198100 ns, Reaching safepoint: 103900 ns, At safepoint: 5500 ns, Total: 109400 ns
[2022-04-07T22:30:21.366+0000][2220][safepoint   ] Safepoint "Cleanup", Time since last: 1003173100 ns, Reaching safepoint: 52600 ns, At safepoint: 5900 ns, Total: 58500 ns
[2022-04-07T22:30:22.376+0000][2220][safepoint   ] Safepoint "Cleanup", Time since last: 1009468200 ns, Reaching safepoint: 48800 ns, At safepoint: 57400 ns, Total: 106200 ns
[2022-04-07T22:30:24.387+0000][2220][safepoint   ] Safepoint "Cleanup", Time since last: 2011602100 ns, Reaching safepoint: 110700 ns, At safepoint: 6600 ns, Total: 117300 ns
[2022-04-07T22:30:25.392+0000][2220][safepoint   ] Safepoint "Cleanup", Time since last: 1004326600 ns, Reaching safepoint: 62300 ns, At safepoint: 7300 ns, Total: 69600 ns
[2022-04-07T22:30:27.413+0000][2220][safepoint   ] Safepoint "Cleanup", Time since last: 2021112300 ns, Reaching safepoint: 75800 ns, At safepoint: 9800 ns, Total: 85600 ns
[2022-04-07T22:30:29.423+0000][2220][safepoint   ] Safepoint "Cleanup", Time since last: 2009847900 ns, Reaching safepoint: 66700 ns, At safepoint: 9800 ns, Total: 76500 ns
[2022-04-07T22:30:30.427+0000][2220][safepoint   ] Safepoint "Cleanup", Time since last: 1004382200 ns, Reaching safepoint: 66300 ns, At safepoint: 8800 ns, Total: 75100 ns
[2022-04-07T22:30:32.440+0000][2220][safepoint   ] Safepoint "Cleanup", Time since last: 2013023200 ns, Reaching safepoint: 40300 ns, At safepoint: 13600 ns, Total: 53900 ns
[2022-04-07T22:30:33.451+0000][2220][safepoint   ] Safepoint "Cleanup", Time since last: 1009925300 ns, Reaching safepoint: 57600 ns, At safepoint: 16800 ns, Total: 74400 ns
[2022-04-07T22:30:34.458+0000][2220][safepoint   ] Safepoint "Cleanup", Time since last: 1007187000 ns, Reaching safepoint: 58000 ns, At safepoint: 6900 ns, Total: 64900 ns
[2022-04-07T22:30:35.463+0000][2220][safepoint   ] Safepoint "Cleanup", Time since last: 1005175800 ns, Reaching safepoint: 51400 ns, At safepoint: 11400 ns, Total: 62800 ns
[2022-04-07T22:30:36.472+0000][2220][safepoint   ] Safepoint "Cleanup", Time since last: 1009248000 ns, Reaching safepoint: 71300 ns, At safepoint: 6700 ns, Total: 78000 ns
[2022-04-07T22:30:37.486+0000][2220][safepoint   ] Safepoint "Cleanup", Time since last: 1013780600 ns, Reaching safepoint: 34600 ns, At safepoint: 2400 ns, Total: 37000 ns
[2022-04-07T22:30:39.504+0000][2220][safepoint   ] Safepoint "Cleanup", Time since last: 2017975100 ns, Reaching safepoint: 73800 ns, At safepoint: 8600 ns, Total: 82400 ns
[2022-04-07T22:30:40.513+0000][2220][safepoint   ] Safepoint "Cleanup", Time since last: 1008566800 ns, Reaching safepoint: 47000 ns, At safepoint: 6500 ns, Total: 53500 ns
[2022-04-07T22:30:42.528+0000][2220][safepoint   ] Safepoint "Cleanup", Time since last: 2014757000 ns, Reaching safepoint: 94800 ns, At safepoint: 9200 ns, Total: 104000 ns
[2022-04-07T22:30:45.540+0000][2220][safepoint   ] Safepoint "Cleanup", Time since last: 3011678200 ns, Reaching safepoint: 114900 ns, At safepoint: 5900 ns, Total: 120800 ns
[2022-04-07T22:30:47.558+0000][2220][safepoint   ] Safepoint "Cleanup", Time since last: 2018722400 ns, Reaching safepoint: 53000 ns, At safepoint: 7100 ns, Total: 60100 ns
[2022-04-07T22:30:48.562+0000][2220][safepoint   ] Safepoint "Cleanup", Time since last: 1003393500 ns, Reaching safepoint: 82100 ns, At safepoint: 16300 ns, Total: 98400 ns
[2022-04-07T22:30:50.576+0000][2220][safepoint   ] Safepoint "Cleanup", Time since last: 2013799900 ns, Reaching safepoint: 55000 ns, At safepoint: 10600 ns, Total: 65600 ns
[2022-04-07T22:30:51.584+0000][2220][safepoint   ] Safepoint "Cleanup", Time since last: 1008430300 ns, Reaching safepoint: 51600 ns, At safepoint: 9600 ns, Total: 61200 ns
[2022-04-07T22:30:52.596+0000][2220][safepoint   ] Safepoint "Cleanup", Time since last: 1011476600 ns, Reaching safepoint: 53100 ns, At safepoint: 10100 ns, Total: 63200 ns
[2022-04-07T22:30:54.607+0000][2220][safepoint   ] Safepoint "Cleanup", Time since last: 2010748500 ns, Reaching safepoint: 100200 ns, At safepoint: 5600 ns, Total: 105800 ns
[2022-04-07T22:30:55.616+0000][2220][safepoint   ] Safepoint "Cleanup", Time since last: 1009082200 ns, Reaching safepoint: 50700 ns, At safepoint: 6500 ns, Total: 57200 ns
[2022-04-07T22:30:57.629+0000][2220][safepoint   ] Safepoint "Cleanup", Time since last: 2013101400 ns, Reaching safepoint: 115000 ns, At safepoint: 5400 ns, Total: 120400 ns
[2022-04-07T22:30:59.639+0000][2220][safepoint   ] Safepoint "Cleanup", Time since last: 2009666500 ns, Reaching safepoint: 54300 ns, At safepoint: 15000 ns, Total: 69300 ns
[2022-04-07T22:31:00.644+0000][2220][safepoint   ] Safepoint "Cleanup", Time since last: 1005364600 ns, Reaching safepoint: 83000 ns, At safepoint: 8900 ns, Total: 91900 ns
[2022-04-07T22:31:02.657+0000][2220][safepoint   ] Safepoint "Cleanup", Time since last: 2013072200 ns, Reaching safepoint: 34800 ns, At safepoint: 6500 ns, Total: 41300 ns
[2022-04-07T22:31:03.659+0000][2220][safepoint   ] Safepoint "Cleanup", Time since last: 1001697100 ns, Reaching safepoint: 127300 ns, At safepoint: 5800 ns, Total: 133100 ns
[2022-04-07T22:31:05.671+0000][2220][safepoint   ] Safepoint "Cleanup", Time since last: 2011941400 ns, Reaching safepoint: 44000 ns, At safepoint: 7900 ns, Total: 51900 ns
[2022-04-07T22:31:06.672+0000][2220][safepoint   ] Safepoint "Cleanup", Time since last: 1000559100 ns, Reaching safepoint: 120700 ns, At safepoint: 11400 ns, Total: 132100 ns
[2022-04-07T22:31:07.687+0000][2220][safepoint   ] Safepoint "Cleanup", Time since last: 1015243000 ns, Reaching safepoint: 57200 ns, At safepoint: 6900 ns, Total: 64100 ns
[2022-04-07T22:31:09.706+0000][2220][safepoint   ] Safepoint "Cleanup", Time since last: 2018992500 ns, Reaching safepoint: 53200 ns, At safepoint: 9700 ns, Total: 62900 ns
[2022-04-07T22:31:10.714+0000][2220][safepoint   ] Safepoint "Cleanup", Time since last: 1008392200 ns, Reaching safepoint: 40800 ns, At safepoint: 7300 ns, Total: 48100 ns
[2022-04-07T22:31:12.734+0000][2220][safepoint   ] Safepoint "Cleanup", Time since last: 2019023100 ns, Reaching safepoint: 74600 ns, At safepoint: 16300 ns, Total: 90900 ns
[2022-04-07T22:31:15.282+0000][2220][safepoint   ] Safepoint "Cleanup", Time since last: 2549209200 ns, Reaching safepoint: 94200 ns, At safepoint: 47800 ns, Total: 142000 ns
[2022-04-07T22:31:16.296+0000][2220][safepoint   ] Safepoint "Cleanup", Time since last: 1012650400 ns, Reaching safepoint: 111600 ns, At safepoint: 13700 ns, Total: 125300 ns
[2022-04-07T22:31:18.254+0000][2220][safepoint   ] Safepoint "Cleanup", Time since last: 1958334500 ns, Reaching safepoint: 50500 ns, At safepoint: 13300 ns, Total: 63800 ns
[2022-04-07T22:31:19.261+0000][2220][safepoint   ] Safepoint "Cleanup", Time since last: 1006926600 ns, Reaching safepoint: 65800 ns, At safepoint: 16500 ns, Total: 82300 ns
[2022-04-07T22:31:20.270+0000][2220][safepoint   ] Safepoint "Cleanup", Time since last: 1008687400 ns, Reaching safepoint: 57900 ns, At safepoint: 10000 ns, Total: 67900 ns
[2022-04-07T22:31:21.278+0000][2220][safepoint   ] Safepoint "Cleanup", Time since last: 1007906400 ns, Reaching safepoint: 74800 ns, At safepoint: 11800 ns, Total: 86600 ns
[2022-04-07T22:31:23.299+0000][2220][safepoint   ] Safepoint "Cleanup", Time since last: 2021156100 ns, Reaching safepoint: 55700 ns, At safepoint: 9700 ns, Total: 65400 ns
[2022-04-07T22:31:24.302+0000][2220][safepoint   ] Safepoint "Cleanup", Time since last: 1002783400 ns, Reaching safepoint: 62500 ns, At safepoint: 11800 ns, Total: 74300 ns
[2022-04-07T22:31:25.308+0000][2220][safepoint   ] Safepoint "Cleanup", Time since last: 1005690200 ns, Reaching safepoint: 57100 ns, At safepoint: 6100 ns, Total: 63200 ns
[2022-04-07T22:31:27.322+0000][2220][safepoint   ] Safepoint "Cleanup", Time since last: 2014181500 ns, Reaching safepoint: 85700 ns, At safepoint: 10400 ns, Total: 96100 ns
[2022-04-07T22:31:28.337+0000][2220][safepoint   ] Safepoint "Cleanup", Time since last: 1014676900 ns, Reaching safepoint: 64600 ns, At safepoint: 9000 ns, Total: 73600 ns
[2022-04-07T22:31:29.349+0000][2220][safepoint   ] Safepoint "Cleanup", Time since last: 1011853200 ns, Reaching safepoint: 61300 ns, At safepoint: 6100 ns, Total: 67400 ns
[2022-04-07T22:31:30.356+0000][2220][safepoint   ] Safepoint "Cleanup", Time since last: 1006856500 ns, Reaching safepoint: 50200 ns, At safepoint: 6700 ns, Total: 56900 ns
[2022-04-07T22:31:33.373+0000][2220][safepoint   ] Safepoint "Cleanup", Time since last: 3017690500 ns, Reaching safepoint: 56900 ns, At safepoint: 8800 ns, Total: 65700 ns
[2022-04-07T22:31:35.388+0000][2220][safepoint   ] Safepoint "Cleanup", Time since last: 2014322000 ns, Reaching safepoint: 113300 ns, At safepoint: 5500 ns, Total: 118800 ns
[2022-04-07T22:31:36.394+0000][2220][safepoint   ] Safepoint "Cleanup", Time since last: 1005710900 ns, Reaching safepoint: 105400 ns, At safepoint: 14400 ns, Total: 119800 ns
[2022-04-07T22:31:38.401+0000][2220][safepoint   ] Safepoint "Cleanup", Time since last: 2007537200 ns, Reaching safepoint: 51300 ns, At safepoint: 7200 ns, Total: 58500 ns
[2022-04-07T22:31:39.405+0000][2220][safepoint   ] Safepoint "Cleanup", Time since last: 1003576000 ns, Reaching safepoint: 50100 ns, At safepoint: 7800 ns, Total: 57900 ns
[2022-04-07T22:31:40.411+0000][2220][safepoint   ] Safepoint "Cleanup", Time since last: 1006005500 ns, Reaching safepoint: 54400 ns, At safepoint: 6800 ns, Total: 61200 ns
[2022-04-07T22:31:42.428+0000][2220][safepoint   ] Safepoint "Cleanup", Time since last: 2016814700 ns, Reaching safepoint: 62300 ns, At safepoint: 8100 ns, Total: 70400 ns
[2022-04-07T22:31:43.430+0000][2220][safepoint   ] Safepoint "Cleanup", Time since last: 1002361600 ns, Reaching safepoint: 51500 ns, At safepoint: 7900 ns, Total: 59400 ns
[2022-04-07T22:31:45.032+0000][2220][safepoint   ] Safepoint "Cleanup", Time since last: 1601834800 ns, Reaching safepoint: 24600 ns, At safepoint: 9800 ns, Total: 34400 ns
[2022-04-07T22:31:46.046+0000][2220][safepoint   ] Safepoint "Cleanup", Time since last: 1013526400 ns, Reaching safepoint: 55300 ns, At safepoint: 16200 ns, Total: 71500 ns
[2022-04-07T22:31:48.061+0000][2220][safepoint   ] Safepoint "Cleanup", Time since last: 2015373200 ns, Reaching safepoint: 52400 ns, At safepoint: 7100 ns, Total: 59500 ns
[2022-04-07T22:31:49.066+0000][2220][safepoint   ] Safepoint "Cleanup", Time since last: 1005070700 ns, Reaching safepoint: 124100 ns, At safepoint: 5300 ns, Total: 129400 ns
[2022-04-07T22:31:50.075+0000][2220][safepoint   ] Safepoint "Cleanup", Time since last: 1008151400 ns, Reaching safepoint: 54600 ns, At safepoint: 12100 ns, Total: 66700 ns
[2022-04-07T22:31:51.088+0000][2220][safepoint   ] Safepoint "Cleanup", Time since last: 1013775000 ns, Reaching safepoint: 53100 ns, At safepoint: 6900 ns, Total: 60000 ns
[2022-04-07T22:31:53.109+0000][2220][safepoint   ] Safepoint "Cleanup", Time since last: 2020200100 ns, Reaching safepoint: 63000 ns, At safepoint: 8000 ns, Total: 71000 ns
[2022-04-07T22:31:54.113+0000][2220][safepoint   ] Safepoint "Cleanup", Time since last: 1003868400 ns, Reaching safepoint: 129900 ns, At safepoint: 5500 ns, Total: 135400 ns
[2022-04-07T22:31:55.119+0000][2220][safepoint   ] Safepoint "Cleanup", Time since last: 1006798700 ns, Reaching safepoint: 49400 ns, At safepoint: 5900 ns, Total: 55300 ns
[2022-04-07T22:31:57.136+0000][2220][safepoint   ] Safepoint "Cleanup", Time since last: 2016353700 ns, Reaching safepoint: 62000 ns, At safepoint: 9400 ns, Total: 71400 ns
[2022-04-07T22:31:58.145+0000][2220][safepoint   ] Safepoint "Cleanup", Time since last: 1008521100 ns, Reaching safepoint: 57000 ns, At safepoint: 8300 ns, Total: 65300 ns
[2022-04-07T22:32:00.156+0000][2220][safepoint   ] Safepoint "Cleanup", Time since last: 2011018500 ns, Reaching safepoint: 88200 ns, At safepoint: 19600 ns, Total: 107800 ns
[2022-04-07T22:32:01.163+0000][2220][safepoint   ] Safepoint "Cleanup", Time since last: 1007172500 ns, Reaching safepoint: 74900 ns, At safepoint: 7600 ns, Total: 82500 ns
[2022-04-07T22:32:02.171+0000][2220][safepoint   ] Safepoint "Cleanup", Time since last: 1008069300 ns, Reaching safepoint: 42200 ns, At safepoint: 10000 ns, Total: 52200 ns
[2022-04-07T22:32:03.181+0000][2220][safepoint   ] Safepoint "Cleanup", Time since last: 1010235200 ns, Reaching safepoint: 54600 ns, At safepoint: 7500 ns, Total: 62100 ns
[2022-04-07T22:32:05.192+0000][2220][safepoint   ] Safepoint "Cleanup", Time since last: 2010565500 ns, Reaching safepoint: 61000 ns, At safepoint: 9200 ns, Total: 70200 ns
[2022-04-07T22:32:06.193+0000][2220][safepoint   ] Safepoint "Cleanup", Time since last: 1000804800 ns, Reaching safepoint: 67200 ns, At safepoint: 12800 ns, Total: 80000 ns
[2022-04-07T22:32:07.197+0000][2220][safepoint   ] Safepoint "Cleanup", Time since last: 1004051000 ns, Reaching safepoint: 48500 ns, At safepoint: 8500 ns, Total: 57000 ns
[2022-04-07T22:32:08.201+0000][2220][safepoint   ] Safepoint "Cleanup", Time since last: 1003912500 ns, Reaching safepoint: 59200 ns, At safepoint: 8200 ns, Total: 67400 ns
[2022-04-07T22:32:09.210+0000][2220][safepoint   ] Safepoint "Cleanup", Time since last: 1008792300 ns, Reaching safepoint: 54300 ns, At safepoint: 12700 ns, Total: 67000 ns
[2022-04-07T22:32:10.218+0000][2220][safepoint   ] Safepoint "Cleanup", Time since last: 1007956600 ns, Reaching safepoint: 98600 ns, At safepoint: 6600 ns, Total: 105200 ns
[2022-04-07T22:32:12.239+0000][2220][safepoint   ] Safepoint "Cleanup", Time since last: 2020604200 ns, Reaching safepoint: 53500 ns, At safepoint: 18800 ns, Total: 72300 ns
[2022-04-07T22:32:13.249+0000][2220][safepoint   ] Safepoint "Cleanup", Time since last: 1010235100 ns, Reaching safepoint: 46600 ns, At safepoint: 3700 ns, Total: 50300 ns
[2022-04-07T22:32:15.264+0000][2220][safepoint   ] Safepoint "Cleanup", Time since last: 2015514900 ns, Reaching safepoint: 75500 ns, At safepoint: 14300 ns, Total: 89800 ns
[2022-04-07T22:32:18.290+0000][2220][safepoint   ] Safepoint "Cleanup", Time since last: 3025397800 ns, Reaching safepoint: 64100 ns, At safepoint: 6200 ns, Total: 70300 ns
[2022-04-07T22:32:20.305+0000][2220][safepoint   ] Safepoint "Cleanup", Time since last: 2015474200 ns, Reaching safepoint: 43500 ns, At safepoint: 7700 ns, Total: 51200 ns
[2022-04-07T22:32:21.319+0000][2220][safepoint   ] Safepoint "Cleanup", Time since last: 1013511400 ns, Reaching safepoint: 57100 ns, At safepoint: 6500 ns, Total: 63600 ns
[2022-04-07T22:32:23.328+0000][2220][safepoint   ] Safepoint "Cleanup", Time since last: 2008701200 ns, Reaching safepoint: 57000 ns, At safepoint: 7900 ns, Total: 64900 ns
[2022-04-07T22:32:24.331+0000][2220][safepoint   ] Safepoint "Cleanup", Time since last: 1003547100 ns, Reaching safepoint: 51700 ns, At safepoint: 8700 ns, Total: 60400 ns
[2022-04-07T22:32:25.337+0000][2220][safepoint   ] Safepoint "Cleanup", Time since last: 1005633600 ns, Reaching safepoint: 50200 ns, At safepoint: 14300 ns, Total: 64500 ns
[2022-04-07T22:32:27.356+0000][2220][safepoint   ] Safepoint "Cleanup", Time since last: 2019150300 ns, Reaching safepoint: 46500 ns, At safepoint: 8100 ns, Total: 54600 ns
[2022-04-07T22:32:28.364+0000][2220][safepoint   ] Safepoint "Cleanup", Time since last: 1007204700 ns, Reaching safepoint: 53000 ns, At safepoint: 7600 ns, Total: 60600 ns
[2022-04-07T22:32:29.378+0000][2220][safepoint   ] Safepoint "Cleanup", Time since last: 1013958700 ns, Reaching safepoint: 71100 ns, At safepoint: 16700 ns, Total: 87800 ns
[2022-04-07T22:32:30.384+0000][2220][safepoint   ] Safepoint "Cleanup", Time since last: 1005901500 ns, Reaching safepoint: 123900 ns, At safepoint: 6300 ns, Total: 130200 ns
[2022-04-07T22:32:31.389+0000][2220][safepoint   ] Safepoint "Cleanup", Time since last: 1004964600 ns, Reaching safepoint: 43000 ns, At safepoint: 5200 ns, Total: 48200 ns
[2022-04-07T22:32:32.396+0000][2220][safepoint   ] Safepoint "Cleanup", Time since last: 1006851500 ns, Reaching safepoint: 64100 ns, At safepoint: 6800 ns, Total: 70900 ns
[2022-04-07T22:32:33.400+0000][2220][safepoint   ] Safepoint "Cleanup", Time since last: 1004270200 ns, Reaching safepoint: 56900 ns, At safepoint: 7900 ns, Total: 64800 ns
[2022-04-07T22:32:35.413+0000][2220][safepoint   ] Safepoint "Cleanup", Time since last: 2012837700 ns, Reaching safepoint: 50600 ns, At safepoint: 13800 ns, Total: 64400 ns
[2022-04-07T22:32:36.422+0000][2220][safepoint   ] Safepoint "Cleanup", Time since last: 1009092500 ns, Reaching safepoint: 125600 ns, At safepoint: 5400 ns, Total: 131000 ns
[2022-04-07T22:32:37.432+0000][2220][safepoint   ] Safepoint "Cleanup", Time since last: 1010004000 ns, Reaching safepoint: 56500 ns, At safepoint: 10600 ns, Total: 67100 ns
[2022-04-07T22:32:38.438+0000][2220][safepoint   ] Safepoint "Cleanup", Time since last: 1005573900 ns, Reaching safepoint: 51500 ns, At safepoint: 20600 ns, Total: 72100 ns
[2022-04-07T22:32:39.443+0000][2220][safepoint   ] Safepoint "Cleanup", Time since last: 1005236900 ns, Reaching safepoint: 53700 ns, At safepoint: 15800 ns, Total: 69500 ns
[2022-04-07T22:32:40.450+0000][2220][safepoint   ] Safepoint "Cleanup", Time since last: 1006603000 ns, Reaching safepoint: 111800 ns, At safepoint: 4800 ns, Total: 116600 ns
[2022-04-07T22:32:42.465+0000][2220][safepoint   ] Safepoint "Cleanup", Time since last: 2014703900 ns, Reaching safepoint: 63500 ns, At safepoint: 12800 ns, Total: 76300 ns
[2022-04-07T22:32:43.469+0000][2220][safepoint   ] Safepoint "Cleanup", Time since last: 1004273600 ns, Reaching safepoint: 124600 ns, At safepoint: 5600 ns, Total: 130200 ns
[2022-04-07T22:32:45.488+0000][2220][safepoint   ] Safepoint "Cleanup", Time since last: 2018735000 ns, Reaching safepoint: 41600 ns, At safepoint: 7600 ns, Total: 49200 ns
[2022-04-07T22:32:48.505+0000][2220][safepoint   ] Safepoint "Cleanup", Time since last: 3017337600 ns, Reaching safepoint: 71300 ns, At safepoint: 10500 ns, Total: 81800 ns
[2022-04-07T22:32:50.516+0000][2220][safepoint   ] Safepoint "Cleanup", Time since last: 2010963200 ns, Reaching safepoint: 41600 ns, At safepoint: 16000 ns, Total: 57600 ns
[2022-04-07T22:32:51.523+0000][2220][safepoint   ] Safepoint "Cleanup", Time since last: 1006991600 ns, Reaching safepoint: 50400 ns, At safepoint: 7900 ns, Total: 58300 ns
[2022-04-07T22:32:53.536+0000][2220][safepoint   ] Safepoint "Cleanup", Time since last: 2012288800 ns, Reaching safepoint: 112900 ns, At safepoint: 6400 ns, Total: 119300 ns
[2022-04-07T22:32:54.542+0000][2220][safepoint   ] Safepoint "Cleanup", Time since last: 1006625400 ns, Reaching safepoint: 44500 ns, At safepoint: 12000 ns, Total: 56500 ns
[2022-04-07T22:32:55.544+0000][2220][safepoint   ] Safepoint "Cleanup", Time since last: 1001202200 ns, Reaching safepoint: 64800 ns, At safepoint: 11500 ns, Total: 76300 ns
[2022-04-07T22:32:57.552+0000][2220][safepoint   ] Safepoint "Cleanup", Time since last: 2008278000 ns, Reaching safepoint: 48500 ns, At safepoint: 11100 ns, Total: 59600 ns
[2022-04-07T22:32:58.560+0000][2220][safepoint   ] Safepoint "Cleanup", Time since last: 1008048900 ns, Reaching safepoint: 49000 ns, At safepoint: 9100 ns, Total: 58100 ns
[2022-04-07T22:32:59.566+0000][2220][safepoint   ] Safepoint "Cleanup", Time since last: 1005601000 ns, Reaching safepoint: 57700 ns, At safepoint: 15200 ns, Total: 72900 ns
[2022-04-07T22:33:00.571+0000][2220][safepoint   ] Safepoint "Cleanup", Time since last: 1005585200 ns, Reaching safepoint: 61900 ns, At safepoint: 14100 ns, Total: 76000 ns
[2022-04-07T22:33:03.596+0000][2220][safepoint   ] Safepoint "Cleanup", Time since last: 3024169600 ns, Reaching safepoint: 53200 ns, At safepoint: 27200 ns, Total: 80400 ns
[2022-04-07T22:33:05.611+0000][2220][safepoint   ] Safepoint "Cleanup", Time since last: 2015179700 ns, Reaching safepoint: 61600 ns, At safepoint: 7000 ns, Total: 68600 ns
[2022-04-07T22:33:06.617+0000][2220][safepoint   ] Safepoint "Cleanup", Time since last: 1006252200 ns, Reaching safepoint: 74400 ns, At safepoint: 6000 ns, Total: 80400 ns
[2022-04-07T22:33:07.627+0000][2220][safepoint   ] Safepoint "Cleanup", Time since last: 1009420200 ns, Reaching safepoint: 58500 ns, At safepoint: 8600 ns, Total: 67100 ns
[2022-04-07T22:33:08.634+0000][2220][safepoint   ] Safepoint "Cleanup", Time since last: 1007688200 ns, Reaching safepoint: 46700 ns, At safepoint: 6800 ns, Total: 53500 ns
[2022-04-07T22:33:09.645+0000][2220][safepoint   ] Safepoint "Cleanup", Time since last: 1010282600 ns, Reaching safepoint: 44800 ns, At safepoint: 6300 ns, Total: 51100 ns
[2022-04-07T22:33:10.651+0000][2220][safepoint   ] Safepoint "Cleanup", Time since last: 1006001600 ns, Reaching safepoint: 55400 ns, At safepoint: 6500 ns, Total: 61900 ns
[2022-04-07T22:33:12.665+0000][2220][safepoint   ] Safepoint "Cleanup", Time since last: 2014064400 ns, Reaching safepoint: 56700 ns, At safepoint: 11400 ns, Total: 68100 ns
[2022-04-07T22:33:13.671+0000][2220][safepoint   ] Safepoint "Cleanup", Time since last: 1006562300 ns, Reaching safepoint: 62600 ns, At safepoint: 7200 ns, Total: 69800 ns
[2022-04-07T22:33:15.679+0000][2220][safepoint   ] Safepoint "Cleanup", Time since last: 2007343400 ns, Reaching safepoint: 65200 ns, At safepoint: 21800 ns, Total: 87000 ns
[2022-04-07T22:33:18.694+0000][2220][safepoint   ] Safepoint "Cleanup", Time since last: 3014797700 ns, Reaching safepoint: 114300 ns, At safepoint: 11700 ns, Total: 126000 ns
[2022-04-07T22:33:19.703+0000][2220][safepoint   ] Safepoint "Cleanup", Time since last: 1008827000 ns, Reaching safepoint: 69100 ns, At safepoint: 11200 ns, Total: 80300 ns
[2022-04-07T22:33:20.705+0000][2220][safepoint   ] Safepoint "Cleanup", Time since last: 1002299900 ns, Reaching safepoint: 123600 ns, At safepoint: 5600 ns, Total: 129200 ns
[2022-04-07T22:33:21.712+0000][2220][safepoint   ] Safepoint "Cleanup", Time since last: 1006197900 ns, Reaching safepoint: 53000 ns, At safepoint: 8500 ns, Total: 61500 ns
[2022-04-07T22:33:23.724+0000][2220][safepoint   ] Safepoint "Cleanup", Time since last: 2012619000 ns, Reaching safepoint: 47500 ns, At safepoint: 7500 ns, Total: 55000 ns
[2022-04-07T22:33:24.733+0000][2220][safepoint   ] Safepoint "Cleanup", Time since last: 1008921900 ns, Reaching safepoint: 87400 ns, At safepoint: 8700 ns, Total: 96100 ns
[2022-04-07T22:33:25.741+0000][2220][safepoint   ] Safepoint "Cleanup", Time since last: 1008134000 ns, Reaching safepoint: 54300 ns, At safepoint: 7900 ns, Total: 62200 ns
[2022-04-07T22:33:26.752+0000][2220][safepoint   ] Safepoint "Cleanup", Time since last: 1010243500 ns, Reaching safepoint: 47800 ns, At safepoint: 7500 ns, Total: 55300 ns
[2022-04-07T22:33:27.759+0000][2220][safepoint   ] Safepoint "Cleanup", Time since last: 1007122100 ns, Reaching safepoint: 137800 ns, At safepoint: 11100 ns, Total: 148900 ns
[2022-04-07T22:33:28.769+0000][2220][safepoint   ] Safepoint "Cleanup", Time since last: 1009669500 ns, Reaching safepoint: 123000 ns, At safepoint: 51400 ns, Total: 174400 ns
[2022-04-07T22:33:29.778+0000][2220][safepoint   ] Safepoint "Cleanup", Time since last: 1008775600 ns, Reaching safepoint: 81000 ns, At safepoint: 12100 ns, Total: 93100 ns
[2022-04-07T22:33:30.784+0000][2220][safepoint   ] Safepoint "Cleanup", Time since last: 1006586200 ns, Reaching safepoint: 105300 ns, At safepoint: 7100 ns, Total: 112400 ns
[2022-04-07T22:33:32.797+0000][2220][safepoint   ] Safepoint "Cleanup", Time since last: 2012653100 ns, Reaching safepoint: 57800 ns, At safepoint: 10000 ns, Total: 67800 ns
[2022-04-07T22:33:33.805+0000][2220][safepoint   ] Safepoint "Cleanup", Time since last: 1008165200 ns, Reaching safepoint: 53600 ns, At safepoint: 8500 ns, Total: 62100 ns
[2022-04-07T22:33:35.829+0000][2220][safepoint   ] Safepoint "Cleanup", Time since last: 2023778100 ns, Reaching safepoint: 63800 ns, At safepoint: 8600 ns, Total: 72400 ns
[2022-04-07T22:33:36.839+0000][2220][safepoint   ] Safepoint "Cleanup", Time since last: 1009350000 ns, Reaching safepoint: 52900 ns, At safepoint: 8300 ns, Total: 61200 ns
[2022-04-07T22:33:37.854+0000][2220][safepoint   ] Safepoint "Cleanup", Time since last: 1015270100 ns, Reaching safepoint: 48400 ns, At safepoint: 4200 ns, Total: 52600 ns
[2022-04-07T22:33:39.863+0000][2220][safepoint   ] Safepoint "Cleanup", Time since last: 2009177000 ns, Reaching safepoint: 64200 ns, At safepoint: 19200 ns, Total: 83400 ns
[2022-04-07T22:33:40.867+0000][2220][safepoint   ] Safepoint "Cleanup", Time since last: 1003754300 ns, Reaching safepoint: 46500 ns, At safepoint: 24000 ns, Total: 70500 ns
[2022-04-07T22:33:42.878+0000][2220][safepoint   ] Safepoint "Cleanup", Time since last: 2010580100 ns, Reaching safepoint: 61700 ns, At safepoint: 15000 ns, Total: 76700 ns
[2022-04-07T22:33:45.903+0000][2220][safepoint   ] Safepoint "Cleanup", Time since last: 3024936600 ns, Reaching safepoint: 53100 ns, At safepoint: 17800 ns, Total: 70900 ns
[2022-04-07T22:33:47.917+0000][2220][safepoint   ] Safepoint "Cleanup", Time since last: 2014780600 ns, Reaching safepoint: 47500 ns, At safepoint: 61900 ns, Total: 109400 ns
[2022-04-07T22:33:48.927+0000][2220][safepoint   ] Safepoint "Cleanup", Time since last: 1009449800 ns, Reaching safepoint: 51400 ns, At safepoint: 17600 ns, Total: 69000 ns
[2022-04-07T22:33:50.936+0000][2220][safepoint   ] Safepoint "Cleanup", Time since last: 2008613000 ns, Reaching safepoint: 44100 ns, At safepoint: 19300 ns, Total: 63400 ns
[2022-04-07T22:33:51.947+0000][2220][safepoint   ] Safepoint "Cleanup", Time since last: 1011242000 ns, Reaching safepoint: 66800 ns, At safepoint: 21100 ns, Total: 87900 ns
[2022-04-07T22:33:52.955+0000][2220][safepoint   ] Safepoint "Cleanup", Time since last: 1008034100 ns, Reaching safepoint: 74200 ns, At safepoint: 16600 ns, Total: 90800 ns
[2022-04-07T22:33:54.967+0000][2220][safepoint   ] Safepoint "Cleanup", Time since last: 2011813900 ns, Reaching safepoint: 50700 ns, At safepoint: 16600 ns, Total: 67300 ns
[2022-04-07T22:33:55.973+0000][2220][safepoint   ] Safepoint "Cleanup", Time since last: 1006306300 ns, Reaching safepoint: 56700 ns, At safepoint: 19600 ns, Total: 76300 ns
[2022-04-07T22:33:56.979+0000][2220][safepoint   ] Safepoint "Cleanup", Time since last: 1005301700 ns, Reaching safepoint: 42800 ns, At safepoint: 9100 ns, Total: 51900 ns
[2022-04-07T22:33:57.980+0000][2220][safepoint   ] Safepoint "Cleanup", Time since last: 1001386600 ns, Reaching safepoint: 46100 ns, At safepoint: 6100 ns, Total: 52200 ns
[2022-04-07T22:33:59.997+0000][2220][safepoint   ] Safepoint "Cleanup", Time since last: 2016680900 ns, Reaching safepoint: 55900 ns, At safepoint: 13800 ns, Total: 69700 ns
[2022-04-07T22:34:01.006+0000][2220][safepoint   ] Safepoint "Cleanup", Time since last: 1008693700 ns, Reaching safepoint: 40300 ns, At safepoint: 4500 ns, Total: 44800 ns
[2022-04-07T22:34:03.026+0000][2220][safepoint   ] Safepoint "Cleanup", Time since last: 2019699300 ns, Reaching safepoint: 104500 ns, At safepoint: 10600 ns, Total: 115100 ns
[2022-04-07T22:34:04.034+0000][2220][safepoint   ] Safepoint "Cleanup", Time since last: 1008845900 ns, Reaching safepoint: 53500 ns, At safepoint: 52300 ns, Total: 105800 ns
[2022-04-07T22:34:06.049+0000][2220][safepoint   ] Safepoint "Cleanup", Time since last: 2014434500 ns, Reaching safepoint: 102900 ns, At safepoint: 6100 ns, Total: 109000 ns
[2022-04-07T22:34:07.057+0000][2220][safepoint   ] Safepoint "Cleanup", Time since last: 1007851900 ns, Reaching safepoint: 54200 ns, At safepoint: 4500 ns, Total: 58700 ns
[2022-04-07T22:34:08.061+0000][2220][safepoint   ] Safepoint "Cleanup", Time since last: 1003653400 ns, Reaching safepoint: 71700 ns, At safepoint: 12300 ns, Total: 84000 ns
[2022-04-07T22:34:10.075+0000][2220][safepoint   ] Safepoint "Cleanup", Time since last: 2013774000 ns, Reaching safepoint: 55500 ns, At safepoint: 11000 ns, Total: 66500 ns
[2022-04-07T22:34:11.083+0000][2220][safepoint   ] Safepoint "Cleanup", Time since last: 1008418300 ns, Reaching safepoint: 54300 ns, At safepoint: 6900 ns, Total: 61200 ns
[2022-04-07T22:34:13.092+0000][2220][safepoint   ] Safepoint "Cleanup", Time since last: 2008913600 ns, Reaching safepoint: 68300 ns, At safepoint: 11000 ns, Total: 79300 ns
[2022-04-07T22:34:14.103+0000][2220][safepoint   ] Safepoint "Cleanup", Time since last: 1011074800 ns, Reaching safepoint: 65300 ns, At safepoint: 11500 ns, Total: 76800 ns
[2022-04-07T22:34:15.117+0000][2220][safepoint   ] Safepoint "Cleanup", Time since last: 1014011600 ns, Reaching safepoint: 49900 ns, At safepoint: 8700 ns, Total: 58600 ns
[2022-04-07T22:34:16.132+0000][2220][safepoint   ] Safepoint "Cleanup", Time since last: 1014717700 ns, Reaching safepoint: 55400 ns, At safepoint: 14800 ns, Total: 70200 ns
[2022-04-07T22:34:18.160+0000][2220][safepoint   ] Safepoint "Cleanup", Time since last: 2027977600 ns, Reaching safepoint: 55300 ns, At safepoint: 5600 ns, Total: 60900 ns
[2022-04-07T22:34:19.161+0000][2220][safepoint   ] Safepoint "Cleanup", Time since last: 1000784100 ns, Reaching safepoint: 72300 ns, At safepoint: 9500 ns, Total: 81800 ns
[2022-04-07T22:34:21.170+0000][2220][safepoint   ] Safepoint "Cleanup", Time since last: 2008586100 ns, Reaching safepoint: 54800 ns, At safepoint: 9500 ns, Total: 64300 ns
[2022-04-07T22:34:22.172+0000][2220][safepoint   ] Safepoint "Cleanup", Time since last: 1002643100 ns, Reaching safepoint: 74600 ns, At safepoint: 51500 ns, Total: 126100 ns
[2022-04-07T22:34:23.174+0000][2220][safepoint   ] Safepoint "Cleanup", Time since last: 1001965900 ns, Reaching safepoint: 56100 ns, At safepoint: 10300 ns, Total: 66400 ns
[2022-04-07T22:34:25.185+0000][2220][safepoint   ] Safepoint "Cleanup", Time since last: 2010242900 ns, Reaching safepoint: 62200 ns, At safepoint: 8000 ns, Total: 70200 ns
[2022-04-07T22:34:26.196+0000][2220][safepoint   ] Safepoint "Cleanup", Time since last: 1010711900 ns, Reaching safepoint: 58300 ns, At safepoint: 8100 ns, Total: 66400 ns
[2022-04-07T22:34:27.207+0000][2220][safepoint   ] Safepoint "Cleanup", Time since last: 1011734700 ns, Reaching safepoint: 44400 ns, At safepoint: 9000 ns, Total: 53400 ns
[2022-04-07T22:34:28.209+0000][2220][safepoint   ] Safepoint "Cleanup", Time since last: 1001673100 ns, Reaching safepoint: 115800 ns, At safepoint: 11600 ns, Total: 127400 ns
[2022-04-07T22:34:30.215+0000][2220][safepoint   ] Safepoint "Cleanup", Time since last: 2006297900 ns, Reaching safepoint: 48200 ns, At safepoint: 8000 ns, Total: 56200 ns
[2022-04-07T22:34:31.227+0000][2220][safepoint   ] Safepoint "Cleanup", Time since last: 1011906200 ns, Reaching safepoint: 46600 ns, At safepoint: 7100 ns, Total: 53700 ns
[2022-04-07T22:34:33.255+0000][2220][safepoint   ] Safepoint "Cleanup", Time since last: 2027878100 ns, Reaching safepoint: 49500 ns, At safepoint: 6800 ns, Total: 56300 ns
[2022-04-07T22:34:34.267+0000][2220][safepoint   ] Safepoint "Cleanup", Time since last: 1011840600 ns, Reaching safepoint: 47700 ns, At safepoint: 9800 ns, Total: 57500 ns
[2022-04-07T22:34:36.283+0000][2220][safepoint   ] Safepoint "Cleanup", Time since last: 2015929800 ns, Reaching safepoint: 31600 ns, At safepoint: 50700 ns, Total: 82300 ns
[2022-04-07T22:34:37.296+0000][2220][safepoint   ] Safepoint "Cleanup", Time since last: 1012525700 ns, Reaching safepoint: 63400 ns, At safepoint: 6700 ns, Total: 70100 ns
[2022-04-07T22:34:38.307+0000][2220][safepoint   ] Safepoint "Cleanup", Time since last: 1010655900 ns, Reaching safepoint: 50900 ns, At safepoint: 11000 ns, Total: 61900 ns
[2022-04-07T22:34:40.316+0000][2220][safepoint   ] Safepoint "Cleanup", Time since last: 2009164000 ns, Reaching safepoint: 60100 ns, At safepoint: 8700 ns, Total: 68800 ns
[2022-04-07T22:34:41.329+0000][2220][safepoint   ] Safepoint "Cleanup", Time since last: 1013519700 ns, Reaching safepoint: 47200 ns, At safepoint: 7900 ns, Total: 55100 ns
[2022-04-07T22:34:43.339+0000][2220][safepoint   ] Safepoint "Cleanup", Time since last: 2009626300 ns, Reaching safepoint: 68800 ns, At safepoint: 6600 ns, Total: 75400 ns
[2022-04-07T22:34:46.360+0000][2220][safepoint   ] Safepoint "Cleanup", Time since last: 3021309200 ns, Reaching safepoint: 53000 ns, At safepoint: 10500 ns, Total: 63500 ns
[2022-04-07T22:34:49.379+0000][2220][safepoint   ] Safepoint "Cleanup", Time since last: 3018561900 ns, Reaching safepoint: 58200 ns, At safepoint: 8300 ns, Total: 66500 ns
[2022-04-07T22:34:51.399+0000][2220][safepoint   ] Safepoint "Cleanup", Time since last: 2020097100 ns, Reaching safepoint: 46800 ns, At safepoint: 8000 ns, Total: 54800 ns
[2022-04-07T22:34:52.407+0000][2220][safepoint   ] Safepoint "Cleanup", Time since last: 1007545500 ns, Reaching safepoint: 54800 ns, At safepoint: 6400 ns, Total: 61200 ns
[2022-04-07T22:34:53.422+0000][2220][safepoint   ] Safepoint "Cleanup", Time since last: 1014988900 ns, Reaching safepoint: 64700 ns, At safepoint: 7900 ns, Total: 72600 ns
[2022-04-07T22:34:55.431+0000][2220][safepoint   ] Safepoint "Cleanup", Time since last: 2009136000 ns, Reaching safepoint: 48400 ns, At safepoint: 14800 ns, Total: 63200 ns
[2022-04-07T22:34:56.441+0000][2220][safepoint   ] Safepoint "Cleanup", Time since last: 1009909100 ns, Reaching safepoint: 52800 ns, At safepoint: 18300 ns, Total: 71100 ns
[2022-04-07T22:34:57.455+0000][2220][safepoint   ] Safepoint "Cleanup", Time since last: 1013700600 ns, Reaching safepoint: 41200 ns, At safepoint: 7600 ns, Total: 48800 ns
[2022-04-07T22:34:58.461+0000][2220][safepoint   ] Safepoint "Cleanup", Time since last: 1006528000 ns, Reaching safepoint: 51700 ns, At safepoint: 8500 ns, Total: 60200 ns
[2022-04-07T22:34:59.468+0000][2220][safepoint   ] Safepoint "Cleanup", Time since last: 1006295500 ns, Reaching safepoint: 54000 ns, At safepoint: 6300 ns, Total: 60300 ns
[2022-04-07T22:35:00.477+0000][2220][safepoint   ] Safepoint "Cleanup", Time since last: 1009654000 ns, Reaching safepoint: 51700 ns, At safepoint: 9800 ns, Total: 61500 ns
[2022-04-07T22:35:01.493+0000][2220][safepoint   ] Safepoint "Cleanup", Time since last: 1015231300 ns, Reaching safepoint: 79100 ns, At safepoint: 9500 ns, Total: 88600 ns
[2022-04-07T22:35:03.502+0000][2220][safepoint   ] Safepoint "Cleanup", Time since last: 2008722700 ns, Reaching safepoint: 51500 ns, At safepoint: 16800 ns, Total: 68300 ns
[2022-04-07T22:35:04.512+0000][2220][safepoint   ] Safepoint "Cleanup", Time since last: 1010151200 ns, Reaching safepoint: 72900 ns, At safepoint: 7300 ns, Total: 80200 ns
[2022-04-07T22:35:06.523+0000][2220][safepoint   ] Safepoint "Cleanup", Time since last: 2011361000 ns, Reaching safepoint: 84700 ns, At safepoint: 7700 ns, Total: 92400 ns
[2022-04-07T22:35:08.473+0000][2220][safepoint   ] Safepoint "Cleanup", Time since last: 1946562700 ns, Reaching safepoint: 67200 ns, At safepoint: 2914300 ns, Total: 2981500 ns
[2022-04-07T22:35:09.474+0000][2220][safepoint   ] Safepoint "Cleanup", Time since last: 1001379900 ns, Reaching safepoint: 140400 ns, At safepoint: 18800 ns, Total: 159200 ns
[2022-04-07T22:35:10.487+0000][2220][safepoint   ] Safepoint "Cleanup", Time since last: 1012879900 ns, Reaching safepoint: 92500 ns, At safepoint: 5700 ns, Total: 98200 ns
[2022-04-07T22:35:11.495+0000][2220][safepoint   ] Safepoint "Cleanup", Time since last: 1008089400 ns, Reaching safepoint: 57800 ns, At safepoint: 7300 ns, Total: 65100 ns
[2022-04-07T22:35:12.505+0000][2220][safepoint   ] Safepoint "Cleanup", Time since last: 1009350700 ns, Reaching safepoint: 58300 ns, At safepoint: 18100 ns, Total: 76400 ns
[2022-04-07T22:35:13.506+0000][2220][safepoint   ] Safepoint "Cleanup", Time since last: 1000578200 ns, Reaching safepoint: 147200 ns, At safepoint: 10500 ns, Total: 157700 ns
[2022-04-07T22:35:15.526+0000][2220][safepoint   ] Safepoint "Cleanup", Time since last: 2020691800 ns, Reaching safepoint: 56300 ns, At safepoint: 36200 ns, Total: 92500 ns
[2022-04-07T22:35:16.531+0000][2220][safepoint   ] Safepoint "Cleanup", Time since last: 1004289400 ns, Reaching safepoint: 45400 ns, At safepoint: 5500 ns, Total: 50900 ns
[2022-04-07T22:35:18.556+0000][2220][safepoint   ] Safepoint "Cleanup", Time since last: 2024966700 ns, Reaching safepoint: 38100 ns, At safepoint: 12500 ns, Total: 50600 ns
[2022-04-07T22:35:21.559+0000][2220][safepoint   ] Safepoint "Cleanup", Time since last: 3003435300 ns, Reaching safepoint: 45000 ns, At safepoint: 7000 ns, Total: 52000 ns
[2022-04-07T22:35:23.564+0000][2220][safepoint   ] Safepoint "Cleanup", Time since last: 2005127600 ns, Reaching safepoint: 52500 ns, At safepoint: 9200 ns, Total: 61700 ns
[2022-04-07T22:35:24.570+0000][2220][safepoint   ] Safepoint "Cleanup", Time since last: 1005991200 ns, Reaching safepoint: 52400 ns, At safepoint: 5600 ns, Total: 58000 ns
[2022-04-07T22:35:26.581+0000][2220][safepoint   ] Safepoint "Cleanup", Time since last: 2010714000 ns, Reaching safepoint: 51400 ns, At safepoint: 10600 ns, Total: 62000 ns
[2022-04-07T22:35:27.590+0000][2220][safepoint   ] Safepoint "Cleanup", Time since last: 1008594900 ns, Reaching safepoint: 50200 ns, At safepoint: 3700 ns, Total: 53900 ns
[2022-04-07T22:35:28.594+0000][2220][safepoint   ] Safepoint "Cleanup", Time since last: 1003934600 ns, Reaching safepoint: 88300 ns, At safepoint: 39300 ns, Total: 127600 ns
[2022-04-07T22:35:29.601+0000][2220][safepoint   ] Safepoint "Cleanup", Time since last: 1006856500 ns, Reaching safepoint: 51500 ns, At safepoint: 14600 ns, Total: 66100 ns
[2022-04-07T22:35:30.605+0000][2220][safepoint   ] Safepoint "Cleanup", Time since last: 1003603400 ns, Reaching safepoint: 46600 ns, At safepoint: 2400 ns, Total: 49000 ns
[2022-04-07T22:35:31.613+0000][2220][safepoint   ] Safepoint "Cleanup", Time since last: 1008706700 ns, Reaching safepoint: 46400 ns, At safepoint: 8700 ns, Total: 55100 ns
[2022-04-07T22:35:32.614+0000][2220][safepoint   ] Safepoint "Cleanup", Time since last: 1000735000 ns, Reaching safepoint: 51100 ns, At safepoint: 16400 ns, Total: 67500 ns
[2022-04-07T22:35:33.614+0000][2220][safepoint   ] Safepoint "Cleanup", Time since last: 1000072500 ns, Reaching safepoint: 62900 ns, At safepoint: 6600 ns, Total: 69500 ns
[2022-04-07T22:35:34.624+0000][2220][safepoint   ] Safepoint "Cleanup", Time since last: 1009256400 ns, Reaching safepoint: 55100 ns, At safepoint: 10900 ns, Total: 66000 ns
[2022-04-07T22:35:36.636+0000][2220][safepoint   ] Safepoint "Cleanup", Time since last: 2012274300 ns, Reaching safepoint: 40500 ns, At safepoint: 10800 ns, Total: 51300 ns
[2022-04-07T22:35:38.646+0000][2220][safepoint   ] Safepoint "Cleanup", Time since last: 2009762900 ns, Reaching safepoint: 49500 ns, At safepoint: 7300 ns, Total: 56800 ns
[2022-04-07T22:35:39.653+0000][2220][safepoint   ] Safepoint "Cleanup", Time since last: 1006928000 ns, Reaching safepoint: 63200 ns, At safepoint: 8400 ns, Total: 71600 ns
[2022-04-07T22:35:40.660+0000][2220][safepoint   ] Safepoint "Cleanup", Time since last: 1007064900 ns, Reaching safepoint: 48000 ns, At safepoint: 9600 ns, Total: 57600 ns
[2022-04-07T22:35:42.673+0000][2220][safepoint   ] Safepoint "Cleanup", Time since last: 2013298300 ns, Reaching safepoint: 49100 ns, At safepoint: 11500 ns, Total: 60600 ns
[2022-04-07T22:35:43.674+0000][2220][safepoint   ] Safepoint "Cleanup", Time since last: 1000841800 ns, Reaching safepoint: 47700 ns, At safepoint: 16600 ns, Total: 64300 ns
[2022-04-07T22:35:44.679+0000][2220][safepoint   ] Safepoint "Cleanup", Time since last: 1005010000 ns, Reaching safepoint: 51400 ns, At safepoint: 6500 ns, Total: 57900 ns
[2022-04-07T22:35:45.685+0000][2220][safepoint   ] Safepoint "Cleanup", Time since last: 1006198700 ns, Reaching safepoint: 60000 ns, At safepoint: 9000 ns, Total: 69000 ns
[2022-04-07T22:35:48.697+0000][2220][safepoint   ] Safepoint "Cleanup", Time since last: 3011154400 ns, Reaching safepoint: 54900 ns, At safepoint: 23100 ns, Total: 78000 ns
[2022-04-07T22:35:49.698+0000][2220][safepoint   ] Safepoint "Cleanup", Time since last: 1001230000 ns, Reaching safepoint: 59300 ns, At safepoint: 9400 ns, Total: 68700 ns
[2022-04-07T22:35:50.706+0000][2220][safepoint   ] Safepoint "Cleanup", Time since last: 1007796000 ns, Reaching safepoint: 37100 ns, At safepoint: 10000 ns, Total: 47100 ns
[2022-04-07T22:35:51.712+0000][2220][safepoint   ] Safepoint "Cleanup", Time since last: 1005900300 ns, Reaching safepoint: 49100 ns, At safepoint: 8400 ns, Total: 57500 ns
[2022-04-07T22:35:53.718+0000][2220][safepoint   ] Safepoint "Cleanup", Time since last: 2006055000 ns, Reaching safepoint: 37500 ns, At safepoint: 7600 ns, Total: 45100 ns
[2022-04-07T22:35:54.722+0000][2220][safepoint   ] Safepoint "Cleanup", Time since last: 1003558200 ns, Reaching safepoint: 52500 ns, At safepoint: 9300 ns, Total: 61800 ns
[2022-04-07T22:35:55.729+0000][2220][safepoint   ] Safepoint "Cleanup", Time since last: 1007497200 ns, Reaching safepoint: 39600 ns, At safepoint: 4600 ns, Total: 44200 ns
[2022-04-07T22:35:57.735+0000][2220][safepoint   ] Safepoint "Cleanup", Time since last: 2005900000 ns, Reaching safepoint: 46300 ns, At safepoint: 8800 ns, Total: 55100 ns
[2022-04-07T22:35:58.747+0000][2220][safepoint   ] Safepoint "Cleanup", Time since last: 1011648400 ns, Reaching safepoint: 129600 ns, At safepoint: 5600 ns, Total: 135200 ns
[2022-04-07T22:35:59.754+0000][2220][safepoint   ] Safepoint "Cleanup", Time since last: 1006890700 ns, Reaching safepoint: 50500 ns, At safepoint: 10900 ns, Total: 61400 ns
[2022-04-07T22:36:00.762+0000][2220][safepoint   ] Safepoint "Cleanup", Time since last: 1008090300 ns, Reaching safepoint: 52900 ns, At safepoint: 9900 ns, Total: 62800 ns
[2022-04-07T22:36:00.985+0000][2220][gc,start    ] GC(16) Pause Young (Normal) (G1 Evacuation Pause)
[2022-04-07T22:36:00.985+0000][2220][gc,task     ] GC(16) Using 4 workers of 4 for evacuation
[2022-04-07T22:36:00.985+0000][2220][gc,age      ] GC(16) Desired survivor size 117440512 bytes, new threshold 15 (max threshold 15)
[2022-04-07T22:36:01.020+0000][2220][gc,age      ] GC(16) Age table with threshold 15 (max threshold 15)
[2022-04-07T22:36:01.020+0000][2220][gc,age      ] GC(16) - age   1:    1795296 bytes,    1795296 total
[2022-04-07T22:36:01.020+0000][2220][gc,age      ] GC(16) - age   2:   28416768 bytes,   30212064 total
[2022-04-07T22:36:01.020+0000][2220][gc,age      ] GC(16) - age   3:    5277232 bytes,   35489296 total
[2022-04-07T22:36:01.020+0000][2220][gc,age      ] GC(16) - age   4:   11919216 bytes,   47408512 total
[2022-04-07T22:36:01.020+0000][2220][gc,age      ] GC(16) - age   5:   18445392 bytes,   65853904 total
[2022-04-07T22:36:01.020+0000][2220][gc,phases   ] GC(16)   Pre Evacuate Collection Set: 0.1ms
[2022-04-07T22:36:01.020+0000][2220][gc,phases   ] GC(16)   Merge Heap Roots: 0.1ms
[2022-04-07T22:36:01.020+0000][2220][gc,phases   ] GC(16)   Evacuate Collection Set: 32.7ms
[2022-04-07T22:36:01.020+0000][2220][gc,phases   ] GC(16)   Post Evacuate Collection Set: 1.9ms
[2022-04-07T22:36:01.020+0000][2220][gc,phases   ] GC(16)   Other: 0.3ms
[2022-04-07T22:36:01.020+0000][2220][gc,heap     ] GC(16) Eden regions: 427->0(1202)
[2022-04-07T22:36:01.020+0000][2220][gc,heap     ] GC(16) Survivor regions: 19->18(56)
[2022-04-07T22:36:01.020+0000][2220][gc,heap     ] GC(16) Old regions: 12->12
[2022-04-07T22:36:01.020+0000][2220][gc,heap     ] GC(16) Archive regions: 0->0
[2022-04-07T22:36:01.020+0000][2220][gc,heap     ] GC(16) Humongous regions: 5->5
[2022-04-07T22:36:01.020+0000][2220][gc,metaspace] GC(16) Metaspace: 131295K(133504K)->131295K(133504K) NonClass: 113684K(114944K)->113684K(114944K) Class: 17611K(18560K)->17611K(18560K)
[2022-04-07T22:36:01.020+0000][2220][gc          ] GC(16) Pause Young (Normal) (G1 Evacuation Pause) 1851M->137M(8136M) 35.338ms
[2022-04-07T22:36:01.020+0000][2220][gc,cpu      ] GC(16) User=0.12s Sys=0.00s Real=0.04s
[2022-04-07T22:36:01.020+0000][2220][safepoint   ] Safepoint "G1CollectForAllocation", Time since last: 223486200 ns, Reaching safepoint: 94800 ns, At safepoint: 35425800 ns, Total: 35520600 ns
[2022-04-07T22:36:04.029+0000][2220][safepoint   ] Safepoint "Cleanup", Time since last: 3007928800 ns, Reaching safepoint: 60100 ns, At safepoint: 18500 ns, Total: 78600 ns
[2022-04-07T22:36:06.041+0000][2220][safepoint   ] Safepoint "Cleanup", Time since last: 2012209900 ns, Reaching safepoint: 42900 ns, At safepoint: 18000 ns, Total: 60900 ns
[2022-04-07T22:36:07.047+0000][2220][safepoint   ] Safepoint "Cleanup", Time since last: 1005784800 ns, Reaching safepoint: 89300 ns, At safepoint: 57200 ns, Total: 146500 ns
[2022-04-07T22:36:09.061+0000][2220][safepoint   ] Safepoint "Cleanup", Time since last: 2013436700 ns, Reaching safepoint: 47800 ns, At safepoint: 10300 ns, Total: 58100 ns
[2022-04-07T22:36:10.068+0000][2220][safepoint   ] Safepoint "Cleanup", Time since last: 1007455400 ns, Reaching safepoint: 53900 ns, At safepoint: 9100 ns, Total: 63000 ns
[2022-04-07T22:36:11.074+0000][2220][safepoint   ] Safepoint "Cleanup", Time since last: 1006181500 ns, Reaching safepoint: 53900 ns, At safepoint: 11200 ns, Total: 65100 ns
[2022-04-07T22:36:13.102+0000][2220][safepoint   ] Safepoint "Cleanup", Time since last: 2028002300 ns, Reaching safepoint: 63500 ns, At safepoint: 10300 ns, Total: 73800 ns
[2022-04-07T22:36:14.106+0000][2220][safepoint   ] Safepoint "Cleanup", Time since last: 1003274500 ns, Reaching safepoint: 53800 ns, At safepoint: 12600 ns, Total: 66400 ns
[2022-04-07T22:36:16.119+0000][2220][safepoint   ] Safepoint "Cleanup", Time since last: 2013190200 ns, Reaching safepoint: 56000 ns, At safepoint: 9200 ns, Total: 65200 ns
[2022-04-07T22:36:19.136+0000][2220][safepoint   ] Safepoint "Cleanup", Time since last: 3017065900 ns, Reaching safepoint: 46200 ns, At safepoint: 23400 ns, Total: 69600 ns
[2022-04-07T22:36:21.153+0000][2220][safepoint   ] Safepoint "Cleanup", Time since last: 2016548400 ns, Reaching safepoint: 54600 ns, At safepoint: 8000 ns, Total: 62600 ns
[2022-04-07T22:36:22.161+0000][2220][safepoint   ] Safepoint "Cleanup", Time since last: 1007717600 ns, Reaching safepoint: 119300 ns, At safepoint: 5600 ns, Total: 124900 ns
[2022-04-07T22:36:24.184+0000][2220][safepoint   ] Safepoint "Cleanup", Time since last: 2023597400 ns, Reaching safepoint: 47000 ns, At safepoint: 14700 ns, Total: 61700 ns
[2022-04-07T22:36:25.191+0000][2220][safepoint   ] Safepoint "Cleanup", Time since last: 1006312400 ns, Reaching safepoint: 57000 ns, At safepoint: 7700 ns, Total: 64700 ns
[2022-04-07T22:36:26.196+0000][2220][safepoint   ] Safepoint "Cleanup", Time since last: 1005628800 ns, Reaching safepoint: 42600 ns, At safepoint: 5700 ns, Total: 48300 ns
[2022-04-07T22:36:27.205+0000][2220][safepoint   ] Safepoint "Cleanup", Time since last: 1008287800 ns, Reaching safepoint: 45400 ns, At safepoint: 28700 ns, Total: 74100 ns
[2022-04-07T22:36:29.219+0000][2220][safepoint   ] Safepoint "Cleanup", Time since last: 2013969600 ns, Reaching safepoint: 52800 ns, At safepoint: 9000 ns, Total: 61800 ns
[2022-04-07T22:36:30.222+0000][2220][safepoint   ] Safepoint "Cleanup", Time since last: 1003130500 ns, Reaching safepoint: 54300 ns, At safepoint: 10400 ns, Total: 64700 ns
[2022-04-07T22:36:31.230+0000][2220][safepoint   ] Safepoint "Cleanup", Time since last: 1008475300 ns, Reaching safepoint: 44200 ns, At safepoint: 5900 ns, Total: 50100 ns
[2022-04-07T22:36:34.264+0000][2220][safepoint   ] Safepoint "Cleanup", Time since last: 3033686700 ns, Reaching safepoint: 74900 ns, At safepoint: 8300 ns, Total: 83200 ns
[2022-04-07T22:36:36.290+0000][2220][safepoint   ] Safepoint "Cleanup", Time since last: 2025918300 ns, Reaching safepoint: 43100 ns, At safepoint: 5500 ns, Total: 48600 ns
[2022-04-07T22:36:37.301+0000][2220][safepoint   ] Safepoint "Cleanup", Time since last: 1010928000 ns, Reaching safepoint: 49300 ns, At safepoint: 18300 ns, Total: 67600 ns
[2022-04-07T22:36:39.321+0000][2220][safepoint   ] Safepoint "Cleanup", Time since last: 2019995100 ns, Reaching safepoint: 57700 ns, At safepoint: 8200 ns, Total: 65900 ns
[2022-04-07T22:36:41.339+0000][2220][safepoint   ] Safepoint "Cleanup", Time since last: 2017680000 ns, Reaching safepoint: 60300 ns, At safepoint: 7800 ns, Total: 68100 ns
[2022-04-07T22:36:42.348+0000][2220][safepoint   ] Safepoint "Cleanup", Time since last: 1009184200 ns, Reaching safepoint: 56200 ns, At safepoint: 8000 ns, Total: 64200 ns
[2022-04-07T22:36:43.350+0000][2220][safepoint   ] Safepoint "Cleanup", Time since last: 1001831100 ns, Reaching safepoint: 73400 ns, At safepoint: 9600 ns, Total: 83000 ns
[2022-04-07T22:36:44.365+0000][2220][safepoint   ] Safepoint "Cleanup", Time since last: 1014908600 ns, Reaching safepoint: 55800 ns, At safepoint: 7300 ns, Total: 63100 ns
[2022-04-07T22:36:46.370+0000][2220][safepoint   ] Safepoint "Cleanup", Time since last: 2004540600 ns, Reaching safepoint: 71100 ns, At safepoint: 10600 ns, Total: 81700 ns
[2022-04-07T22:36:47.385+0000][2220][safepoint   ] Safepoint "Cleanup", Time since last: 1015257500 ns, Reaching safepoint: 48000 ns, At safepoint: 8300 ns, Total: 56300 ns
[2022-04-07T22:36:49.399+0000][2220][safepoint   ] Safepoint "Cleanup", Time since last: 2014072700 ns, Reaching safepoint: 53400 ns, At safepoint: 7000 ns, Total: 60400 ns
[2022-04-07T22:36:50.404+0000][2220][safepoint   ] Safepoint "Cleanup", Time since last: 1004534600 ns, Reaching safepoint: 47500 ns, At safepoint: 6200 ns, Total: 53700 ns
[2022-04-07T22:36:51.405+0000][2220][safepoint   ] Safepoint "Cleanup", Time since last: 1000942700 ns, Reaching safepoint: 63000 ns, At safepoint: 4300 ns, Total: 67300 ns
[2022-04-07T22:36:52.419+0000][2220][safepoint   ] Safepoint "Cleanup", Time since last: 1013754300 ns, Reaching safepoint: 50600 ns, At safepoint: 6000 ns, Total: 56600 ns
[2022-04-07T22:36:53.433+0000][2220][safepoint   ] Safepoint "Cleanup", Time since last: 1013933200 ns, Reaching safepoint: 60000 ns, At safepoint: 10600 ns, Total: 70600 ns
[2022-04-07T22:36:55.446+0000][2220][safepoint   ] Safepoint "Cleanup", Time since last: 2013014100 ns, Reaching safepoint: 44300 ns, At safepoint: 6300 ns, Total: 50600 ns
[2022-04-07T22:36:56.459+0000][2220][safepoint   ] Safepoint "Cleanup", Time since last: 1013238500 ns, Reaching safepoint: 58800 ns, At safepoint: 5300 ns, Total: 64100 ns
[2022-04-07T22:36:58.479+0000][2220][safepoint   ] Safepoint "Cleanup", Time since last: 2020397700 ns, Reaching safepoint: 44700 ns, At safepoint: 7500 ns, Total: 52200 ns
[2022-04-07T22:36:59.483+0000][2220][safepoint   ] Safepoint "Cleanup", Time since last: 1003979600 ns, Reaching safepoint: 61200 ns, At safepoint: 7400 ns, Total: 68600 ns
[2022-04-07T22:37:01.493+0000][2220][safepoint   ] Safepoint "Cleanup", Time since last: 2009683100 ns, Reaching safepoint: 46600 ns, At safepoint: 15900 ns, Total: 62500 ns
[2022-04-07T22:37:02.494+0000][2220][safepoint   ] Safepoint "Cleanup", Time since last: 1000928900 ns, Reaching safepoint: 71400 ns, At safepoint: 14300 ns, Total: 85700 ns
[2022-04-07T22:37:03.500+0000][2220][safepoint   ] Safepoint "Cleanup", Time since last: 1005904600 ns, Reaching safepoint: 48800 ns, At safepoint: 7700 ns, Total: 56500 ns
[2022-04-07T22:37:04.508+0000][2220][safepoint   ] Safepoint "Cleanup", Time since last: 1007997500 ns, Reaching safepoint: 54700 ns, At safepoint: 6500 ns, Total: 61200 ns
[2022-04-07T22:37:06.514+0000][2220][safepoint   ] Safepoint "Cleanup", Time since last: 2005771200 ns, Reaching safepoint: 54700 ns, At safepoint: 4700 ns, Total: 59400 ns
[2022-04-07T22:37:07.519+0000][2220][safepoint   ] Safepoint "Cleanup", Time since last: 1005299700 ns, Reaching safepoint: 48500 ns, At safepoint: 15900 ns, Total: 64400 ns
[2022-04-07T22:37:08.522+0000][2220][safepoint   ] Safepoint "Cleanup", Time since last: 1002152600 ns, Reaching safepoint: 62800 ns, At safepoint: 10200 ns, Total: 73000 ns
[2022-04-07T22:37:10.544+0000][2220][safepoint   ] Safepoint "Cleanup", Time since last: 2022006700 ns, Reaching safepoint: 97500 ns, At safepoint: 15800 ns, Total: 113300 ns
[2022-04-07T22:37:11.559+0000][2220][safepoint   ] Safepoint "Cleanup", Time since last: 1014991200 ns, Reaching safepoint: 38200 ns, At safepoint: 6900 ns, Total: 45100 ns
[2022-04-07T22:37:13.579+0000][2220][safepoint   ] Safepoint "Cleanup", Time since last: 2019945600 ns, Reaching safepoint: 59300 ns, At safepoint: 7600 ns, Total: 66900 ns
[2022-04-07T22:37:14.581+0000][2220][safepoint   ] Safepoint "Cleanup", Time since last: 1002030700 ns, Reaching safepoint: 62700 ns, At safepoint: 8100 ns, Total: 70800 ns
[2022-04-07T22:37:16.593+0000][2220][safepoint   ] Safepoint "Cleanup", Time since last: 2011741300 ns, Reaching safepoint: 80800 ns, At safepoint: 7200 ns, Total: 88000 ns
[2022-04-07T22:37:17.596+0000][2220][safepoint   ] Safepoint "Cleanup", Time since last: 1002724500 ns, Reaching safepoint: 54200 ns, At safepoint: 6800 ns, Total: 61000 ns
[2022-04-07T22:37:18.611+0000][2220][safepoint   ] Safepoint "Cleanup", Time since last: 1014908500 ns, Reaching safepoint: 58300 ns, At safepoint: 8800 ns, Total: 67100 ns
[2022-04-07T22:37:19.625+0000][2220][safepoint   ] Safepoint "Cleanup", Time since last: 1014358800 ns, Reaching safepoint: 43500 ns, At safepoint: 5600 ns, Total: 49100 ns
[2022-04-07T22:37:21.645+0000][2220][safepoint   ] Safepoint "Cleanup", Time since last: 2019618800 ns, Reaching safepoint: 99700 ns, At safepoint: 13400 ns, Total: 113100 ns
[2022-04-07T22:37:22.648+0000][2220][safepoint   ] Safepoint "Cleanup", Time since last: 1003037800 ns, Reaching safepoint: 51900 ns, At safepoint: 9200 ns, Total: 61100 ns
[2022-04-07T22:37:23.663+0000][2220][safepoint   ] Safepoint "Cleanup", Time since last: 1015294600 ns, Reaching safepoint: 50000 ns, At safepoint: 6100 ns, Total: 56100 ns
[2022-04-07T22:37:25.676+0000][2220][safepoint   ] Safepoint "Cleanup", Time since last: 2012613300 ns, Reaching safepoint: 49400 ns, At safepoint: 4100 ns, Total: 53500 ns
[2022-04-07T22:37:26.688+0000][2220][safepoint   ] Safepoint "Cleanup", Time since last: 1012349100 ns, Reaching safepoint: 53600 ns, At safepoint: 8600 ns, Total: 62200 ns
[2022-04-07T22:37:27.699+0000][2220][safepoint   ] Safepoint "Cleanup", Time since last: 1010671600 ns, Reaching safepoint: 51100 ns, At safepoint: 9000 ns, Total: 60100 ns
[2022-04-07T22:37:28.713+0000][2220][safepoint   ] Safepoint "Cleanup", Time since last: 1014019700 ns, Reaching safepoint: 58000 ns, At safepoint: 7200 ns, Total: 65200 ns
[2022-04-07T22:37:29.714+0000][2220][safepoint   ] Safepoint "Cleanup", Time since last: 1001047500 ns, Reaching safepoint: 50800 ns, At safepoint: 9800 ns, Total: 60600 ns
[2022-04-07T22:37:30.979+0000][2220][safepoint   ] Safepoint "Cleanup", Time since last: 1265425800 ns, Reaching safepoint: 31400 ns, At safepoint: 8600 ns, Total: 40000 ns
[2022-04-07T22:37:31.981+0000][2220][safepoint   ] Safepoint "Cleanup", Time since last: 1001427800 ns, Reaching safepoint: 121100 ns, At safepoint: 6500 ns, Total: 127600 ns
[2022-04-07T22:37:33.995+0000][2220][safepoint   ] Safepoint "Cleanup", Time since last: 2014004700 ns, Reaching safepoint: 47400 ns, At safepoint: 15800 ns, Total: 63200 ns
[2022-04-07T22:37:37.025+0000][2220][safepoint   ] Safepoint "Cleanup", Time since last: 3029518400 ns, Reaching safepoint: 73800 ns, At safepoint: 6100 ns, Total: 79900 ns
[2022-04-07T22:37:38.035+0000][2220][safepoint   ] Safepoint "Cleanup", Time since last: 1010507100 ns, Reaching safepoint: 56300 ns, At safepoint: 9600 ns, Total: 65900 ns
[2022-04-07T22:37:39.049+0000][2220][safepoint   ] Safepoint "Cleanup", Time since last: 1013275700 ns, Reaching safepoint: 44200 ns, At safepoint: 2600 ns, Total: 46800 ns
[2022-04-07T22:37:40.697+0000][2220][safepoint   ] Safepoint "Cleanup", Time since last: 1648356900 ns, Reaching safepoint: 73000 ns, At safepoint: 10700 ns, Total: 83700 ns
[2022-04-07T22:37:41.698+0000][2220][safepoint   ] Safepoint "Cleanup", Time since last: 1001262100 ns, Reaching safepoint: 76100 ns, At safepoint: 9100 ns, Total: 85200 ns
[2022-04-07T22:37:42.710+0000][2220][safepoint   ] Safepoint "Cleanup", Time since last: 1011488400 ns, Reaching safepoint: 131200 ns, At safepoint: 15600 ns, Total: 146800 ns
[2022-04-07T22:37:43.720+0000][2220][safepoint   ] Safepoint "Cleanup", Time since last: 1009445400 ns, Reaching safepoint: 61500 ns, At safepoint: 9700 ns, Total: 71200 ns
[2022-04-07T22:37:44.721+0000][2220][safepoint   ] Safepoint "Cleanup", Time since last: 1001385100 ns, Reaching safepoint: 183400 ns, At safepoint: 17000 ns, Total: 200400 ns
[2022-04-07T22:37:45.736+0000][2220][safepoint   ] Safepoint "Cleanup", Time since last: 1014736600 ns, Reaching safepoint: 46000 ns, At safepoint: 5300 ns, Total: 51300 ns
[2022-04-07T22:37:46.743+0000][2220][safepoint   ] Safepoint "Cleanup", Time since last: 1007056900 ns, Reaching safepoint: 55900 ns, At safepoint: 9300 ns, Total: 65200 ns
[2022-04-07T22:37:47.746+0000][2220][safepoint   ] Safepoint "Cleanup", Time since last: 1002786200 ns, Reaching safepoint: 46000 ns, At safepoint: 11200 ns, Total: 57200 ns
[2022-04-07T22:37:48.761+0000][2220][safepoint   ] Safepoint "Cleanup", Time since last: 1014822400 ns, Reaching safepoint: 48900 ns, At safepoint: 16600 ns, Total: 65500 ns
[2022-04-07T22:37:49.773+0000][2220][safepoint   ] Safepoint "Cleanup", Time since last: 1012045900 ns, Reaching safepoint: 73100 ns, At safepoint: 28100 ns, Total: 101200 ns
[2022-04-07T22:37:51.801+0000][2220][safepoint   ] Safepoint "Cleanup", Time since last: 2027453700 ns, Reaching safepoint: 79800 ns, At safepoint: 7000 ns, Total: 86800 ns
[2022-04-07T22:37:52.815+0000][2220][safepoint   ] Safepoint "Cleanup", Time since last: 1014461700 ns, Reaching safepoint: 39300 ns, At safepoint: 9800 ns, Total: 49100 ns
[2022-04-07T22:37:53.830+0000][2220][safepoint   ] Safepoint "Cleanup", Time since last: 1014331500 ns, Reaching safepoint: 54500 ns, At safepoint: 15400 ns, Total: 69900 ns
[2022-04-07T22:37:54.838+0000][2220][safepoint   ] Safepoint "Cleanup", Time since last: 1008806600 ns, Reaching safepoint: 59400 ns, At safepoint: 5700 ns, Total: 65100 ns
[2022-04-07T22:37:55.917+0000][2220][safepoint   ] Safepoint "Cleanup", Time since last: 1078497000 ns, Reaching safepoint: 50000 ns, At safepoint: 6700 ns, Total: 56700 ns
[2022-04-07T22:37:56.928+0000][2220][safepoint   ] Safepoint "Cleanup", Time since last: 1010713800 ns, Reaching safepoint: 59100 ns, At safepoint: 8400 ns, Total: 67500 ns
[2022-04-07T22:37:58.947+0000][2220][safepoint   ] Safepoint "Cleanup", Time since last: 2018827000 ns, Reaching safepoint: 59200 ns, At safepoint: 5500 ns, Total: 64700 ns
[2022-04-07T22:37:59.960+0000][2220][safepoint   ] Safepoint "Cleanup", Time since last: 1013233800 ns, Reaching safepoint: 56800 ns, At safepoint: 18200 ns, Total: 75000 ns
[2022-04-07T22:38:00.974+0000][2220][safepoint   ] Safepoint "Cleanup", Time since last: 1014193800 ns, Reaching safepoint: 90500 ns, At safepoint: 29700 ns, Total: 120200 ns
[2022-04-07T22:38:01.990+0000][2220][safepoint   ] Safepoint "Cleanup", Time since last: 1015326000 ns, Reaching safepoint: 64000 ns, At safepoint: 6200 ns, Total: 70200 ns
[2022-04-07T22:38:03.996+0000][2220][safepoint   ] Safepoint "Cleanup", Time since last: 2006730000 ns, Reaching safepoint: 57500 ns, At safepoint: 8000 ns, Total: 65500 ns
[2022-04-07T22:38:07.027+0000][2220][safepoint   ] Safepoint "Cleanup", Time since last: 3030423400 ns, Reaching safepoint: 142800 ns, At safepoint: 6300 ns, Total: 149100 ns
[2022-04-07T22:38:08.042+0000][2220][safepoint   ] Safepoint "Cleanup", Time since last: 1014605900 ns, Reaching safepoint: 57400 ns, At safepoint: 14700 ns, Total: 72100 ns
[2022-04-07T22:38:09.055+0000][2220][safepoint   ] Safepoint "Cleanup", Time since last: 1013505500 ns, Reaching safepoint: 71500 ns, At safepoint: 6600 ns, Total: 78100 ns
[2022-04-07T22:38:10.059+0000][2220][safepoint   ] Safepoint "Cleanup", Time since last: 1003856300 ns, Reaching safepoint: 73600 ns, At safepoint: 12200 ns, Total: 85800 ns
[2022-04-07T22:38:11.141+0000][2220][safepoint   ] Safepoint "ICBufferFull", Time since last: 1081478200 ns, Reaching safepoint: 165500 ns, At safepoint: 4100 ns, Total: 169600 ns
[2022-04-07T22:38:12.155+0000][2220][safepoint   ] Safepoint "Cleanup", Time since last: 1014140700 ns, Reaching safepoint: 55800 ns, At safepoint: 9000 ns, Total: 64800 ns
[2022-04-07T22:38:13.160+0000][2220][safepoint   ] Safepoint "Cleanup", Time since last: 1005295400 ns, Reaching safepoint: 82100 ns, At safepoint: 9600 ns, Total: 91700 ns
[2022-04-07T22:38:14.166+0000][2220][safepoint   ] Safepoint "Cleanup", Time since last: 1005021200 ns, Reaching safepoint: 112800 ns, At safepoint: 5400 ns, Total: 118200 ns
[2022-04-07T22:38:15.167+0000][2220][safepoint   ] Safepoint "Cleanup", Time since last: 1001599000 ns, Reaching safepoint: 64500 ns, At safepoint: 8700 ns, Total: 73200 ns
[2022-04-07T22:38:16.168+0000][2220][safepoint   ] Safepoint "Cleanup", Time since last: 1000828100 ns, Reaching safepoint: 148500 ns, At safepoint: 8300 ns, Total: 156800 ns
[2022-04-07T22:38:19.187+0000][2220][safepoint   ] Safepoint "Cleanup", Time since last: 3018917900 ns, Reaching safepoint: 78200 ns, At safepoint: 8700 ns, Total: 86900 ns
[2022-04-07T22:38:20.198+0000][2220][safepoint   ] Safepoint "Cleanup", Time since last: 1010498800 ns, Reaching safepoint: 50500 ns, At safepoint: 10000 ns, Total: 60500 ns
[2022-04-07T22:38:21.199+0000][2220][safepoint   ] Safepoint "Cleanup", Time since last: 1000880500 ns, Reaching safepoint: 44400 ns, At safepoint: 5200 ns, Total: 49600 ns
[2022-04-07T22:38:22.202+0000][2220][safepoint   ] Safepoint "Cleanup", Time since last: 1003341000 ns, Reaching safepoint: 50400 ns, At safepoint: 7600 ns, Total: 58000 ns
[2022-04-07T22:38:24.213+0000][2220][safepoint   ] Safepoint "Cleanup", Time since last: 2010889400 ns, Reaching safepoint: 74200 ns, At safepoint: 11000 ns, Total: 85200 ns
[2022-04-07T22:38:25.219+0000][2220][safepoint   ] Safepoint "Cleanup", Time since last: 1005753500 ns, Reaching safepoint: 55300 ns, At safepoint: 14700 ns, Total: 70000 ns
[2022-04-07T22:38:26.224+0000][2220][safepoint   ] Safepoint "Cleanup", Time since last: 1005367800 ns, Reaching safepoint: 48500 ns, At safepoint: 6200 ns, Total: 54700 ns
[2022-04-07T22:38:27.233+0000][2220][safepoint   ] Safepoint "Cleanup", Time since last: 1008394400 ns, Reaching safepoint: 47900 ns, At safepoint: 5800 ns, Total: 53700 ns
[2022-04-07T22:38:28.238+0000][2220][safepoint   ] Safepoint "Cleanup", Time since last: 1005544400 ns, Reaching safepoint: 70200 ns, At safepoint: 9400 ns, Total: 79600 ns
[2022-04-07T22:38:29.241+0000][2220][safepoint   ] Safepoint "Cleanup", Time since last: 1002618800 ns, Reaching safepoint: 52900 ns, At safepoint: 8900 ns, Total: 61800 ns
[2022-04-07T22:38:30.244+0000][2220][safepoint   ] Safepoint "Cleanup", Time since last: 1003003100 ns, Reaching safepoint: 58900 ns, At safepoint: 18300 ns, Total: 77200 ns
[2022-04-07T22:38:31.251+0000][2220][safepoint   ] Safepoint "Cleanup", Time since last: 1007107100 ns, Reaching safepoint: 55100 ns, At safepoint: 5900 ns, Total: 61000 ns
[2022-04-07T22:38:34.266+0000][2220][safepoint   ] Safepoint "Cleanup", Time since last: 3014802600 ns, Reaching safepoint: 110300 ns, At safepoint: 3600 ns, Total: 113900 ns
[2022-04-07T22:38:36.272+0000][2220][safepoint   ] Safepoint "Cleanup", Time since last: 2005492800 ns, Reaching safepoint: 44100 ns, At safepoint: 6500 ns, Total: 50600 ns
[2022-04-07T22:38:37.282+0000][2220][safepoint   ] Safepoint "Cleanup", Time since last: 1010622700 ns, Reaching safepoint: 58000 ns, At safepoint: 5800 ns, Total: 63800 ns
[2022-04-07T22:38:39.295+0000][2220][safepoint   ] Safepoint "Cleanup", Time since last: 2012749700 ns, Reaching safepoint: 48700 ns, At safepoint: 8300 ns, Total: 57000 ns
[2022-04-07T22:38:40.310+0000][2220][safepoint   ] Safepoint "Cleanup", Time since last: 1014799700 ns, Reaching safepoint: 48400 ns, At safepoint: 19600 ns, Total: 68000 ns
[2022-04-07T22:38:41.324+0000][2220][safepoint   ] Safepoint "Cleanup", Time since last: 1013671200 ns, Reaching safepoint: 60700 ns, At safepoint: 6000 ns, Total: 66700 ns
[2022-04-07T22:38:43.341+0000][2220][safepoint   ] Safepoint "Cleanup", Time since last: 2017259900 ns, Reaching safepoint: 58400 ns, At safepoint: 8100 ns, Total: 66500 ns
[2022-04-07T22:38:44.345+0000][2220][safepoint   ] Safepoint "Cleanup", Time since last: 1004019600 ns, Reaching safepoint: 64000 ns, At safepoint: 8700 ns, Total: 72700 ns
[2022-04-07T22:38:46.352+0000][2220][safepoint   ] Safepoint "Cleanup", Time since last: 2006801100 ns, Reaching safepoint: 47500 ns, At safepoint: 11100 ns, Total: 58600 ns
[2022-04-07T22:38:49.376+0000][2220][safepoint   ] Safepoint "Cleanup", Time since last: 3023444600 ns, Reaching safepoint: 118400 ns, At safepoint: 5700 ns, Total: 124100 ns
[2022-04-07T22:38:50.384+0000][2220][safepoint   ] Safepoint "Cleanup", Time since last: 1008354200 ns, Reaching safepoint: 108800 ns, At safepoint: 6100 ns, Total: 114900 ns
[2022-04-07T22:38:55.418+0000][2220][safepoint   ] Safepoint "Cleanup", Time since last: 5033926900 ns, Reaching safepoint: 52100 ns, At safepoint: 9800 ns, Total: 61900 ns
[2022-04-07T22:38:58.446+0000][2220][safepoint   ] Safepoint "Cleanup", Time since last: 3028160900 ns, Reaching safepoint: 55200 ns, At safepoint: 5800 ns, Total: 61000 ns
[2022-04-07T22:39:00.462+0000][2220][safepoint   ] Safepoint "Cleanup", Time since last: 2015830700 ns, Reaching safepoint: 63300 ns, At safepoint: 6800 ns, Total: 70100 ns
[2022-04-07T22:39:02.489+0000][2220][safepoint   ] Safepoint "Cleanup", Time since last: 2026538700 ns, Reaching safepoint: 127400 ns, At safepoint: 8100 ns, Total: 135500 ns
[2022-04-07T22:39:29.698+0000][2220][safepoint   ] Safepoint "Cleanup", Time since last: 27209112400 ns, Reaching safepoint: 58500 ns, At safepoint: 6200 ns, Total: 64700 ns
[2022-04-07T22:42:09.866+0000][2220][safepoint   ] Safepoint "Cleanup", Time since last: 160168206600 ns, Reaching safepoint: 48000 ns, At safepoint: 10400 ns, Total: 58400 ns
[2022-04-07T22:42:16.933+0000][2220][safepoint   ] Safepoint "Cleanup", Time since last: 7066915300 ns, Reaching safepoint: 66100 ns, At safepoint: 9200 ns, Total: 75300 ns
[2022-04-07T22:42:17.944+0000][2220][safepoint   ] Safepoint "Cleanup", Time since last: 1010796900 ns, Reaching safepoint: 90600 ns, At safepoint: 13800 ns, Total: 104400 ns
[2022-04-07T22:42:18.947+0000][2220][safepoint   ] Safepoint "Cleanup", Time since last: 1003006000 ns, Reaching safepoint: 134400 ns, At safepoint: 8000 ns, Total: 142400 ns
[2022-04-07T22:42:20.969+0000][2220][safepoint   ] Safepoint "Cleanup", Time since last: 2021824700 ns, Reaching safepoint: 83100 ns, At safepoint: 9400 ns, Total: 92500 ns
[2022-04-07T22:42:21.975+0000][2220][safepoint   ] Safepoint "Cleanup", Time since last: 1005822000 ns, Reaching safepoint: 67100 ns, At safepoint: 8900 ns, Total: 76000 ns
[2022-04-07T22:42:22.982+0000][2220][safepoint   ] Safepoint "Cleanup", Time since last: 1006653200 ns, Reaching safepoint: 81300 ns, At safepoint: 9700 ns, Total: 91000 ns
[2022-04-07T22:42:24.837+0000][2220][safepoint   ] Safepoint "Cleanup", Time since last: 1854634300 ns, Reaching safepoint: 78800 ns, At safepoint: 11400 ns, Total: 90200 ns
[2022-04-07T22:42:25.840+0000][2220][safepoint   ] Safepoint "Cleanup", Time since last: 1003367700 ns, Reaching safepoint: 118100 ns, At safepoint: 6700 ns, Total: 124800 ns
[2022-04-07T22:42:26.851+0000][2220][safepoint   ] Safepoint "Cleanup", Time since last: 1011034400 ns, Reaching safepoint: 45100 ns, At safepoint: 7500 ns, Total: 52600 ns
[2022-04-07T22:42:27.860+0000][2220][safepoint   ] Safepoint "Cleanup", Time since last: 1008169400 ns, Reaching safepoint: 52200 ns, At safepoint: 5500 ns, Total: 57700 ns
[2022-04-07T22:42:29.873+0000][2220][safepoint   ] Safepoint "Cleanup", Time since last: 2013336400 ns, Reaching safepoint: 48500 ns, At safepoint: 6000 ns, Total: 54500 ns
[2022-04-07T22:42:30.877+0000][2220][safepoint   ] Safepoint "Cleanup", Time since last: 1004254000 ns, Reaching safepoint: 50300 ns, At safepoint: 21500 ns, Total: 71800 ns
[2022-04-07T22:42:31.884+0000][2220][safepoint   ] Safepoint "Cleanup", Time since last: 1006774300 ns, Reaching safepoint: 41600 ns, At safepoint: 60600 ns, Total: 102200 ns
[2022-04-07T22:42:34.900+0000][2220][safepoint   ] Safepoint "Cleanup", Time since last: 3016161400 ns, Reaching safepoint: 45700 ns, At safepoint: 7500 ns, Total: 53200 ns
[2022-04-07T22:42:36.918+0000][2220][safepoint   ] Safepoint "Cleanup", Time since last: 2017194900 ns, Reaching safepoint: 47100 ns, At safepoint: 4700 ns, Total: 51800 ns
[2022-04-07T22:42:39.934+0000][2220][safepoint   ] Safepoint "Cleanup", Time since last: 3016255600 ns, Reaching safepoint: 50700 ns, At safepoint: 9600 ns, Total: 60300 ns
[2022-04-07T22:42:41.945+0000][2220][safepoint   ] Safepoint "Cleanup", Time since last: 2010688700 ns, Reaching safepoint: 119000 ns, At safepoint: 4900 ns, Total: 123900 ns
[2022-04-07T22:42:42.950+0000][2220][safepoint   ] Safepoint "Cleanup", Time since last: 1005634300 ns, Reaching safepoint: 74100 ns, At safepoint: 10600 ns, Total: 84700 ns
[2022-04-07T22:42:44.964+0000][2220][safepoint   ] Safepoint "Cleanup", Time since last: 2013244400 ns, Reaching safepoint: 46500 ns, At safepoint: 11300 ns, Total: 57800 ns
[2022-04-07T22:42:45.967+0000][2220][safepoint   ] Safepoint "Cleanup", Time since last: 1003019600 ns, Reaching safepoint: 52800 ns, At safepoint: 8000 ns, Total: 60800 ns
[2022-04-07T22:42:46.980+0000][2220][safepoint   ] Safepoint "Cleanup", Time since last: 1012724000 ns, Reaching safepoint: 50900 ns, At safepoint: 8800 ns, Total: 59700 ns
[2022-04-07T22:42:48.995+0000][2220][safepoint   ] Safepoint "Cleanup", Time since last: 2015676800 ns, Reaching safepoint: 66200 ns, At safepoint: 9300 ns, Total: 75500 ns
[2022-04-07T22:42:50.008+0000][2220][safepoint   ] Safepoint "Cleanup", Time since last: 1012273400 ns, Reaching safepoint: 43700 ns, At safepoint: 5400 ns, Total: 49100 ns
[2022-04-07T22:42:52.016+0000][2220][safepoint   ] Safepoint "Cleanup", Time since last: 2008514700 ns, Reaching safepoint: 51500 ns, At safepoint: 10600 ns, Total: 62100 ns
[2022-04-07T22:42:55.030+0000][2220][safepoint   ] Safepoint "Cleanup", Time since last: 3013796900 ns, Reaching safepoint: 41500 ns, At safepoint: 5900 ns, Total: 47400 ns
[2022-04-07T22:42:57.044+0000][2220][safepoint   ] Safepoint "Cleanup", Time since last: 2013732600 ns, Reaching safepoint: 46600 ns, At safepoint: 6400 ns, Total: 53000 ns
[2022-04-07T22:42:58.046+0000][2220][safepoint   ] Safepoint "Cleanup", Time since last: 1001854900 ns, Reaching safepoint: 42500 ns, At safepoint: 8100 ns, Total: 50600 ns
[2022-04-07T22:43:00.074+0000][2220][safepoint   ] Safepoint "Cleanup", Time since last: 2027839600 ns, Reaching safepoint: 93100 ns, At safepoint: 13100 ns, Total: 106200 ns
[2022-04-07T22:43:01.088+0000][2220][safepoint   ] Safepoint "Cleanup", Time since last: 1013723500 ns, Reaching safepoint: 71000 ns, At safepoint: 12400 ns, Total: 83400 ns
[2022-04-07T22:43:02.092+0000][2220][safepoint   ] Safepoint "Cleanup", Time since last: 1004078500 ns, Reaching safepoint: 43200 ns, At safepoint: 4500 ns, Total: 47700 ns
[2022-04-07T22:43:04.117+0000][2220][safepoint   ] Safepoint "Cleanup", Time since last: 2025326200 ns, Reaching safepoint: 55400 ns, At safepoint: 127300 ns, Total: 182700 ns
[2022-04-07T22:43:05.128+0000][2220][safepoint   ] Safepoint "Cleanup", Time since last: 1010323300 ns, Reaching safepoint: 52100 ns, At safepoint: 17800 ns, Total: 69900 ns
[2022-04-07T22:43:07.133+0000][2220][safepoint   ] Safepoint "Cleanup", Time since last: 2005024600 ns, Reaching safepoint: 56500 ns, At safepoint: 18900 ns, Total: 75400 ns
[2022-04-07T22:43:10.163+0000][2220][safepoint   ] Safepoint "Cleanup", Time since last: 3029924500 ns, Reaching safepoint: 52900 ns, At safepoint: 16200 ns, Total: 69100 ns
[2022-04-07T22:43:11.174+0000][2220][safepoint   ] Safepoint "Cleanup", Time since last: 1011437200 ns, Reaching safepoint: 256800 ns, At safepoint: 12000 ns, Total: 268800 ns
[2022-04-07T22:43:12.721+0000][2220][safepoint   ] Safepoint "Cleanup", Time since last: 1546249500 ns, Reaching safepoint: 101700 ns, At safepoint: 58800 ns, Total: 160500 ns
[2022-04-07T22:43:13.736+0000][2220][safepoint   ] Safepoint "Cleanup", Time since last: 1014668300 ns, Reaching safepoint: 139900 ns, At safepoint: 20300 ns, Total: 160200 ns
[2022-04-07T22:43:14.744+0000][2220][safepoint   ] Safepoint "Cleanup", Time since last: 1008022800 ns, Reaching safepoint: 73500 ns, At safepoint: 10900 ns, Total: 84400 ns
[2022-04-07T22:43:15.758+0000][2220][safepoint   ] Safepoint "Cleanup", Time since last: 1014599200 ns, Reaching safepoint: 47000 ns, At safepoint: 5900 ns, Total: 52900 ns
[2022-04-07T22:43:16.765+0000][2220][safepoint   ] Safepoint "Cleanup", Time since last: 1006438000 ns, Reaching safepoint: 66100 ns, At safepoint: 12100 ns, Total: 78200 ns
[2022-04-07T22:43:17.780+0000][2220][safepoint   ] Safepoint "Cleanup", Time since last: 1015383800 ns, Reaching safepoint: 49500 ns, At safepoint: 9600 ns, Total: 59100 ns
[2022-04-07T22:43:18.782+0000][2220][safepoint   ] Safepoint "Cleanup", Time since last: 1001852400 ns, Reaching safepoint: 67900 ns, At safepoint: 9700 ns, Total: 77600 ns
[2022-04-07T22:43:19.796+0000][2220][safepoint   ] Safepoint "Cleanup", Time since last: 1014014600 ns, Reaching safepoint: 49500 ns, At safepoint: 4100 ns, Total: 53600 ns
[2022-04-07T22:43:21.807+0000][2220][safepoint   ] Safepoint "Cleanup", Time since last: 2010726600 ns, Reaching safepoint: 63100 ns, At safepoint: 12100 ns, Total: 75200 ns
[2022-04-07T22:43:24.828+0000][2220][safepoint   ] Safepoint "Cleanup", Time since last: 3020475500 ns, Reaching safepoint: 214400 ns, At safepoint: 46900 ns, Total: 261300 ns
[2022-04-07T22:43:25.839+0000][2220][safepoint   ] Safepoint "Cleanup", Time since last: 1011082400 ns, Reaching safepoint: 55100 ns, At safepoint: 7100 ns, Total: 62200 ns
[2022-04-07T22:43:26.840+0000][2220][safepoint   ] Safepoint "Cleanup", Time since last: 1000724600 ns, Reaching safepoint: 44300 ns, At safepoint: 8400 ns, Total: 52700 ns
[2022-04-07T22:43:27.854+0000][2220][safepoint   ] Safepoint "Cleanup", Time since last: 1013852300 ns, Reaching safepoint: 41400 ns, At safepoint: 14500 ns, Total: 55900 ns
[2022-04-07T22:43:29.129+0000][2220][safepoint   ] Safepoint "Cleanup", Time since last: 1275341900 ns, Reaching safepoint: 61600 ns, At safepoint: 7700 ns, Total: 69300 ns
[2022-04-07T22:43:30.144+0000][2220][safepoint   ] Safepoint "Cleanup", Time since last: 1014617100 ns, Reaching safepoint: 104000 ns, At safepoint: 20600 ns, Total: 124600 ns
[2022-04-07T22:43:31.810+0000][2220][safepoint   ] Safepoint "Cleanup", Time since last: 1666397400 ns, Reaching safepoint: 102700 ns, At safepoint: 8500 ns, Total: 111200 ns
[2022-04-07T22:43:32.814+0000][2220][safepoint   ] Safepoint "Cleanup", Time since last: 1003459900 ns, Reaching safepoint: 124100 ns, At safepoint: 12800 ns, Total: 136900 ns
[2022-04-07T22:43:34.829+0000][2220][safepoint   ] Safepoint "Cleanup", Time since last: 2014819300 ns, Reaching safepoint: 50500 ns, At safepoint: 8600 ns, Total: 59100 ns
[2022-04-07T22:43:36.843+0000][2220][safepoint   ] Safepoint "Cleanup", Time since last: 2013728000 ns, Reaching safepoint: 308500 ns, At safepoint: 16700 ns, Total: 325200 ns
[2022-04-07T22:43:36.845+0000][2220][gc,start    ] GC(17) Pause Young (Normal) (G1 Evacuation Pause)
[2022-04-07T22:43:36.845+0000][2220][gc,task     ] GC(17) Using 4 workers of 4 for evacuation
[2022-04-07T22:43:36.845+0000][2220][gc,age      ] GC(17) Desired survivor size 142606336 bytes, new threshold 15 (max threshold 15)
[2022-04-07T22:43:36.886+0000][2220][gc,age      ] GC(17) Age table with threshold 15 (max threshold 15)
[2022-04-07T22:43:36.886+0000][2220][gc,age      ] GC(17) - age   1:   10719320 bytes,   10719320 total
[2022-04-07T22:43:36.886+0000][2220][gc,age      ] GC(17) - age   2:     314776 bytes,   11034096 total
[2022-04-07T22:43:36.886+0000][2220][gc,age      ] GC(17) - age   3:   19092120 bytes,   30126216 total
[2022-04-07T22:43:36.886+0000][2220][gc,age      ] GC(17) - age   4:    5277048 bytes,   35403264 total
[2022-04-07T22:43:36.886+0000][2220][gc,age      ] GC(17) - age   5:   11917984 bytes,   47321248 total
[2022-04-07T22:43:36.886+0000][2220][gc,age      ] GC(17) - age   6:   18443208 bytes,   65764456 total
[2022-04-07T22:43:36.887+0000][2220][gc,phases   ] GC(17)   Pre Evacuate Collection Set: 0.2ms
[2022-04-07T22:43:36.887+0000][2220][gc,phases   ] GC(17)   Merge Heap Roots: 0.1ms
[2022-04-07T22:43:36.887+0000][2220][gc,phases   ] GC(17)   Evacuate Collection Set: 38.5ms
[2022-04-07T22:43:36.887+0000][2220][gc,phases   ] GC(17)   Post Evacuate Collection Set: 2.2ms
[2022-04-07T22:43:36.887+0000][2220][gc,phases   ] GC(17)   Other: 0.5ms
[2022-04-07T22:43:36.887+0000][2220][gc,heap     ] GC(17) Eden regions: 525->0(1202)
[2022-04-07T22:43:36.887+0000][2220][gc,heap     ] GC(17) Survivor regions: 18->18(68)
[2022-04-07T22:43:36.887+0000][2220][gc,heap     ] GC(17) Old regions: 12->12
[2022-04-07T22:43:36.887+0000][2220][gc,heap     ] GC(17) Archive regions: 0->0
[2022-04-07T22:43:36.887+0000][2220][gc,heap     ] GC(17) Humongous regions: 5->5
[2022-04-07T22:43:36.887+0000][2220][gc,metaspace] GC(17) Metaspace: 132172K(134400K)->132172K(134400K) NonClass: 114505K(115776K)->114505K(115776K) Class: 17666K(18624K)->17666K(18624K)
[2022-04-07T22:43:36.887+0000][2220][gc          ] GC(17) Pause Young (Normal) (G1 Evacuation Pause) 2237M->139M(8136M) 41.660ms
[2022-04-07T22:43:36.887+0000][2220][gc,cpu      ] GC(17) User=0.16s Sys=0.00s Real=0.04s
[2022-04-07T22:43:36.887+0000][2220][safepoint   ] Safepoint "G1CollectForAllocation", Time since last: 2335200 ns, Reaching safepoint: 40300 ns, At safepoint: 41755400 ns, Total: 41795700 ns
[2022-04-07T22:43:37.900+0000][2220][safepoint   ] Safepoint "Cleanup", Time since last: 1012940700 ns, Reaching safepoint: 45200 ns, At safepoint: 9000 ns, Total: 54200 ns
[2022-04-07T22:43:51.973+0000][2220][safepoint   ] Safepoint "Cleanup", Time since last: 14073070300 ns, Reaching safepoint: 61800 ns, At safepoint: 4200 ns, Total: 66000 ns
[2022-04-07T22:43:54.989+0000][2220][safepoint   ] Safepoint "Cleanup", Time since last: 3015573300 ns, Reaching safepoint: 55500 ns, At safepoint: 17900 ns, Total: 73400 ns
[2022-04-07T22:43:55.997+0000][2220][safepoint   ] Safepoint "Cleanup", Time since last: 1007694800 ns, Reaching safepoint: 51400 ns, At safepoint: 6000 ns, Total: 57400 ns
[2022-04-07T22:43:57.001+0000][2220][safepoint   ] Safepoint "Cleanup", Time since last: 1004754700 ns, Reaching safepoint: 58600 ns, At safepoint: 10100 ns, Total: 68700 ns
[2022-04-07T22:43:58.008+0000][2220][safepoint   ] Safepoint "Cleanup", Time since last: 1006068700 ns, Reaching safepoint: 51400 ns, At safepoint: 12900 ns, Total: 64300 ns
[2022-04-07T22:44:01.024+0000][2220][safepoint   ] Safepoint "Cleanup", Time since last: 3016690200 ns, Reaching safepoint: 52300 ns, At safepoint: 6100 ns, Total: 58400 ns
[2022-04-07T22:44:02.039+0000][2220][safepoint   ] Safepoint "Cleanup", Time since last: 1014377100 ns, Reaching safepoint: 68600 ns, At safepoint: 8200 ns, Total: 76800 ns
[2022-04-07T22:44:05.067+0000][2220][safepoint   ] Safepoint "Cleanup", Time since last: 3027811200 ns, Reaching safepoint: 49900 ns, At safepoint: 16500 ns, Total: 66400 ns
[2022-04-07T22:44:06.072+0000][2220][safepoint   ] Safepoint "Cleanup", Time since last: 1005257700 ns, Reaching safepoint: 40500 ns, At safepoint: 10300 ns, Total: 50800 ns
[2022-04-07T22:44:10.102+0000][2220][safepoint   ] Safepoint "Cleanup", Time since last: 4030108800 ns, Reaching safepoint: 82600 ns, At safepoint: 8400 ns, Total: 91000 ns
[2022-04-07T22:44:11.105+0000][2220][safepoint   ] Safepoint "Cleanup", Time since last: 1002874100 ns, Reaching safepoint: 109400 ns, At safepoint: 14800 ns, Total: 124200 ns
[2022-04-07T22:44:13.121+0000][2220][safepoint   ] Safepoint "Cleanup", Time since last: 2015410000 ns, Reaching safepoint: 53500 ns, At safepoint: 6600 ns, Total: 60100 ns
[2022-04-07T22:44:17.141+0000][2220][safepoint   ] Safepoint "Cleanup", Time since last: 4020323800 ns, Reaching safepoint: 49500 ns, At safepoint: 6500 ns, Total: 56000 ns
[2022-04-07T22:44:19.145+0000][2220][safepoint   ] Safepoint "Cleanup", Time since last: 2003892700 ns, Reaching safepoint: 41800 ns, At safepoint: 13500 ns, Total: 55300 ns
[2022-04-07T22:44:20.146+0000][2220][safepoint   ] Safepoint "Cleanup", Time since last: 1001297400 ns, Reaching safepoint: 58700 ns, At safepoint: 9800 ns, Total: 68500 ns
[2022-04-07T22:44:22.172+0000][2220][safepoint   ] Safepoint "Cleanup", Time since last: 2025706300 ns, Reaching safepoint: 66700 ns, At safepoint: 9000 ns, Total: 75700 ns
[2022-04-07T22:44:25.193+0000][2220][safepoint   ] Safepoint "Cleanup", Time since last: 3020759300 ns, Reaching safepoint: 48200 ns, At safepoint: 8400 ns, Total: 56600 ns
[2022-04-07T22:44:26.203+0000][2220][safepoint   ] Safepoint "Cleanup", Time since last: 1010382000 ns, Reaching safepoint: 107900 ns, At safepoint: 17700 ns, Total: 125600 ns
[2022-04-07T22:44:27.211+0000][2220][safepoint   ] Safepoint "Cleanup", Time since last: 1007501500 ns, Reaching safepoint: 56300 ns, At safepoint: 9600 ns, Total: 65900 ns
[2022-04-07T22:44:28.216+0000][2220][safepoint   ] Safepoint "Cleanup", Time since last: 1005359000 ns, Reaching safepoint: 55700 ns, At safepoint: 6300 ns, Total: 62000 ns
[2022-04-07T22:44:30.229+0000][2220][safepoint   ] Safepoint "Cleanup", Time since last: 2012503400 ns, Reaching safepoint: 47200 ns, At safepoint: 7300 ns, Total: 54500 ns
[2022-04-07T22:44:32.235+0000][2220][safepoint   ] Safepoint "Cleanup", Time since last: 2005757300 ns, Reaching safepoint: 37300 ns, At safepoint: 6500 ns, Total: 43800 ns
[2022-04-07T22:44:37.278+0000][2220][safepoint   ] Safepoint "Cleanup", Time since last: 5042861100 ns, Reaching safepoint: 50800 ns, At safepoint: 8300 ns, Total: 59100 ns
[2022-04-07T22:44:40.306+0000][2220][safepoint   ] Safepoint "Cleanup", Time since last: 3027969200 ns, Reaching safepoint: 52100 ns, At safepoint: 5500 ns, Total: 57600 ns
[2022-04-07T22:44:46.353+0000][2220][safepoint   ] Safepoint "Cleanup", Time since last: 6046815200 ns, Reaching safepoint: 68100 ns, At safepoint: 8500 ns, Total: 76600 ns
[2022-04-07T22:44:49.395+0000][2220][safepoint   ] Safepoint "Cleanup", Time since last: 3042620700 ns, Reaching safepoint: 51000 ns, At safepoint: 5000 ns, Total: 56000 ns
[2022-04-07T22:45:01.499+0000][2220][safepoint   ] Safepoint "Cleanup", Time since last: 12104004700 ns, Reaching safepoint: 47800 ns, At safepoint: 6200 ns, Total: 54000 ns
[2022-04-07T22:45:02.504+0000][2220][safepoint   ] Safepoint "Cleanup", Time since last: 1004159500 ns, Reaching safepoint: 52100 ns, At safepoint: 5100 ns, Total: 57200 ns
[2022-04-07T22:45:13.561+0000][2220][safepoint   ] Safepoint "Cleanup", Time since last: 11057481600 ns, Reaching safepoint: 50500 ns, At safepoint: 6800 ns, Total: 57300 ns
[2022-04-07T22:45:14.576+0000][2220][safepoint   ] Safepoint "Cleanup", Time since last: 1014632200 ns, Reaching safepoint: 58400 ns, At safepoint: 6600 ns, Total: 65000 ns
[2022-04-07T22:45:19.614+0000][2220][safepoint   ] Safepoint "Cleanup", Time since last: 5037991400 ns, Reaching safepoint: 47500 ns, At safepoint: 11000 ns, Total: 58500 ns
[2022-04-07T22:45:21.623+0000][2220][safepoint   ] Safepoint "Cleanup", Time since last: 2008853000 ns, Reaching safepoint: 66100 ns, At safepoint: 13600 ns, Total: 79700 ns
[2022-04-07T22:45:25.646+0000][2220][safepoint   ] Safepoint "Cleanup", Time since last: 4022865100 ns, Reaching safepoint: 64500 ns, At safepoint: 7100 ns, Total: 71600 ns
[2022-04-07T22:45:27.671+0000][2220][safepoint   ] Safepoint "Cleanup", Time since last: 2025100000 ns, Reaching safepoint: 43000 ns, At safepoint: 5200 ns, Total: 48200 ns
[2022-04-07T22:45:29.699+0000][2220][safepoint   ] Safepoint "Cleanup", Time since last: 2028039200 ns, Reaching safepoint: 49900 ns, At safepoint: 15400 ns, Total: 65300 ns
[2022-04-07T22:45:30.705+0000][2220][safepoint   ] Safepoint "Cleanup", Time since last: 1006276700 ns, Reaching safepoint: 104200 ns, At safepoint: 5000 ns, Total: 109200 ns
[2022-04-07T22:45:31.713+0000][2220][safepoint   ] Safepoint "Cleanup", Time since last: 1007636300 ns, Reaching safepoint: 92500 ns, At safepoint: 5700 ns, Total: 98200 ns
[2022-04-07T22:45:38.753+0000][2220][safepoint   ] Safepoint "Cleanup", Time since last: 7039701400 ns, Reaching safepoint: 45800 ns, At safepoint: 10500 ns, Total: 56300 ns
[2022-04-07T22:45:40.768+0000][2220][safepoint   ] Safepoint "Cleanup", Time since last: 2015178500 ns, Reaching safepoint: 67700 ns, At safepoint: 21300 ns, Total: 89000 ns
[2022-04-07T22:45:49.851+0000][2220][safepoint   ] Safepoint "Cleanup", Time since last: 9083215200 ns, Reaching safepoint: 60700 ns, At safepoint: 7900 ns, Total: 68600 ns
[2022-04-07T22:45:55.920+0000][2220][safepoint   ] Safepoint "Cleanup", Time since last: 6068674800 ns, Reaching safepoint: 48700 ns, At safepoint: 8600 ns, Total: 57300 ns
[2022-04-07T22:45:58.948+0000][2220][safepoint   ] Safepoint "Cleanup", Time since last: 3028241500 ns, Reaching safepoint: 49700 ns, At safepoint: 11000 ns, Total: 60700 ns
[2022-04-07T22:46:00.978+0000][2220][safepoint   ] Safepoint "Cleanup", Time since last: 2029483000 ns, Reaching safepoint: 56100 ns, At safepoint: 11000 ns, Total: 67100 ns
[2022-04-07T22:46:01.987+0000][2220][safepoint   ] Safepoint "Cleanup", Time since last: 1009503700 ns, Reaching safepoint: 50200 ns, At safepoint: 8700 ns, Total: 58900 ns
[2022-04-07T22:46:08.041+0000][2220][safepoint   ] Safepoint "Cleanup", Time since last: 6053869900 ns, Reaching safepoint: 53500 ns, At safepoint: 8900 ns, Total: 62400 ns
[2022-04-07T22:46:15.136+0000][2220][safepoint   ] Safepoint "Cleanup", Time since last: 7094760500 ns, Reaching safepoint: 52100 ns, At safepoint: 6400 ns, Total: 58500 ns
[2022-04-07T22:46:22.185+0000][2220][safepoint   ] Safepoint "Cleanup", Time since last: 7048275100 ns, Reaching safepoint: 107400 ns, At safepoint: 4800 ns, Total: 112200 ns
[2022-04-07T22:46:23.198+0000][2220][safepoint   ] Safepoint "Cleanup", Time since last: 1013059600 ns, Reaching safepoint: 57700 ns, At safepoint: 16900 ns, Total: 74600 ns
[2022-04-07T22:46:30.251+0000][2220][safepoint   ] Safepoint "Cleanup", Time since last: 7053201200 ns, Reaching safepoint: 48100 ns, At safepoint: 7600 ns, Total: 55700 ns
[2022-04-07T22:46:32.268+0000][2220][safepoint   ] Safepoint "Cleanup", Time since last: 2017226700 ns, Reaching safepoint: 66400 ns, At safepoint: 4200 ns, Total: 70600 ns
[2022-04-07T22:46:33.269+0000][2220][safepoint   ] Safepoint "Cleanup", Time since last: 1000227600 ns, Reaching safepoint: 87000 ns, At safepoint: 10700 ns, Total: 97700 ns
[2022-04-07T22:46:34.269+0000][2220][safepoint   ] Safepoint "Cleanup", Time since last: 1000467200 ns, Reaching safepoint: 35400 ns, At safepoint: 9900 ns, Total: 45300 ns
[2022-04-07T22:46:37.289+0000][2220][safepoint   ] Safepoint "Cleanup", Time since last: 3020434200 ns, Reaching safepoint: 42900 ns, At safepoint: 4200 ns, Total: 47100 ns
[2022-04-07T22:46:38.298+0000][2220][safepoint   ] Safepoint "Cleanup", Time since last: 1008486600 ns, Reaching safepoint: 162200 ns, At safepoint: 29200 ns, Total: 191400 ns
[2022-04-07T22:46:43.346+0000][2220][safepoint   ] Safepoint "Cleanup", Time since last: 5048035900 ns, Reaching safepoint: 42500 ns, At safepoint: 5200 ns, Total: 47700 ns
[2022-04-07T22:46:44.353+0000][2220][safepoint   ] Safepoint "Cleanup", Time since last: 1006235500 ns, Reaching safepoint: 86900 ns, At safepoint: 9100 ns, Total: 96000 ns
[2022-04-07T22:46:49.414+0000][2220][safepoint   ] Safepoint "Cleanup", Time since last: 5060714900 ns, Reaching safepoint: 64800 ns, At safepoint: 9900 ns, Total: 74700 ns
[2022-04-07T22:46:54.444+0000][2220][safepoint   ] Safepoint "Cleanup", Time since last: 5030013700 ns, Reaching safepoint: 61400 ns, At safepoint: 11700 ns, Total: 73100 ns
[2022-04-07T22:46:55.447+0000][2220][safepoint   ] Safepoint "Cleanup", Time since last: 1003366800 ns, Reaching safepoint: 123400 ns, At safepoint: 6100 ns, Total: 129500 ns
[2022-04-07T22:47:01.517+0000][2220][safepoint   ] Safepoint "Cleanup", Time since last: 6069628700 ns, Reaching safepoint: 108500 ns, At safepoint: 12500 ns, Total: 121000 ns
[2022-04-07T22:47:03.519+0000][2220][safepoint   ] Safepoint "Cleanup", Time since last: 2001961700 ns, Reaching safepoint: 101700 ns, At safepoint: 13900 ns, Total: 115600 ns
[2022-04-07T22:47:05.531+0000][2220][safepoint   ] Safepoint "Cleanup", Time since last: 2012624000 ns, Reaching safepoint: 47200 ns, At safepoint: 6500 ns, Total: 53700 ns
[2022-04-07T22:47:07.544+0000][2220][safepoint   ] Safepoint "Cleanup", Time since last: 2012595700 ns, Reaching safepoint: 51100 ns, At safepoint: 5800 ns, Total: 56900 ns
[2022-04-07T22:47:15.588+0000][2220][safepoint   ] Safepoint "Cleanup", Time since last: 8044119000 ns, Reaching safepoint: 58600 ns, At safepoint: 9800 ns, Total: 68400 ns
[2022-04-07T22:47:18.604+0000][2220][safepoint   ] Safepoint "Cleanup", Time since last: 3015302000 ns, Reaching safepoint: 43000 ns, At safepoint: 9300 ns, Total: 52300 ns
[2022-04-07T22:47:21.611+0000][2220][safepoint   ] Safepoint "Cleanup", Time since last: 3007043700 ns, Reaching safepoint: 63700 ns, At safepoint: 13400 ns, Total: 77100 ns
[2022-04-07T22:47:22.625+0000][2220][safepoint   ] Safepoint "Cleanup", Time since last: 1014420100 ns, Reaching safepoint: 48500 ns, At safepoint: 10400 ns, Total: 58900 ns
[2022-04-07T22:47:23.635+0000][2220][safepoint   ] Safepoint "Cleanup", Time since last: 1009845700 ns, Reaching safepoint: 51800 ns, At safepoint: 9800 ns, Total: 61600 ns
[2022-04-07T22:47:25.647+0000][2220][safepoint   ] Safepoint "Cleanup", Time since last: 2012048000 ns, Reaching safepoint: 57700 ns, At safepoint: 6000 ns, Total: 63700 ns
[2022-04-07T22:47:27.666+0000][2220][safepoint   ] Safepoint "Cleanup", Time since last: 2018827800 ns, Reaching safepoint: 58200 ns, At safepoint: 8600 ns, Total: 66800 ns
[2022-04-07T22:47:32.692+0000][2220][safepoint   ] Safepoint "Cleanup", Time since last: 5025818800 ns, Reaching safepoint: 43200 ns, At safepoint: 9000 ns, Total: 52200 ns
[2022-04-07T22:47:34.723+0000][2220][safepoint   ] Safepoint "Cleanup", Time since last: 2030483000 ns, Reaching safepoint: 36000 ns, At safepoint: 2600 ns, Total: 38600 ns
[2022-04-07T22:47:37.748+0000][2220][safepoint   ] Safepoint "Cleanup", Time since last: 3025196300 ns, Reaching safepoint: 47400 ns, At safepoint: 16100 ns, Total: 63500 ns
[2022-04-07T22:47:42.759+0000][2220][safepoint   ] Safepoint "Cleanup", Time since last: 5010699000 ns, Reaching safepoint: 114900 ns, At safepoint: 14100 ns, Total: 129000 ns
[2022-04-07T22:47:43.771+0000][2220][safepoint   ] Safepoint "Cleanup", Time since last: 1012408300 ns, Reaching safepoint: 77800 ns, At safepoint: 13100 ns, Total: 90900 ns
[2022-04-07T22:47:44.785+0000][2220][safepoint   ] Safepoint "Cleanup", Time since last: 1013926300 ns, Reaching safepoint: 64900 ns, At safepoint: 8600 ns, Total: 73500 ns
[2022-04-07T22:47:45.793+0000][2220][safepoint   ] Safepoint "Cleanup", Time since last: 1007468500 ns, Reaching safepoint: 53200 ns, At safepoint: 12200 ns, Total: 65400 ns
[2022-04-07T22:47:48.809+0000][2220][safepoint   ] Safepoint "Cleanup", Time since last: 3016100800 ns, Reaching safepoint: 53400 ns, At safepoint: 6800 ns, Total: 60200 ns
[2022-04-07T22:47:50.826+0000][2220][safepoint   ] Safepoint "Cleanup", Time since last: 2016763800 ns, Reaching safepoint: 57500 ns, At safepoint: 10000 ns, Total: 67500 ns
[2022-04-07T22:47:52.855+0000][2220][safepoint   ] Safepoint "Cleanup", Time since last: 2028910500 ns, Reaching safepoint: 53300 ns, At safepoint: 11400 ns, Total: 64700 ns
[2022-04-07T22:47:53.856+0000][2220][safepoint   ] Safepoint "Cleanup", Time since last: 1001006300 ns, Reaching safepoint: 61800 ns, At safepoint: 17800 ns, Total: 79600 ns
[2022-04-07T22:47:54.871+0000][2220][safepoint   ] Safepoint "Cleanup", Time since last: 1014464300 ns, Reaching safepoint: 102200 ns, At safepoint: 3500 ns, Total: 105700 ns
[2022-04-07T22:47:55.878+0000][2220][safepoint   ] Safepoint "Cleanup", Time since last: 1007681200 ns, Reaching safepoint: 39300 ns, At safepoint: 8100 ns, Total: 47400 ns
[2022-04-07T22:47:56.882+0000][2220][safepoint   ] Safepoint "Cleanup", Time since last: 1004142200 ns, Reaching safepoint: 202000 ns, At safepoint: 13000 ns, Total: 215000 ns
[2022-04-07T22:47:57.895+0000][2220][safepoint   ] Safepoint "Cleanup", Time since last: 1012732000 ns, Reaching safepoint: 68500 ns, At safepoint: 10600 ns, Total: 79100 ns
[2022-04-07T22:47:59.919+0000][2220][safepoint   ] Safepoint "Cleanup", Time since last: 2023349100 ns, Reaching safepoint: 122300 ns, At safepoint: 5700 ns, Total: 128000 ns
[2022-04-07T22:48:00.933+0000][2220][safepoint   ] Safepoint "Cleanup", Time since last: 1014408000 ns, Reaching safepoint: 55600 ns, At safepoint: 17200 ns, Total: 72800 ns
[2022-04-07T22:48:01.935+0000][2220][safepoint   ] Safepoint "Cleanup", Time since last: 1002009200 ns, Reaching safepoint: 53600 ns, At safepoint: 7300 ns, Total: 60900 ns
[2022-04-07T22:48:08.000+0000][2220][safepoint   ] Safepoint "Cleanup", Time since last: 6064586000 ns, Reaching safepoint: 134600 ns, At safepoint: 5100 ns, Total: 139700 ns
[2022-04-07T22:48:13.034+0000][2220][safepoint   ] Safepoint "Cleanup", Time since last: 5033766600 ns, Reaching safepoint: 45500 ns, At safepoint: 6000 ns, Total: 51500 ns
[2022-04-07T22:48:14.037+0000][2220][safepoint   ] Safepoint "Cleanup", Time since last: 1003279100 ns, Reaching safepoint: 61200 ns, At safepoint: 8400 ns, Total: 69600 ns
[2022-04-07T22:48:16.065+0000][2220][safepoint   ] Safepoint "Cleanup", Time since last: 2027758000 ns, Reaching safepoint: 51000 ns, At safepoint: 9100 ns, Total: 60100 ns
[2022-04-07T22:48:20.101+0000][2220][safepoint   ] Safepoint "Cleanup", Time since last: 4035978100 ns, Reaching safepoint: 79700 ns, At safepoint: 17400 ns, Total: 97100 ns
[2022-04-07T22:48:22.117+0000][2220][safepoint   ] Safepoint "Cleanup", Time since last: 2016057700 ns, Reaching safepoint: 80000 ns, At safepoint: 20200 ns, Total: 100200 ns
[2022-04-07T22:48:27.153+0000][2220][safepoint   ] Safepoint "Cleanup", Time since last: 5035467900 ns, Reaching safepoint: 78400 ns, At safepoint: 9800 ns, Total: 88200 ns
[2022-04-07T22:48:28.160+0000][2220][safepoint   ] Safepoint "Cleanup", Time since last: 1007448700 ns, Reaching safepoint: 71300 ns, At safepoint: 8700 ns, Total: 80000 ns
[2022-04-07T22:48:29.161+0000][2220][safepoint   ] Safepoint "Cleanup", Time since last: 1000069500 ns, Reaching safepoint: 61900 ns, At safepoint: 6000 ns, Total: 67900 ns
[2022-04-07T22:48:32.172+0000][2220][safepoint   ] Safepoint "Cleanup", Time since last: 3011667900 ns, Reaching safepoint: 117100 ns, At safepoint: 5900 ns, Total: 123000 ns
[2022-04-07T22:48:35.196+0000][2220][safepoint   ] Safepoint "Cleanup", Time since last: 3023917300 ns, Reaching safepoint: 54300 ns, At safepoint: 4000 ns, Total: 58300 ns
[2022-04-07T22:48:36.207+0000][2220][safepoint   ] Safepoint "Cleanup", Time since last: 1010689800 ns, Reaching safepoint: 134400 ns, At safepoint: 8400 ns, Total: 142800 ns
[2022-04-07T22:48:37.836+0000][2220][safepoint   ] Safepoint "Cleanup", Time since last: 1629192600 ns, Reaching safepoint: 76000 ns, At safepoint: 7700 ns, Total: 83700 ns
[2022-04-07T22:48:39.845+0000][2220][safepoint   ] Safepoint "Cleanup", Time since last: 2008750000 ns, Reaching safepoint: 48200 ns, At safepoint: 8400 ns, Total: 56600 ns
[2022-04-07T22:48:40.856+0000][2220][safepoint   ] Safepoint "Cleanup", Time since last: 1010919000 ns, Reaching safepoint: 68100 ns, At safepoint: 13800 ns, Total: 81900 ns
[2022-04-07T22:48:41.860+0000][2220][safepoint   ] Safepoint "Cleanup", Time since last: 1003945900 ns, Reaching safepoint: 58000 ns, At safepoint: 5200 ns, Total: 63200 ns
[2022-04-07T22:48:44.880+0000][2220][safepoint   ] Safepoint "Cleanup", Time since last: 3020148400 ns, Reaching safepoint: 79600 ns, At safepoint: 13400 ns, Total: 93000 ns
[2022-04-07T22:48:45.890+0000][2220][safepoint   ] Safepoint "Cleanup", Time since last: 1009893000 ns, Reaching safepoint: 54300 ns, At safepoint: 7100 ns, Total: 61400 ns
[2022-04-07T22:48:46.898+0000][2220][safepoint   ] Safepoint "Cleanup", Time since last: 1007781900 ns, Reaching safepoint: 44800 ns, At safepoint: 61500 ns, Total: 106300 ns
[2022-04-07T22:48:47.913+0000][2220][safepoint   ] Safepoint "Cleanup", Time since last: 1014846500 ns, Reaching safepoint: 183100 ns, At safepoint: 6500 ns, Total: 189600 ns
[2022-04-07T22:48:48.921+0000][2220][safepoint   ] Safepoint "Cleanup", Time since last: 1007333600 ns, Reaching safepoint: 62100 ns, At safepoint: 6800 ns, Total: 68900 ns
[2022-04-07T22:48:50.940+0000][2220][safepoint   ] Safepoint "Cleanup", Time since last: 2019083900 ns, Reaching safepoint: 65600 ns, At safepoint: 10200 ns, Total: 75800 ns
[2022-04-07T22:48:55.978+0000][2220][safepoint   ] Safepoint "Cleanup", Time since last: 5038386500 ns, Reaching safepoint: 41500 ns, At safepoint: 58500 ns, Total: 100000 ns
[2022-04-07T22:48:58.996+0000][2220][safepoint   ] Safepoint "Cleanup", Time since last: 3017511300 ns, Reaching safepoint: 45300 ns, At safepoint: 12300 ns, Total: 57600 ns
[2022-04-07T22:49:00.011+0000][2220][safepoint   ] Safepoint "Cleanup", Time since last: 1015274100 ns, Reaching safepoint: 71800 ns, At safepoint: 8700 ns, Total: 80500 ns
[2022-04-07T22:49:02.026+0000][2220][safepoint   ] Safepoint "Cleanup", Time since last: 2014431400 ns, Reaching safepoint: 72800 ns, At safepoint: 23200 ns, Total: 96000 ns
[2022-04-07T22:49:03.033+0000][2220][safepoint   ] Safepoint "Cleanup", Time since last: 1007206200 ns, Reaching safepoint: 144300 ns, At safepoint: 7000 ns, Total: 151300 ns
[2022-04-07T22:49:05.048+0000][2220][safepoint   ] Safepoint "Cleanup", Time since last: 2014641100 ns, Reaching safepoint: 76400 ns, At safepoint: 8000 ns, Total: 84400 ns
[2022-04-07T22:49:10.088+0000][2220][safepoint   ] Safepoint "Cleanup", Time since last: 5039820300 ns, Reaching safepoint: 61600 ns, At safepoint: 8900 ns, Total: 70500 ns
[2022-04-07T22:49:14.137+0000][2220][safepoint   ] Safepoint "Cleanup", Time since last: 4049008100 ns, Reaching safepoint: 63100 ns, At safepoint: 6300 ns, Total: 69400 ns
[2022-04-07T22:49:17.181+0000][2220][safepoint   ] Safepoint "Cleanup", Time since last: 3043843200 ns, Reaching safepoint: 143000 ns, At safepoint: 11900 ns, Total: 154900 ns
[2022-04-07T22:49:20.190+0000][2220][safepoint   ] Safepoint "Cleanup", Time since last: 3008620300 ns, Reaching safepoint: 60700 ns, At safepoint: 6900 ns, Total: 67600 ns
[2022-04-07T22:49:22.197+0000][2220][safepoint   ] Safepoint "Cleanup", Time since last: 2007294200 ns, Reaching safepoint: 47100 ns, At safepoint: 9000 ns, Total: 56100 ns
[2022-04-07T22:49:32.279+0000][2220][safepoint   ] Safepoint "Cleanup", Time since last: 10081930800 ns, Reaching safepoint: 50900 ns, At safepoint: 7900 ns, Total: 58800 ns
[2022-04-07T22:49:44.348+0000][2220][safepoint   ] Safepoint "Cleanup", Time since last: 12069236900 ns, Reaching safepoint: 45700 ns, At safepoint: 10300 ns, Total: 56000 ns
[2022-04-07T22:49:48.378+0000][2220][safepoint   ] Safepoint "Cleanup", Time since last: 4030077700 ns, Reaching safepoint: 66000 ns, At safepoint: 11000 ns, Total: 77000 ns
[2022-04-07T22:49:56.457+0000][2220][safepoint   ] Safepoint "Cleanup", Time since last: 8078506300 ns, Reaching safepoint: 58100 ns, At safepoint: 14800 ns, Total: 72900 ns
[2022-04-07T22:49:57.472+0000][2220][safepoint   ] Safepoint "Cleanup", Time since last: 1015328000 ns, Reaching safepoint: 79900 ns, At safepoint: 5700 ns, Total: 85600 ns
[2022-04-07T22:50:02.519+0000][2220][safepoint   ] Safepoint "Cleanup", Time since last: 5046676200 ns, Reaching safepoint: 56900 ns, At safepoint: 6000 ns, Total: 62900 ns
[2022-04-07T22:50:03.521+0000][2220][safepoint   ] Safepoint "Cleanup", Time since last: 1001793400 ns, Reaching safepoint: 41800 ns, At safepoint: 13400 ns, Total: 55200 ns
[2022-04-07T22:50:08.564+0000][2220][safepoint   ] Safepoint "Cleanup", Time since last: 5043109600 ns, Reaching safepoint: 60600 ns, At safepoint: 4900 ns, Total: 65500 ns
[2022-04-07T22:50:09.579+0000][2220][safepoint   ] Safepoint "Cleanup", Time since last: 1014460700 ns, Reaching safepoint: 50500 ns, At safepoint: 7500 ns, Total: 58000 ns
[2022-04-07T22:50:14.628+0000][2220][safepoint   ] Safepoint "Cleanup", Time since last: 5049745000 ns, Reaching safepoint: 53100 ns, At safepoint: 8000 ns, Total: 61100 ns
[2022-04-07T22:50:20.663+0000][2220][safepoint   ] Safepoint "Cleanup", Time since last: 6034359300 ns, Reaching safepoint: 76800 ns, At safepoint: 13000 ns, Total: 89800 ns
[2022-04-07T22:50:21.674+0000][2220][safepoint   ] Safepoint "Cleanup", Time since last: 1011277400 ns, Reaching safepoint: 44200 ns, At safepoint: 4700 ns, Total: 48900 ns
[2022-04-07T22:50:26.737+0000][2220][safepoint   ] Safepoint "Cleanup", Time since last: 5063046500 ns, Reaching safepoint: 67100 ns, At safepoint: 11600 ns, Total: 78700 ns
[2022-04-07T22:50:28.768+0000][2220][safepoint   ] Safepoint "Cleanup", Time since last: 2028215600 ns, Reaching safepoint: 185200 ns, At safepoint: 1826100 ns, Total: 2011300 ns
[2022-04-07T22:50:29.969+0000][2220][safepoint   ] Safepoint "Cleanup", Time since last: 1200951900 ns, Reaching safepoint: 107900 ns, At safepoint: 7200 ns, Total: 115100 ns
[2022-04-07T22:50:32.979+0000][2220][safepoint   ] Safepoint "Cleanup", Time since last: 3010632600 ns, Reaching safepoint: 121700 ns, At safepoint: 5600 ns, Total: 127300 ns
[2022-04-07T22:50:37.005+0000][2220][safepoint   ] Safepoint "Cleanup", Time since last: 4025134100 ns, Reaching safepoint: 39300 ns, At safepoint: 9000 ns, Total: 48300 ns
[2022-04-07T22:50:44.058+0000][2220][safepoint   ] Safepoint "Cleanup", Time since last: 7053383100 ns, Reaching safepoint: 49000 ns, At safepoint: 8500 ns, Total: 57500 ns
[2022-04-07T22:50:48.089+0000][2220][safepoint   ] Safepoint "Cleanup", Time since last: 4030696800 ns, Reaching safepoint: 45500 ns, At safepoint: 5900 ns, Total: 51400 ns
[2022-04-07T22:50:51.099+0000][2220][safepoint   ] Safepoint "Cleanup", Time since last: 3010078900 ns, Reaching safepoint: 55400 ns, At safepoint: 8400 ns, Total: 63800 ns
[2022-04-07T22:50:57.155+0000][2220][safepoint   ] Safepoint "Cleanup", Time since last: 6056157500 ns, Reaching safepoint: 79800 ns, At safepoint: 15500 ns, Total: 95300 ns
[2022-04-07T22:50:58.156+0000][2220][safepoint   ] Safepoint "Cleanup", Time since last: 1000656300 ns, Reaching safepoint: 62500 ns, At safepoint: 13200 ns, Total: 75700 ns
[2022-04-07T22:50:59.158+0000][2220][safepoint   ] Safepoint "Cleanup", Time since last: 1002112800 ns, Reaching safepoint: 51400 ns, At safepoint: 9800 ns, Total: 61200 ns
[2022-04-07T22:51:03.199+0000][2220][safepoint   ] Safepoint "Cleanup", Time since last: 4041552300 ns, Reaching safepoint: 223200 ns, At safepoint: 7400 ns, Total: 230600 ns
[2022-04-07T22:51:08.226+0000][2220][safepoint   ] Safepoint "Cleanup", Time since last: 5026147300 ns, Reaching safepoint: 39600 ns, At safepoint: 10600 ns, Total: 50200 ns
[2022-04-07T22:51:09.288+0000][2220][safepoint   ] Safepoint "Cleanup", Time since last: 1062107900 ns, Reaching safepoint: 50600 ns, At safepoint: 7400 ns, Total: 58000 ns
[2022-04-07T22:51:10.292+0000][2220][safepoint   ] Safepoint "Cleanup", Time since last: 1003469400 ns, Reaching safepoint: 37700 ns, At safepoint: 5700 ns, Total: 43400 ns
[2022-04-07T22:51:16.353+0000][2220][safepoint   ] Safepoint "Cleanup", Time since last: 6061570500 ns, Reaching safepoint: 51500 ns, At safepoint: 8200 ns, Total: 59700 ns
[2022-04-07T22:51:22.395+0000][2220][safepoint   ] Safepoint "Cleanup", Time since last: 6041176100 ns, Reaching safepoint: 56100 ns, At safepoint: 10700 ns, Total: 66800 ns
[2022-04-07T22:51:27.432+0000][2220][safepoint   ] Safepoint "Cleanup", Time since last: 5037825600 ns, Reaching safepoint: 50400 ns, At safepoint: 8300 ns, Total: 58700 ns
[2022-04-07T22:51:38.475+0000][2220][safepoint   ] Safepoint "Cleanup", Time since last: 11042816600 ns, Reaching safepoint: 44300 ns, At safepoint: 5000 ns, Total: 49300 ns
[2022-04-07T22:51:50.541+0000][2220][safepoint   ] Safepoint "Cleanup", Time since last: 12065406000 ns, Reaching safepoint: 46900 ns, At safepoint: 10700 ns, Total: 57600 ns
[2022-04-07T22:52:02.641+0000][2220][safepoint   ] Safepoint "Cleanup", Time since last: 12100345100 ns, Reaching safepoint: 36000 ns, At safepoint: 2800 ns, Total: 38800 ns
[2022-04-07T22:52:08.702+0000][2220][safepoint   ] Safepoint "Cleanup", Time since last: 6060675700 ns, Reaching safepoint: 50100 ns, At safepoint: 5100 ns, Total: 55200 ns
[2022-04-07T22:52:09.706+0000][2220][safepoint   ] Safepoint "Cleanup", Time since last: 1003999200 ns, Reaching safepoint: 102500 ns, At safepoint: 10600 ns, Total: 113100 ns
[2022-04-07T22:52:14.752+0000][2220][safepoint   ] Safepoint "Cleanup", Time since last: 5046215600 ns, Reaching safepoint: 43100 ns, At safepoint: 5100 ns, Total: 48200 ns
[2022-04-07T22:52:21.830+0000][2220][safepoint   ] Safepoint "Cleanup", Time since last: 7077708600 ns, Reaching safepoint: 72000 ns, At safepoint: 12600 ns, Total: 84600 ns
[2022-04-07T22:52:27.884+0000][2220][safepoint   ] Safepoint "Cleanup", Time since last: 6053825700 ns, Reaching safepoint: 46500 ns, At safepoint: 4600 ns, Total: 51100 ns
[2022-04-07T22:52:35.982+0000][2220][safepoint   ] Safepoint "Cleanup", Time since last: 8097648500 ns, Reaching safepoint: 37900 ns, At safepoint: 2900 ns, Total: 40800 ns
[2022-04-07T22:52:45.075+0000][2220][safepoint   ] Safepoint "Cleanup", Time since last: 9093587300 ns, Reaching safepoint: 38900 ns, At safepoint: 7900 ns, Total: 46800 ns
[2022-04-07T22:52:51.126+0000][2220][safepoint   ] Safepoint "Cleanup", Time since last: 6050212000 ns, Reaching safepoint: 60200 ns, At safepoint: 10000 ns, Total: 70200 ns
[2022-04-07T22:52:57.183+0000][2220][safepoint   ] Safepoint "Cleanup", Time since last: 6057182500 ns, Reaching safepoint: 163000 ns, At safepoint: 7300 ns, Total: 170300 ns
[2022-04-07T22:53:01.227+0000][2220][safepoint   ] Safepoint "Cleanup", Time since last: 4044211900 ns, Reaching safepoint: 266800 ns, At safepoint: 12100 ns, Total: 278900 ns
[2022-04-07T22:53:03.248+0000][2220][safepoint   ] Safepoint "Cleanup", Time since last: 2020635500 ns, Reaching safepoint: 46400 ns, At safepoint: 6500 ns, Total: 52900 ns
[2022-04-07T22:53:09.308+0000][2220][safepoint   ] Safepoint "Cleanup", Time since last: 6060350800 ns, Reaching safepoint: 51900 ns, At safepoint: 8300 ns, Total: 60200 ns
[2022-04-07T22:53:11.333+0000][2220][safepoint   ] Safepoint "Cleanup", Time since last: 2024072300 ns, Reaching safepoint: 38800 ns, At safepoint: 4600 ns, Total: 43400 ns
[2022-04-07T22:53:14.365+0000][2220][safepoint   ] Safepoint "Cleanup", Time since last: 3032515100 ns, Reaching safepoint: 47600 ns, At safepoint: 6000 ns, Total: 53600 ns
[2022-04-07T22:53:16.386+0000][2220][safepoint   ] Safepoint "Cleanup", Time since last: 2020646500 ns, Reaching safepoint: 43400 ns, At safepoint: 12500 ns, Total: 55900 ns
[2022-04-07T22:53:18.411+0000][2220][safepoint   ] Safepoint "Cleanup", Time since last: 2024895100 ns, Reaching safepoint: 102100 ns, At safepoint: 4800 ns, Total: 106900 ns
[2022-04-07T22:53:21.432+0000][2220][safepoint   ] Safepoint "Cleanup", Time since last: 3021241200 ns, Reaching safepoint: 50000 ns, At safepoint: 2800 ns, Total: 52800 ns
[2022-04-07T22:53:22.433+0000][2220][safepoint   ] Safepoint "Cleanup", Time since last: 1000833500 ns, Reaching safepoint: 57800 ns, At safepoint: 7900 ns, Total: 65700 ns
[2022-04-07T22:53:24.460+0000][2220][safepoint   ] Safepoint "Cleanup", Time since last: 2026837400 ns, Reaching safepoint: 90500 ns, At safepoint: 11500 ns, Total: 102000 ns
[2022-04-07T22:53:27.485+0000][2220][safepoint   ] Safepoint "Cleanup", Time since last: 3024585900 ns, Reaching safepoint: 114600 ns, At safepoint: 5200 ns, Total: 119800 ns
[2022-04-07T22:53:33.532+0000][2220][safepoint   ] Safepoint "Cleanup", Time since last: 6047122600 ns, Reaching safepoint: 37600 ns, At safepoint: 2400 ns, Total: 40000 ns
[2022-04-07T22:53:35.546+0000][2220][safepoint   ] Safepoint "Cleanup", Time since last: 2013988700 ns, Reaching safepoint: 44600 ns, At safepoint: 4900 ns, Total: 49500 ns
[2022-04-07T22:53:38.562+0000][2220][safepoint   ] Safepoint "Cleanup", Time since last: 3016197700 ns, Reaching safepoint: 61200 ns, At safepoint: 13800 ns, Total: 75000 ns
[2022-04-07T22:53:39.568+0000][2220][safepoint   ] Safepoint "Cleanup", Time since last: 1005666900 ns, Reaching safepoint: 38800 ns, At safepoint: 4800 ns, Total: 43600 ns
[2022-04-07T22:53:56.743+0000][2220][safepoint   ] Safepoint "Cleanup", Time since last: 17174894000 ns, Reaching safepoint: 42400 ns, At safepoint: 3300 ns, Total: 45700 ns
[2022-04-07T22:54:02.804+0000][2220][safepoint   ] Safepoint "Cleanup", Time since last: 6061254900 ns, Reaching safepoint: 51800 ns, At safepoint: 6300 ns, Total: 58100 ns
[2022-04-07T22:54:14.913+0000][2220][safepoint   ] Safepoint "Cleanup", Time since last: 12108719700 ns, Reaching safepoint: 47000 ns, At safepoint: 7800 ns, Total: 54800 ns
[2022-04-07T22:54:16.937+0000][2220][safepoint   ] Safepoint "Cleanup", Time since last: 2023807500 ns, Reaching safepoint: 52000 ns, At safepoint: 9200 ns, Total: 61200 ns
[2022-04-07T22:54:20.985+0000][2220][safepoint   ] Safepoint "Cleanup", Time since last: 4048445300 ns, Reaching safepoint: 41800 ns, At safepoint: 5300 ns, Total: 47100 ns
[2022-04-07T22:54:21.987+0000][2220][safepoint   ] Safepoint "Cleanup", Time since last: 1001921000 ns, Reaching safepoint: 45400 ns, At safepoint: 8600 ns, Total: 54000 ns
[2022-04-07T22:54:27.026+0000][2220][safepoint   ] Safepoint "Cleanup", Time since last: 5038313700 ns, Reaching safepoint: 249200 ns, At safepoint: 14300 ns, Total: 263500 ns
[2022-04-07T22:54:33.078+0000][2220][safepoint   ] Safepoint "Cleanup", Time since last: 6052331700 ns, Reaching safepoint: 36800 ns, At safepoint: 4300 ns, Total: 41100 ns
[2022-04-07T22:54:39.141+0000][2220][safepoint   ] Safepoint "Cleanup", Time since last: 6062764800 ns, Reaching safepoint: 41000 ns, At safepoint: 18600 ns, Total: 59600 ns
[2022-04-07T22:54:42.181+0000][2220][safepoint   ] Safepoint "Cleanup", Time since last: 3039918900 ns, Reaching safepoint: 50800 ns, At safepoint: 9300 ns, Total: 60100 ns
[2022-04-07T22:54:45.206+0000][2220][safepoint   ] Safepoint "Cleanup", Time since last: 3025375100 ns, Reaching safepoint: 44900 ns, At safepoint: 7900 ns, Total: 52800 ns
[2022-04-07T22:55:21.539+0000][2220][safepoint   ] Safepoint "Cleanup", Time since last: 36332264900 ns, Reaching safepoint: 89900 ns, At safepoint: 17900 ns, Total: 107800 ns
[2022-04-07T22:55:22.549+0000][2220][safepoint   ] Safepoint "Cleanup", Time since last: 1009962000 ns, Reaching safepoint: 42800 ns, At safepoint: 2900 ns, Total: 45700 ns
[2022-04-07T22:55:34.674+0000][2220][safepoint   ] Safepoint "Cleanup", Time since last: 12125396300 ns, Reaching safepoint: 107000 ns, At safepoint: 5900 ns, Total: 112900 ns
[2022-04-07T22:55:39.708+0000][2220][safepoint   ] Safepoint "Cleanup", Time since last: 5033075700 ns, Reaching safepoint: 54100 ns, At safepoint: 10300 ns, Total: 64400 ns
[2022-04-07T22:55:42.728+0000][2220][safepoint   ] Safepoint "Cleanup", Time since last: 3020815500 ns, Reaching safepoint: 47700 ns, At safepoint: 10800 ns, Total: 58500 ns
[2022-04-07T22:55:51.810+0000][2220][safepoint   ] Safepoint "Cleanup", Time since last: 9081311300 ns, Reaching safepoint: 96800 ns, At safepoint: 11800 ns, Total: 108600 ns
[2022-04-07T22:56:22.013+0000][2220][safepoint   ] Safepoint "Cleanup", Time since last: 30203220600 ns, Reaching safepoint: 75700 ns, At safepoint: 10500 ns, Total: 86200 ns
[2022-04-07T22:56:23.026+0000][2220][safepoint   ] Safepoint "Cleanup", Time since last: 1013093700 ns, Reaching safepoint: 96400 ns, At safepoint: 10000 ns, Total: 106400 ns
[2022-04-07T22:56:24.027+0000][2220][safepoint   ] Safepoint "Cleanup", Time since last: 1000620200 ns, Reaching safepoint: 52700 ns, At safepoint: 6000 ns, Total: 58700 ns
[2022-04-07T22:56:27.048+0000][2220][safepoint   ] Safepoint "Cleanup", Time since last: 3021181200 ns, Reaching safepoint: 64100 ns, At safepoint: 19900 ns, Total: 84000 ns
[2022-04-07T22:56:28.058+0000][2220][safepoint   ] Safepoint "Cleanup", Time since last: 1009592600 ns, Reaching safepoint: 50600 ns, At safepoint: 13600 ns, Total: 64200 ns
[2022-04-07T22:56:30.084+0000][2220][safepoint   ] Safepoint "Cleanup", Time since last: 2026052300 ns, Reaching safepoint: 44600 ns, At safepoint: 6400 ns, Total: 51000 ns
[2022-04-07T22:56:33.123+0000][2220][safepoint   ] Safepoint "Cleanup", Time since last: 3038850900 ns, Reaching safepoint: 62800 ns, At safepoint: 9300 ns, Total: 72100 ns
[2022-04-07T22:56:38.176+0000][2220][safepoint   ] Safepoint "Cleanup", Time since last: 5052756900 ns, Reaching safepoint: 52800 ns, At safepoint: 6400 ns, Total: 59200 ns
[2022-04-07T22:56:39.177+0000][2220][safepoint   ] Safepoint "Cleanup", Time since last: 1000804900 ns, Reaching safepoint: 51900 ns, At safepoint: 9200 ns, Total: 61100 ns
[2022-04-07T22:56:51.292+0000][2220][safepoint   ] Safepoint "Cleanup", Time since last: 12114827500 ns, Reaching safepoint: 71500 ns, At safepoint: 9600 ns, Total: 81100 ns
[2022-04-07T22:56:57.347+0000][2220][safepoint   ] Safepoint "Cleanup", Time since last: 6055337900 ns, Reaching safepoint: 48300 ns, At safepoint: 7900 ns, Total: 56200 ns
[2022-04-07T22:57:00.360+0000][2220][safepoint   ] Safepoint "Cleanup", Time since last: 3012629800 ns, Reaching safepoint: 45000 ns, At safepoint: 6500 ns, Total: 51500 ns
[2022-04-07T22:57:05.394+0000][2220][safepoint   ] Safepoint "Cleanup", Time since last: 5034735100 ns, Reaching safepoint: 45700 ns, At safepoint: 8100 ns, Total: 53800 ns
[2022-04-07T22:57:15.484+0000][2220][safepoint   ] Safepoint "Cleanup", Time since last: 10089408100 ns, Reaching safepoint: 34700 ns, At safepoint: 6100 ns, Total: 40800 ns
[2022-04-07T22:57:22.542+0000][2220][safepoint   ] Safepoint "Cleanup", Time since last: 7058145900 ns, Reaching safepoint: 112900 ns, At safepoint: 5700 ns, Total: 118600 ns
[2022-04-07T22:57:27.584+0000][2220][safepoint   ] Safepoint "Cleanup", Time since last: 5041798300 ns, Reaching safepoint: 79000 ns, At safepoint: 10300 ns, Total: 89300 ns
[2022-04-07T22:57:45.734+0000][2220][safepoint   ] Safepoint "Cleanup", Time since last: 18149877800 ns, Reaching safepoint: 41100 ns, At safepoint: 4400 ns, Total: 45500 ns
[2022-04-07T22:57:57.855+0000][2220][safepoint   ] Safepoint "Cleanup", Time since last: 12120598900 ns, Reaching safepoint: 48200 ns, At safepoint: 4600 ns, Total: 52800 ns
[2022-04-07T22:58:03.929+0000][2220][safepoint   ] Safepoint "Cleanup", Time since last: 6074223300 ns, Reaching safepoint: 65900 ns, At safepoint: 12400 ns, Total: 78300 ns
[2022-04-07T22:58:16.017+0000][2220][safepoint   ] Safepoint "Cleanup", Time since last: 12087919600 ns, Reaching safepoint: 56700 ns, At safepoint: 5200 ns, Total: 61900 ns
[2022-04-07T22:58:22.074+0000][2220][safepoint   ] Safepoint "Cleanup", Time since last: 6056885100 ns, Reaching safepoint: 119200 ns, At safepoint: 15400 ns, Total: 134600 ns
[2022-04-07T22:58:28.112+0000][2220][safepoint   ] Safepoint "Cleanup", Time since last: 6037596400 ns, Reaching safepoint: 63200 ns, At safepoint: 11000 ns, Total: 74200 ns
[2022-04-07T22:58:31.135+0000][2220][safepoint   ] Safepoint "Cleanup", Time since last: 3022823400 ns, Reaching safepoint: 46700 ns, At safepoint: 8600 ns, Total: 55300 ns
[2022-04-07T22:58:50.266+0000][2220][safepoint   ] Safepoint "Cleanup", Time since last: 19131431500 ns, Reaching safepoint: 48200 ns, At safepoint: 5300 ns, Total: 53500 ns
[2022-04-07T22:58:52.285+0000][2220][safepoint   ] Safepoint "Cleanup", Time since last: 2018806900 ns, Reaching safepoint: 63400 ns, At safepoint: 8900 ns, Total: 72300 ns
[2022-04-07T22:58:55.310+0000][2220][safepoint   ] Safepoint "Cleanup", Time since last: 3025380700 ns, Reaching safepoint: 80000 ns, At safepoint: 17700 ns, Total: 97700 ns
[2022-04-07T22:58:58.331+0000][2220][safepoint   ] Safepoint "Cleanup", Time since last: 3020255300 ns, Reaching safepoint: 97700 ns, At safepoint: 12900 ns, Total: 110600 ns
[2022-04-07T22:59:00.355+0000][2220][safepoint   ] Safepoint "Cleanup", Time since last: 2024596600 ns, Reaching safepoint: 44400 ns, At safepoint: 6100 ns, Total: 50500 ns
[2022-04-07T22:59:12.452+0000][2220][safepoint   ] Safepoint "Cleanup", Time since last: 12096640400 ns, Reaching safepoint: 52700 ns, At safepoint: 7400 ns, Total: 60100 ns
[2022-04-07T22:59:13.462+0000][2220][safepoint   ] Safepoint "Cleanup", Time since last: 1010039000 ns, Reaching safepoint: 42200 ns, At safepoint: 5400 ns, Total: 47600 ns
[2022-04-07T22:59:15.475+0000][2220][safepoint   ] Safepoint "Cleanup", Time since last: 2012955400 ns, Reaching safepoint: 38000 ns, At safepoint: 12800 ns, Total: 50800 ns
[2022-04-07T22:59:16.488+0000][2220][safepoint   ] Safepoint "Cleanup", Time since last: 1013184100 ns, Reaching safepoint: 47900 ns, At safepoint: 5800 ns, Total: 53700 ns
[2022-04-07T22:59:21.533+0000][2220][safepoint   ] Safepoint "Cleanup", Time since last: 5044500100 ns, Reaching safepoint: 76000 ns, At safepoint: 103600 ns, Total: 179600 ns
[2022-04-07T22:59:22.548+0000][2220][safepoint   ] Safepoint "Cleanup", Time since last: 1014453500 ns, Reaching safepoint: 61200 ns, At safepoint: 5900 ns, Total: 67100 ns
[2022-04-07T22:59:51.796+0000][2220][safepoint   ] Safepoint "Cleanup", Time since last: 29248258800 ns, Reaching safepoint: 58700 ns, At safepoint: 6900 ns, Total: 65600 ns
[2022-04-07T23:00:03.878+0000][2220][safepoint   ] Safepoint "Cleanup", Time since last: 12082579400 ns, Reaching safepoint: 47000 ns, At safepoint: 7100 ns, Total: 54100 ns
[2022-04-07T23:00:06.888+0000][2220][safepoint   ] Safepoint "Cleanup", Time since last: 3009609500 ns, Reaching safepoint: 38100 ns, At safepoint: 13400 ns, Total: 51500 ns
[2022-04-07T23:00:08.901+0000][2220][safepoint   ] Safepoint "Cleanup", Time since last: 2013036000 ns, Reaching safepoint: 206700 ns, At safepoint: 29900 ns, Total: 236600 ns
[2022-04-07T23:00:14.946+0000][2220][safepoint   ] Safepoint "Cleanup", Time since last: 6044078500 ns, Reaching safepoint: 45700 ns, At safepoint: 6200 ns, Total: 51900 ns
[2022-04-07T23:00:17.966+0000][2220][safepoint   ] Safepoint "Cleanup", Time since last: 3020051800 ns, Reaching safepoint: 40300 ns, At safepoint: 5800 ns, Total: 46100 ns
[2022-04-07T23:00:21.980+0000][2220][safepoint   ] Safepoint "Cleanup", Time since last: 4013962300 ns, Reaching safepoint: 68700 ns, At safepoint: 9400 ns, Total: 78100 ns
[2022-04-07T23:00:28.038+0000][2220][safepoint   ] Safepoint "Cleanup", Time since last: 6057778400 ns, Reaching safepoint: 74500 ns, At safepoint: 5100 ns, Total: 79600 ns
[2022-04-07T23:00:34.082+0000][2220][safepoint   ] Safepoint "Cleanup", Time since last: 6044100300 ns, Reaching safepoint: 48900 ns, At safepoint: 16700 ns, Total: 65600 ns
[2022-04-07T23:00:40.117+0000][2220][safepoint   ] Safepoint "Cleanup", Time since last: 6035231400 ns, Reaching safepoint: 55000 ns, At safepoint: 9700 ns, Total: 64700 ns
[2022-04-07T23:00:46.167+0000][2220][safepoint   ] Safepoint "Cleanup", Time since last: 6049721200 ns, Reaching safepoint: 48900 ns, At safepoint: 11400 ns, Total: 60300 ns
[2022-04-07T23:01:22.487+0000][2220][safepoint   ] Safepoint "Cleanup", Time since last: 36319809100 ns, Reaching safepoint: 95700 ns, At safepoint: 8100 ns, Total: 103800 ns
[2022-04-07T23:01:24.001+0000][2220][gc,start    ] GC(18) Pause Young (Normal) (G1 Evacuation Pause)
[2022-04-07T23:01:24.001+0000][2220][gc,task     ] GC(18) Using 4 workers of 4 for evacuation
[2022-04-07T23:01:24.001+0000][2220][gc,age      ] GC(18) Desired survivor size 320864256 bytes, new threshold 15 (max threshold 15)
[2022-04-07T23:01:24.049+0000][2220][gc,age      ] GC(18) Age table with threshold 15 (max threshold 15)
[2022-04-07T23:01:24.049+0000][2220][gc,age      ] GC(18) - age   1:   12263216 bytes,   12263216 total
[2022-04-07T23:01:24.049+0000][2220][gc,age      ] GC(18) - age   2:    8734504 bytes,   20997720 total
[2022-04-07T23:01:24.049+0000][2220][gc,age      ] GC(18) - age   3:     291496 bytes,   21289216 total
[2022-04-07T23:01:24.049+0000][2220][gc,age      ] GC(18) - age   4:   19072936 bytes,   40362152 total
[2022-04-07T23:01:24.049+0000][2220][gc,age      ] GC(18) - age   5:    5276192 bytes,   45638344 total
[2022-04-07T23:01:24.049+0000][2220][gc,age      ] GC(18) - age   6:   11917784 bytes,   57556128 total
[2022-04-07T23:01:24.049+0000][2220][gc,age      ] GC(18) - age   7:   18442776 bytes,   75998904 total
[2022-04-07T23:01:24.049+0000][2220][gc,phases   ] GC(18)   Pre Evacuate Collection Set: 0.1ms
[2022-04-07T23:01:24.049+0000][2220][gc,phases   ] GC(18)   Merge Heap Roots: 0.1ms
[2022-04-07T23:01:24.049+0000][2220][gc,phases   ] GC(18)   Evacuate Collection Set: 45.1ms
[2022-04-07T23:01:24.049+0000][2220][gc,phases   ] GC(18)   Post Evacuate Collection Set: 2.8ms
[2022-04-07T23:01:24.049+0000][2220][gc,phases   ] GC(18)   Other: 0.5ms
[2022-04-07T23:01:24.049+0000][2220][gc,heap     ] GC(18) Eden regions: 1202->0(1200)
[2022-04-07T23:01:24.050+0000][2220][gc,heap     ] GC(18) Survivor regions: 18->20(153)
[2022-04-07T23:01:24.050+0000][2220][gc,heap     ] GC(18) Old regions: 12->12
[2022-04-07T23:01:24.050+0000][2220][gc,heap     ] GC(18) Archive regions: 0->0
[2022-04-07T23:01:24.050+0000][2220][gc,heap     ] GC(18) Humongous regions: 5->5
[2022-04-07T23:01:24.050+0000][2220][gc,metaspace] GC(18) Metaspace: 132789K(135040K)->132789K(135040K) NonClass: 115077K(116352K)->115077K(116352K) Class: 17712K(18688K)->17712K(18688K)
[2022-04-07T23:01:24.050+0000][2220][gc          ] GC(18) Pause Young (Normal) (G1 Evacuation Pause) 4947M->147M(8136M) 48.884ms
[2022-04-07T23:01:24.050+0000][2220][gc,cpu      ] GC(18) User=0.19s Sys=0.00s Real=0.05s
[2022-04-07T23:01:24.050+0000][2220][safepoint   ] Safepoint "G1CollectForAllocation", Time since last: 1514537100 ns, Reaching safepoint: 42300 ns, At safepoint: 49284500 ns, Total: 49326800 ns
[2022-04-07T23:01:25.052+0000][2220][safepoint   ] Safepoint "Cleanup", Time since last: 1000948700 ns, Reaching safepoint: 62200 ns, At safepoint: 7800 ns, Total: 70000 ns
[2022-04-07T23:01:26.061+0000][2220][safepoint   ] Safepoint "Cleanup", Time since last: 1009130300 ns, Reaching safepoint: 59400 ns, At safepoint: 8700 ns, Total: 68100 ns
[2022-04-07T23:01:28.074+0000][2220][safepoint   ] Safepoint "Cleanup", Time since last: 2013484700 ns, Reaching safepoint: 194300 ns, At safepoint: 9500 ns, Total: 203800 ns
[2022-04-07T23:01:31.089+0000][2220][safepoint   ] Safepoint "Cleanup", Time since last: 3014191500 ns, Reaching safepoint: 45100 ns, At safepoint: 2200 ns, Total: 47300 ns
[2022-04-07T23:01:33.110+0000][2220][safepoint   ] Safepoint "Cleanup", Time since last: 2021639300 ns, Reaching safepoint: 35300 ns, At safepoint: 2400 ns, Total: 37700 ns
[2022-04-07T23:01:34.113+0000][2220][safepoint   ] Safepoint "Cleanup", Time since last: 1003076200 ns, Reaching safepoint: 43500 ns, At safepoint: 5400 ns, Total: 48900 ns
[2022-04-07T23:01:39.170+0000][2220][safepoint   ] Safepoint "Cleanup", Time since last: 5056192300 ns, Reaching safepoint: 38400 ns, At safepoint: 6500 ns, Total: 44900 ns
[2022-04-07T23:01:40.185+0000][2220][safepoint   ] Safepoint "Cleanup", Time since last: 1015093500 ns, Reaching safepoint: 48600 ns, At safepoint: 6500 ns, Total: 55100 ns
[2022-04-07T23:01:46.256+0000][2220][safepoint   ] Safepoint "Cleanup", Time since last: 6071168300 ns, Reaching safepoint: 56800 ns, At safepoint: 6600 ns, Total: 63400 ns
[2022-04-07T23:01:49.264+0000][2220][safepoint   ] Safepoint "Cleanup", Time since last: 3007860500 ns, Reaching safepoint: 94100 ns, At safepoint: 12000 ns, Total: 106100 ns
[2022-04-07T23:02:04.834+0000][2220][safepoint   ] Safepoint "Cleanup", Time since last: 15569566300 ns, Reaching safepoint: 99100 ns, At safepoint: 20500 ns, Total: 119600 ns
[2022-04-07T23:02:21.956+0000][2220][safepoint   ] Safepoint "Cleanup", Time since last: 17122859500 ns, Reaching safepoint: 47400 ns, At safepoint: 8100 ns, Total: 55500 ns
[2022-04-07T23:02:34.045+0000][2220][safepoint   ] Safepoint "Cleanup", Time since last: 12088209400 ns, Reaching safepoint: 50700 ns, At safepoint: 7500 ns, Total: 58200 ns
[2022-04-07T23:02:40.103+0000][2220][safepoint   ] Safepoint "Cleanup", Time since last: 6057626600 ns, Reaching safepoint: 79900 ns, At safepoint: 12500 ns, Total: 92400 ns
[2022-04-07T23:02:46.170+0000][2220][safepoint   ] Safepoint "Cleanup", Time since last: 6067172300 ns, Reaching safepoint: 54700 ns, At safepoint: 16900 ns, Total: 71600 ns
[2022-04-07T23:02:47.184+0000][2220][safepoint   ] Safepoint "Cleanup", Time since last: 1014410700 ns, Reaching safepoint: 45100 ns, At safepoint: 9200 ns, Total: 54300 ns
[2022-04-07T23:03:01.242+0000][2220][safepoint   ] Safepoint "Cleanup", Time since last: 14057785000 ns, Reaching safepoint: 53600 ns, At safepoint: 5600 ns, Total: 59200 ns
[2022-04-07T23:03:06.277+0000][2220][safepoint   ] Safepoint "Cleanup", Time since last: 5034820600 ns, Reaching safepoint: 85600 ns, At safepoint: 12800 ns, Total: 98400 ns
[2022-04-07T23:03:10.311+0000][2220][safepoint   ] Safepoint "Cleanup", Time since last: 4033944700 ns, Reaching safepoint: 57700 ns, At safepoint: 8900 ns, Total: 66600 ns
[2022-04-07T23:03:16.336+0000][2220][safepoint   ] Safepoint "Cleanup", Time since last: 6024835300 ns, Reaching safepoint: 46900 ns, At safepoint: 5900 ns, Total: 52800 ns
[2022-04-07T23:03:22.392+0000][2220][safepoint   ] Safepoint "Cleanup", Time since last: 6056130900 ns, Reaching safepoint: 44600 ns, At safepoint: 6800 ns, Total: 51400 ns
[2022-04-07T23:03:28.437+0000][2220][safepoint   ] Safepoint "Cleanup", Time since last: 6044285500 ns, Reaching safepoint: 45600 ns, At safepoint: 5600 ns, Total: 51200 ns
[2022-04-07T23:03:29.440+0000][2220][safepoint   ] Safepoint "Cleanup", Time since last: 1002982600 ns, Reaching safepoint: 40000 ns, At safepoint: 6400 ns, Total: 46400 ns
[2022-04-07T23:03:40.548+0000][2220][safepoint   ] Safepoint "Cleanup", Time since last: 11108726200 ns, Reaching safepoint: 58700 ns, At safepoint: 7400 ns, Total: 66100 ns
[2022-04-07T23:03:44.572+0000][2220][safepoint   ] Safepoint "Cleanup", Time since last: 4023741200 ns, Reaching safepoint: 116200 ns, At safepoint: 11600 ns, Total: 127800 ns
[2022-04-07T23:03:46.588+0000][2220][safepoint   ] Safepoint "Cleanup", Time since last: 2015708300 ns, Reaching safepoint: 48600 ns, At safepoint: 6800 ns, Total: 55400 ns
[2022-04-07T23:03:52.649+0000][2220][safepoint   ] Safepoint "Cleanup", Time since last: 6060912400 ns, Reaching safepoint: 50100 ns, At safepoint: 8500 ns, Total: 58600 ns
[2022-04-07T23:03:58.702+0000][2220][safepoint   ] Safepoint "Cleanup", Time since last: 6052576200 ns, Reaching safepoint: 50300 ns, At safepoint: 8700 ns, Total: 59000 ns
[2022-04-07T23:04:04.727+0000][2220][safepoint   ] Safepoint "Cleanup", Time since last: 6025060100 ns, Reaching safepoint: 50000 ns, At safepoint: 12500 ns, Total: 62500 ns
[2022-04-07T23:04:06.735+0000][2220][safepoint   ] Safepoint "Cleanup", Time since last: 2008247200 ns, Reaching safepoint: 43800 ns, At safepoint: 7900 ns, Total: 51700 ns
[2022-04-07T23:04:10.760+0000][2220][safepoint   ] Safepoint "Cleanup", Time since last: 4024916300 ns, Reaching safepoint: 43200 ns, At safepoint: 4800 ns, Total: 48000 ns
[2022-04-07T23:04:11.775+0000][2220][safepoint   ] Safepoint "Cleanup", Time since last: 1015152300 ns, Reaching safepoint: 44600 ns, At safepoint: 6600 ns, Total: 51200 ns
[2022-04-07T23:04:16.808+0000][2220][safepoint   ] Safepoint "Cleanup", Time since last: 5032342100 ns, Reaching safepoint: 63500 ns, At safepoint: 7800 ns, Total: 71300 ns
[2022-04-07T23:04:21.856+0000][2220][safepoint   ] Safepoint "Cleanup", Time since last: 5048733900 ns, Reaching safepoint: 113800 ns, At safepoint: 5400 ns, Total: 119200 ns
[2022-04-07T23:04:23.876+0000][2220][safepoint   ] Safepoint "Cleanup", Time since last: 2018896200 ns, Reaching safepoint: 40300 ns, At safepoint: 13500 ns, Total: 53800 ns
[2022-04-07T23:04:28.932+0000][2220][safepoint   ] Safepoint "Cleanup", Time since last: 5056278000 ns, Reaching safepoint: 48500 ns, At safepoint: 7300 ns, Total: 55800 ns
[2022-04-07T23:04:31.960+0000][2220][safepoint   ] Safepoint "Cleanup", Time since last: 3027790600 ns, Reaching safepoint: 98400 ns, At safepoint: 9600 ns, Total: 108000 ns
[2022-04-07T23:04:34.986+0000][2220][safepoint   ] Safepoint "Cleanup", Time since last: 3026646500 ns, Reaching safepoint: 78600 ns, At safepoint: 11900 ns, Total: 90500 ns
[2022-04-07T23:04:46.104+0000][2220][safepoint   ] Safepoint "Cleanup", Time since last: 11117612800 ns, Reaching safepoint: 66900 ns, At safepoint: 7700 ns, Total: 74600 ns
[2022-04-07T23:04:47.119+0000][2220][safepoint   ] Safepoint "Cleanup", Time since last: 1014366800 ns, Reaching safepoint: 56200 ns, At safepoint: 8300 ns, Total: 64500 ns
[2022-04-07T23:04:55.185+0000][2220][safepoint   ] Safepoint "Cleanup", Time since last: 8066087600 ns, Reaching safepoint: 32900 ns, At safepoint: 7300 ns, Total: 40200 ns
[2022-04-07T23:04:57.191+0000][2220][safepoint   ] Safepoint "Cleanup", Time since last: 2006231600 ns, Reaching safepoint: 55700 ns, At safepoint: 18400 ns, Total: 74100 ns
[2022-04-07T23:05:01.210+0000][2220][safepoint   ] Safepoint "Cleanup", Time since last: 4019383100 ns, Reaching safepoint: 118000 ns, At safepoint: 6900 ns, Total: 124900 ns
[2022-04-07T23:05:02.223+0000][2220][safepoint   ] Safepoint "Cleanup", Time since last: 1012093600 ns, Reaching safepoint: 43200 ns, At safepoint: 2600 ns, Total: 45800 ns
[2022-04-07T23:05:06.263+0000][2220][safepoint   ] Safepoint "Cleanup", Time since last: 4040761300 ns, Reaching safepoint: 45300 ns, At safepoint: 5300 ns, Total: 50600 ns
[2022-04-07T23:05:09.292+0000][2220][safepoint   ] Safepoint "Cleanup", Time since last: 3028558800 ns, Reaching safepoint: 56800 ns, At safepoint: 9700 ns, Total: 66500 ns
[2022-04-07T23:05:11.308+0000][2220][safepoint   ] Safepoint "Cleanup", Time since last: 2015458900 ns, Reaching safepoint: 57900 ns, At safepoint: 13100 ns, Total: 71000 ns
[2022-04-07T23:05:17.344+0000][2220][safepoint   ] Safepoint "Cleanup", Time since last: 6035951800 ns, Reaching safepoint: 53200 ns, At safepoint: 59900 ns, Total: 113100 ns
[2022-04-07T23:05:22.377+0000][2220][safepoint   ] Safepoint "Cleanup", Time since last: 5033821100 ns, Reaching safepoint: 52500 ns, At safepoint: 16800 ns, Total: 69300 ns
[2022-04-07T23:05:28.430+0000][2220][safepoint   ] Safepoint "Cleanup", Time since last: 6052903900 ns, Reaching safepoint: 97500 ns, At safepoint: 13600 ns, Total: 111100 ns
[2022-04-07T23:05:35.502+0000][2220][safepoint   ] Safepoint "Cleanup", Time since last: 7071568700 ns, Reaching safepoint: 49500 ns, At safepoint: 8000 ns, Total: 57500 ns
[2022-04-07T23:05:40.538+0000][2220][safepoint   ] Safepoint "Cleanup", Time since last: 5035734200 ns, Reaching safepoint: 41000 ns, At safepoint: 8100 ns, Total: 49100 ns
[2022-04-07T23:05:42.546+0000][2220][safepoint   ] Safepoint "Cleanup", Time since last: 2007593600 ns, Reaching safepoint: 46000 ns, At safepoint: 8700 ns, Total: 54700 ns
[2022-04-07T23:05:44.562+0000][2220][safepoint   ] Safepoint "Cleanup", Time since last: 2015985200 ns, Reaching safepoint: 61300 ns, At safepoint: 10100 ns, Total: 71400 ns
[2022-04-07T23:05:45.565+0000][2220][safepoint   ] Safepoint "Cleanup", Time since last: 1003361100 ns, Reaching safepoint: 73300 ns, At safepoint: 18300 ns, Total: 91600 ns
[2022-04-07T23:05:56.626+0000][2220][safepoint   ] Safepoint "Cleanup", Time since last: 11061085200 ns, Reaching safepoint: 58000 ns, At safepoint: 6900 ns, Total: 64900 ns
[2022-04-07T23:05:57.633+0000][2220][safepoint   ] Safepoint "Cleanup", Time since last: 1006649700 ns, Reaching safepoint: 48500 ns, At safepoint: 13800 ns, Total: 62300 ns
[2022-04-07T23:05:58.641+0000][2220][safepoint   ] Safepoint "Cleanup", Time since last: 1007900900 ns, Reaching safepoint: 56300 ns, At safepoint: 11100 ns, Total: 67400 ns
[2022-04-07T23:06:05.664+0000][2220][safepoint   ] Safepoint "Cleanup", Time since last: 7022806400 ns, Reaching safepoint: 53000 ns, At safepoint: 7400 ns, Total: 60400 ns
[2022-04-07T23:06:07.678+0000][2220][safepoint   ] Safepoint "Cleanup", Time since last: 2013876700 ns, Reaching safepoint: 65800 ns, At safepoint: 6700 ns, Total: 72500 ns
[2022-04-07T23:06:13.724+0000][2220][safepoint   ] Safepoint "Cleanup", Time since last: 6045988000 ns, Reaching safepoint: 54000 ns, At safepoint: 7900 ns, Total: 61900 ns
[2022-04-07T23:06:16.753+0000][2220][safepoint   ] Safepoint "Cleanup", Time since last: 3028603700 ns, Reaching safepoint: 47500 ns, At safepoint: 15400 ns, Total: 62900 ns
[2022-04-07T23:06:22.819+0000][2220][safepoint   ] Safepoint "Cleanup", Time since last: 6066070300 ns, Reaching safepoint: 97700 ns, At safepoint: 29500 ns, Total: 127200 ns
[2022-04-07T23:06:26.850+0000][2220][safepoint   ] Safepoint "Cleanup", Time since last: 4031098000 ns, Reaching safepoint: 150900 ns, At safepoint: 12200 ns, Total: 163100 ns
[2022-04-07T23:06:28.863+0000][2220][safepoint   ] Safepoint "Cleanup", Time since last: 2012843300 ns, Reaching safepoint: 50100 ns, At safepoint: 8500 ns, Total: 58600 ns
[2022-04-07T23:06:34.901+0000][2220][safepoint   ] Safepoint "Cleanup", Time since last: 6038505600 ns, Reaching safepoint: 76000 ns, At safepoint: 17500 ns, Total: 93500 ns
[2022-04-07T23:06:40.928+0000][2220][safepoint   ] Safepoint "Cleanup", Time since last: 6026029700 ns, Reaching safepoint: 75200 ns, At safepoint: 13600 ns, Total: 88800 ns
[2022-04-07T23:06:44.963+0000][2220][safepoint   ] Safepoint "Cleanup", Time since last: 4035191700 ns, Reaching safepoint: 58400 ns, At safepoint: 10900 ns, Total: 69300 ns
[2022-04-07T23:06:46.979+0000][2220][safepoint   ] Safepoint "Cleanup", Time since last: 2015900300 ns, Reaching safepoint: 48200 ns, At safepoint: 8000 ns, Total: 56200 ns
[2022-04-07T23:06:56.038+0000][2220][safepoint   ] Safepoint "Cleanup", Time since last: 9059052700 ns, Reaching safepoint: 51100 ns, At safepoint: 6800 ns, Total: 57900 ns
[2022-04-07T23:06:57.039+0000][2220][safepoint   ] Safepoint "Cleanup", Time since last: 1001268800 ns, Reaching safepoint: 54700 ns, At safepoint: 9700 ns, Total: 64400 ns
[2022-04-07T23:06:59.061+0000][2220][safepoint   ] Safepoint "Cleanup", Time since last: 2022044300 ns, Reaching safepoint: 51400 ns, At safepoint: 5700 ns, Total: 57100 ns
[2022-04-07T23:07:05.094+0000][2220][safepoint   ] Safepoint "Cleanup", Time since last: 6032578000 ns, Reaching safepoint: 52100 ns, At safepoint: 11100 ns, Total: 63200 ns
[2022-04-07T23:07:11.130+0000][2220][safepoint   ] Safepoint "Cleanup", Time since last: 6036497800 ns, Reaching safepoint: 58500 ns, At safepoint: 12900 ns, Total: 71400 ns
[2022-04-07T23:07:22.207+0000][2220][safepoint   ] Safepoint "Cleanup", Time since last: 11076783300 ns, Reaching safepoint: 62100 ns, At safepoint: 10300 ns, Total: 72400 ns
[2022-04-07T23:07:23.223+0000][2220][safepoint   ] Safepoint "Cleanup", Time since last: 1015905600 ns, Reaching safepoint: 44900 ns, At safepoint: 12300 ns, Total: 57200 ns
[2022-04-07T23:07:29.271+0000][2220][safepoint   ] Safepoint "Cleanup", Time since last: 6047758900 ns, Reaching safepoint: 49800 ns, At safepoint: 5700 ns, Total: 55500 ns
[2022-04-07T23:07:41.380+0000][2220][safepoint   ] Safepoint "Cleanup", Time since last: 12108588800 ns, Reaching safepoint: 63100 ns, At safepoint: 8700 ns, Total: 71800 ns
[2022-04-07T23:07:47.433+0000][2220][safepoint   ] Safepoint "Cleanup", Time since last: 6052787500 ns, Reaching safepoint: 51900 ns, At safepoint: 26500 ns, Total: 78400 ns
[2022-04-07T23:08:05.561+0000][2220][safepoint   ] Safepoint "Cleanup", Time since last: 18128528600 ns, Reaching safepoint: 135100 ns, At safepoint: 10100 ns, Total: 145200 ns
[2022-04-07T23:08:23.699+0000][2220][safepoint   ] Safepoint "Cleanup", Time since last: 18137886300 ns, Reaching safepoint: 69600 ns, At safepoint: 5500 ns, Total: 75100 ns
[2022-04-07T23:08:30.745+0000][2220][safepoint   ] Safepoint "Cleanup", Time since last: 7045767800 ns, Reaching safepoint: 44300 ns, At safepoint: 7800 ns, Total: 52100 ns
[2022-04-07T23:08:31.759+0000][2220][safepoint   ] Safepoint "Cleanup", Time since last: 1013454900 ns, Reaching safepoint: 45500 ns, At safepoint: 5900 ns, Total: 51400 ns
[2022-04-07T23:08:36.818+0000][2220][safepoint   ] Safepoint "Cleanup", Time since last: 5059591900 ns, Reaching safepoint: 113000 ns, At safepoint: 53300 ns, Total: 166300 ns
[2022-04-07T23:08:40.829+0000][2220][safepoint   ] Safepoint "Cleanup", Time since last: 4010907000 ns, Reaching safepoint: 76900 ns, At safepoint: 7700 ns, Total: 84600 ns
[2022-04-07T23:08:52.940+0000][2220][safepoint   ] Safepoint "Cleanup", Time since last: 12110109700 ns, Reaching safepoint: 83200 ns, At safepoint: 13500 ns, Total: 96700 ns
[2022-04-07T23:09:26.758+0000][2220][safepoint   ] Safepoint "Cleanup", Time since last: 33817798700 ns, Reaching safepoint: 130800 ns, At safepoint: 14400 ns, Total: 145200 ns
[2022-04-07T23:09:28.774+0000][2220][safepoint   ] Safepoint "Cleanup", Time since last: 2016157300 ns, Reaching safepoint: 35100 ns, At safepoint: 14300 ns, Total: 49400 ns
[2022-04-07T23:09:29.785+0000][2220][safepoint   ] Safepoint "Cleanup", Time since last: 1011040700 ns, Reaching safepoint: 107900 ns, At safepoint: 12500 ns, Total: 120400 ns
[2022-04-07T23:09:31.796+0000][2220][safepoint   ] Safepoint "Cleanup", Time since last: 2010925400 ns, Reaching safepoint: 117000 ns, At safepoint: 46600 ns, Total: 163600 ns
[2022-04-07T23:09:35.044+0000][2220][safepoint   ] Safepoint "Cleanup", Time since last: 3247881100 ns, Reaching safepoint: 79500 ns, At safepoint: 7400 ns, Total: 86900 ns
[2022-04-07T23:10:11.291+0000][2220][safepoint   ] Safepoint "Cleanup", Time since last: 36247406600 ns, Reaching safepoint: 52100 ns, At safepoint: 7800 ns, Total: 59900 ns
[2022-04-07T23:10:20.342+0000][2220][safepoint   ] Safepoint "Cleanup", Time since last: 9050298600 ns, Reaching safepoint: 107900 ns, At safepoint: 5300 ns, Total: 113200 ns
[2022-04-07T23:10:22.354+0000][2220][safepoint   ] Safepoint "Cleanup", Time since last: 2012243900 ns, Reaching safepoint: 54800 ns, At safepoint: 12400 ns, Total: 67200 ns
[2022-04-07T23:10:32.427+0000][2220][safepoint   ] Safepoint "Cleanup", Time since last: 10072686700 ns, Reaching safepoint: 50800 ns, At safepoint: 12900 ns, Total: 63700 ns
[2022-04-07T23:10:35.448+0000][2220][safepoint   ] Safepoint "Cleanup", Time since last: 3021149100 ns, Reaching safepoint: 52400 ns, At safepoint: 8200 ns, Total: 60600 ns
[2022-04-07T23:10:53.573+0000][2220][safepoint   ] Safepoint "Cleanup", Time since last: 18124685100 ns, Reaching safepoint: 60100 ns, At safepoint: 54300 ns, Total: 114400 ns
[2022-04-07T23:11:05.653+0000][2220][safepoint   ] Safepoint "Cleanup", Time since last: 12079781900 ns, Reaching safepoint: 45300 ns, At safepoint: 9700 ns, Total: 55000 ns
[2022-04-07T23:11:20.748+0000][2220][safepoint   ] Safepoint "Cleanup", Time since last: 15095425000 ns, Reaching safepoint: 56900 ns, At safepoint: 7900 ns, Total: 64800 ns
[2022-04-07T23:11:21.750+0000][2220][safepoint   ] Safepoint "Cleanup", Time since last: 1001772500 ns, Reaching safepoint: 52900 ns, At safepoint: 8100 ns, Total: 61000 ns
[2022-04-07T23:11:23.762+0000][2220][safepoint   ] Safepoint "Cleanup", Time since last: 2011367000 ns, Reaching safepoint: 59400 ns, At safepoint: 11500 ns, Total: 70900 ns
[2022-04-07T23:11:30.809+0000][2220][safepoint   ] Safepoint "Cleanup", Time since last: 7047592100 ns, Reaching safepoint: 54700 ns, At safepoint: 5900 ns, Total: 60600 ns
[2022-04-07T23:11:47.907+0000][2220][safepoint   ] Safepoint "Cleanup", Time since last: 17097813800 ns, Reaching safepoint: 46300 ns, At safepoint: 12900 ns, Total: 59200 ns
[2022-04-07T23:11:53.964+0000][2220][safepoint   ] Safepoint "Cleanup", Time since last: 6056850000 ns, Reaching safepoint: 58100 ns, At safepoint: 8300 ns, Total: 66400 ns
[2022-04-07T23:12:22.148+0000][2220][safepoint   ] Safepoint "Cleanup", Time since last: 28183973900 ns, Reaching safepoint: 54500 ns, At safepoint: 8500 ns, Total: 63000 ns
[2022-04-07T23:12:29.184+0000][2220][safepoint   ] Safepoint "Cleanup", Time since last: 7036210600 ns, Reaching safepoint: 30900 ns, At safepoint: 5200 ns, Total: 36100 ns
[2022-04-07T23:12:41.280+0000][2220][safepoint   ] Safepoint "Cleanup", Time since last: 12095530700 ns, Reaching safepoint: 116000 ns, At safepoint: 5600 ns, Total: 121600 ns
[2022-04-07T23:12:48.321+0000][2220][safepoint   ] Safepoint "Cleanup", Time since last: 7041360700 ns, Reaching safepoint: 84800 ns, At safepoint: 10500 ns, Total: 95300 ns
[2022-04-07T23:13:59.575+0000][2220][safepoint   ] Safepoint "Cleanup", Time since last: 71253788800 ns, Reaching safepoint: 73000 ns, At safepoint: 13800 ns, Total: 86800 ns
[2022-04-07T23:14:06.625+0000][2220][safepoint   ] Safepoint "Cleanup", Time since last: 7049876000 ns, Reaching safepoint: 73100 ns, At safepoint: 16900 ns, Total: 90000 ns
[2022-04-07T23:14:14.681+0000][2220][safepoint   ] Safepoint "Cleanup", Time since last: 8055744300 ns, Reaching safepoint: 55700 ns, At safepoint: 20000 ns, Total: 75700 ns
[2022-04-07T23:14:23.730+0000][2220][safepoint   ] Safepoint "Cleanup", Time since last: 9048828300 ns, Reaching safepoint: 44300 ns, At safepoint: 5500 ns, Total: 49800 ns
[2022-04-07T23:15:22.276+0000][2220][safepoint   ] Safepoint "Cleanup", Time since last: 58545765300 ns, Reaching safepoint: 81400 ns, At safepoint: 11700 ns, Total: 93100 ns
[2022-04-07T23:15:27.318+0000][2220][safepoint   ] Safepoint "Cleanup", Time since last: 5042713600 ns, Reaching safepoint: 44100 ns, At safepoint: 8100 ns, Total: 52200 ns
[2022-04-07T23:15:57.567+0000][2220][safepoint   ] Safepoint "Cleanup", Time since last: 30248351800 ns, Reaching safepoint: 99400 ns, At safepoint: 11300 ns, Total: 110700 ns
[2022-04-07T23:16:03.611+0000][2220][safepoint   ] Safepoint "Cleanup", Time since last: 6044101800 ns, Reaching safepoint: 83400 ns, At safepoint: 10700 ns, Total: 94100 ns
[2022-04-07T23:16:22.754+0000][2220][safepoint   ] Safepoint "Cleanup", Time since last: 19142550800 ns, Reaching safepoint: 52000 ns, At safepoint: 6900 ns, Total: 58900 ns
[2022-04-07T23:16:32.834+0000][2220][safepoint   ] Safepoint "Cleanup", Time since last: 10080364300 ns, Reaching safepoint: 43800 ns, At safepoint: 7500 ns, Total: 51300 ns
[2022-04-07T23:17:22.266+0000][2220][safepoint   ] Safepoint "Cleanup", Time since last: 49432167800 ns, Reaching safepoint: 52800 ns, At safepoint: 12600 ns, Total: 65400 ns
[2022-04-07T23:17:52.438+0000][2220][safepoint   ] Safepoint "Cleanup", Time since last: 30172043200 ns, Reaching safepoint: 90300 ns, At safepoint: 10200 ns, Total: 100500 ns
[2022-04-07T23:18:04.510+0000][2220][safepoint   ] Safepoint "Cleanup", Time since last: 12071299800 ns, Reaching safepoint: 60400 ns, At safepoint: 8200 ns, Total: 68600 ns
[2022-04-07T23:18:30.708+0000][2220][safepoint   ] Safepoint "Cleanup", Time since last: 26197556500 ns, Reaching safepoint: 56400 ns, At safepoint: 18400 ns, Total: 74800 ns
[2022-04-07T23:18:42.802+0000][2220][safepoint   ] Safepoint "Cleanup", Time since last: 12094414200 ns, Reaching safepoint: 45100 ns, At safepoint: 8000 ns, Total: 53100 ns
[2022-04-07T23:18:53.905+0000][2220][safepoint   ] Safepoint "Cleanup", Time since last: 11102949600 ns, Reaching safepoint: 58200 ns, At safepoint: 4900 ns, Total: 63100 ns
[2022-04-07T23:18:58.943+0000][2220][safepoint   ] Safepoint "Cleanup", Time since last: 5038337700 ns, Reaching safepoint: 49700 ns, At safepoint: 10600 ns, Total: 60300 ns
[2022-04-07T23:19:22.181+0000][2220][safepoint   ] Safepoint "Cleanup", Time since last: 23237424700 ns, Reaching safepoint: 61500 ns, At safepoint: 7100 ns, Total: 68600 ns
[2022-04-07T23:19:33.283+0000][2220][safepoint   ] Safepoint "Cleanup", Time since last: 11101586600 ns, Reaching safepoint: 61200 ns, At safepoint: 7000 ns, Total: 68200 ns
[2022-04-07T23:19:42.379+0000][2220][safepoint   ] Safepoint "Cleanup", Time since last: 9096709300 ns, Reaching safepoint: 41400 ns, At safepoint: 6000 ns, Total: 47400 ns
[2022-04-07T23:19:57.521+0000][2220][safepoint   ] Safepoint "Cleanup", Time since last: 15141727700 ns, Reaching safepoint: 52000 ns, At safepoint: 17100 ns, Total: 69100 ns
[2022-04-07T23:20:06.772+0000][2220][gc,start    ] GC(19) Pause Young (Normal) (G1 Evacuation Pause)
[2022-04-07T23:20:06.773+0000][2220][gc,task     ] GC(19) Using 4 workers of 4 for evacuation
[2022-04-07T23:20:06.773+0000][2220][gc,age      ] GC(19) Desired survivor size 320864256 bytes, new threshold 15 (max threshold 15)
[2022-04-07T23:20:06.816+0000][2220][gc,age      ] GC(19) Age table with threshold 15 (max threshold 15)
[2022-04-07T23:20:06.816+0000][2220][gc,age      ] GC(19) - age   1:    2018984 bytes,    2018984 total
[2022-04-07T23:20:06.816+0000][2220][gc,age      ] GC(19) - age   2:    6765584 bytes,    8784568 total
[2022-04-07T23:20:06.816+0000][2220][gc,age      ] GC(19) - age   3:    8695024 bytes,   17479592 total
[2022-04-07T23:20:06.816+0000][2220][gc,age      ] GC(19) - age   4:     250400 bytes,   17729992 total
[2022-04-07T23:20:06.816+0000][2220][gc,age      ] GC(19) - age   5:   19062904 bytes,   36792896 total
[2022-04-07T23:20:06.816+0000][2220][gc,age      ] GC(19) - age   6:    5276192 bytes,   42069088 total
[2022-04-07T23:20:06.816+0000][2220][gc,age      ] GC(19) - age   7:   11917784 bytes,   53986872 total
[2022-04-07T23:20:06.816+0000][2220][gc,age      ] GC(19) - age   8:   18442632 bytes,   72429504 total
[2022-04-07T23:20:06.816+0000][2220][gc,phases   ] GC(19)   Pre Evacuate Collection Set: 0.2ms
[2022-04-07T23:20:06.816+0000][2220][gc,phases   ] GC(19)   Merge Heap Roots: 0.2ms
[2022-04-07T23:20:06.816+0000][2220][gc,phases   ] GC(19)   Evacuate Collection Set: 36.9ms
[2022-04-07T23:20:06.817+0000][2220][gc,phases   ] GC(19)   Post Evacuate Collection Set: 5.9ms
[2022-04-07T23:20:06.817+0000][2220][gc,phases   ] GC(19)   Other: 0.4ms
[2022-04-07T23:20:06.817+0000][2220][gc,heap     ] GC(19) Eden regions: 1200->0(1201)
[2022-04-07T23:20:06.817+0000][2220][gc,heap     ] GC(19) Survivor regions: 20->19(153)
[2022-04-07T23:20:06.817+0000][2220][gc,heap     ] GC(19) Old regions: 12->12
[2022-04-07T23:20:06.817+0000][2220][gc,heap     ] GC(19) Archive regions: 0->0
[2022-04-07T23:20:06.817+0000][2220][gc,heap     ] GC(19) Humongous regions: 5->5
[2022-04-07T23:20:06.817+0000][2220][gc,metaspace] GC(19) Metaspace: 133011K(135232K)->133011K(135232K) NonClass: 115288K(116544K)->115288K(116544K) Class: 17722K(18688K)->17722K(18688K)
[2022-04-07T23:20:06.817+0000][2220][gc          ] GC(19) Pause Young (Normal) (G1 Evacuation Pause) 4947M->143M(8136M) 43.740ms
[2022-04-07T23:20:06.817+0000][2220][gc,cpu      ] GC(19) User=0.19s Sys=0.00s Real=0.04s
[2022-04-07T23:20:06.817+0000][2220][safepoint   ] Safepoint "G1CollectForAllocation", Time since last: 9251835900 ns, Reaching safepoint: 71000 ns, At safepoint: 43839500 ns, Total: 43910500 ns
[2022-04-07T23:20:21.915+0000][2220][safepoint   ] Safepoint "Cleanup", Time since last: 15097923300 ns, Reaching safepoint: 50300 ns, At safepoint: 13100 ns, Total: 63400 ns
[2022-04-07T23:21:10.277+0000][2220][safepoint   ] Safepoint "Cleanup", Time since last: 48361838200 ns, Reaching safepoint: 52900 ns, At safepoint: 9400 ns, Total: 62300 ns
[2022-04-07T23:21:22.352+0000][2220][safepoint   ] Safepoint "Cleanup", Time since last: 12075310000 ns, Reaching safepoint: 53900 ns, At safepoint: 10200 ns, Total: 64100 ns
[2022-04-07T23:21:57.625+0000][2220][safepoint   ] Safepoint "Cleanup", Time since last: 35273051800 ns, Reaching safepoint: 68800 ns, At safepoint: 9600 ns, Total: 78400 ns
[2022-04-07T23:22:04.682+0000][2220][safepoint   ] Safepoint "Cleanup", Time since last: 7056782900 ns, Reaching safepoint: 51700 ns, At safepoint: 20600 ns, Total: 72300 ns
[2022-04-07T23:22:09.715+0000][2220][safepoint   ] Safepoint "Cleanup", Time since last: 5033034700 ns, Reaching safepoint: 60000 ns, At safepoint: 8600 ns, Total: 68600 ns
[2022-04-07T23:22:12.732+0000][2220][safepoint   ] Safepoint "Cleanup", Time since last: 3016905200 ns, Reaching safepoint: 64400 ns, At safepoint: 10600 ns, Total: 75000 ns
[2022-04-07T23:22:26.832+0000][2220][safepoint   ] Safepoint "Cleanup", Time since last: 14099362500 ns, Reaching safepoint: 41700 ns, At safepoint: 7600 ns, Total: 49300 ns
[2022-04-07T23:22:30.850+0000][2220][safepoint   ] Safepoint "Cleanup", Time since last: 4018486300 ns, Reaching safepoint: 45600 ns, At safepoint: 3100 ns, Total: 48700 ns
[2022-04-07T23:22:31.862+0000][2220][safepoint   ] Safepoint "Cleanup", Time since last: 1011648100 ns, Reaching safepoint: 37200 ns, At safepoint: 5700 ns, Total: 42900 ns
[2022-04-07T23:22:39.935+0000][2220][safepoint   ] Safepoint "Cleanup", Time since last: 8072956900 ns, Reaching safepoint: 41600 ns, At safepoint: 2100 ns, Total: 43700 ns
[2022-04-07T23:22:42.969+0000][2220][safepoint   ] Safepoint "Cleanup", Time since last: 3033780100 ns, Reaching safepoint: 51600 ns, At safepoint: 12500 ns, Total: 64100 ns
[2022-04-07T23:23:04.123+0000][2220][safepoint   ] Safepoint "Cleanup", Time since last: 21154645900 ns, Reaching safepoint: 58200 ns, At safepoint: 16500 ns, Total: 74700 ns
[2022-04-07T23:23:22.242+0000][2220][safepoint   ] Safepoint "Cleanup", Time since last: 18118763900 ns, Reaching safepoint: 54800 ns, At safepoint: 17000 ns, Total: 71800 ns
[2022-04-07T23:23:23.246+0000][2220][safepoint   ] Safepoint "Cleanup", Time since last: 1003916700 ns, Reaching safepoint: 44100 ns, At safepoint: 17600 ns, Total: 61700 ns
[2022-04-07T23:23:25.267+0000][2220][safepoint   ] Safepoint "Cleanup", Time since last: 2020480600 ns, Reaching safepoint: 46900 ns, At safepoint: 6700 ns, Total: 53600 ns
[2022-04-07T23:23:26.271+0000][2220][safepoint   ] Safepoint "Cleanup", Time since last: 1004419300 ns, Reaching safepoint: 48000 ns, At safepoint: 12600 ns, Total: 60600 ns
[2022-04-07T23:23:58.499+0000][2220][safepoint   ] Safepoint "Cleanup", Time since last: 32227419100 ns, Reaching safepoint: 64500 ns, At safepoint: 7000 ns, Total: 71500 ns
[2022-04-07T23:24:04.543+0000][2220][safepoint   ] Safepoint "Cleanup", Time since last: 6044545100 ns, Reaching safepoint: 45600 ns, At safepoint: 8500 ns, Total: 54100 ns
[2022-04-07T23:24:16.617+0000][2220][safepoint   ] Safepoint "Cleanup", Time since last: 12073429100 ns, Reaching safepoint: 94100 ns, At safepoint: 9100 ns, Total: 103200 ns
[2022-04-07T23:24:22.653+0000][2220][safepoint   ] Safepoint "Cleanup", Time since last: 6036367600 ns, Reaching safepoint: 105900 ns, At safepoint: 11200 ns, Total: 117100 ns
[2022-04-07T23:24:31.708+0000][2220][safepoint   ] Safepoint "Cleanup", Time since last: 9054936100 ns, Reaching safepoint: 111800 ns, At safepoint: 5200 ns, Total: 117000 ns
[2022-04-07T23:24:34.722+0000][2220][safepoint   ] Safepoint "Cleanup", Time since last: 3013799300 ns, Reaching safepoint: 46800 ns, At safepoint: 9700 ns, Total: 56500 ns
[2022-04-07T23:24:52.838+0000][2220][safepoint   ] Safepoint "Cleanup", Time since last: 18115445400 ns, Reaching safepoint: 48600 ns, At safepoint: 5100 ns, Total: 53700 ns
[2022-04-07T23:25:22.018+0000][2220][safepoint   ] Safepoint "Cleanup", Time since last: 29179875300 ns, Reaching safepoint: 48000 ns, At safepoint: 8200 ns, Total: 56200 ns
[2022-04-07T23:25:32.087+0000][2220][safepoint   ] Safepoint "Cleanup", Time since last: 10069618000 ns, Reaching safepoint: 36500 ns, At safepoint: 5100 ns, Total: 41600 ns
[2022-04-07T23:25:34.107+0000][2220][safepoint   ] Safepoint "Cleanup", Time since last: 2019428400 ns, Reaching safepoint: 39900 ns, At safepoint: 4300 ns, Total: 44200 ns
[2022-04-07T23:25:53.219+0000][2220][safepoint   ] Safepoint "Cleanup", Time since last: 19111678700 ns, Reaching safepoint: 40900 ns, At safepoint: 6000 ns, Total: 46900 ns
[2022-04-07T23:25:55.229+0000][2220][safepoint   ] Safepoint "Cleanup", Time since last: 2010527000 ns, Reaching safepoint: 52500 ns, At safepoint: 10800 ns, Total: 63300 ns
[2022-04-07T23:26:22.396+0000][2220][safepoint   ] Safepoint "Cleanup", Time since last: 27166436000 ns, Reaching safepoint: 66400 ns, At safepoint: 10600 ns, Total: 77000 ns
[2022-04-07T23:26:40.537+0000][2220][safepoint   ] Safepoint "Cleanup", Time since last: 18141653800 ns, Reaching safepoint: 45800 ns, At safepoint: 21600 ns, Total: 67400 ns
[2022-04-07T23:27:19.826+0000][2220][safepoint   ] Safepoint "Cleanup", Time since last: 39288781100 ns, Reaching safepoint: 51100 ns, At safepoint: 8100 ns, Total: 59200 ns
[2022-04-07T23:27:22.864+0000][2220][safepoint   ] Safepoint "Cleanup", Time since last: 3037344000 ns, Reaching safepoint: 53700 ns, At safepoint: 7800 ns, Total: 61500 ns
[2022-04-07T23:27:47.015+0000][2220][safepoint   ] Safepoint "Cleanup", Time since last: 24151683600 ns, Reaching safepoint: 41700 ns, At safepoint: 11100 ns, Total: 52800 ns
[2022-04-07T23:28:11.176+0000][2220][safepoint   ] Safepoint "Cleanup", Time since last: 24160827000 ns, Reaching safepoint: 57800 ns, At safepoint: 10400 ns, Total: 68200 ns
[2022-04-07T23:28:14.196+0000][2220][safepoint   ] Safepoint "Cleanup", Time since last: 3019929300 ns, Reaching safepoint: 56400 ns, At safepoint: 9500 ns, Total: 65900 ns
[2022-04-07T23:28:22.251+0000][2220][safepoint   ] Safepoint "Cleanup", Time since last: 8054911500 ns, Reaching safepoint: 50000 ns, At safepoint: 6600 ns, Total: 56600 ns
[2022-04-07T23:28:26.275+0000][2220][safepoint   ] Safepoint "Cleanup", Time since last: 4023660000 ns, Reaching safepoint: 51200 ns, At safepoint: 6300 ns, Total: 57500 ns
[2022-04-07T23:28:35.326+0000][2220][safepoint   ] Safepoint "Cleanup", Time since last: 9050374400 ns, Reaching safepoint: 130900 ns, At safepoint: 5500 ns, Total: 136400 ns
[2022-04-07T23:28:53.475+0000][2220][safepoint   ] Safepoint "Cleanup", Time since last: 18149095800 ns, Reaching safepoint: 42300 ns, At safepoint: 13600 ns, Total: 55900 ns
[2022-04-07T23:28:58.510+0000][2220][safepoint   ] Safepoint "Cleanup", Time since last: 5035076400 ns, Reaching safepoint: 53800 ns, At safepoint: 8300 ns, Total: 62100 ns
[2022-04-07T23:29:19.637+0000][2220][safepoint   ] Safepoint "Cleanup", Time since last: 21127447100 ns, Reaching safepoint: 45500 ns, At safepoint: 7400 ns, Total: 52900 ns
[2022-04-07T23:29:22.661+0000][2220][safepoint   ] Safepoint "Cleanup", Time since last: 3023758800 ns, Reaching safepoint: 61500 ns, At safepoint: 18300 ns, Total: 79800 ns
[2022-04-07T23:29:35.650+0000][2220][safepoint   ] Safepoint "Cleanup", Time since last: 12988377900 ns, Reaching safepoint: 124000 ns, At safepoint: 62300 ns, Total: 186300 ns
[2022-04-07T23:30:21.962+0000][2220][safepoint   ] Safepoint "Cleanup", Time since last: 46312646900 ns, Reaching safepoint: 48300 ns, At safepoint: 12200 ns, Total: 60500 ns
[2022-04-07T23:30:22.965+0000][2220][safepoint   ] Safepoint "Cleanup", Time since last: 1003052500 ns, Reaching safepoint: 46500 ns, At safepoint: 4100 ns, Total: 50600 ns
[2022-04-07T23:30:44.098+0000][2220][safepoint   ] Safepoint "Cleanup", Time since last: 21132721200 ns, Reaching safepoint: 51900 ns, At safepoint: 9000 ns, Total: 60900 ns
[2022-04-07T23:31:05.235+0000][2220][safepoint   ] Safepoint "Cleanup", Time since last: 21136630500 ns, Reaching safepoint: 44600 ns, At safepoint: 8300 ns, Total: 52900 ns
[2022-04-07T23:31:11.263+0000][2220][safepoint   ] Safepoint "Cleanup", Time since last: 6028161600 ns, Reaching safepoint: 68400 ns, At safepoint: 12000 ns, Total: 80400 ns
[2022-04-07T23:31:22.326+0000][2220][safepoint   ] Safepoint "Cleanup", Time since last: 11062736200 ns, Reaching safepoint: 48600 ns, At safepoint: 7200 ns, Total: 55800 ns
[2022-04-07T23:31:31.378+0000][2220][safepoint   ] Safepoint "Cleanup", Time since last: 9051768600 ns, Reaching safepoint: 57900 ns, At safepoint: 11200 ns, Total: 69100 ns
[2022-04-07T23:32:05.576+0000][2220][safepoint   ] Safepoint "Cleanup", Time since last: 34198631500 ns, Reaching safepoint: 50600 ns, At safepoint: 5900 ns, Total: 56500 ns
[2022-04-07T23:32:22.695+0000][2220][safepoint   ] Safepoint "Cleanup", Time since last: 17118067900 ns, Reaching safepoint: 134300 ns, At safepoint: 6400 ns, Total: 140700 ns
[2022-04-07T23:32:52.919+0000][2220][safepoint   ] Safepoint "Cleanup", Time since last: 30224652200 ns, Reaching safepoint: 49700 ns, At safepoint: 8400 ns, Total: 58100 ns
[2022-04-07T23:32:59.972+0000][2220][safepoint   ] Safepoint "Cleanup", Time since last: 7052395300 ns, Reaching safepoint: 46900 ns, At safepoint: 8100 ns, Total: 55000 ns
[2022-04-07T23:33:01.986+0000][2220][safepoint   ] Safepoint "Cleanup", Time since last: 2014569200 ns, Reaching safepoint: 45300 ns, At safepoint: 8000 ns, Total: 53300 ns
[2022-04-07T23:33:09.037+0000][2220][safepoint   ] Safepoint "Cleanup", Time since last: 7050599100 ns, Reaching safepoint: 44400 ns, At safepoint: 9800 ns, Total: 54200 ns
[2022-04-07T23:33:22.119+0000][2220][safepoint   ] Safepoint "Cleanup", Time since last: 13081403800 ns, Reaching safepoint: 46200 ns, At safepoint: 11900 ns, Total: 58100 ns
[2022-04-07T23:33:35.213+0000][2220][safepoint   ] Safepoint "Cleanup", Time since last: 13094231600 ns, Reaching safepoint: 291800 ns, At safepoint: 10300 ns, Total: 302100 ns
[2022-04-07T23:33:41.259+0000][2220][safepoint   ] Safepoint "Cleanup", Time since last: 6045588400 ns, Reaching safepoint: 42800 ns, At safepoint: 8600 ns, Total: 51400 ns
[2022-04-07T23:33:44.277+0000][2220][safepoint   ] Safepoint "Cleanup", Time since last: 3018222800 ns, Reaching safepoint: 49500 ns, At safepoint: 16600 ns, Total: 66100 ns
[2022-04-07T23:33:53.348+0000][2220][safepoint   ] Safepoint "Cleanup", Time since last: 9070999100 ns, Reaching safepoint: 51900 ns, At safepoint: 7600 ns, Total: 59500 ns
[2022-04-07T23:34:05.416+0000][2220][safepoint   ] Safepoint "Cleanup", Time since last: 12068234600 ns, Reaching safepoint: 51100 ns, At safepoint: 11300 ns, Total: 62400 ns
[2022-04-07T23:34:22.523+0000][2220][safepoint   ] Safepoint "Cleanup", Time since last: 17106342500 ns, Reaching safepoint: 48100 ns, At safepoint: 12800 ns, Total: 60900 ns
[2022-04-07T23:34:23.530+0000][2220][safepoint   ] Safepoint "Cleanup", Time since last: 1006900200 ns, Reaching safepoint: 65900 ns, At safepoint: 9600 ns, Total: 75500 ns
[2022-04-07T23:34:36.615+0000][2220][safepoint   ] Safepoint "Cleanup", Time since last: 13084819100 ns, Reaching safepoint: 59700 ns, At safepoint: 12000 ns, Total: 71700 ns
[2022-04-07T23:34:59.751+0000][2220][safepoint   ] Safepoint "Cleanup", Time since last: 23136568700 ns, Reaching safepoint: 64800 ns, At safepoint: 10200 ns, Total: 75000 ns
[2022-04-07T23:35:02.779+0000][2220][safepoint   ] Safepoint "Cleanup", Time since last: 3027502900 ns, Reaching safepoint: 85300 ns, At safepoint: 7200 ns, Total: 92500 ns
[2022-04-07T23:35:06.804+0000][2220][safepoint   ] Safepoint "Cleanup", Time since last: 4024913800 ns, Reaching safepoint: 40900 ns, At safepoint: 8700 ns, Total: 49600 ns
[2022-04-07T23:35:20.879+0000][2220][safepoint   ] Safepoint "Cleanup", Time since last: 14074535800 ns, Reaching safepoint: 68900 ns, At safepoint: 10000 ns, Total: 78900 ns
[2022-04-07T23:35:22.891+0000][2220][safepoint   ] Safepoint "Cleanup", Time since last: 2012078600 ns, Reaching safepoint: 51100 ns, At safepoint: 11400 ns, Total: 62500 ns
[2022-04-07T23:35:23.898+0000][2220][safepoint   ] Safepoint "Cleanup", Time since last: 1007061700 ns, Reaching safepoint: 48200 ns, At safepoint: 12900 ns, Total: 61100 ns
[2022-04-07T23:35:35.971+0000][2220][safepoint   ] Safepoint "Cleanup", Time since last: 12073002600 ns, Reaching safepoint: 61900 ns, At safepoint: 10600 ns, Total: 72500 ns
[2022-04-07T23:35:45.045+0000][2220][safepoint   ] Safepoint "Cleanup", Time since last: 9074194900 ns, Reaching safepoint: 46500 ns, At safepoint: 6900 ns, Total: 53400 ns
[2022-04-07T23:35:48.063+0000][2220][safepoint   ] Safepoint "Cleanup", Time since last: 3017653500 ns, Reaching safepoint: 53200 ns, At safepoint: 15100 ns, Total: 68300 ns
[2022-04-07T23:35:54.115+0000][2220][safepoint   ] Safepoint "Cleanup", Time since last: 6052245800 ns, Reaching safepoint: 58800 ns, At safepoint: 7200 ns, Total: 66000 ns
[2022-04-07T23:36:00.168+0000][2220][safepoint   ] Safepoint "Cleanup", Time since last: 6053048700 ns, Reaching safepoint: 53200 ns, At safepoint: 6700 ns, Total: 59900 ns
[2022-04-07T23:36:22.319+0000][2220][safepoint   ] Safepoint "Cleanup", Time since last: 22150298300 ns, Reaching safepoint: 52600 ns, At safepoint: 11100 ns, Total: 63700 ns
[2022-04-07T23:36:33.400+0000][2220][safepoint   ] Safepoint "Cleanup", Time since last: 11080955200 ns, Reaching safepoint: 54100 ns, At safepoint: 7100 ns, Total: 61200 ns
[2022-04-07T23:36:36.415+0000][2220][safepoint   ] Safepoint "Cleanup", Time since last: 3015146800 ns, Reaching safepoint: 70100 ns, At safepoint: 13400 ns, Total: 83500 ns
[2022-04-07T23:36:41.452+0000][2220][safepoint   ] Safepoint "Cleanup", Time since last: 5036936500 ns, Reaching safepoint: 33600 ns, At safepoint: 6100 ns, Total: 39700 ns
[2022-04-07T23:36:45.483+0000][2220][safepoint   ] Safepoint "Cleanup", Time since last: 4031160600 ns, Reaching safepoint: 78000 ns, At safepoint: 8700 ns, Total: 86700 ns
[2022-04-07T23:36:47.498+0000][2220][safepoint   ] Safepoint "Cleanup", Time since last: 2015117600 ns, Reaching safepoint: 47300 ns, At safepoint: 7300 ns, Total: 54600 ns
[2022-04-07T23:37:05.649+0000][2220][safepoint   ] Safepoint "Cleanup", Time since last: 18150897500 ns, Reaching safepoint: 48900 ns, At safepoint: 8700 ns, Total: 57600 ns
[2022-04-07T23:37:17.746+0000][2220][safepoint   ] Safepoint "Cleanup", Time since last: 12096765100 ns, Reaching safepoint: 42300 ns, At safepoint: 5800 ns, Total: 48100 ns
[2022-04-07T23:37:22.797+0000][2220][safepoint   ] Safepoint "Cleanup", Time since last: 5050451000 ns, Reaching safepoint: 48600 ns, At safepoint: 12100 ns, Total: 60700 ns
[2022-04-07T23:37:44.962+0000][2220][safepoint   ] Safepoint "Cleanup", Time since last: 22165497300 ns, Reaching safepoint: 51900 ns, At safepoint: 5300 ns, Total: 57200 ns
[2022-04-07T23:37:46.909+0000][2220][gc,start    ] GC(20) Pause Young (Normal) (G1 Evacuation Pause)
[2022-04-07T23:37:46.909+0000][2220][gc,task     ] GC(20) Using 4 workers of 4 for evacuation
[2022-04-07T23:37:46.909+0000][2220][gc,age      ] GC(20) Desired survivor size 320864256 bytes, new threshold 15 (max threshold 15)
[2022-04-07T23:37:46.957+0000][2220][gc,age      ] GC(20) Age table with threshold 15 (max threshold 15)
[2022-04-07T23:37:46.957+0000][2220][gc,age      ] GC(20) - age   1:    1265616 bytes,    1265616 total
[2022-04-07T23:37:46.957+0000][2220][gc,age      ] GC(20) - age   2:     702576 bytes,    1968192 total
[2022-04-07T23:37:46.957+0000][2220][gc,age      ] GC(20) - age   3:    6759160 bytes,    8727352 total
[2022-04-07T23:37:46.957+0000][2220][gc,age      ] GC(20) - age   4:    8694816 bytes,   17422168 total
[2022-04-07T23:37:46.957+0000][2220][gc,age      ] GC(20) - age   5:     250400 bytes,   17672568 total
[2022-04-07T23:37:46.957+0000][2220][gc,age      ] GC(20) - age   6:   19061696 bytes,   36734264 total
[2022-04-07T23:37:46.957+0000][2220][gc,age      ] GC(20) - age   7:    5276136 bytes,   42010400 total
[2022-04-07T23:37:46.957+0000][2220][gc,age      ] GC(20) - age   8:   11917784 bytes,   53928184 total
[2022-04-07T23:37:46.957+0000][2220][gc,age      ] GC(20) - age   9:   18442632 bytes,   72370816 total
[2022-04-07T23:37:46.957+0000][2220][gc,phases   ] GC(20)   Pre Evacuate Collection Set: 0.1ms
[2022-04-07T23:37:46.957+0000][2220][gc,phases   ] GC(20)   Merge Heap Roots: 0.2ms
[2022-04-07T23:37:46.957+0000][2220][gc,phases   ] GC(20)   Evacuate Collection Set: 41.4ms
[2022-04-07T23:37:46.957+0000][2220][gc,phases   ] GC(20)   Post Evacuate Collection Set: 5.7ms
[2022-04-07T23:37:46.957+0000][2220][gc,phases   ] GC(20)   Other: 0.6ms
[2022-04-07T23:37:46.957+0000][2220][gc,heap     ] GC(20) Eden regions: 1201->0(1201)
[2022-04-07T23:37:46.957+0000][2220][gc,heap     ] GC(20) Survivor regions: 19->19(153)
[2022-04-07T23:37:46.957+0000][2220][gc,heap     ] GC(20) Old regions: 12->12
[2022-04-07T23:37:46.957+0000][2220][gc,heap     ] GC(20) Archive regions: 0->0
[2022-04-07T23:37:46.957+0000][2220][gc,heap     ] GC(20) Humongous regions: 5->5
[2022-04-07T23:37:46.957+0000][2220][gc,metaspace] GC(20) Metaspace: 133157K(135424K)->133157K(135424K) NonClass: 115433K(116736K)->115433K(116736K) Class: 17724K(18688K)->17724K(18688K)
[2022-04-07T23:37:46.957+0000][2220][gc          ] GC(20) Pause Young (Normal) (G1 Evacuation Pause) 4947M->141M(8136M) 48.305ms
[2022-04-07T23:37:46.957+0000][2220][gc,cpu      ] GC(20) User=0.14s Sys=0.02s Real=0.05s
[2022-04-07T23:37:46.958+0000][2220][safepoint   ] Safepoint "G1CollectForAllocation", Time since last: 1947057700 ns, Reaching safepoint: 38200 ns, At safepoint: 48433899 ns, Total: 48472099 ns
[2022-04-07T23:37:54.014+0000][2220][safepoint   ] Safepoint "Cleanup", Time since last: 7056516001 ns, Reaching safepoint: 45400 ns, At safepoint: 7700 ns, Total: 53100 ns
[2022-04-07T23:38:09.103+0000][2220][safepoint   ] Safepoint "Cleanup", Time since last: 15088523999 ns, Reaching safepoint: 69001 ns, At safepoint: 12300 ns, Total: 81301 ns
[2022-04-07T23:38:12.126+0000][2220][safepoint   ] Safepoint "Cleanup", Time since last: 3022779800 ns, Reaching safepoint: 55000 ns, At safepoint: 11599 ns, Total: 66599 ns
[2022-04-07T23:38:18.155+0000][2220][safepoint   ] Safepoint "Cleanup", Time since last: 6029472501 ns, Reaching safepoint: 45300 ns, At safepoint: 15000 ns, Total: 60300 ns
[2022-04-07T23:38:21.162+0000][2220][safepoint   ] Safepoint "Cleanup", Time since last: 3007146000 ns, Reaching safepoint: 42000 ns, At safepoint: 8400 ns, Total: 50400 ns
[2022-04-07T23:38:22.165+0000][2220][safepoint   ] Safepoint "Cleanup", Time since last: 1002393499 ns, Reaching safepoint: 95201 ns, At safepoint: 11299 ns, Total: 106500 ns
[2022-04-07T23:38:27.198+0000][2220][safepoint   ] Safepoint "Cleanup", Time since last: 5032704800 ns, Reaching safepoint: 102901 ns, At safepoint: 13800 ns, Total: 116701 ns
[2022-04-07T23:38:45.323+0000][2220][safepoint   ] Safepoint "Cleanup", Time since last: 18125052700 ns, Reaching safepoint: 114500 ns, At safepoint: 5400 ns, Total: 119900 ns
[2022-04-07T23:38:48.350+0000][2220][safepoint   ] Safepoint "Cleanup", Time since last: 3026974000 ns, Reaching safepoint: 54400 ns, At safepoint: 8200 ns, Total: 62600 ns
[2022-04-07T23:39:00.431+0000][2220][safepoint   ] Safepoint "Cleanup", Time since last: 12080580600 ns, Reaching safepoint: 59500 ns, At safepoint: 12800 ns, Total: 72300 ns
[2022-04-07T23:39:18.522+0000][2220][safepoint   ] Safepoint "Cleanup", Time since last: 18091410900 ns, Reaching safepoint: 57399 ns, At safepoint: 10901 ns, Total: 68300 ns
[2022-04-07T23:39:21.534+0000][2220][safepoint   ] Safepoint "Cleanup", Time since last: 3011882500 ns, Reaching safepoint: 52600 ns, At safepoint: 8500 ns, Total: 61100 ns
[2022-04-07T23:39:22.535+0000][2220][safepoint   ] Safepoint "Cleanup", Time since last: 1000423599 ns, Reaching safepoint: 60301 ns, At safepoint: 8300 ns, Total: 68601 ns
[2022-04-07T23:39:33.593+0000][2220][safepoint   ] Safepoint "Cleanup", Time since last: 11058102299 ns, Reaching safepoint: 41301 ns, At safepoint: 13699 ns, Total: 55000 ns
[2022-04-07T23:40:09.793+0000][2220][safepoint   ] Safepoint "Cleanup", Time since last: 36199934101 ns, Reaching safepoint: 45800 ns, At safepoint: 5600 ns, Total: 51400 ns
[2022-04-07T23:40:27.894+0000][2220][safepoint   ] Safepoint "Cleanup", Time since last: 18101040600 ns, Reaching safepoint: 39899 ns, At safepoint: 6801 ns, Total: 46700 ns
[2022-04-07T23:40:41.996+0000][2220][safepoint   ] Safepoint "Cleanup", Time since last: 14101796300 ns, Reaching safepoint: 41100 ns, At safepoint: 19200 ns, Total: 60300 ns
[2022-04-07T23:40:42.999+0000][2220][safepoint   ] Safepoint "Cleanup", Time since last: 1002901500 ns, Reaching safepoint: 72300 ns, At safepoint: 4500 ns, Total: 76800 ns
[2022-04-07T23:40:55.090+0000][2220][safepoint   ] Safepoint "Cleanup", Time since last: 12091788200 ns, Reaching safepoint: 61100 ns, At safepoint: 8300 ns, Total: 69400 ns
[2022-04-07T23:41:09.208+0000][2220][safepoint   ] Safepoint "Cleanup", Time since last: 14117780099 ns, Reaching safepoint: 49101 ns, At safepoint: 10099 ns, Total: 59200 ns
[2022-04-07T23:41:22.311+0000][2220][safepoint   ] Safepoint "Cleanup", Time since last: 13102953300 ns, Reaching safepoint: 51801 ns, At safepoint: 8700 ns, Total: 60501 ns
[2022-04-07T23:41:30.366+0000][2220][safepoint   ] Safepoint "Cleanup", Time since last: 8054247900 ns, Reaching safepoint: 80900 ns, At safepoint: 7299 ns, Total: 88199 ns
[2022-04-07T23:42:24.732+0000][2220][safepoint   ] Safepoint "Cleanup", Time since last: 54365850301 ns, Reaching safepoint: 59800 ns, At safepoint: 13699 ns, Total: 73499 ns
[2022-04-07T23:43:19.081+0000][2220][safepoint   ] Safepoint "Cleanup", Time since last: 54349836101 ns, Reaching safepoint: 55700 ns, At safepoint: 8200 ns, Total: 63900 ns
[2022-04-07T23:43:20.089+0000][2220][safepoint   ] Safepoint "Cleanup", Time since last: 1007748100 ns, Reaching safepoint: 83200 ns, At safepoint: 9300 ns, Total: 92500 ns
[2022-04-07T23:43:22.106+0000][2220][safepoint   ] Safepoint "Cleanup", Time since last: 2016475000 ns, Reaching safepoint: 37300 ns, At safepoint: 5500 ns, Total: 42800 ns
[2022-04-07T23:43:25.139+0000][2220][safepoint   ] Safepoint "Cleanup", Time since last: 3033605700 ns, Reaching safepoint: 45500 ns, At safepoint: 9500 ns, Total: 55000 ns
[2022-04-07T23:43:28.157+0000][2220][safepoint   ] Safepoint "Cleanup", Time since last: 3017616800 ns, Reaching safepoint: 58499 ns, At safepoint: 8801 ns, Total: 67300 ns
[2022-04-07T23:43:43.267+0000][2220][safepoint   ] Safepoint "Cleanup", Time since last: 15109669099 ns, Reaching safepoint: 46701 ns, At safepoint: 8100 ns, Total: 54801 ns
[2022-04-07T23:43:46.300+0000][2220][safepoint   ] Safepoint "Cleanup", Time since last: 3032614400 ns, Reaching safepoint: 102100 ns, At safepoint: 10399 ns, Total: 112499 ns
[2022-04-07T23:43:58.858+0000][2220][safepoint   ] Safepoint "Cleanup", Time since last: 12557948001 ns, Reaching safepoint: 318600 ns, At safepoint: 9700 ns, Total: 328300 ns
[2022-04-07T23:44:00.879+0000][2220][safepoint   ] Safepoint "Cleanup", Time since last: 2021395000 ns, Reaching safepoint: 325300 ns, At safepoint: 9399 ns, Total: 334699 ns
[2022-04-07T23:44:18.998+0000][2220][safepoint   ] Safepoint "Cleanup", Time since last: 18118382801 ns, Reaching safepoint: 112000 ns, At safepoint: 4900 ns, Total: 116900 ns
[2022-04-07T23:44:34.099+0000][2220][safepoint   ] Safepoint "Cleanup", Time since last: 15101284300 ns, Reaching safepoint: 55799 ns, At safepoint: 9401 ns, Total: 65200 ns
[2022-04-07T23:44:35.104+0000][2220][safepoint   ] Safepoint "Cleanup", Time since last: 1004036800 ns, Reaching safepoint: 86700 ns, At safepoint: 10299 ns, Total: 96999 ns
[2022-04-07T23:44:37.121+0000][2220][safepoint   ] Safepoint "Cleanup", Time since last: 2017558401 ns, Reaching safepoint: 42699 ns, At safepoint: 2701 ns, Total: 45400 ns
[2022-04-07T23:44:43.162+0000][2220][safepoint   ] Safepoint "Cleanup", Time since last: 6041196399 ns, Reaching safepoint: 54401 ns, At safepoint: 9500 ns, Total: 63901 ns
[2022-04-07T23:44:48.184+0000][2220][safepoint   ] Safepoint "Cleanup", Time since last: 5022013899 ns, Reaching safepoint: 97201 ns, At safepoint: 11500 ns, Total: 108701 ns
[2022-04-07T23:45:02.262+0000][2220][safepoint   ] Safepoint "Cleanup", Time since last: 14077616200 ns, Reaching safepoint: 46200 ns, At safepoint: 7300 ns, Total: 53500 ns
[2022-04-07T23:45:08.307+0000][2220][safepoint   ] Safepoint "Cleanup", Time since last: 6044687800 ns, Reaching safepoint: 52100 ns, At safepoint: 14200 ns, Total: 66300 ns
[2022-04-07T23:45:19.373+0000][2220][safepoint   ] Safepoint "Cleanup", Time since last: 11066521300 ns, Reaching safepoint: 48500 ns, At safepoint: 9500 ns, Total: 58000 ns
[2022-04-07T23:45:22.399+0000][2220][safepoint   ] Safepoint "Cleanup", Time since last: 3025085800 ns, Reaching safepoint: 45499 ns, At safepoint: 8301 ns, Total: 53800 ns
[2022-04-07T23:45:31.434+0000][2220][safepoint   ] Safepoint "Cleanup", Time since last: 9035117399 ns, Reaching safepoint: 38401 ns, At safepoint: 5300 ns, Total: 43701 ns
[2022-04-07T23:45:58.619+0000][2220][safepoint   ] Safepoint "Cleanup", Time since last: 27185149599 ns, Reaching safepoint: 122901 ns, At safepoint: 4699 ns, Total: 127600 ns
[2022-04-07T23:46:07.676+0000][2220][safepoint   ] Safepoint "Cleanup", Time since last: 9056860701 ns, Reaching safepoint: 126799 ns, At safepoint: 5401 ns, Total: 132200 ns
[2022-04-07T23:47:13.138+0000][2220][safepoint   ] Safepoint "Cleanup", Time since last: 65461827100 ns, Reaching safepoint: 51899 ns, At safepoint: 9501 ns, Total: 61400 ns
[2022-04-07T23:47:32.272+0000][2220][safepoint   ] Safepoint "Cleanup", Time since last: 19134276700 ns, Reaching safepoint: 54900 ns, At safepoint: 31900 ns, Total: 86800 ns
[2022-04-07T23:48:13.559+0000][2220][safepoint   ] Safepoint "Cleanup", Time since last: 41286308599 ns, Reaching safepoint: 44601 ns, At safepoint: 16300 ns, Total: 60901 ns
[2022-04-07T23:48:20.608+0000][2220][safepoint   ] Safepoint "Cleanup", Time since last: 7049376900 ns, Reaching safepoint: 50300 ns, At safepoint: 8700 ns, Total: 59000 ns
[2022-04-07T23:48:31.685+0000][2220][safepoint   ] Safepoint "Cleanup", Time since last: 11077076899 ns, Reaching safepoint: 53201 ns, At safepoint: 15900 ns, Total: 69101 ns
[2022-04-07T23:48:58.253+0000][2220][safepoint   ] Safepoint "Cleanup", Time since last: 26568052500 ns, Reaching safepoint: 73700 ns, At safepoint: 7399 ns, Total: 81099 ns
[2022-04-07T23:49:14.342+0000][2220][safepoint   ] Safepoint "Cleanup", Time since last: 16088772501 ns, Reaching safepoint: 47600 ns, At safepoint: 6999 ns, Total: 54599 ns
[2022-04-07T23:49:57.616+0000][2220][safepoint   ] Safepoint "Cleanup", Time since last: 43273309201 ns, Reaching safepoint: 114000 ns, At safepoint: 49099 ns, Total: 163099 ns
[2022-04-07T23:50:22.811+0000][2220][safepoint   ] Safepoint "Cleanup", Time since last: 25195244301 ns, Reaching safepoint: 58000 ns, At safepoint: 9000 ns, Total: 67000 ns
[2022-04-07T23:50:37.906+0000][2220][safepoint   ] Safepoint "Cleanup", Time since last: 15094465499 ns, Reaching safepoint: 49901 ns, At safepoint: 13300 ns, Total: 63201 ns
[2022-04-07T23:50:43.949+0000][2220][safepoint   ] Safepoint "Cleanup", Time since last: 6042987100 ns, Reaching safepoint: 68499 ns, At safepoint: 18301 ns, Total: 86800 ns
[2022-04-07T23:51:02.074+0000][2220][safepoint   ] Safepoint "Cleanup", Time since last: 18125635400 ns, Reaching safepoint: 59000 ns, At safepoint: 1999 ns, Total: 60999 ns
[2022-04-07T23:51:14.158+0000][2220][safepoint   ] Safepoint "Cleanup", Time since last: 12083399501 ns, Reaching safepoint: 68500 ns, At safepoint: 18000 ns, Total: 86500 ns
[2022-04-07T23:51:22.232+0000][2220][safepoint   ] Safepoint "Cleanup", Time since last: 8074272000 ns, Reaching safepoint: 61200 ns, At safepoint: 14400 ns, Total: 75600 ns
[2022-04-07T23:51:50.430+0000][2220][safepoint   ] Safepoint "Cleanup", Time since last: 28197822600 ns, Reaching safepoint: 57900 ns, At safepoint: 18200 ns, Total: 76100 ns
[2022-04-07T23:52:22.615+0000][2220][safepoint   ] Safepoint "Cleanup", Time since last: 32185364000 ns, Reaching safepoint: 38000 ns, At safepoint: 11100 ns, Total: 49100 ns
[2022-04-07T23:52:26.630+0000][2220][safepoint   ] Safepoint "Cleanup", Time since last: 4014081499 ns, Reaching safepoint: 61001 ns, At safepoint: 9000 ns, Total: 70001 ns
[2022-04-07T23:53:12.762+0000][2220][safepoint   ] Safepoint "Cleanup", Time since last: 46132602600 ns, Reaching safepoint: 66000 ns, At safepoint: 14199 ns, Total: 80199 ns
[2022-04-07T23:53:14.770+0000][2220][safepoint   ] Safepoint "Cleanup", Time since last: 2007554601 ns, Reaching safepoint: 48000 ns, At safepoint: 12900 ns, Total: 60900 ns
[2022-04-07T23:53:30.872+0000][2220][safepoint   ] Safepoint "Cleanup", Time since last: 16102070900 ns, Reaching safepoint: 60600 ns, At safepoint: 13400 ns, Total: 74000 ns
[2022-04-07T23:53:31.880+0000][2220][safepoint   ] Safepoint "Cleanup", Time since last: 1008198800 ns, Reaching safepoint: 58300 ns, At safepoint: 7600 ns, Total: 65900 ns
[2022-04-07T23:53:54.023+0000][2220][safepoint   ] Safepoint "Cleanup", Time since last: 22142682900 ns, Reaching safepoint: 57200 ns, At safepoint: 8999 ns, Total: 66199 ns
[2022-04-07T23:53:56.041+0000][2220][safepoint   ] Safepoint "Cleanup", Time since last: 2017713501 ns, Reaching safepoint: 46400 ns, At safepoint: 7200 ns, Total: 53600 ns
[2022-04-07T23:53:58.051+0000][2220][safepoint   ] Safepoint "Cleanup", Time since last: 2009996900 ns, Reaching safepoint: 57999 ns, At safepoint: 13400 ns, Total: 71399 ns
[2022-04-07T23:54:08.126+0000][2220][safepoint   ] Safepoint "Cleanup", Time since last: 10075364400 ns, Reaching safepoint: 52301 ns, At safepoint: 9700 ns, Total: 62001 ns
[2022-04-07T23:54:32.317+0000][2220][safepoint   ] Safepoint "Cleanup", Time since last: 24190492600 ns, Reaching safepoint: 51899 ns, At safepoint: 4501 ns, Total: 56400 ns
[2022-04-07T23:54:50.191+0000][2220][gc,start    ] GC(21) Pause Young (Normal) (G1 Evacuation Pause)
[2022-04-07T23:54:50.191+0000][2220][gc,task     ] GC(21) Using 4 workers of 4 for evacuation
[2022-04-07T23:54:50.191+0000][2220][gc,age      ] GC(21) Desired survivor size 320864256 bytes, new threshold 15 (max threshold 15)
[2022-04-07T23:54:50.235+0000][2220][gc,age      ] GC(21) Age table with threshold 15 (max threshold 15)
[2022-04-07T23:54:50.235+0000][2220][gc,age      ] GC(21) - age   1:    2044904 bytes,    2044904 total
[2022-04-07T23:54:50.235+0000][2220][gc,age      ] GC(21) - age   2:     228552 bytes,    2273456 total
[2022-04-07T23:54:50.235+0000][2220][gc,age      ] GC(21) - age   3:     302776 bytes,    2576232 total
[2022-04-07T23:54:50.235+0000][2220][gc,age      ] GC(21) - age   4:    6682664 bytes,    9258896 total
[2022-04-07T23:54:50.235+0000][2220][gc,age      ] GC(21) - age   5:    8495272 bytes,   17754168 total
[2022-04-07T23:54:50.235+0000][2220][gc,age      ] GC(21) - age   6:     250224 bytes,   18004392 total
[2022-04-07T23:54:50.235+0000][2220][gc,age      ] GC(21) - age   7:   19061576 bytes,   37065968 total
[2022-04-07T23:54:50.235+0000][2220][gc,age      ] GC(21) - age   8:    5276136 bytes,   42342104 total
[2022-04-07T23:54:50.235+0000][2220][gc,age      ] GC(21) - age   9:   11917784 bytes,   54259888 total
[2022-04-07T23:54:50.235+0000][2220][gc,age      ] GC(21) - age  10:   18442632 bytes,   72702520 total
[2022-04-07T23:54:50.235+0000][2220][gc,phases   ] GC(21)   Pre Evacuate Collection Set: 0.2ms
[2022-04-07T23:54:50.235+0000][2220][gc,phases   ] GC(21)   Merge Heap Roots: 0.2ms
[2022-04-07T23:54:50.235+0000][2220][gc,phases   ] GC(21)   Evacuate Collection Set: 38.8ms
[2022-04-07T23:54:50.235+0000][2220][gc,phases   ] GC(21)   Post Evacuate Collection Set: 4.5ms
[2022-04-07T23:54:50.235+0000][2220][gc,phases   ] GC(21)   Other: 0.5ms
[2022-04-07T23:54:50.235+0000][2220][gc,heap     ] GC(21) Eden regions: 1201->0(1200)
[2022-04-07T23:54:50.235+0000][2220][gc,heap     ] GC(21) Survivor regions: 19->20(153)
[2022-04-07T23:54:50.235+0000][2220][gc,heap     ] GC(21) Old regions: 12->12
[2022-04-07T23:54:50.235+0000][2220][gc,heap     ] GC(21) Archive regions: 0->0
[2022-04-07T23:54:50.235+0000][2220][gc,heap     ] GC(21) Humongous regions: 5->5
[2022-04-07T23:54:50.235+0000][2220][gc,metaspace] GC(21) Metaspace: 133315K(135680K)->133315K(135680K) NonClass: 115586K(116928K)->115586K(116928K) Class: 17728K(18752K)->17728K(18752K)
[2022-04-07T23:54:50.235+0000][2220][gc          ] GC(21) Pause Young (Normal) (G1 Evacuation Pause) 4945M->145M(8136M) 44.371ms
[2022-04-07T23:54:50.235+0000][2220][gc,cpu      ] GC(21) User=0.19s Sys=0.00s Real=0.04s
[2022-04-07T23:54:50.235+0000][2220][safepoint   ] Safepoint "G1CollectForAllocation", Time since last: 17873773600 ns, Reaching safepoint: 111300 ns, At safepoint: 44489900 ns, Total: 44601200 ns
[2022-04-07T23:55:22.431+0000][2220][safepoint   ] Safepoint "Cleanup", Time since last: 32195485799 ns, Reaching safepoint: 49501 ns, At safepoint: 8500 ns, Total: 58001 ns
[2022-04-07T23:55:27.450+0000][2220][safepoint   ] Safepoint "Cleanup", Time since last: 5019031600 ns, Reaching safepoint: 43900 ns, At safepoint: 8400 ns, Total: 52300 ns
[2022-04-07T23:55:50.619+0000][2220][safepoint   ] Safepoint "Cleanup", Time since last: 23169325499 ns, Reaching safepoint: 64600 ns, At safepoint: 9201 ns, Total: 73801 ns
[2022-04-07T23:56:03.708+0000][2220][safepoint   ] Safepoint "Cleanup", Time since last: 13088920900 ns, Reaching safepoint: 54300 ns, At safepoint: 7500 ns, Total: 61800 ns
[2022-04-07T23:56:14.782+0000][2220][safepoint   ] Safepoint "Cleanup", Time since last: 11073566300 ns, Reaching safepoint: 88099 ns, At safepoint: 16101 ns, Total: 104200 ns
[2022-04-07T23:56:22.845+0000][2220][safepoint   ] Safepoint "Cleanup", Time since last: 8063036000 ns, Reaching safepoint: 59700 ns, At safepoint: 10200 ns, Total: 69900 ns
[2022-04-07T23:56:35.956+0000][2220][safepoint   ] Safepoint "Cleanup", Time since last: 13110631300 ns, Reaching safepoint: 44000 ns, At safepoint: 8899 ns, Total: 52899 ns
[2022-04-07T23:57:57.504+0000][2220][safepoint   ] Safepoint "Cleanup", Time since last: 81547922901 ns, Reaching safepoint: 46700 ns, At safepoint: 7700 ns, Total: 54400 ns
[2022-04-07T23:58:08.573+0000][2220][safepoint   ] Safepoint "Cleanup", Time since last: 11068734300 ns, Reaching safepoint: 57900 ns, At safepoint: 8000 ns, Total: 65900 ns
[2022-04-07T23:58:11.595+0000][2220][safepoint   ] Safepoint "Cleanup", Time since last: 3022723700 ns, Reaching safepoint: 37600 ns, At safepoint: 15800 ns, Total: 53400 ns
[2022-04-07T23:58:22.672+0000][2220][safepoint   ] Safepoint "Cleanup", Time since last: 11076786700 ns, Reaching safepoint: 53900 ns, At safepoint: 18300 ns, Total: 72200 ns
[2022-04-07T23:58:41.792+0000][2220][safepoint   ] Safepoint "Cleanup", Time since last: 19119575300 ns, Reaching safepoint: 46500 ns, At safepoint: 5700 ns, Total: 52200 ns
[2022-04-07T23:59:02.943+0000][2220][safepoint   ] Safepoint "Cleanup", Time since last: 21150848200 ns, Reaching safepoint: 52000 ns, At safepoint: 7100 ns, Total: 59100 ns
[2022-04-07T23:59:36.190+0000][2220][safepoint   ] Safepoint "Cleanup", Time since last: 33247348400 ns, Reaching safepoint: 61300 ns, At safepoint: 8400 ns, Total: 69700 ns
[2022-04-08T00:00:03.422+0000][2220][safepoint   ] Safepoint "Cleanup", Time since last: 27231550000 ns, Reaching safepoint: 43100 ns, At safepoint: 32500 ns, Total: 75600 ns
[2022-04-08T00:00:09.464+0000][2220][safepoint   ] Safepoint "Cleanup", Time since last: 6042263200 ns, Reaching safepoint: 51800 ns, At safepoint: 12400 ns, Total: 64200 ns
[2022-04-08T00:00:27.597+0000][2220][safepoint   ] Safepoint "Cleanup", Time since last: 18132829400 ns, Reaching safepoint: 49000 ns, At safepoint: 7900 ns, Total: 56900 ns
[2022-04-08T00:00:57.810+0000][2220][safepoint   ] Safepoint "Cleanup", Time since last: 30212666300 ns, Reaching safepoint: 64800 ns, At safepoint: 10000 ns, Total: 74800 ns
[2022-04-08T00:00:59.822+0000][2220][safepoint   ] Safepoint "Cleanup", Time since last: 2012629800 ns, Reaching safepoint: 43000 ns, At safepoint: 16900 ns, Total: 59900 ns
[2022-04-08T00:01:14.908+0000][2220][safepoint   ] Safepoint "Cleanup", Time since last: 15085580300 ns, Reaching safepoint: 59900 ns, At safepoint: 12700 ns, Total: 72600 ns
[2022-04-08T00:02:22.330+0000][2220][safepoint   ] Safepoint "Cleanup", Time since last: 67422275100 ns, Reaching safepoint: 60200 ns, At safepoint: 10200 ns, Total: 70400 ns
[2022-04-08T00:02:27.362+0000][2220][safepoint   ] Safepoint "Cleanup", Time since last: 5031188900 ns, Reaching safepoint: 55900 ns, At safepoint: 7900 ns, Total: 63800 ns
[2022-04-08T00:02:36.426+0000][2220][safepoint   ] Safepoint "Cleanup", Time since last: 9064082900 ns, Reaching safepoint: 38100 ns, At safepoint: 5700 ns, Total: 43800 ns
[2022-04-08T00:03:36.816+0000][2220][safepoint   ] Safepoint "Cleanup", Time since last: 60390241600 ns, Reaching safepoint: 125500 ns, At safepoint: 6700 ns, Total: 132200 ns
[2022-04-08T00:03:51.923+0000][2220][safepoint   ] Safepoint "Cleanup", Time since last: 15106457900 ns, Reaching safepoint: 62100 ns, At safepoint: 8800 ns, Total: 70900 ns
[2022-04-08T00:04:00.970+0000][2220][safepoint   ] Safepoint "Cleanup", Time since last: 9046891900 ns, Reaching safepoint: 64400 ns, At safepoint: 7200 ns, Total: 71600 ns
[2022-04-08T00:04:58.339+0000][2220][safepoint   ] Safepoint "Cleanup", Time since last: 57369326500 ns, Reaching safepoint: 55900 ns, At safepoint: 19400 ns, Total: 75300 ns
[2022-04-08T00:06:31.943+0000][2220][safepoint   ] Safepoint "Cleanup", Time since last: 93603758900 ns, Reaching safepoint: 166000 ns, At safepoint: 7300 ns, Total: 173300 ns
[2022-04-08T00:07:22.285+0000][2220][safepoint   ] Safepoint "Cleanup", Time since last: 50342287700 ns, Reaching safepoint: 52300 ns, At safepoint: 37700 ns, Total: 90000 ns
[2022-04-08T00:08:01.549+0000][2220][safepoint   ] Safepoint "Cleanup", Time since last: 39263303100 ns, Reaching safepoint: 61200 ns, At safepoint: 6100 ns, Total: 67300 ns
[2022-04-08T00:08:22.678+0000][2220][safepoint   ] Safepoint "Cleanup", Time since last: 21129568100 ns, Reaching safepoint: 54400 ns, At safepoint: 11500 ns, Total: 65900 ns
[2022-04-08T00:09:23.080+0000][2220][safepoint   ] Safepoint "Cleanup", Time since last: 60401553500 ns, Reaching safepoint: 62100 ns, At safepoint: 8300 ns, Total: 70400 ns
[2022-04-08T00:10:56.701+0000][2220][safepoint   ] Safepoint "Cleanup", Time since last: 93621232800 ns, Reaching safepoint: 44100 ns, At safepoint: 8100 ns, Total: 52200 ns
[2022-04-08T00:11:35.456+0000][2220][gc,start    ] GC(22) Pause Young (Normal) (G1 Evacuation Pause)
[2022-04-08T00:11:35.456+0000][2220][gc,task     ] GC(22) Using 4 workers of 4 for evacuation
[2022-04-08T00:11:35.456+0000][2220][gc,age      ] GC(22) Desired survivor size 320864256 bytes, new threshold 15 (max threshold 15)
[2022-04-08T00:11:35.496+0000][2220][gc,age      ] GC(22) Age table with threshold 15 (max threshold 15)
[2022-04-08T00:11:35.496+0000][2220][gc,age      ] GC(22) - age   1:    1404360 bytes,    1404360 total
[2022-04-08T00:11:35.496+0000][2220][gc,age      ] GC(22) - age   2:     279272 bytes,    1683632 total
[2022-04-08T00:11:35.496+0000][2220][gc,age      ] GC(22) - age   3:     226904 bytes,    1910536 total
[2022-04-08T00:11:35.496+0000][2220][gc,age      ] GC(22) - age   4:     302440 bytes,    2212976 total
[2022-04-08T00:11:35.496+0000][2220][gc,age      ] GC(22) - age   5:    6682544 bytes,    8895520 total
[2022-04-08T00:11:35.496+0000][2220][gc,age      ] GC(22) - age   6:    8495080 bytes,   17390600 total
[2022-04-08T00:11:35.496+0000][2220][gc,age      ] GC(22) - age   7:     250168 bytes,   17640768 total
[2022-04-08T00:11:35.496+0000][2220][gc,age      ] GC(22) - age   8:   19061352 bytes,   36702120 total
[2022-04-08T00:11:35.496+0000][2220][gc,age      ] GC(22) - age   9:    5254072 bytes,   41956192 total
[2022-04-08T00:11:35.496+0000][2220][gc,age      ] GC(22) - age  10:   11606672 bytes,   53562864 total
[2022-04-08T00:11:35.496+0000][2220][gc,age      ] GC(22) - age  11:   17280184 bytes,   70843048 total
[2022-04-08T00:11:35.496+0000][2220][gc,phases   ] GC(22)   Pre Evacuate Collection Set: 0.1ms
[2022-04-08T00:11:35.496+0000][2220][gc,phases   ] GC(22)   Merge Heap Roots: 0.2ms
[2022-04-08T00:11:35.496+0000][2220][gc,phases   ] GC(22)   Evacuate Collection Set: 35.0ms
[2022-04-08T00:11:35.496+0000][2220][gc,phases   ] GC(22)   Post Evacuate Collection Set: 4.0ms
[2022-04-08T00:11:35.496+0000][2220][gc,phases   ] GC(22)   Other: 0.4ms
[2022-04-08T00:11:35.496+0000][2220][gc,heap     ] GC(22) Eden regions: 1200->0(1201)
[2022-04-08T00:11:35.496+0000][2220][gc,heap     ] GC(22) Survivor regions: 20->19(153)
[2022-04-08T00:11:35.496+0000][2220][gc,heap     ] GC(22) Old regions: 12->12
[2022-04-08T00:11:35.496+0000][2220][gc,heap     ] GC(22) Archive regions: 0->0
[2022-04-08T00:11:35.496+0000][2220][gc,heap     ] GC(22) Humongous regions: 5->5
[2022-04-08T00:11:35.496+0000][2220][gc,metaspace] GC(22) Metaspace: 133380K(135744K)->133380K(135744K) NonClass: 115650K(116992K)->115650K(116992K) Class: 17729K(18752K)->17729K(18752K)
[2022-04-08T00:11:35.496+0000][2220][gc          ] GC(22) Pause Young (Normal) (G1 Evacuation Pause) 4945M->143M(8136M) 39.949ms
[2022-04-08T00:11:35.496+0000][2220][gc,cpu      ] GC(22) User=0.14s Sys=0.02s Real=0.04s
[2022-04-08T00:11:35.496+0000][2220][safepoint   ] Safepoint "G1CollectForAllocation", Time since last: 38754526900 ns, Reaching safepoint: 114700 ns, At safepoint: 40035700 ns, Total: 40150400 ns
[2022-04-08T00:11:40.536+0000][2220][safepoint   ] Safepoint "Cleanup", Time since last: 5040009100 ns, Reaching safepoint: 49500 ns, At safepoint: 7300 ns, Total: 56800 ns
[2022-04-08T00:12:22.808+0000][2220][safepoint   ] Safepoint "Cleanup", Time since last: 42271651000 ns, Reaching safepoint: 63400 ns, At safepoint: 57000 ns, Total: 120400 ns
[2022-04-08T00:13:23.195+0000][2220][safepoint   ] Safepoint "Cleanup", Time since last: 60387580600 ns, Reaching safepoint: 75800 ns, At safepoint: 7800 ns, Total: 83600 ns
[2022-04-08T00:13:32.263+0000][2220][safepoint   ] Safepoint "Cleanup", Time since last: 9067865200 ns, Reaching safepoint: 46000 ns, At safepoint: 9700 ns, Total: 55700 ns
[2022-04-08T00:13:35.277+0000][2220][safepoint   ] Safepoint "Cleanup", Time since last: 3013960100 ns, Reaching safepoint: 51100 ns, At safepoint: 9100 ns, Total: 60200 ns
[2022-04-08T00:13:47.364+0000][2220][safepoint   ] Safepoint "Cleanup", Time since last: 12086102700 ns, Reaching safepoint: 41000 ns, At safepoint: 9900 ns, Total: 50900 ns
[2022-04-08T00:14:22.596+0000][2220][safepoint   ] Safepoint "Cleanup", Time since last: 35232773600 ns, Reaching safepoint: 52200 ns, At safepoint: 9700 ns, Total: 61900 ns
[2022-04-08T00:16:11.309+0000][2220][safepoint   ] Safepoint "Cleanup", Time since last: 108712154200 ns, Reaching safepoint: 49500 ns, At safepoint: 9000 ns, Total: 58500 ns
[2022-04-08T00:16:41.494+0000][2220][safepoint   ] Safepoint "Cleanup", Time since last: 30185572100 ns, Reaching safepoint: 55400 ns, At safepoint: 7200 ns, Total: 62600 ns
[2022-04-08T00:17:32.893+0000][2220][safepoint   ] Safepoint "Cleanup", Time since last: 51398843300 ns, Reaching safepoint: 223900 ns, At safepoint: 12000 ns, Total: 235900 ns
[2022-04-08T00:18:27.234+0000][2220][safepoint   ] Safepoint "Cleanup", Time since last: 54341270900 ns, Reaching safepoint: 46600 ns, At safepoint: 6700 ns, Total: 53300 ns
[2022-04-08T00:18:54.403+0000][2220][safepoint   ] Safepoint "Cleanup", Time since last: 27168063600 ns, Reaching safepoint: 51500 ns, At safepoint: 12100 ns, Total: 63600 ns
[2022-04-08T00:19:22.608+0000][2220][safepoint   ] Safepoint "Cleanup", Time since last: 28205091000 ns, Reaching safepoint: 181500 ns, At safepoint: 59800 ns, Total: 241300 ns
[2022-04-08T00:19:27.652+0000][2220][safepoint   ] Safepoint "Cleanup", Time since last: 5044238400 ns, Reaching safepoint: 63900 ns, At safepoint: 8300 ns, Total: 72200 ns
[2022-04-08T00:21:00.278+0000][2220][safepoint   ] Safepoint "Cleanup", Time since last: 92625235700 ns, Reaching safepoint: 59100 ns, At safepoint: 9700 ns, Total: 68800 ns
[2022-04-08T00:21:22.422+0000][2220][safepoint   ] Safepoint "Cleanup", Time since last: 22144381200 ns, Reaching safepoint: 186400 ns, At safepoint: 12500 ns, Total: 198900 ns
[2022-04-08T00:22:22.813+0000][2220][safepoint   ] Safepoint "Cleanup", Time since last: 60390808800 ns, Reaching safepoint: 74700 ns, At safepoint: 12000 ns, Total: 86700 ns
[2022-04-08T00:24:49.744+0000][2220][safepoint   ] Safepoint "Cleanup", Time since last: 146930398300 ns, Reaching safepoint: 93700 ns, At safepoint: 9500 ns, Total: 103200 ns
[2022-04-08T00:25:12.877+0000][2220][safepoint   ] Safepoint "Cleanup", Time since last: 23133041800 ns, Reaching safepoint: 46600 ns, At safepoint: 3700 ns, Total: 50300 ns
[2022-04-08T00:27:03.717+0000][2220][safepoint   ] Safepoint "Cleanup", Time since last: 110840436600 ns, Reaching safepoint: 53200 ns, At safepoint: 18300 ns, Total: 71500 ns
[2022-04-08T00:27:49.122+0000][2220][safepoint   ] Safepoint "Cleanup", Time since last: 45404619600 ns, Reaching safepoint: 40100 ns, At safepoint: 6100 ns, Total: 46200 ns
[2022-04-08T00:27:52.155+0000][2220][safepoint   ] Safepoint "Cleanup", Time since last: 3033407600 ns, Reaching safepoint: 58100 ns, At safepoint: 7600 ns, Total: 65700 ns
[2022-04-08T00:28:07.268+0000][2220][safepoint   ] Safepoint "Cleanup", Time since last: 15112062000 ns, Reaching safepoint: 57500 ns, At safepoint: 8700 ns, Total: 66200 ns
[2022-04-08T00:28:13.297+0000][2220][safepoint   ] Safepoint "Cleanup", Time since last: 6029373500 ns, Reaching safepoint: 67000 ns, At safepoint: 9000 ns, Total: 76000 ns
[2022-04-08T00:28:16.325+0000][2220][safepoint   ] Safepoint "Cleanup", Time since last: 3027673700 ns, Reaching safepoint: 69000 ns, At safepoint: 7700 ns, Total: 76700 ns
[2022-04-08T00:28:18.861+0000][2220][gc,start    ] GC(23) Pause Young (Normal) (G1 Evacuation Pause)
[2022-04-08T00:28:18.861+0000][2220][gc,task     ] GC(23) Using 4 workers of 4 for evacuation
[2022-04-08T00:28:18.861+0000][2220][gc,age      ] GC(23) Desired survivor size 320864256 bytes, new threshold 15 (max threshold 15)
[2022-04-08T00:28:18.909+0000][2220][gc,age      ] GC(23) Age table with threshold 15 (max threshold 15)
[2022-04-08T00:28:18.909+0000][2220][gc,age      ] GC(23) - age   1:    1474048 bytes,    1474048 total
[2022-04-08T00:28:18.909+0000][2220][gc,age      ] GC(23) - age   2:       7392 bytes,    1481440 total
[2022-04-08T00:28:18.909+0000][2220][gc,age      ] GC(23) - age   3:     264064 bytes,    1745504 total
[2022-04-08T00:28:18.909+0000][2220][gc,age      ] GC(23) - age   4:     226760 bytes,    1972264 total
[2022-04-08T00:28:18.909+0000][2220][gc,age      ] GC(23) - age   5:     302024 bytes,    2274288 total
[2022-04-08T00:28:18.909+0000][2220][gc,age      ] GC(23) - age   6:    6682544 bytes,    8956832 total
[2022-04-08T00:28:18.909+0000][2220][gc,age      ] GC(23) - age   7:    8495080 bytes,   17451912 total
[2022-04-08T00:28:18.909+0000][2220][gc,age      ] GC(23) - age   8:     250168 bytes,   17702080 total
[2022-04-08T00:28:18.909+0000][2220][gc,age      ] GC(23) - age   9:   18744368 bytes,   36446448 total
[2022-04-08T00:28:18.909+0000][2220][gc,age      ] GC(23) - age  10:    5248240 bytes,   41694688 total
[2022-04-08T00:28:18.909+0000][2220][gc,age      ] GC(23) - age  11:   11604912 bytes,   53299600 total
[2022-04-08T00:28:18.909+0000][2220][gc,age      ] GC(23) - age  12:   17263416 bytes,   70563016 total
[2022-04-08T00:28:18.909+0000][2220][gc,phases   ] GC(23)   Pre Evacuate Collection Set: 0.1ms
[2022-04-08T00:28:18.909+0000][2220][gc,phases   ] GC(23)   Merge Heap Roots: 0.2ms
[2022-04-08T00:28:18.909+0000][2220][gc,phases   ] GC(23)   Evacuate Collection Set: 36.4ms
[2022-04-08T00:28:18.909+0000][2220][gc,phases   ] GC(23)   Post Evacuate Collection Set: 3.3ms
[2022-04-08T00:28:18.909+0000][2220][gc,phases   ] GC(23)   Other: 0.4ms
[2022-04-08T00:28:18.909+0000][2220][gc,heap     ] GC(23) Eden regions: 1201->0(1201)
[2022-04-08T00:28:18.909+0000][2220][gc,heap     ] GC(23) Survivor regions: 19->19(153)
[2022-04-08T00:28:18.909+0000][2220][gc,heap     ] GC(23) Old regions: 12->12
[2022-04-08T00:28:18.909+0000][2220][gc,heap     ] GC(23) Archive regions: 0->0
[2022-04-08T00:28:18.909+0000][2220][gc,heap     ] GC(23) Humongous regions: 5->5
[2022-04-08T00:28:18.909+0000][2220][gc,metaspace] GC(23) Metaspace: 133413K(135744K)->133413K(135744K) NonClass: 115683K(116992K)->115683K(116992K) Class: 17729K(18752K)->17729K(18752K)
[2022-04-08T00:28:18.909+0000][2220][gc          ] GC(23) Pause Young (Normal) (G1 Evacuation Pause) 4947M->143M(8136M) 40.534ms
[2022-04-08T00:28:18.909+0000][2220][gc,cpu      ] GC(23) User=0.19s Sys=0.00s Real=0.05s
[2022-04-08T00:28:18.909+0000][2220][safepoint   ] Safepoint "G1CollectForAllocation", Time since last: 2547258900 ns, Reaching safepoint: 106400 ns, At safepoint: 40665700 ns, Total: 40772100 ns
[2022-04-08T00:28:58.226+0000][2220][safepoint   ] Safepoint "Cleanup", Time since last: 39313494400 ns, Reaching safepoint: 43200 ns, At safepoint: 18600 ns, Total: 61800 ns
[2022-04-08T00:29:03.257+0000][2220][safepoint   ] Safepoint "Cleanup", Time since last: 5030402800 ns, Reaching safepoint: 53700 ns, At safepoint: 19600 ns, Total: 73300 ns
[2022-04-08T00:29:43.618+0000][2220][safepoint   ] Safepoint "Cleanup", Time since last: 40361301100 ns, Reaching safepoint: 125100 ns, At safepoint: 5900 ns, Total: 131000 ns
[2022-04-08T00:29:46.651+0000][2220][safepoint   ] Safepoint "Cleanup", Time since last: 3032937500 ns, Reaching safepoint: 40300 ns, At safepoint: 19800 ns, Total: 60100 ns
[2022-04-08T00:30:00.732+0000][2220][safepoint   ] Safepoint "Cleanup", Time since last: 14080611900 ns, Reaching safepoint: 70800 ns, At safepoint: 7600 ns, Total: 78400 ns
[2022-04-08T00:31:16.326+0000][2220][safepoint   ] Safepoint "Cleanup", Time since last: 75593721900 ns, Reaching safepoint: 47100 ns, At safepoint: 26300 ns, Total: 73400 ns
[2022-04-08T00:32:41.027+0000][2220][safepoint   ] Safepoint "Cleanup", Time since last: 84701518100 ns, Reaching safepoint: 50500 ns, At safepoint: 26000 ns, Total: 76500 ns
[2022-04-08T00:34:22.973+0000][2220][safepoint   ] Safepoint "Cleanup", Time since last: 101945667500 ns, Reaching safepoint: 289700 ns, At safepoint: 56400 ns, Total: 346100 ns
[2022-04-08T00:36:22.987+0000][2220][safepoint   ] Safepoint "Cleanup", Time since last: 120013723400 ns, Reaching safepoint: 48100 ns, At safepoint: 7500 ns, Total: 55600 ns
[2022-04-08T00:37:22.496+0000][2220][safepoint   ] Safepoint "Cleanup", Time since last: 59508500100 ns, Reaching safepoint: 57700 ns, At safepoint: 6500 ns, Total: 64200 ns
[2022-04-08T00:37:48.767+0000][2220][safepoint   ] Safepoint "Cleanup", Time since last: 26271024700 ns, Reaching safepoint: 43400 ns, At safepoint: 5600 ns, Total: 49000 ns
[2022-04-08T00:37:53.822+0000][2220][safepoint   ] Safepoint "Cleanup", Time since last: 5055575500 ns, Reaching safepoint: 101700 ns, At safepoint: 5600 ns, Total: 107300 ns
[2022-04-08T00:38:21.018+0000][2220][safepoint   ] Safepoint "Cleanup", Time since last: 27195153800 ns, Reaching safepoint: 38500 ns, At safepoint: 7000 ns, Total: 45500 ns
[2022-04-08T00:38:23.044+0000][2220][safepoint   ] Safepoint "Cleanup", Time since last: 2025981700 ns, Reaching safepoint: 45600 ns, At safepoint: 12100 ns, Total: 57700 ns
[2022-04-08T00:39:22.523+0000][2220][safepoint   ] Safepoint "Cleanup", Time since last: 59479009200 ns, Reaching safepoint: 55100 ns, At safepoint: 8800 ns, Total: 63900 ns
[2022-04-08T00:41:22.558+0000][2220][safepoint   ] Safepoint "Cleanup", Time since last: 120035048000 ns, Reaching safepoint: 151500 ns, At safepoint: 28000 ns, Total: 179500 ns
[2022-04-08T00:41:34.639+0000][2220][safepoint   ] Safepoint "Cleanup", Time since last: 12080824200 ns, Reaching safepoint: 66200 ns, At safepoint: 18200 ns, Total: 84400 ns
[2022-04-08T00:43:03.770+0000][2220][safepoint   ] Safepoint "Cleanup", Time since last: 89131407700 ns, Reaching safepoint: 43400 ns, At safepoint: 13000 ns, Total: 56400 ns
[2022-04-08T00:43:15.783+0000][2220][safepoint   ] Safepoint "Cleanup", Time since last: 12013156600 ns, Reaching safepoint: 41200 ns, At safepoint: 5300 ns, Total: 46500 ns
[2022-04-08T00:43:18.787+0000][2220][safepoint   ] Safepoint "Cleanup", Time since last: 3003261500 ns, Reaching safepoint: 36700 ns, At safepoint: 2700 ns, Total: 39400 ns
[2022-04-08T00:44:23.024+0000][2220][safepoint   ] Safepoint "Cleanup", Time since last: 64237323400 ns, Reaching safepoint: 64400 ns, At safepoint: 5000 ns, Total: 69400 ns
[2022-04-08T00:44:57.268+0000][2220][gc,start    ] GC(24) Pause Young (Normal) (G1 Evacuation Pause)
[2022-04-08T00:44:57.268+0000][2220][gc,task     ] GC(24) Using 4 workers of 4 for evacuation
[2022-04-08T00:44:57.268+0000][2220][gc,age      ] GC(24) Desired survivor size 320864256 bytes, new threshold 15 (max threshold 15)
[2022-04-08T00:44:57.318+0000][2220][gc,age      ] GC(24) Age table with threshold 15 (max threshold 15)
[2022-04-08T00:44:57.318+0000][2220][gc,age      ] GC(24) - age   1:    1641120 bytes,    1641120 total
[2022-04-08T00:44:57.318+0000][2220][gc,age      ] GC(24) - age   2:      17144 bytes,    1658264 total
[2022-04-08T00:44:57.318+0000][2220][gc,age      ] GC(24) - age   3:       6024 bytes,    1664288 total
[2022-04-08T00:44:57.318+0000][2220][gc,age      ] GC(24) - age   4:     236600 bytes,    1900888 total
[2022-04-08T00:44:57.318+0000][2220][gc,age      ] GC(24) - age   5:     226760 bytes,    2127648 total
[2022-04-08T00:44:57.318+0000][2220][gc,age      ] GC(24) - age   6:     301848 bytes,    2429496 total
[2022-04-08T00:44:57.318+0000][2220][gc,age      ] GC(24) - age   7:    6682400 bytes,    9111896 total
[2022-04-08T00:44:57.318+0000][2220][gc,age      ] GC(24) - age   8:    8495024 bytes,   17606920 total
[2022-04-08T00:44:57.318+0000][2220][gc,age      ] GC(24) - age   9:     250112 bytes,   17857032 total
[2022-04-08T00:44:57.318+0000][2220][gc,age      ] GC(24) - age  10:   18744256 bytes,   36601288 total
[2022-04-08T00:44:57.318+0000][2220][gc,age      ] GC(24) - age  11:    5248240 bytes,   41849528 total
[2022-04-08T00:44:57.318+0000][2220][gc,age      ] GC(24) - age  12:   11604912 bytes,   53454440 total
[2022-04-08T00:44:57.318+0000][2220][gc,age      ] GC(24) - age  13:   17263416 bytes,   70717856 total
[2022-04-08T00:44:57.318+0000][2220][gc,phases   ] GC(24)   Pre Evacuate Collection Set: 0.1ms
[2022-04-08T00:44:57.318+0000][2220][gc,phases   ] GC(24)   Merge Heap Roots: 0.2ms
[2022-04-08T00:44:57.318+0000][2220][gc,phases   ] GC(24)   Evacuate Collection Set: 40.2ms
[2022-04-08T00:44:57.318+0000][2220][gc,phases   ] GC(24)   Post Evacuate Collection Set: 3.9ms
[2022-04-08T00:44:57.318+0000][2220][gc,phases   ] GC(24)   Other: 0.5ms
[2022-04-08T00:44:57.318+0000][2220][gc,heap     ] GC(24) Eden regions: 1201->0(1201)
[2022-04-08T00:44:57.318+0000][2220][gc,heap     ] GC(24) Survivor regions: 19->19(153)
[2022-04-08T00:44:57.318+0000][2220][gc,heap     ] GC(24) Old regions: 12->12
[2022-04-08T00:44:57.318+0000][2220][gc,heap     ] GC(24) Archive regions: 0->0
[2022-04-08T00:44:57.318+0000][2220][gc,heap     ] GC(24) Humongous regions: 5->5
[2022-04-08T00:44:57.318+0000][2220][gc,metaspace] GC(24) Metaspace: 133485K(135808K)->133485K(135808K) NonClass: 115755K(117056K)->115755K(117056K) Class: 17729K(18752K)->17729K(18752K)
[2022-04-08T00:44:57.318+0000][2220][gc          ] GC(24) Pause Young (Normal) (G1 Evacuation Pause) 4947M->143M(8136M) 45.114ms
[2022-04-08T00:44:57.318+0000][2220][gc,cpu      ] GC(24) User=0.17s Sys=0.02s Real=0.05s
[2022-04-08T00:44:57.318+0000][2220][safepoint   ] Safepoint "G1CollectForAllocation", Time since last: 34250779600 ns, Reaching safepoint: 119800 ns, At safepoint: 45204000 ns, Total: 45323800 ns
[2022-04-08T00:45:38.491+0000][2220][safepoint   ] Safepoint "Cleanup", Time since last: 41170348500 ns, Reaching safepoint: 39400 ns, At safepoint: 12600 ns, Total: 52000 ns
[2022-04-08T00:48:20.019+0000][2220][safepoint   ] Safepoint "Cleanup", Time since last: 161527831500 ns, Reaching safepoint: 52800 ns, At safepoint: 6300 ns, Total: 59100 ns
[2022-04-08T00:48:23.038+0000][2220][safepoint   ] Safepoint "Cleanup", Time since last: 3019750700 ns, Reaching safepoint: 48000 ns, At safepoint: 5400 ns, Total: 53400 ns
[2022-04-08T00:48:31.047+0000][2220][safepoint   ] Safepoint "Cleanup", Time since last: 8008988400 ns, Reaching safepoint: 194900 ns, At safepoint: 7800 ns, Total: 202700 ns
[2022-04-08T00:48:58.159+0000][2220][safepoint   ] Safepoint "Cleanup", Time since last: 27111624200 ns, Reaching safepoint: 237400 ns, At safepoint: 10000 ns, Total: 247400 ns
[2022-04-08T00:49:03.198+0000][2220][safepoint   ] Safepoint "Cleanup", Time since last: 5038109500 ns, Reaching safepoint: 70900 ns, At safepoint: 11900 ns, Total: 82800 ns
[2022-04-08T00:49:23.271+0000][2220][safepoint   ] Safepoint "Cleanup", Time since last: 20073773600 ns, Reaching safepoint: 73300 ns, At safepoint: 8800 ns, Total: 82100 ns
[2022-04-08T00:49:33.316+0000][2220][safepoint   ] Safepoint "Cleanup", Time since last: 10044441000 ns, Reaching safepoint: 41100 ns, At safepoint: 6100 ns, Total: 47200 ns
[2022-04-08T00:51:03.666+0000][2220][safepoint   ] Safepoint "Cleanup", Time since last: 90349483900 ns, Reaching safepoint: 46100 ns, At safepoint: 7300 ns, Total: 53400 ns
[2022-04-08T00:52:34.098+0000][2220][safepoint   ] Safepoint "Cleanup", Time since last: 90432887500 ns, Reaching safepoint: 48200 ns, At safepoint: 6100 ns, Total: 54300 ns
[2022-04-08T00:53:01.162+0000][2220][safepoint   ] Safepoint "Cleanup", Time since last: 27063034400 ns, Reaching safepoint: 39500 ns, At safepoint: 8300 ns, Total: 47800 ns
[2022-04-08T00:53:46.345+0000][2220][safepoint   ] Safepoint "Cleanup", Time since last: 45182849900 ns, Reaching safepoint: 65600 ns, At safepoint: 7600 ns, Total: 73200 ns
[2022-04-08T00:54:23.419+0000][2220][safepoint   ] Safepoint "Cleanup", Time since last: 37074264100 ns, Reaching safepoint: 49600 ns, At safepoint: 5500 ns, Total: 55100 ns
[2022-04-08T00:55:05.632+0000][2220][safepoint   ] Safepoint "Cleanup", Time since last: 42213112600 ns, Reaching safepoint: 49600 ns, At safepoint: 13200 ns, Total: 62800 ns
[2022-04-08T00:55:22.684+0000][2220][safepoint   ] Safepoint "Cleanup", Time since last: 17052071400 ns, Reaching safepoint: 50900 ns, At safepoint: 5100 ns, Total: 56000 ns
[2022-04-08T00:55:52.817+0000][2220][safepoint   ] Safepoint "Cleanup", Time since last: 30133076300 ns, Reaching safepoint: 37600 ns, At safepoint: 12100 ns, Total: 49700 ns
[2022-04-08T00:56:10.917+0000][2220][safepoint   ] Safepoint "Cleanup", Time since last: 18099637600 ns, Reaching safepoint: 40700 ns, At safepoint: 7600 ns, Total: 48300 ns
[2022-04-08T00:56:22.934+0000][2220][safepoint   ] Safepoint "Cleanup", Time since last: 12016832200 ns, Reaching safepoint: 42400 ns, At safepoint: 7100 ns, Total: 49500 ns
[2022-04-08T00:56:59.057+0000][2220][safepoint   ] Safepoint "Cleanup", Time since last: 36123129700 ns, Reaching safepoint: 47800 ns, At safepoint: 5200 ns, Total: 53000 ns
[2022-04-08T00:57:30.159+0000][2220][safepoint   ] Safepoint "Cleanup", Time since last: 31102002300 ns, Reaching safepoint: 75000 ns, At safepoint: 10400 ns, Total: 85400 ns
[2022-04-08T00:58:20.312+0000][2220][safepoint   ] Safepoint "Cleanup", Time since last: 50153451400 ns, Reaching safepoint: 149000 ns, At safepoint: 8500 ns, Total: 157500 ns
[2022-04-08T00:58:23.326+0000][2220][safepoint   ] Safepoint "Cleanup", Time since last: 3012802700 ns, Reaching safepoint: 57000 ns, At safepoint: 20900 ns, Total: 77900 ns
[2022-04-08T00:58:29.367+0000][2220][safepoint   ] Safepoint "Cleanup", Time since last: 6041639500 ns, Reaching safepoint: 51000 ns, At safepoint: 7400 ns, Total: 58400 ns
[2022-04-08T00:58:37.422+0000][2220][safepoint   ] Safepoint "Cleanup", Time since last: 8054533800 ns, Reaching safepoint: 115300 ns, At safepoint: 17000 ns, Total: 132300 ns
[2022-04-08T00:58:59.493+0000][2220][safepoint   ] Safepoint "Cleanup", Time since last: 22070744700 ns, Reaching safepoint: 59200 ns, At safepoint: 9300 ns, Total: 68500 ns
[2022-04-08T00:59:23.615+0000][2220][safepoint   ] Safepoint "Cleanup", Time since last: 24122203700 ns, Reaching safepoint: 131300 ns, At safepoint: 33700 ns, Total: 165000 ns
[2022-04-08T00:59:55.701+0000][2220][safepoint   ] Safepoint "Cleanup", Time since last: 32086356600 ns, Reaching safepoint: 36700 ns, At safepoint: 5400 ns, Total: 42100 ns
[2022-04-08T01:00:00.720+0000][2220][safepoint   ] Safepoint "Cleanup", Time since last: 5018587700 ns, Reaching safepoint: 73300 ns, At safepoint: 10400 ns, Total: 83700 ns
[2022-04-08T01:00:07.748+0000][2220][safepoint   ] Safepoint "Cleanup", Time since last: 7027878000 ns, Reaching safepoint: 44800 ns, At safepoint: 3700 ns, Total: 48500 ns
[2022-04-08T01:00:22.848+0000][2220][safepoint   ] Safepoint "Cleanup", Time since last: 15099889100 ns, Reaching safepoint: 49300 ns, At safepoint: 6000 ns, Total: 55300 ns
[2022-04-08T01:00:24.850+0000][2220][safepoint   ] Safepoint "Cleanup", Time since last: 2001453700 ns, Reaching safepoint: 135500 ns, At safepoint: 24700 ns, Total: 160200 ns
[2022-04-08T01:00:40.885+0000][2220][safepoint   ] Safepoint "Cleanup", Time since last: 16034855200 ns, Reaching safepoint: 40700 ns, At safepoint: 6000 ns, Total: 46700 ns
[2022-04-08T01:00:56.936+0000][2220][safepoint   ] Safepoint "Cleanup", Time since last: 16050957300 ns, Reaching safepoint: 41700 ns, At safepoint: 6300 ns, Total: 48000 ns
[2022-04-08T01:01:22.981+0000][2220][safepoint   ] Safepoint "Cleanup", Time since last: 26045370100 ns, Reaching safepoint: 51400 ns, At safepoint: 6200 ns, Total: 57600 ns
[2022-04-08T01:01:40.636+0000][2220][gc,start    ] GC(25) Pause Young (Normal) (G1 Evacuation Pause)
[2022-04-08T01:01:40.636+0000][2220][gc,task     ] GC(25) Using 4 workers of 4 for evacuation
[2022-04-08T01:01:40.636+0000][2220][gc,age      ] GC(25) Desired survivor size 320864256 bytes, new threshold 15 (max threshold 15)
[2022-04-08T01:01:40.686+0000][2220][gc,age      ] GC(25) Age table with threshold 15 (max threshold 15)
[2022-04-08T01:01:40.686+0000][2220][gc,age      ] GC(25) - age   1:    1228328 bytes,    1228328 total
[2022-04-08T01:01:40.686+0000][2220][gc,age      ] GC(25) - age   2:     120520 bytes,    1348848 total
[2022-04-08T01:01:40.686+0000][2220][gc,age      ] GC(25) - age   3:       3576 bytes,    1352424 total
[2022-04-08T01:01:40.686+0000][2220][gc,age      ] GC(25) - age   4:       5448 bytes,    1357872 total
[2022-04-08T01:01:40.686+0000][2220][gc,age      ] GC(25) - age   5:     227160 bytes,    1585032 total
[2022-04-08T01:01:40.686+0000][2220][gc,age      ] GC(25) - age   6:     226760 bytes,    1811792 total
[2022-04-08T01:01:40.686+0000][2220][gc,age      ] GC(25) - age   7:     301816 bytes,    2113608 total
[2022-04-08T01:01:40.686+0000][2220][gc,age      ] GC(25) - age   8:    6682400 bytes,    8796008 total
[2022-04-08T01:01:40.686+0000][2220][gc,age      ] GC(25) - age   9:    8495024 bytes,   17291032 total
[2022-04-08T01:01:40.686+0000][2220][gc,age      ] GC(25) - age  10:     250112 bytes,   17541144 total
[2022-04-08T01:01:40.686+0000][2220][gc,age      ] GC(25) - age  11:   18743640 bytes,   36284784 total
[2022-04-08T01:01:40.686+0000][2220][gc,age      ] GC(25) - age  12:    5248240 bytes,   41533024 total
[2022-04-08T01:01:40.686+0000][2220][gc,age      ] GC(25) - age  13:   11604912 bytes,   53137936 total
[2022-04-08T01:01:40.686+0000][2220][gc,age      ] GC(25) - age  14:   17263416 bytes,   70401352 total
[2022-04-08T01:01:40.686+0000][2220][gc,phases   ] GC(25)   Pre Evacuate Collection Set: 0.2ms
[2022-04-08T01:01:40.686+0000][2220][gc,phases   ] GC(25)   Merge Heap Roots: 0.2ms
[2022-04-08T01:01:40.686+0000][2220][gc,phases   ] GC(25)   Evacuate Collection Set: 37.4ms
[2022-04-08T01:01:40.686+0000][2220][gc,phases   ] GC(25)   Post Evacuate Collection Set: 7.9ms
[2022-04-08T01:01:40.686+0000][2220][gc,phases   ] GC(25)   Other: 0.5ms
[2022-04-08T01:01:40.686+0000][2220][gc,heap     ] GC(25) Eden regions: 1201->0(1201)
[2022-04-08T01:01:40.686+0000][2220][gc,heap     ] GC(25) Survivor regions: 19->19(153)
[2022-04-08T01:01:40.686+0000][2220][gc,heap     ] GC(25) Old regions: 12->12
[2022-04-08T01:01:40.686+0000][2220][gc,heap     ] GC(25) Archive regions: 0->0
[2022-04-08T01:01:40.686+0000][2220][gc,heap     ] GC(25) Humongous regions: 5->5
[2022-04-08T01:01:40.686+0000][2220][gc,metaspace] GC(25) Metaspace: 133553K(135872K)->133553K(135872K) NonClass: 115823K(117120K)->115823K(117120K) Class: 17730K(18752K)->17730K(18752K)
[2022-04-08T01:01:40.686+0000][2220][gc          ] GC(25) Pause Young (Normal) (G1 Evacuation Pause) 4947M->143M(8136M) 46.240ms
[2022-04-08T01:01:40.686+0000][2220][gc,cpu      ] GC(25) User=0.19s Sys=0.00s Real=0.05s
[2022-04-08T01:01:40.686+0000][2220][safepoint   ] Safepoint "G1CollectForAllocation", Time since last: 17665197800 ns, Reaching safepoint: 108500 ns, At safepoint: 46377500 ns, Total: 46486000 ns
[2022-04-08T01:01:49.727+0000][2220][safepoint   ] Safepoint "Cleanup", Time since last: 9033653600 ns, Reaching safepoint: 185600 ns, At safepoint: 15300 ns, Total: 200900 ns
[2022-04-08T01:01:50.731+0000][2220][safepoint   ] Safepoint "Cleanup", Time since last: 1004724600 ns, Reaching safepoint: 72800 ns, At safepoint: 10400 ns, Total: 83200 ns
[2022-04-08T01:01:59.803+0000][2220][safepoint   ] Safepoint "Cleanup", Time since last: 9071515000 ns, Reaching safepoint: 46200 ns, At safepoint: 5200 ns, Total: 51400 ns
[2022-04-08T01:02:15.856+0000][2220][safepoint   ] Safepoint "Cleanup", Time since last: 16052873200 ns, Reaching safepoint: 39400 ns, At safepoint: 3800 ns, Total: 43200 ns
[2022-04-08T01:02:36.929+0000][2220][safepoint   ] Safepoint "Cleanup", Time since last: 21073153200 ns, Reaching safepoint: 58800 ns, At safepoint: 13800 ns, Total: 72600 ns
[2022-04-08T01:03:40.216+0000][2220][safepoint   ] Safepoint "Cleanup", Time since last: 63286444000 ns, Reaching safepoint: 68800 ns, At safepoint: 7400 ns, Total: 76200 ns
[2022-04-08T01:03:42.218+0000][2220][safepoint   ] Safepoint "Cleanup", Time since last: 2001945500 ns, Reaching safepoint: 39100 ns, At safepoint: 3200 ns, Total: 42300 ns
[2022-04-08T01:04:41.449+0000][2220][safepoint   ] Safepoint "Cleanup", Time since last: 59231768200 ns, Reaching safepoint: 65400 ns, At safepoint: 9700 ns, Total: 75100 ns
[2022-04-08T01:04:50.509+0000][2220][safepoint   ] Safepoint "Cleanup", Time since last: 9059706100 ns, Reaching safepoint: 142400 ns, At safepoint: 140300 ns, Total: 282700 ns
[2022-04-08T01:05:17.623+0000][2220][safepoint   ] Safepoint "Cleanup", Time since last: 27113223000 ns, Reaching safepoint: 61300 ns, At safepoint: 11500 ns, Total: 72800 ns
[2022-04-08T01:05:54.713+0000][2220][safepoint   ] Safepoint "Cleanup", Time since last: 37090809900 ns, Reaching safepoint: 52500 ns, At safepoint: 8500 ns, Total: 61000 ns
[2022-04-08T06:39:15.414+0000][2220][safepoint   ] Safepoint "Cleanup", Time since last: 20000706823900 ns, Reaching safepoint: 125400 ns, At safepoint: 6400 ns, Total: 131800 ns
[2022-04-08T06:39:17.625+0000][2220][safepoint   ] Safepoint "Cleanup", Time since last: 1012941000 ns, Reaching safepoint: 1197568100 ns, At safepoint: 4141100 ns, Total: 1201709200 ns
[2022-04-08T06:39:18.639+0000][2220][safepoint   ] Safepoint "Cleanup", Time since last: 1010202100 ns, Reaching safepoint: 48400 ns, At safepoint: 2700 ns, Total: 51100 ns
[2022-04-08T06:39:24.671+0000][2220][safepoint   ] Safepoint "Cleanup", Time since last: 6031743800 ns, Reaching safepoint: 48600 ns, At safepoint: 6800 ns, Total: 55400 ns
[2022-04-08T06:39:25.686+0000][2220][safepoint   ] Safepoint "Cleanup", Time since last: 1014616200 ns, Reaching safepoint: 100600 ns, At safepoint: 7200 ns, Total: 107800 ns
[2022-04-08T06:39:26.701+0000][2220][safepoint   ] Safepoint "Cleanup", Time since last: 1014769900 ns, Reaching safepoint: 45900 ns, At safepoint: 6800 ns, Total: 52700 ns
[2022-04-08T06:39:27.711+0000][2220][safepoint   ] Safepoint "Cleanup", Time since last: 1010530500 ns, Reaching safepoint: 43400 ns, At safepoint: 8200 ns, Total: 51600 ns
[2022-04-08T06:39:30.742+0000][2220][safepoint   ] Safepoint "Cleanup", Time since last: 3031316200 ns, Reaching safepoint: 65100 ns, At safepoint: 10600 ns, Total: 75700 ns
[2022-04-08T06:39:36.801+0000][2220][safepoint   ] Safepoint "Cleanup", Time since last: 6058783200 ns, Reaching safepoint: 51800 ns, At safepoint: 5100 ns, Total: 56900 ns
[2022-04-08T06:41:06.762+0000][2220][safepoint   ] Safepoint "Cleanup", Time since last: 89961025100 ns, Reaching safepoint: 59800 ns, At safepoint: 12700 ns, Total: 72500 ns
[2022-04-08T06:41:12.826+0000][2220][safepoint   ] Safepoint "Cleanup", Time since last: 6063534900 ns, Reaching safepoint: 103100 ns, At safepoint: 11700 ns, Total: 114800 ns
[2022-04-08T06:41:24.904+0000][2220][safepoint   ] Safepoint "Cleanup", Time since last: 12077428800 ns, Reaching safepoint: 36200 ns, At safepoint: 6700 ns, Total: 42900 ns
[2022-04-08T06:41:25.919+0000][2220][safepoint   ] Safepoint "Cleanup", Time since last: 1015437700 ns, Reaching safepoint: 48500 ns, At safepoint: 7400 ns, Total: 55900 ns
[2022-04-08T06:41:29.945+0000][2220][safepoint   ] Safepoint "Cleanup", Time since last: 4025446800 ns, Reaching safepoint: 54600 ns, At safepoint: 20500 ns, Total: 75100 ns
[2022-04-08T06:41:31.960+0000][2220][safepoint   ] Safepoint "Cleanup", Time since last: 2015154100 ns, Reaching safepoint: 62000 ns, At safepoint: 11300 ns, Total: 73300 ns
[2022-04-08T06:41:43.036+0000][2220][safepoint   ] Safepoint "Cleanup", Time since last: 11075839100 ns, Reaching safepoint: 51500 ns, At safepoint: 7200 ns, Total: 58700 ns
[2022-04-08T06:42:14.360+0000][2220][safepoint   ] Safepoint "Cleanup", Time since last: 31324476100 ns, Reaching safepoint: 44300 ns, At safepoint: 8200 ns, Total: 52500 ns
[2022-04-08T06:42:15.371+0000][2220][safepoint   ] Safepoint "Cleanup", Time since last: 1011167900 ns, Reaching safepoint: 38200 ns, At safepoint: 7600 ns, Total: 45800 ns
[2022-04-08T06:42:26.474+0000][2220][safepoint   ] Safepoint "Cleanup", Time since last: 11102375000 ns, Reaching safepoint: 40800 ns, At safepoint: 8700 ns, Total: 49500 ns
[2022-04-08T06:42:32.531+0000][2220][safepoint   ] Safepoint "Cleanup", Time since last: 6057354100 ns, Reaching safepoint: 47000 ns, At safepoint: 7600 ns, Total: 54600 ns
[2022-04-08T06:42:43.608+0000][2220][safepoint   ] Safepoint "Cleanup", Time since last: 11076393000 ns, Reaching safepoint: 49700 ns, At safepoint: 5200 ns, Total: 54900 ns
[2022-04-08T06:42:55.705+0000][2220][safepoint   ] Safepoint "Cleanup", Time since last: 12096884800 ns, Reaching safepoint: 50200 ns, At safepoint: 56600 ns, Total: 106800 ns
[2022-04-08T06:43:15.920+0000][2220][safepoint   ] Safepoint "Cleanup", Time since last: 20215346400 ns, Reaching safepoint: 48400 ns, At safepoint: 11800 ns, Total: 60200 ns
[2022-04-08T06:43:18.953+0000][2220][safepoint   ] Safepoint "Cleanup", Time since last: 3032825700 ns, Reaching safepoint: 59600 ns, At safepoint: 11200 ns, Total: 70800 ns
[2022-04-08T06:43:58.373+0000][2220][safepoint   ] Safepoint "Cleanup", Time since last: 39420300500 ns, Reaching safepoint: 48100 ns, At safepoint: 7700 ns, Total: 55800 ns
[2022-04-08T06:44:10.492+0000][2220][safepoint   ] Safepoint "Cleanup", Time since last: 12118561100 ns, Reaching safepoint: 75900 ns, At safepoint: 13600 ns, Total: 89500 ns
[2022-04-08T06:44:46.871+0000][2220][safepoint   ] Safepoint "Cleanup", Time since last: 36379288600 ns, Reaching safepoint: 54000 ns, At safepoint: 6200 ns, Total: 60200 ns
[2022-04-08T06:45:04.269+0000][2220][safepoint   ] Safepoint "Cleanup", Time since last: 17397916300 ns, Reaching safepoint: 72800 ns, At safepoint: 15500 ns, Total: 88300 ns
[2022-04-08T06:45:15.381+0000][2220][safepoint   ] Safepoint "Cleanup", Time since last: 11111521200 ns, Reaching safepoint: 60800 ns, At safepoint: 10000 ns, Total: 70800 ns
[2022-04-08T06:45:20.440+0000][2220][safepoint   ] Safepoint "Cleanup", Time since last: 5058930600 ns, Reaching safepoint: 50400 ns, At safepoint: 10700 ns, Total: 61100 ns
[2022-04-08T06:46:57.160+0000][2220][safepoint   ] Safepoint "Cleanup", Time since last: 96720367900 ns, Reaching safepoint: 62500 ns, At safepoint: 21200 ns, Total: 83700 ns
[2022-04-08T06:47:28.499+0000][2220][safepoint   ] Safepoint "Cleanup", Time since last: 31338157100 ns, Reaching safepoint: 53200 ns, At safepoint: 11000 ns, Total: 64200 ns
[2022-04-08T06:47:58.799+0000][2220][safepoint   ] Safepoint "Cleanup", Time since last: 30300594900 ns, Reaching safepoint: 112100 ns, At safepoint: 6200 ns, Total: 118300 ns
[2022-04-08T06:47:59.809+0000][2220][safepoint   ] Safepoint "Cleanup", Time since last: 1009622200 ns, Reaching safepoint: 47600 ns, At safepoint: 8600 ns, Total: 56200 ns
[2022-04-08T06:48:10.930+0000][2220][safepoint   ] Safepoint "Cleanup", Time since last: 11120462600 ns, Reaching safepoint: 51000 ns, At safepoint: 7900 ns, Total: 58900 ns
[2022-04-08T06:48:20.019+0000][2220][safepoint   ] Safepoint "Cleanup", Time since last: 9089833100 ns, Reaching safepoint: 51300 ns, At safepoint: 9600 ns, Total: 60900 ns
[2022-04-08T06:48:53.366+0000][2220][safepoint   ] Safepoint "Cleanup", Time since last: 33346208200 ns, Reaching safepoint: 131800 ns, At safepoint: 9000 ns, Total: 140800 ns
[2022-04-08T06:50:08.785+0000][2220][safepoint   ] Safepoint "Cleanup", Time since last: 75418588600 ns, Reaching safepoint: 105700 ns, At safepoint: 5800 ns, Total: 111500 ns
[2022-04-08T06:52:44.045+0000][2220][gc,start    ] GC(26) Pause Young (Normal) (G1 Evacuation Pause)
[2022-04-08T06:52:44.045+0000][2220][gc,task     ] GC(26) Using 4 workers of 4 for evacuation
[2022-04-08T06:52:44.045+0000][2220][gc,age      ] GC(26) Desired survivor size 320864256 bytes, new threshold 15 (max threshold 15)
[2022-04-08T06:52:44.083+0000][2220][gc,age      ] GC(26) Age table with threshold 15 (max threshold 15)
[2022-04-08T06:52:44.083+0000][2220][gc,age      ] GC(26) - age   1:    2302136 bytes,    2302136 total
[2022-04-08T06:52:44.083+0000][2220][gc,age      ] GC(26) - age   2:      15648 bytes,    2317784 total
[2022-04-08T06:52:44.083+0000][2220][gc,age      ] GC(26) - age   3:       4600 bytes,    2322384 total
[2022-04-08T06:52:44.083+0000][2220][gc,age      ] GC(26) - age   4:       2792 bytes,    2325176 total
[2022-04-08T06:52:44.083+0000][2220][gc,age      ] GC(26) - age   5:       5448 bytes,    2330624 total
[2022-04-08T06:52:44.083+0000][2220][gc,age      ] GC(26) - age   6:     226984 bytes,    2557608 total
[2022-04-08T06:52:44.083+0000][2220][gc,age      ] GC(26) - age   7:     226704 bytes,    2784312 total
[2022-04-08T06:52:44.083+0000][2220][gc,age      ] GC(26) - age   8:     290080 bytes,    3074392 total
[2022-04-08T06:52:44.083+0000][2220][gc,age      ] GC(26) - age   9:    6670632 bytes,    9745024 total
[2022-04-08T06:52:44.083+0000][2220][gc,age      ] GC(26) - age  10:    8435512 bytes,   18180536 total
[2022-04-08T06:52:44.083+0000][2220][gc,age      ] GC(26) - age  11:     250112 bytes,   18430648 total
[2022-04-08T06:52:44.083+0000][2220][gc,age      ] GC(26) - age  12:   18700880 bytes,   37131528 total
[2022-04-08T06:52:44.083+0000][2220][gc,age      ] GC(26) - age  13:    5247824 bytes,   42379352 total
[2022-04-08T06:52:44.083+0000][2220][gc,age      ] GC(26) - age  14:   11571544 bytes,   53950896 total
[2022-04-08T06:52:44.083+0000][2220][gc,age      ] GC(26) - age  15:   17258792 bytes,   71209688 total
[2022-04-08T06:52:44.083+0000][2220][gc,phases   ] GC(26)   Pre Evacuate Collection Set: 0.1ms
[2022-04-08T06:52:44.083+0000][2220][gc,phases   ] GC(26)   Merge Heap Roots: 0.1ms
[2022-04-08T06:52:44.083+0000][2220][gc,phases   ] GC(26)   Evacuate Collection Set: 34.1ms
[2022-04-08T06:52:44.083+0000][2220][gc,phases   ] GC(26)   Post Evacuate Collection Set: 2.6ms
[2022-04-08T06:52:44.083+0000][2220][gc,phases   ] GC(26)   Other: 0.5ms
[2022-04-08T06:52:44.083+0000][2220][gc,heap     ] GC(26) Eden regions: 1201->0(1200)
[2022-04-08T06:52:44.083+0000][2220][gc,heap     ] GC(26) Survivor regions: 19->20(153)
[2022-04-08T06:52:44.083+0000][2220][gc,heap     ] GC(26) Old regions: 12->12
[2022-04-08T06:52:44.083+0000][2220][gc,heap     ] GC(26) Archive regions: 0->0
[2022-04-08T06:52:44.083+0000][2220][gc,heap     ] GC(26) Humongous regions: 5->5
[2022-04-08T06:52:44.083+0000][2220][gc,metaspace] GC(26) Metaspace: 133595K(135936K)->133595K(135936K) NonClass: 115858K(117184K)->115858K(117184K) Class: 17736K(18752K)->17736K(18752K)
[2022-04-08T06:52:44.083+0000][2220][gc          ] GC(26) Pause Young (Normal) (G1 Evacuation Pause) 4947M->145M(8136M) 37.546ms
[2022-04-08T06:52:44.083+0000][2220][gc,cpu      ] GC(26) User=0.11s Sys=0.00s Real=0.04s
[2022-04-08T06:52:44.083+0000][2220][safepoint   ] Safepoint "G1CollectForAllocation", Time since last: 155260806200 ns, Reaching safepoint: 30000 ns, At safepoint: 37680000 ns, Total: 37710000 ns
[2022-04-08T06:53:15.409+0000][2220][safepoint   ] Safepoint "Cleanup", Time since last: 31326284600 ns, Reaching safepoint: 44100 ns, At safepoint: 5800 ns, Total: 49900 ns
[2022-04-08T06:53:45.742+0000][2220][safepoint   ] Safepoint "Cleanup", Time since last: 30333054700 ns, Reaching safepoint: 48700 ns, At safepoint: 8000 ns, Total: 56700 ns
[2022-04-08T06:55:05.572+0000][2220][safepoint   ] Safepoint "Cleanup", Time since last: 79829266300 ns, Reaching safepoint: 59100 ns, At safepoint: 10500 ns, Total: 69600 ns
[2022-04-08T06:55:08.603+0000][2220][safepoint   ] Safepoint "Cleanup", Time since last: 3030735200 ns, Reaching safepoint: 84100 ns, At safepoint: 8200 ns, Total: 92300 ns
[2022-04-08T06:55:15.686+0000][2220][safepoint   ] Safepoint "Cleanup", Time since last: 7082921600 ns, Reaching safepoint: 55000 ns, At safepoint: 11900 ns, Total: 66900 ns
[2022-04-08T06:56:56.689+0000][2220][safepoint   ] Safepoint "Cleanup", Time since last: 101003372800 ns, Reaching safepoint: 57100 ns, At safepoint: 7700 ns, Total: 64800 ns
[2022-04-08T06:58:18.569+0000][2220][safepoint   ] Safepoint "Cleanup", Time since last: 81879950800 ns, Reaching safepoint: 46500 ns, At safepoint: 6500 ns, Total: 53000 ns
[2022-04-08T06:59:09.117+0000][2220][safepoint   ] Safepoint "Cleanup", Time since last: 50547662600 ns, Reaching safepoint: 49000 ns, At safepoint: 7600 ns, Total: 56600 ns
[2022-04-08T06:59:16.195+0000][2220][safepoint   ] Safepoint "Cleanup", Time since last: 7077686100 ns, Reaching safepoint: 59000 ns, At safepoint: 9200 ns, Total: 68200 ns
[2022-04-08T06:59:21.250+0000][2220][safepoint   ] Safepoint "Cleanup", Time since last: 5055333100 ns, Reaching safepoint: 52700 ns, At safepoint: 10300 ns, Total: 63000 ns
[2022-04-08T06:59:51.572+0000][2220][safepoint   ] Safepoint "Cleanup", Time since last: 30322301300 ns, Reaching safepoint: 43500 ns, At safepoint: 9500 ns, Total: 53000 ns
[2022-04-08T07:00:15.852+0000][2220][safepoint   ] Safepoint "Cleanup", Time since last: 24279263100 ns, Reaching safepoint: 86600 ns, At safepoint: 9400 ns, Total: 96000 ns
[2022-04-08T07:01:12.422+0000][2220][safepoint   ] Safepoint "Cleanup", Time since last: 56570794100 ns, Reaching safepoint: 76000 ns, At safepoint: 8900 ns, Total: 84900 ns
[2022-04-08T07:01:18.491+0000][2220][safepoint   ] Safepoint "Cleanup", Time since last: 6068423400 ns, Reaching safepoint: 54300 ns, At safepoint: 12500 ns, Total: 66800 ns
[2022-04-08T07:03:40.948+0000][2220][safepoint   ] Safepoint "Cleanup", Time since last: 142456645900 ns, Reaching safepoint: 52800 ns, At safepoint: 19600 ns, Total: 72400 ns
[2022-04-08T07:04:43.578+0000][2220][safepoint   ] Safepoint "Cleanup", Time since last: 62630194700 ns, Reaching safepoint: 71300 ns, At safepoint: 8300 ns, Total: 79600 ns
[2022-04-08T07:05:00.766+0000][2220][safepoint   ] Safepoint "Cleanup", Time since last: 17188116700 ns, Reaching safepoint: 65400 ns, At safepoint: 12600 ns, Total: 78000 ns
[2022-04-08T07:05:49.275+0000][2220][safepoint   ] Safepoint "Cleanup", Time since last: 48508570100 ns, Reaching safepoint: 69800 ns, At safepoint: 55700 ns, Total: 125500 ns
[2022-04-08T07:06:16.531+0000][2220][safepoint   ] Safepoint "Cleanup", Time since last: 27256036600 ns, Reaching safepoint: 54800 ns, At safepoint: 20200 ns, Total: 75000 ns
[2022-04-08T07:07:19.166+0000][2220][safepoint   ] Safepoint "Cleanup", Time since last: 62635094800 ns, Reaching safepoint: 58900 ns, At safepoint: 4900 ns, Total: 63800 ns
[2022-04-08T07:08:10.690+0000][2220][safepoint   ] Safepoint "Cleanup", Time since last: 51523667000 ns, Reaching safepoint: 55800 ns, At safepoint: 9400 ns, Total: 65200 ns
[2022-04-08T07:09:15.386+0000][2220][safepoint   ] Safepoint "Cleanup", Time since last: 64696016300 ns, Reaching safepoint: 53600 ns, At safepoint: 33800 ns, Total: 87400 ns
[2022-04-08T07:09:43.676+0000][2220][safepoint   ] Safepoint "Cleanup", Time since last: 28289634000 ns, Reaching safepoint: 52000 ns, At safepoint: 11500 ns, Total: 63500 ns
[2022-04-08T07:10:01.877+0000][2220][safepoint   ] Safepoint "Cleanup", Time since last: 18201638300 ns, Reaching safepoint: 61400 ns, At safepoint: 9300 ns, Total: 70700 ns
[2022-04-08T07:10:22.348+0000][2220][gc,start    ] GC(27) Pause Young (Normal) (G1 Evacuation Pause)
[2022-04-08T07:10:22.348+0000][2220][gc,task     ] GC(27) Using 4 workers of 4 for evacuation
[2022-04-08T07:10:22.348+0000][2220][gc,age      ] GC(27) Desired survivor size 320864256 bytes, new threshold 15 (max threshold 15)
[2022-04-08T07:10:22.393+0000][2220][gc,age      ] GC(27) Age table with threshold 15 (max threshold 15)
[2022-04-08T07:10:22.393+0000][2220][gc,age      ] GC(27) - age   1:    1639536 bytes,    1639536 total
[2022-04-08T07:10:22.393+0000][2220][gc,age      ] GC(27) - age   2:     893160 bytes,    2532696 total
[2022-04-08T07:10:22.393+0000][2220][gc,age      ] GC(27) - age   3:       6704 bytes,    2539400 total
[2022-04-08T07:10:22.393+0000][2220][gc,age      ] GC(27) - age   4:       4456 bytes,    2543856 total
[2022-04-08T07:10:22.393+0000][2220][gc,age      ] GC(27) - age   5:       2792 bytes,    2546648 total
[2022-04-08T07:10:22.393+0000][2220][gc,age      ] GC(27) - age   6:       5360 bytes,    2552008 total
[2022-04-08T07:10:22.393+0000][2220][gc,age      ] GC(27) - age   7:     226896 bytes,    2778904 total
[2022-04-08T07:10:22.393+0000][2220][gc,age      ] GC(27) - age   8:     226704 bytes,    3005608 total
[2022-04-08T07:10:22.393+0000][2220][gc,age      ] GC(27) - age   9:     279296 bytes,    3284904 total
[2022-04-08T07:10:22.393+0000][2220][gc,age      ] GC(27) - age  10:    6670464 bytes,    9955368 total
[2022-04-08T07:10:22.393+0000][2220][gc,age      ] GC(27) - age  11:    8433032 bytes,   18388400 total
[2022-04-08T07:10:22.393+0000][2220][gc,age      ] GC(27) - age  12:     250112 bytes,   18638512 total
[2022-04-08T07:10:22.393+0000][2220][gc,age      ] GC(27) - age  13:   18684672 bytes,   37323184 total
[2022-04-08T07:10:22.393+0000][2220][gc,age      ] GC(27) - age  14:    5247824 bytes,   42571008 total
[2022-04-08T07:10:22.393+0000][2220][gc,age      ] GC(27) - age  15:   11571512 bytes,   54142520 total
[2022-04-08T07:10:22.393+0000][2220][gc,phases   ] GC(27)   Pre Evacuate Collection Set: 0.1ms
[2022-04-08T07:10:22.393+0000][2220][gc,phases   ] GC(27)   Merge Heap Roots: 0.1ms
[2022-04-08T07:10:22.393+0000][2220][gc,phases   ] GC(27)   Evacuate Collection Set: 39.8ms
[2022-04-08T07:10:22.393+0000][2220][gc,phases   ] GC(27)   Post Evacuate Collection Set: 4.1ms
[2022-04-08T07:10:22.393+0000][2220][gc,phases   ] GC(27)   Other: 0.5ms
[2022-04-08T07:10:22.393+0000][2220][gc,heap     ] GC(27) Eden regions: 1200->0(1205)
[2022-04-08T07:10:22.393+0000][2220][gc,heap     ] GC(27) Survivor regions: 20->15(153)
[2022-04-08T07:10:22.393+0000][2220][gc,heap     ] GC(27) Old regions: 12->17
[2022-04-08T07:10:22.393+0000][2220][gc,heap     ] GC(27) Archive regions: 0->0
[2022-04-08T07:10:22.393+0000][2220][gc,heap     ] GC(27) Humongous regions: 5->5
[2022-04-08T07:10:22.393+0000][2220][gc,metaspace] GC(27) Metaspace: 133646K(135936K)->133646K(135936K) NonClass: 115906K(117184K)->115906K(117184K) Class: 17739K(18752K)->17739K(18752K)
[2022-04-08T07:10:22.393+0000][2220][gc          ] GC(27) Pause Young (Normal) (G1 Evacuation Pause) 4945M->142M(8136M) 44.767ms
[2022-04-08T07:10:22.393+0000][2220][gc,cpu      ] GC(27) User=0.16s Sys=0.02s Real=0.04s
[2022-04-08T07:10:22.393+0000][2220][safepoint   ] Safepoint "G1CollectForAllocation", Time since last: 20470860500 ns, Reaching safepoint: 107600 ns, At safepoint: 44898800 ns, Total: 45006400 ns
[2022-04-08T07:11:15.970+0000][2220][safepoint   ] Safepoint "Cleanup", Time since last: 53576404800 ns, Reaching safepoint: 51800 ns, At safepoint: 13700 ns, Total: 65500 ns
[2022-04-08T07:11:41.243+0000][2220][safepoint   ] Safepoint "Cleanup", Time since last: 25273468800 ns, Reaching safepoint: 51800 ns, At safepoint: 10100 ns, Total: 61900 ns
[2022-04-08T07:11:46.301+0000][2220][safepoint   ] Safepoint "Cleanup", Time since last: 5057434200 ns, Reaching safepoint: 125900 ns, At safepoint: 50300 ns, Total: 176200 ns
[2022-04-08T07:13:12.231+0000][2220][safepoint   ] Safepoint "Cleanup", Time since last: 85930441400 ns, Reaching safepoint: 42700 ns, At safepoint: 65300 ns, Total: 108000 ns
[2022-04-08T07:13:16.274+0000][2220][safepoint   ] Safepoint "Cleanup", Time since last: 4042348800 ns, Reaching safepoint: 143700 ns, At safepoint: 53300 ns, Total: 197000 ns
[2022-04-08T07:15:15.522+0000][2220][safepoint   ] Safepoint "Cleanup", Time since last: 119247811200 ns, Reaching safepoint: 66300 ns, At safepoint: 19600 ns, Total: 85900 ns
[2022-04-08T07:16:16.161+0000][2220][safepoint   ] Safepoint "Cleanup", Time since last: 60639291400 ns, Reaching safepoint: 59200 ns, At safepoint: 21200 ns, Total: 80400 ns
[2022-04-08T07:18:11.399+0000][2220][safepoint   ] Safepoint "Cleanup", Time since last: 115238152200 ns, Reaching safepoint: 38700 ns, At safepoint: 18400 ns, Total: 57100 ns
[2022-04-08T07:18:58.911+0000][2220][safepoint   ] Safepoint "Cleanup", Time since last: 47512017100 ns, Reaching safepoint: 51500 ns, At safepoint: 7800 ns, Total: 59300 ns
[2022-04-08T07:19:16.098+0000][2220][safepoint   ] Safepoint "Cleanup", Time since last: 17186281800 ns, Reaching safepoint: 43100 ns, At safepoint: 11000 ns, Total: 54100 ns
[2022-04-08T07:21:48.746+0000][2220][safepoint   ] Safepoint "Cleanup", Time since last: 152648174000 ns, Reaching safepoint: 56200 ns, At safepoint: 64400 ns, Total: 120600 ns
[2022-04-08T07:22:16.038+0000][2220][safepoint   ] Safepoint "Cleanup", Time since last: 27291398200 ns, Reaching safepoint: 57300 ns, At safepoint: 55100 ns, Total: 112400 ns
[2022-04-08T07:23:30.859+0000][2220][safepoint   ] Safepoint "Cleanup", Time since last: 74820927100 ns, Reaching safepoint: 137900 ns, At safepoint: 51000 ns, Total: 188900 ns
[2022-04-08T07:24:19.350+0000][2220][safepoint   ] Safepoint "Cleanup", Time since last: 48490816700 ns, Reaching safepoint: 46500 ns, At safepoint: 20900 ns, Total: 67400 ns
[2022-04-08T07:24:21.365+0000][2220][safepoint   ] Safepoint "Cleanup", Time since last: 2014788500 ns, Reaching safepoint: 39000 ns, At safepoint: 2200 ns, Total: 41200 ns
[2022-04-08T07:25:15.964+0000][2220][safepoint   ] Safepoint "Cleanup", Time since last: 54599653300 ns, Reaching safepoint: 48200 ns, At safepoint: 10400 ns, Total: 58600 ns
[2022-04-08T07:26:15.556+0000][2220][safepoint   ] Safepoint "Cleanup", Time since last: 59591864400 ns, Reaching safepoint: 51000 ns, At safepoint: 8600 ns, Total: 59600 ns
[2022-04-08T07:27:43.475+0000][2220][safepoint   ] Safepoint "Cleanup", Time since last: 87918814100 ns, Reaching safepoint: 68200 ns, At safepoint: 8200 ns, Total: 76400 ns
[2022-04-08T07:27:49.551+0000][2220][safepoint   ] Safepoint "Cleanup", Time since last: 6075489900 ns, Reaching safepoint: 49800 ns, At safepoint: 18600 ns, Total: 68400 ns
[2022-04-08T07:27:57.449+0000][2220][gc,start    ] GC(28) Pause Young (Normal) (G1 Evacuation Pause)
[2022-04-08T07:27:57.449+0000][2220][gc,task     ] GC(28) Using 4 workers of 4 for evacuation
[2022-04-08T07:27:57.449+0000][2220][gc,age      ] GC(28) Desired survivor size 320864256 bytes, new threshold 15 (max threshold 15)
[2022-04-08T07:27:57.482+0000][2220][gc,age      ] GC(28) Age table with threshold 15 (max threshold 15)
[2022-04-08T07:27:57.482+0000][2220][gc,age      ] GC(28) - age   1:    1424968 bytes,    1424968 total
[2022-04-08T07:27:57.482+0000][2220][gc,age      ] GC(28) - age   2:      57752 bytes,    1482720 total
[2022-04-08T07:27:57.482+0000][2220][gc,age      ] GC(28) - age   3:     448448 bytes,    1931168 total
[2022-04-08T07:27:57.482+0000][2220][gc,age      ] GC(28) - age   4:       6624 bytes,    1937792 total
[2022-04-08T07:27:57.482+0000][2220][gc,age      ] GC(28) - age   5:       3048 bytes,    1940840 total
[2022-04-08T07:27:57.482+0000][2220][gc,age      ] GC(28) - age   6:       2648 bytes,    1943488 total
[2022-04-08T07:27:57.482+0000][2220][gc,age      ] GC(28) - age   7:       5360 bytes,    1948848 total
[2022-04-08T07:27:57.482+0000][2220][gc,age      ] GC(28) - age   8:      19808 bytes,    1968656 total
[2022-04-08T07:27:57.482+0000][2220][gc,age      ] GC(28) - age   9:     226704 bytes,    2195360 total
[2022-04-08T07:27:57.482+0000][2220][gc,age      ] GC(28) - age  10:     233840 bytes,    2429200 total
[2022-04-08T07:27:57.482+0000][2220][gc,age      ] GC(28) - age  11:    6640392 bytes,    9069592 total
[2022-04-08T07:27:57.482+0000][2220][gc,age      ] GC(28) - age  12:    8433032 bytes,   17502624 total
[2022-04-08T07:27:57.482+0000][2220][gc,age      ] GC(28) - age  13:     250112 bytes,   17752736 total
[2022-04-08T07:27:57.482+0000][2220][gc,age      ] GC(28) - age  14:   18684632 bytes,   36437368 total
[2022-04-08T07:27:57.482+0000][2220][gc,age      ] GC(28) - age  15:    5247824 bytes,   41685192 total
[2022-04-08T07:27:57.482+0000][2220][gc,phases   ] GC(28)   Pre Evacuate Collection Set: 0.2ms
[2022-04-08T07:27:57.482+0000][2220][gc,phases   ] GC(28)   Merge Heap Roots: 0.3ms
[2022-04-08T07:27:57.482+0000][2220][gc,phases   ] GC(28)   Evacuate Collection Set: 28.6ms
[2022-04-08T07:27:57.482+0000][2220][gc,phases   ] GC(28)   Post Evacuate Collection Set: 3.7ms
[2022-04-08T07:27:57.482+0000][2220][gc,phases   ] GC(28)   Other: 0.6ms
[2022-04-08T07:27:57.482+0000][2220][gc,heap     ] GC(28) Eden regions: 1205->0(1209)
[2022-04-08T07:27:57.482+0000][2220][gc,heap     ] GC(28) Survivor regions: 15->11(153)
[2022-04-08T07:27:57.482+0000][2220][gc,heap     ] GC(28) Old regions: 17->19
[2022-04-08T07:27:57.482+0000][2220][gc,heap     ] GC(28) Archive regions: 0->0
[2022-04-08T07:27:57.482+0000][2220][gc,heap     ] GC(28) Humongous regions: 5->5
[2022-04-08T07:27:57.482+0000][2220][gc,metaspace] GC(28) Metaspace: 133700K(136000K)->133700K(136000K) NonClass: 115960K(117248K)->115960K(117248K) Class: 17740K(18752K)->17740K(18752K)
[2022-04-08T07:27:57.482+0000][2220][gc          ] GC(28) Pause Young (Normal) (G1 Evacuation Pause) 4962M->140M(8136M) 33.623ms
[2022-04-08T07:27:57.482+0000][2220][gc,cpu      ] GC(28) User=0.08s Sys=0.03s Real=0.03s
[2022-04-08T07:27:57.482+0000][2220][safepoint   ] Safepoint "G1CollectForAllocation", Time since last: 7898800500 ns, Reaching safepoint: 104900 ns, At safepoint: 33734800 ns, Total: 33839700 ns
[2022-04-08T07:28:16.616+0000][2220][safepoint   ] Safepoint "Cleanup", Time since last: 19132952800 ns, Reaching safepoint: 40800 ns, At safepoint: 3200 ns, Total: 44000 ns
[2022-04-08T07:28:28.718+0000][2220][safepoint   ] Safepoint "Cleanup", Time since last: 12102449200 ns, Reaching safepoint: 51700 ns, At safepoint: 4400 ns, Total: 56100 ns
[2022-04-08T07:29:35.372+0000][2220][safepoint   ] Safepoint "Cleanup", Time since last: 66653200400 ns, Reaching safepoint: 41100 ns, At safepoint: 2900 ns, Total: 44000 ns
[2022-04-08T07:29:37.388+0000][2220][safepoint   ] Safepoint "Cleanup", Time since last: 2016057400 ns, Reaching safepoint: 42000 ns, At safepoint: 5300 ns, Total: 47300 ns
[2022-04-08T07:30:04.645+0000][2220][safepoint   ] Safepoint "Cleanup", Time since last: 27256656600 ns, Reaching safepoint: 55500 ns, At safepoint: 11800 ns, Total: 67300 ns
[2022-04-08T07:31:19.456+0000][2220][safepoint   ] Safepoint "Cleanup", Time since last: 74811313700 ns, Reaching safepoint: 54500 ns, At safepoint: 14400 ns, Total: 68900 ns
[2022-04-08T07:32:34.378+0000][2220][safepoint   ] Safepoint "Cleanup", Time since last: 74921609600 ns, Reaching safepoint: 40700 ns, At safepoint: 17000 ns, Total: 57700 ns
[2022-04-08T07:33:15.772+0000][2220][safepoint   ] Safepoint "Cleanup", Time since last: 41393923000 ns, Reaching safepoint: 125400 ns, At safepoint: 52900 ns, Total: 178300 ns
[2022-04-08T07:35:02.131+0000][2220][safepoint   ] Safepoint "Cleanup", Time since last: 106359470100 ns, Reaching safepoint: 50800 ns, At safepoint: 8300 ns, Total: 59100 ns
[2022-04-08T07:37:14.928+0000][2220][safepoint   ] Safepoint "Cleanup", Time since last: 132796311000 ns, Reaching safepoint: 87000 ns, At safepoint: 20400 ns, Total: 107400 ns
[2022-04-08T07:39:27.622+0000][2220][safepoint   ] Safepoint "Cleanup", Time since last: 132694553200 ns, Reaching safepoint: 57700 ns, At safepoint: 12400 ns, Total: 70100 ns
[2022-04-08T07:40:33.590+0000][2220][safepoint   ] Safepoint "Cleanup", Time since last: 65967433100 ns, Reaching safepoint: 46600 ns, At safepoint: 6300 ns, Total: 52900 ns
[2022-04-08T07:44:17.374+0000][2220][safepoint   ] Safepoint "Cleanup", Time since last: 223784209800 ns, Reaching safepoint: 102000 ns, At safepoint: 6500 ns, Total: 108500 ns
[2022-04-08T07:45:12.980+0000][2220][gc,start    ] GC(29) Pause Young (Normal) (G1 Evacuation Pause)
[2022-04-08T07:45:12.980+0000][2220][gc,task     ] GC(29) Using 4 workers of 4 for evacuation
[2022-04-08T07:45:12.980+0000][2220][gc,age      ] GC(29) Desired survivor size 320864256 bytes, new threshold 15 (max threshold 15)
[2022-04-08T07:45:12.995+0000][2220][gc,age      ] GC(29) Age table with threshold 15 (max threshold 15)
[2022-04-08T07:45:12.995+0000][2220][gc,age      ] GC(29) - age   1:    1116688 bytes,    1116688 total
[2022-04-08T07:45:12.995+0000][2220][gc,age      ] GC(29) - age   2:      86984 bytes,    1203672 total
[2022-04-08T07:45:12.995+0000][2220][gc,age      ] GC(29) - age   3:      56064 bytes,    1259736 total
[2022-04-08T07:45:12.995+0000][2220][gc,age      ] GC(29) - age   4:     420376 bytes,    1680112 total
[2022-04-08T07:45:12.995+0000][2220][gc,age      ] GC(29) - age   5:       6464 bytes,    1686576 total
[2022-04-08T07:45:12.995+0000][2220][gc,age      ] GC(29) - age   6:       2904 bytes,    1689480 total
[2022-04-08T07:45:12.995+0000][2220][gc,age      ] GC(29) - age   7:       2648 bytes,    1692128 total
[2022-04-08T07:45:12.995+0000][2220][gc,age      ] GC(29) - age   8:       5216 bytes,    1697344 total
[2022-04-08T07:45:12.995+0000][2220][gc,age      ] GC(29) - age   9:      16136 bytes,    1713480 total
[2022-04-08T07:45:12.995+0000][2220][gc,age      ] GC(29) - age  10:     226704 bytes,    1940184 total
[2022-04-08T07:45:12.995+0000][2220][gc,age      ] GC(29) - age  11:     233528 bytes,    2173712 total
[2022-04-08T07:45:12.995+0000][2220][gc,age      ] GC(29) - age  12:    6640080 bytes,    8813792 total
[2022-04-08T07:45:12.995+0000][2220][gc,age      ] GC(29) - age  13:    8433032 bytes,   17246824 total
[2022-04-08T07:45:12.995+0000][2220][gc,age      ] GC(29) - age  14:     250112 bytes,   17496936 total
[2022-04-08T07:45:12.995+0000][2220][gc,age      ] GC(29) - age  15:   18684632 bytes,   36181568 total
[2022-04-08T07:45:12.995+0000][2220][gc,phases   ] GC(29)   Pre Evacuate Collection Set: 0.2ms
[2022-04-08T07:45:12.995+0000][2220][gc,phases   ] GC(29)   Merge Heap Roots: 0.1ms
[2022-04-08T07:45:12.995+0000][2220][gc,phases   ] GC(29)   Evacuate Collection Set: 20.5ms
[2022-04-08T07:45:12.995+0000][2220][gc,phases   ] GC(29)   Post Evacuate Collection Set: 5.0ms
[2022-04-08T07:45:12.995+0000][2220][gc,phases   ] GC(29)   Other: 0.4ms
[2022-04-08T07:45:12.995+0000][2220][gc,heap     ] GC(29) Eden regions: 1209->0(1210)
[2022-04-08T07:45:12.995+0000][2220][gc,heap     ] GC(29) Survivor regions: 11->10(153)
[2022-04-08T07:45:12.995+0000][2220][gc,heap     ] GC(29) Old regions: 19->21
[2022-04-08T07:45:12.995+0000][2220][gc,heap     ] GC(29) Archive regions: 0->0
[2022-04-08T07:45:12.995+0000][2220][gc,heap     ] GC(29) Humongous regions: 5->5
[2022-04-08T07:45:12.995+0000][2220][gc,metaspace] GC(29) Metaspace: 133701K(136000K)->133701K(136000K) NonClass: 115960K(117248K)->115960K(117248K) Class: 17740K(18752K)->17740K(18752K)
[2022-04-08T07:45:12.995+0000][2220][gc          ] GC(29) Pause Young (Normal) (G1 Evacuation Pause) 4976M->141M(8136M) 26.332ms
[2022-04-08T07:45:12.995+0000][2220][gc,cpu      ] GC(29) User=0.06s Sys=0.00s Real=0.01s
[2022-04-08T07:45:12.995+0000][2220][safepoint   ] Safepoint "G1CollectForAllocation", Time since last: 55609387900 ns, Reaching safepoint: 105200 ns, At safepoint: 26422900 ns, Total: 26528100 ns
[2022-04-08T07:50:16.166+0000][2220][safepoint   ] Safepoint "Cleanup", Time since last: 303155870100 ns, Reaching safepoint: 89100 ns, At safepoint: 11700 ns, Total: 100800 ns
[2022-04-08T07:50:50.679+0000][2220][safepoint   ] Safepoint "Cleanup", Time since last: 34513219000 ns, Reaching safepoint: 77900 ns, At safepoint: 11000 ns, Total: 88900 ns
[2022-04-08T07:50:54.741+0000][2220][safepoint   ] Safepoint "Cleanup", Time since last: 4061424200 ns, Reaching safepoint: 49700 ns, At safepoint: 10400 ns, Total: 60100 ns
[2022-04-08T07:51:16.064+0000][2220][safepoint   ] Safepoint "Cleanup", Time since last: 21322994800 ns, Reaching safepoint: 54100 ns, At safepoint: 8700 ns, Total: 62800 ns
[2022-04-08T07:53:20.823+0000][2220][safepoint   ] Safepoint "Cleanup", Time since last: 124759272800 ns, Reaching safepoint: 53500 ns, At safepoint: 13200 ns, Total: 66700 ns
[2022-04-08T07:54:16.459+0000][2220][safepoint   ] Safepoint "Cleanup", Time since last: 55635111100 ns, Reaching safepoint: 52100 ns, At safepoint: 9500 ns, Total: 61600 ns
[2022-04-08T07:55:16.314+0000][2220][safepoint   ] Safepoint "Cleanup", Time since last: 59855796600 ns, Reaching safepoint: 56000 ns, At safepoint: 11600 ns, Total: 67600 ns
[2022-04-08T07:55:19.330+0000][2220][safepoint   ] Safepoint "Cleanup", Time since last: 3015439400 ns, Reaching safepoint: 57700 ns, At safepoint: 19900 ns, Total: 77600 ns
[2022-04-08T07:56:16.077+0000][2220][safepoint   ] Safepoint "Cleanup", Time since last: 56747463500 ns, Reaching safepoint: 70600 ns, At safepoint: 9800 ns, Total: 80400 ns
[2022-04-08T07:59:18.634+0000][2220][safepoint   ] Safepoint "Cleanup", Time since last: 182557043500 ns, Reaching safepoint: 89600 ns, At safepoint: 13700 ns, Total: 103300 ns
[2022-04-08T07:59:43.968+0000][2220][safepoint   ] Safepoint "Cleanup", Time since last: 25333619300 ns, Reaching safepoint: 48700 ns, At safepoint: 12800 ns, Total: 61500 ns
[2022-04-08T08:00:17.942+0000][2220][safepoint   ] Safepoint "Cleanup", Time since last: 33973429500 ns, Reaching safepoint: 78600 ns, At safepoint: 16900 ns, Total: 95500 ns
[2022-04-08T08:02:16.637+0000][2220][safepoint   ] Safepoint "Cleanup", Time since last: 118694660900 ns, Reaching safepoint: 50800 ns, At safepoint: 7600 ns, Total: 58400 ns
[2022-04-08T08:02:35.017+0000][2220][gc,start    ] GC(30) Pause Young (Normal) (G1 Evacuation Pause)
[2022-04-08T08:02:35.017+0000][2220][gc,task     ] GC(30) Using 4 workers of 4 for evacuation
[2022-04-08T08:02:35.017+0000][2220][gc,age      ] GC(30) Desired survivor size 320864256 bytes, new threshold 15 (max threshold 15)
[2022-04-08T08:02:35.032+0000][2220][gc,age      ] GC(30) Age table with threshold 15 (max threshold 15)
[2022-04-08T08:02:35.032+0000][2220][gc,age      ] GC(30) - age   1:    1468504 bytes,    1468504 total
[2022-04-08T08:02:35.032+0000][2220][gc,age      ] GC(30) - age   2:     342680 bytes,    1811184 total
[2022-04-08T08:02:35.032+0000][2220][gc,age      ] GC(30) - age   3:      84904 bytes,    1896088 total
[2022-04-08T08:02:35.032+0000][2220][gc,age      ] GC(30) - age   4:      55496 bytes,    1951584 total
[2022-04-08T08:02:35.032+0000][2220][gc,age      ] GC(30) - age   5:     420376 bytes,    2371960 total
[2022-04-08T08:02:35.032+0000][2220][gc,age      ] GC(30) - age   6:       6464 bytes,    2378424 total
[2022-04-08T08:02:35.032+0000][2220][gc,age      ] GC(30) - age   7:       2904 bytes,    2381328 total
[2022-04-08T08:02:35.032+0000][2220][gc,age      ] GC(30) - age   8:       2648 bytes,    2383976 total
[2022-04-08T08:02:35.032+0000][2220][gc,age      ] GC(30) - age   9:       5216 bytes,    2389192 total
[2022-04-08T08:02:35.032+0000][2220][gc,age      ] GC(30) - age  10:      16136 bytes,    2405328 total
[2022-04-08T08:02:35.032+0000][2220][gc,age      ] GC(30) - age  11:     226704 bytes,    2632032 total
[2022-04-08T08:02:35.032+0000][2220][gc,age      ] GC(30) - age  12:     233472 bytes,    2865504 total
[2022-04-08T08:02:35.032+0000][2220][gc,age      ] GC(30) - age  13:    6640080 bytes,    9505584 total
[2022-04-08T08:02:35.032+0000][2220][gc,age      ] GC(30) - age  14:    8433032 bytes,   17938616 total
[2022-04-08T08:02:35.032+0000][2220][gc,age      ] GC(30) - age  15:     250112 bytes,   18188728 total
[2022-04-08T08:02:35.032+0000][2220][gc,phases   ] GC(30)   Pre Evacuate Collection Set: 0.1ms
[2022-04-08T08:02:35.032+0000][2220][gc,phases   ] GC(30)   Merge Heap Roots: 0.2ms
[2022-04-08T08:02:35.032+0000][2220][gc,phases   ] GC(30)   Evacuate Collection Set: 21.4ms
[2022-04-08T08:02:35.032+0000][2220][gc,phases   ] GC(30)   Post Evacuate Collection Set: 4.3ms
[2022-04-08T08:02:35.032+0000][2220][gc,phases   ] GC(30)   Other: 0.5ms
[2022-04-08T08:02:35.032+0000][2220][gc,heap     ] GC(30) Eden regions: 1210->0(1215)
[2022-04-08T08:02:35.032+0000][2220][gc,heap     ] GC(30) Survivor regions: 10->5(153)
[2022-04-08T08:02:35.032+0000][2220][gc,heap     ] GC(30) Old regions: 21->26
[2022-04-08T08:02:35.032+0000][2220][gc,heap     ] GC(30) Archive regions: 0->0
[2022-04-08T08:02:35.032+0000][2220][gc,heap     ] GC(30) Humongous regions: 5->5
[2022-04-08T08:02:35.032+0000][2220][gc,metaspace] GC(30) Metaspace: 133711K(136000K)->133711K(136000K) NonClass: 115970K(117248K)->115970K(117248K) Class: 17740K(18752K)->17740K(18752K)
[2022-04-08T08:02:35.032+0000][2220][gc          ] GC(30) Pause Young (Normal) (G1 Evacuation Pause) 4981M->141M(8136M) 26.624ms
[2022-04-08T08:02:35.032+0000][2220][gc,cpu      ] GC(30) User=0.03s Sys=0.03s Real=0.02s
[2022-04-08T08:02:35.032+0000][2220][safepoint   ] Safepoint "G1CollectForAllocation", Time since last: 18383569100 ns, Reaching safepoint: 106700 ns, At safepoint: 26753900 ns, Total: 26860600 ns
[2022-04-08T08:07:46.846+0000][2220][safepoint   ] Safepoint "Cleanup", Time since last: 311798703900 ns, Reaching safepoint: 103900 ns, At safepoint: 13000 ns, Total: 116900 ns
[2022-04-08T08:09:16.084+0000][2220][safepoint   ] Safepoint "Cleanup", Time since last: 89237897400 ns, Reaching safepoint: 52500 ns, At safepoint: 11000 ns, Total: 63500 ns
[2022-04-08T08:14:16.037+0000][2220][safepoint   ] Safepoint "Cleanup", Time since last: 299952734900 ns, Reaching safepoint: 96900 ns, At safepoint: 12900 ns, Total: 109800 ns
[2022-04-08T08:15:56.169+0000][2220][safepoint   ] Safepoint "Cleanup", Time since last: 100132152300 ns, Reaching safepoint: 59800 ns, At safepoint: 12400 ns, Total: 72200 ns
[2022-04-08T08:16:16.367+0000][2220][safepoint   ] Safepoint "Cleanup", Time since last: 20197976000 ns, Reaching safepoint: 57000 ns, At safepoint: 9300 ns, Total: 66300 ns
[2022-04-08T08:17:16.148+0000][2220][safepoint   ] Safepoint "Cleanup", Time since last: 59781059500 ns, Reaching safepoint: 50400 ns, At safepoint: 13200 ns, Total: 63600 ns
[2022-04-08T08:17:18.163+0000][2220][safepoint   ] Safepoint "Cleanup", Time since last: 2015431100 ns, Reaching safepoint: 56500 ns, At safepoint: 9300 ns, Total: 65800 ns
[2022-04-08T08:17:45.525+0000][2220][safepoint   ] Safepoint "Cleanup", Time since last: 27361441700 ns, Reaching safepoint: 91200 ns, At safepoint: 27300 ns, Total: 118500 ns
[2022-04-08T08:18:15.904+0000][2220][safepoint   ] Safepoint "Cleanup", Time since last: 30378858100 ns, Reaching safepoint: 50800 ns, At safepoint: 10100 ns, Total: 60900 ns
[2022-04-08T08:19:45.082+0000][2220][safepoint   ] Safepoint "Cleanup", Time since last: 89177720900 ns, Reaching safepoint: 47600 ns, At safepoint: 11800 ns, Total: 59400 ns
[2022-04-08T08:19:45.956+0000][2220][gc,start    ] GC(31) Pause Young (Normal) (G1 Evacuation Pause)
[2022-04-08T08:19:45.956+0000][2220][gc,task     ] GC(31) Using 4 workers of 4 for evacuation
[2022-04-08T08:19:45.956+0000][2220][gc,age      ] GC(31) Desired survivor size 320864256 bytes, new threshold 15 (max threshold 15)
[2022-04-08T08:19:45.956+0000][2220][gc,age      ] GC(31) Age table with threshold 15 (max threshold 15)
[2022-04-08T08:19:45.956+0000][2220][gc,age      ] GC(31) - age   1:    1252920 bytes,    1252920 total
[2022-04-08T08:19:45.956+0000][2220][gc,age      ] GC(31) - age   2:      11424 bytes,    1264344 total
[2022-04-08T08:19:45.956+0000][2220][gc,age      ] GC(31) - age   3:     341376 bytes,    1605720 total
[2022-04-08T08:19:45.956+0000][2220][gc,age      ] GC(31) - age   4:      84792 bytes,    1690512 total
[2022-04-08T08:19:45.956+0000][2220][gc,age      ] GC(31) - age   5:      55176 bytes,    1745688 total
[2022-04-08T08:19:45.956+0000][2220][gc,age      ] GC(31) - age   6:     420216 bytes,    2165904 total
[2022-04-08T08:19:45.956+0000][2220][gc,age      ] GC(31) - age   7:       6416 bytes,    2172320 total
[2022-04-08T08:19:45.956+0000][2220][gc,age      ] GC(31) - age   8:       2904 bytes,    2175224 total
[2022-04-08T08:19:45.956+0000][2220][gc,age      ] GC(31) - age   9:       2648 bytes,    2177872 total
[2022-04-08T08:19:45.956+0000][2220][gc,age      ] GC(31) - age  10:       5216 bytes,    2183088 total
[2022-04-08T08:19:45.956+0000][2220][gc,age      ] GC(31) - age  11:      16136 bytes,    2199224 total
[2022-04-08T08:19:45.956+0000][2220][gc,age      ] GC(31) - age  12:     226704 bytes,    2425928 total
[2022-04-08T08:19:45.956+0000][2220][gc,age      ] GC(31) - age  13:     233472 bytes,    2659400 total
[2022-04-08T08:19:45.956+0000][2220][gc,age      ] GC(31) - age  14:    6640080 bytes,    9299480 total
[2022-04-08T08:19:45.956+0000][2220][gc,age      ] GC(31) - age  15:    8433032 bytes,   17732512 total
[2022-04-08T08:19:45.956+0000][2220][gc,phases   ] GC(31)   Pre Evacuate Collection Set: 0.1ms
[2022-04-08T08:19:45.956+0000][2220][gc,phases   ] GC(31)   Merge Heap Roots: 0.1ms
[2022-04-08T08:19:45.956+0000][2220][gc,phases   ] GC(31)   Evacuate Collection Set: 9.8ms
[2022-04-08T08:19:45.956+0000][2220][gc,phases   ] GC(31)   Post Evacuate Collection Set: 1.5ms
[2022-04-08T08:19:45.956+0000][2220][gc,phases   ] GC(31)   Other: 0.6ms
[2022-04-08T08:19:45.956+0000][2220][gc,heap     ] GC(31) Eden regions: 1215->0(1215)
[2022-04-08T08:19:45.956+0000][2220][gc,heap     ] GC(31) Survivor regions: 5->5(153)
[2022-04-08T08:19:45.956+0000][2220][gc,heap     ] GC(31) Old regions: 26->26
[2022-04-08T08:19:45.956+0000][2220][gc,heap     ] GC(31) Archive regions: 0->0
[2022-04-08T08:19:45.956+0000][2220][gc,heap     ] GC(31) Humongous regions: 5->5
[2022-04-08T08:19:45.956+0000][2220][gc,metaspace] GC(31) Metaspace: 133758K(136064K)->133758K(136064K) NonClass: 116017K(117312K)->116017K(117312K) Class: 17740K(18752K)->17740K(18752K)
[2022-04-08T08:19:45.956+0000][2220][gc          ] GC(31) Pause Young (Normal) (G1 Evacuation Pause) 5001M->142M(8136M) 12.399ms
[2022-04-08T08:19:45.956+0000][2220][gc,cpu      ] GC(31) User=0.00s Sys=0.00s Real=0.00s
[2022-04-08T08:19:45.956+0000][2220][safepoint   ] Safepoint "G1CollectForAllocation", Time since last: 875578700 ns, Reaching safepoint: 38200 ns, At safepoint: 12502300 ns, Total: 12540500 ns
[2022-04-08T08:20:16.326+0000][2220][safepoint   ] Safepoint "Cleanup", Time since last: 30356141500 ns, Reaching safepoint: 59700 ns, At safepoint: 10100 ns, Total: 69800 ns
[2022-04-08T08:20:54.813+0000][2220][safepoint   ] Safepoint "Cleanup", Time since last: 38486892900 ns, Reaching safepoint: 90700 ns, At safepoint: 9500 ns, Total: 100200 ns
[2022-04-08T08:21:16.098+0000][2220][safepoint   ] Safepoint "Cleanup", Time since last: 21285300400 ns, Reaching safepoint: 55500 ns, At safepoint: 15100 ns, Total: 70600 ns
[2022-04-08T08:21:31.310+0000][2220][safepoint   ] Safepoint "Cleanup", Time since last: 15211577900 ns, Reaching safepoint: 69900 ns, At safepoint: 10600 ns, Total: 80500 ns
[2022-04-08T08:23:46.112+0000][2220][safepoint   ] Safepoint "Cleanup", Time since last: 134801853000 ns, Reaching safepoint: 80600 ns, At safepoint: 14200 ns, Total: 94800 ns
[2022-04-08T08:23:48.143+0000][2220][safepoint   ] Safepoint "Cleanup", Time since last: 2030666000 ns, Reaching safepoint: 51900 ns, At safepoint: 10100 ns, Total: 62000 ns
[2022-04-08T08:24:46.913+0000][2220][safepoint   ] Safepoint "Cleanup", Time since last: 58770283200 ns, Reaching safepoint: 45700 ns, At safepoint: 10400 ns, Total: 56100 ns
[2022-04-08T08:27:35.167+0000][2220][safepoint   ] Safepoint "Cleanup", Time since last: 168253829900 ns, Reaching safepoint: 59000 ns, At safepoint: 11100 ns, Total: 70100 ns
[2022-04-08T08:29:16.597+0000][2220][safepoint   ] Safepoint "Cleanup", Time since last: 101429608800 ns, Reaching safepoint: 51600 ns, At safepoint: 9600 ns, Total: 61200 ns
[2022-04-08T08:31:21.146+0000][2220][safepoint   ] Safepoint "Cleanup", Time since last: 124549092900 ns, Reaching safepoint: 45100 ns, At safepoint: 10000 ns, Total: 55100 ns
[2022-04-08T08:33:16.862+0000][2220][safepoint   ] Safepoint "Cleanup", Time since last: 115716345700 ns, Reaching safepoint: 54300 ns, At safepoint: 24400 ns, Total: 78700 ns
[2022-04-08T08:34:16.642+0000][2220][safepoint   ] Safepoint "Cleanup", Time since last: 59780017500 ns, Reaching safepoint: 63700 ns, At safepoint: 12500 ns, Total: 76200 ns
[2022-04-08T08:35:16.256+0000][2220][safepoint   ] Safepoint "Cleanup", Time since last: 59614135300 ns, Reaching safepoint: 49900 ns, At safepoint: 7300 ns, Total: 57200 ns
[2022-04-08T08:36:57.802+0000][2220][gc,start    ] GC(32) Pause Young (Normal) (G1 Evacuation Pause)
[2022-04-08T08:36:57.802+0000][2220][gc,task     ] GC(32) Using 4 workers of 4 for evacuation
[2022-04-08T08:36:57.802+0000][2220][gc,age      ] GC(32) Desired survivor size 320864256 bytes, new threshold 15 (max threshold 15)
[2022-04-08T08:36:57.802+0000][2220][gc,age      ] GC(32) Age table with threshold 15 (max threshold 15)
[2022-04-08T08:36:57.802+0000][2220][gc,age      ] GC(32) - age   1:    1369560 bytes,    1369560 total
[2022-04-08T08:36:57.802+0000][2220][gc,age      ] GC(32) - age   2:       6320 bytes,    1375880 total
[2022-04-08T08:36:57.802+0000][2220][gc,age      ] GC(32) - age   3:       9816 bytes,    1385696 total
[2022-04-08T08:36:57.802+0000][2220][gc,age      ] GC(32) - age   4:     341136 bytes,    1726832 total
[2022-04-08T08:36:57.802+0000][2220][gc,age      ] GC(32) - age   5:      84504 bytes,    1811336 total
[2022-04-08T08:36:57.802+0000][2220][gc,age      ] GC(32) - age   6:      54888 bytes,    1866224 total
[2022-04-08T08:36:57.802+0000][2220][gc,age      ] GC(32) - age   7:     420136 bytes,    2286360 total
[2022-04-08T08:36:57.802+0000][2220][gc,age      ] GC(32) - age   8:       6368 bytes,    2292728 total
[2022-04-08T08:36:57.802+0000][2220][gc,age      ] GC(32) - age   9:       2760 bytes,    2295488 total
[2022-04-08T08:36:57.802+0000][2220][gc,age      ] GC(32) - age  10:       2648 bytes,    2298136 total
[2022-04-08T08:36:57.802+0000][2220][gc,age      ] GC(32) - age  11:       5216 bytes,    2303352 total
[2022-04-08T08:36:57.802+0000][2220][gc,age      ] GC(32) - age  12:      16136 bytes,    2319488 total
[2022-04-08T08:36:57.802+0000][2220][gc,age      ] GC(32) - age  13:     226704 bytes,    2546192 total
[2022-04-08T08:36:57.802+0000][2220][gc,age      ] GC(32) - age  14:     233472 bytes,    2779664 total
[2022-04-08T08:36:57.802+0000][2220][gc,age      ] GC(32) - age  15:    6640080 bytes,    9419744 total
[2022-04-08T08:36:57.802+0000][2220][gc,phases   ] GC(32)   Pre Evacuate Collection Set: 0.1ms
[2022-04-08T08:36:57.802+0000][2220][gc,phases   ] GC(32)   Merge Heap Roots: 0.1ms
[2022-04-08T08:36:57.802+0000][2220][gc,phases   ] GC(32)   Evacuate Collection Set: 10.0ms
[2022-04-08T08:36:57.802+0000][2220][gc,phases   ] GC(32)   Post Evacuate Collection Set: 2.9ms
[2022-04-08T08:36:57.802+0000][2220][gc,phases   ] GC(32)   Other: 0.5ms
[2022-04-08T08:36:57.802+0000][2220][gc,heap     ] GC(32) Eden regions: 1215->0(1217)
[2022-04-08T08:36:57.802+0000][2220][gc,heap     ] GC(32) Survivor regions: 5->3(153)
[2022-04-08T08:36:57.802+0000][2220][gc,heap     ] GC(32) Old regions: 26->28
[2022-04-08T08:36:57.802+0000][2220][gc,heap     ] GC(32) Archive regions: 0->0
[2022-04-08T08:36:57.802+0000][2220][gc,heap     ] GC(32) Humongous regions: 5->5
[2022-04-08T08:36:57.802+0000][2220][gc,metaspace] GC(32) Metaspace: 133761K(136064K)->133761K(136064K) NonClass: 116020K(117312K)->116020K(117312K) Class: 17740K(18752K)->17740K(18752K)
[2022-04-08T08:36:57.802+0000][2220][gc          ] GC(32) Pause Young (Normal) (G1 Evacuation Pause) 5002M->141M(8136M) 13.800ms
[2022-04-08T08:36:57.802+0000][2220][gc,cpu      ] GC(32) User=0.00s Sys=0.00s Real=0.00s
[2022-04-08T08:36:57.802+0000][2220][safepoint   ] Safepoint "G1CollectForAllocation", Time since last: 101544968500 ns, Reaching safepoint: 46300 ns, At safepoint: 13907200 ns, Total: 13953500 ns
[2022-04-08T08:38:58.421+0000][2220][safepoint   ] Safepoint "Cleanup", Time since last: 120605198000 ns, Reaching safepoint: 88100 ns, At safepoint: 11600 ns, Total: 99700 ns
[2022-04-08T08:39:15.674+0000][2220][safepoint   ] Safepoint "Cleanup", Time since last: 17252860000 ns, Reaching safepoint: 48400 ns, At safepoint: 7800 ns, Total: 56200 ns
[2022-04-08T08:39:28.851+0000][2220][safepoint   ] Safepoint "Cleanup", Time since last: 13177805300 ns, Reaching safepoint: 49400 ns, At safepoint: 4900 ns, Total: 54300 ns
[2022-04-08T08:39:31.898+0000][2220][safepoint   ] Safepoint "Cleanup", Time since last: 3046296200 ns, Reaching safepoint: 71400 ns, At safepoint: 13600 ns, Total: 85000 ns
[2022-04-08T08:41:41.370+0000][2220][safepoint   ] Safepoint "Cleanup", Time since last: 129471713100 ns, Reaching safepoint: 45400 ns, At safepoint: 9900 ns, Total: 55300 ns
[2022-04-08T08:43:16.673+0000][2220][safepoint   ] Safepoint "Cleanup", Time since last: 95302751700 ns, Reaching safepoint: 47800 ns, At safepoint: 11300 ns, Total: 59100 ns
[2022-04-08T08:44:18.370+0000][2220][safepoint   ] Safepoint "Cleanup", Time since last: 61697687300 ns, Reaching safepoint: 60200 ns, At safepoint: 7800 ns, Total: 68000 ns
[2022-04-08T08:47:16.683+0000][2220][safepoint   ] Safepoint "Cleanup", Time since last: 178312211900 ns, Reaching safepoint: 48000 ns, At safepoint: 22000 ns, Total: 70000 ns
[2022-04-08T08:49:07.206+0000][2220][safepoint   ] Safepoint "Cleanup", Time since last: 110523877700 ns, Reaching safepoint: 52300 ns, At safepoint: 9400 ns, Total: 61700 ns
[2022-04-08T08:50:54.737+0000][2220][safepoint   ] Safepoint "Cleanup", Time since last: 107530752300 ns, Reaching safepoint: 72100 ns, At safepoint: 9900 ns, Total: 82000 ns
[2022-04-08T08:52:18.681+0000][2220][safepoint   ] Safepoint "Cleanup", Time since last: 83943730000 ns, Reaching safepoint: 46500 ns, At safepoint: 9400 ns, Total: 55900 ns
[2022-04-08T08:54:12.480+0000][2220][gc,start    ] GC(33) Pause Young (Normal) (G1 Evacuation Pause)
[2022-04-08T08:54:12.480+0000][2220][gc,task     ] GC(33) Using 4 workers of 4 for evacuation
[2022-04-08T08:54:12.480+0000][2220][gc,age      ] GC(33) Desired survivor size 320864256 bytes, new threshold 15 (max threshold 15)
[2022-04-08T08:54:12.480+0000][2220][gc,age      ] GC(33) Age table with threshold 15 (max threshold 15)
[2022-04-08T08:54:12.480+0000][2220][gc,age      ] GC(33) - age   1:    1447536 bytes,    1447536 total
[2022-04-08T08:54:12.480+0000][2220][gc,age      ] GC(33) - age   2:       3728 bytes,    1451264 total
[2022-04-08T08:54:12.480+0000][2220][gc,age      ] GC(33) - age   3:       3928 bytes,    1455192 total
[2022-04-08T08:54:12.480+0000][2220][gc,age      ] GC(33) - age   4:       2496 bytes,    1457688 total
[2022-04-08T08:54:12.480+0000][2220][gc,age      ] GC(33) - age   5:     297880 bytes,    1755568 total
[2022-04-08T08:54:12.480+0000][2220][gc,age      ] GC(33) - age   6:      84504 bytes,    1840072 total
[2022-04-08T08:54:12.480+0000][2220][gc,age      ] GC(33) - age   7:      54888 bytes,    1894960 total
[2022-04-08T08:54:12.480+0000][2220][gc,age      ] GC(33) - age   8:     420056 bytes,    2315016 total
[2022-04-08T08:54:12.480+0000][2220][gc,age      ] GC(33) - age   9:       6368 bytes,    2321384 total
[2022-04-08T08:54:12.480+0000][2220][gc,age      ] GC(33) - age  10:       2760 bytes,    2324144 total
[2022-04-08T08:54:12.480+0000][2220][gc,age      ] GC(33) - age  11:       2648 bytes,    2326792 total
[2022-04-08T08:54:12.480+0000][2220][gc,age      ] GC(33) - age  12:       5216 bytes,    2332008 total
[2022-04-08T08:54:12.480+0000][2220][gc,age      ] GC(33) - age  13:      16136 bytes,    2348144 total
[2022-04-08T08:54:12.480+0000][2220][gc,age      ] GC(33) - age  14:     226704 bytes,    2574848 total
[2022-04-08T08:54:12.480+0000][2220][gc,age      ] GC(33) - age  15:     233472 bytes,    2808320 total
[2022-04-08T08:54:12.480+0000][2220][gc,phases   ] GC(33)   Pre Evacuate Collection Set: 0.1ms
[2022-04-08T08:54:12.480+0000][2220][gc,phases   ] GC(33)   Merge Heap Roots: 0.1ms
[2022-04-08T08:54:12.480+0000][2220][gc,phases   ] GC(33)   Evacuate Collection Set: 7.0ms
[2022-04-08T08:54:12.480+0000][2220][gc,phases   ] GC(33)   Post Evacuate Collection Set: 4.9ms
[2022-04-08T08:54:12.480+0000][2220][gc,phases   ] GC(33)   Other: 0.5ms
[2022-04-08T08:54:12.480+0000][2220][gc,heap     ] GC(33) Eden regions: 1217->0(1219)
[2022-04-08T08:54:12.480+0000][2220][gc,heap     ] GC(33) Survivor regions: 3->1(153)
[2022-04-08T08:54:12.480+0000][2220][gc,heap     ] GC(33) Old regions: 28->30
[2022-04-08T08:54:12.480+0000][2220][gc,heap     ] GC(33) Archive regions: 0->0
[2022-04-08T08:54:12.480+0000][2220][gc,heap     ] GC(33) Humongous regions: 5->5
[2022-04-08T08:54:12.480+0000][2220][gc,metaspace] GC(33) Metaspace: 133766K(136064K)->133766K(136064K) NonClass: 116025K(117312K)->116025K(117312K) Class: 17740K(18752K)->17740K(18752K)
[2022-04-08T08:54:12.480+0000][2220][gc          ] GC(33) Pause Young (Normal) (G1 Evacuation Pause) 5009M->141M(8136M) 12.784ms
[2022-04-08T08:54:12.480+0000][2220][gc,cpu      ] GC(33) User=0.00s Sys=0.00s Real=0.00s
[2022-04-08T08:54:12.480+0000][2220][safepoint   ] Safepoint "G1CollectForAllocation", Time since last: 113800370300 ns, Reaching safepoint: 102700 ns, At safepoint: 12877100 ns, Total: 12979800 ns
[2022-04-08T08:58:16.801+0000][2220][safepoint   ] Safepoint "Cleanup", Time since last: 244306488900 ns, Reaching safepoint: 81100 ns, At safepoint: 10800 ns, Total: 91900 ns
[2022-04-08T08:59:52.032+0000][2220][safepoint   ] Safepoint "Cleanup", Time since last: 95230572300 ns, Reaching safepoint: 77900 ns, At safepoint: 8200 ns, Total: 86100 ns
[2022-04-08T09:02:16.742+0000][2220][safepoint   ] Safepoint "Cleanup", Time since last: 144710024000 ns, Reaching safepoint: 53200 ns, At safepoint: 36400 ns, Total: 89600 ns
[2022-04-08T09:03:16.406+0000][2220][safepoint   ] Safepoint "Cleanup", Time since last: 59664558500 ns, Reaching safepoint: 47900 ns, At safepoint: 10800 ns, Total: 58700 ns
[2022-04-08T09:03:22.452+0000][2220][safepoint   ] Safepoint "Cleanup", Time since last: 6045754900 ns, Reaching safepoint: 54100 ns, At safepoint: 9500 ns, Total: 63600 ns
[2022-04-08T09:04:17.071+0000][2220][safepoint   ] Safepoint "Cleanup", Time since last: 54618709000 ns, Reaching safepoint: 64000 ns, At safepoint: 12700 ns, Total: 76700 ns
[2022-04-08T09:04:26.165+0000][2220][safepoint   ] Safepoint "Cleanup", Time since last: 9094092100 ns, Reaching safepoint: 53500 ns, At safepoint: 10400 ns, Total: 63900 ns
[2022-04-08T09:05:55.304+0000][2220][safepoint   ] Safepoint "Cleanup", Time since last: 89138630100 ns, Reaching safepoint: 68200 ns, At safepoint: 11500 ns, Total: 79700 ns
[2022-04-08T09:08:58.775+0000][2220][safepoint   ] Safepoint "Cleanup", Time since last: 183471219100 ns, Reaching safepoint: 72300 ns, At safepoint: 12000 ns, Total: 84300 ns
[2022-04-08T09:10:57.191+0000][2220][safepoint   ] Safepoint "Cleanup", Time since last: 118415945900 ns, Reaching safepoint: 70300 ns, At safepoint: 10700 ns, Total: 81000 ns
[2022-04-08T09:11:02.252+0000][2220][safepoint   ] Safepoint "Cleanup", Time since last: 5060768900 ns, Reaching safepoint: 38800 ns, At safepoint: 11900 ns, Total: 50700 ns
[2022-04-08T09:11:05.283+0000][2220][safepoint   ] Safepoint "Cleanup", Time since last: 3030910000 ns, Reaching safepoint: 54800 ns, At safepoint: 11900 ns, Total: 66700 ns
[2022-04-08T09:11:23.526+0000][2220][gc,start    ] GC(34) Pause Young (Normal) (G1 Evacuation Pause)
[2022-04-08T09:11:23.526+0000][2220][gc,task     ] GC(34) Using 4 workers of 4 for evacuation
[2022-04-08T09:11:23.526+0000][2220][gc,age      ] GC(34) Desired survivor size 320864256 bytes, new threshold 15 (max threshold 15)
[2022-04-08T09:11:23.526+0000][2220][gc,age      ] GC(34) Age table with threshold 15 (max threshold 15)
[2022-04-08T09:11:23.526+0000][2220][gc,age      ] GC(34) - age   1:    1127312 bytes,    1127312 total
[2022-04-08T09:11:23.526+0000][2220][gc,age      ] GC(34) - age   2:     199872 bytes,    1327184 total
[2022-04-08T09:11:23.526+0000][2220][gc,age      ] GC(34) - age   3:       1872 bytes,    1329056 total
[2022-04-08T09:11:23.526+0000][2220][gc,age      ] GC(34) - age   4:       3104 bytes,    1332160 total
[2022-04-08T09:11:23.526+0000][2220][gc,age      ] GC(34) - age   5:       2208 bytes,    1334368 total
[2022-04-08T09:11:23.526+0000][2220][gc,age      ] GC(34) - age   6:     297752 bytes,    1632120 total
[2022-04-08T09:11:23.526+0000][2220][gc,age      ] GC(34) - age   7:      84504 bytes,    1716624 total
[2022-04-08T09:11:23.526+0000][2220][gc,age      ] GC(34) - age   8:      54888 bytes,    1771512 total
[2022-04-08T09:11:23.526+0000][2220][gc,age      ] GC(34) - age   9:     420056 bytes,    2191568 total
[2022-04-08T09:11:23.526+0000][2220][gc,age      ] GC(34) - age  10:       6368 bytes,    2197936 total
[2022-04-08T09:11:23.526+0000][2220][gc,age      ] GC(34) - age  11:       2760 bytes,    2200696 total
[2022-04-08T09:11:23.526+0000][2220][gc,age      ] GC(34) - age  12:       2648 bytes,    2203344 total
[2022-04-08T09:11:23.526+0000][2220][gc,age      ] GC(34) - age  13:       5216 bytes,    2208560 total
[2022-04-08T09:11:23.526+0000][2220][gc,age      ] GC(34) - age  14:      16136 bytes,    2224696 total
[2022-04-08T09:11:23.526+0000][2220][gc,age      ] GC(34) - age  15:     226704 bytes,    2451400 total
[2022-04-08T09:11:23.526+0000][2220][gc,phases   ] GC(34)   Pre Evacuate Collection Set: 0.1ms
[2022-04-08T09:11:23.526+0000][2220][gc,phases   ] GC(34)   Merge Heap Roots: 0.1ms
[2022-04-08T09:11:23.526+0000][2220][gc,phases   ] GC(34)   Evacuate Collection Set: 5.6ms
[2022-04-08T09:11:23.526+0000][2220][gc,phases   ] GC(34)   Post Evacuate Collection Set: 4.4ms
[2022-04-08T09:11:23.526+0000][2220][gc,phases   ] GC(34)   Other: 0.5ms
[2022-04-08T09:11:23.526+0000][2220][gc,heap     ] GC(34) Eden regions: 1219->0(1219)
[2022-04-08T09:11:23.526+0000][2220][gc,heap     ] GC(34) Survivor regions: 1->1(153)
[2022-04-08T09:11:23.526+0000][2220][gc,heap     ] GC(34) Old regions: 30->30
[2022-04-08T09:11:23.526+0000][2220][gc,heap     ] GC(34) Archive regions: 0->0
[2022-04-08T09:11:23.526+0000][2220][gc,heap     ] GC(34) Humongous regions: 5->5
[2022-04-08T09:11:23.526+0000][2220][gc,metaspace] GC(34) Metaspace: 133771K(136064K)->133771K(136064K) NonClass: 116030K(117312K)->116030K(117312K) Class: 17740K(18752K)->17740K(18752K)
[2022-04-08T09:11:23.526+0000][2220][gc          ] GC(34) Pause Young (Normal) (G1 Evacuation Pause) 5017M->141M(8136M) 10.957ms
[2022-04-08T09:11:23.526+0000][2220][gc,cpu      ] GC(34) User=0.00s Sys=0.00s Real=0.00s
[2022-04-08T09:11:23.526+0000][2220][safepoint   ] Safepoint "G1CollectForAllocation", Time since last: 18245142400 ns, Reaching safepoint: 68900 ns, At safepoint: 11044800 ns, Total: 11113700 ns
[2022-04-08T09:13:16.949+0000][2220][safepoint   ] Safepoint "Cleanup", Time since last: 113409218900 ns, Reaching safepoint: 55100 ns, At safepoint: 17400 ns, Total: 72500 ns
[2022-04-08T09:13:27.069+0000][2220][safepoint   ] Safepoint "Cleanup", Time since last: 10120522500 ns, Reaching safepoint: 53100 ns, At safepoint: 7300 ns, Total: 60400 ns
[2022-04-08T09:13:45.346+0000][2220][safepoint   ] Safepoint "Cleanup", Time since last: 18276327300 ns, Reaching safepoint: 62000 ns, At safepoint: 6000 ns, Total: 68000 ns
[2022-04-08T09:13:48.392+0000][2220][safepoint   ] Safepoint "Cleanup", Time since last: 3046528400 ns, Reaching safepoint: 66300 ns, At safepoint: 18400 ns, Total: 84700 ns
[2022-04-08T09:13:49.407+0000][2220][safepoint   ] Safepoint "Cleanup", Time since last: 1015287300 ns, Reaching safepoint: 57600 ns, At safepoint: 16500 ns, Total: 74100 ns
[2022-04-08T09:13:58.530+0000][2220][safepoint   ] Safepoint "Cleanup", Time since last: 9122347700 ns, Reaching safepoint: 65700 ns, At safepoint: 7400 ns, Total: 73100 ns
[2022-04-08T09:14:15.759+0000][2220][safepoint   ] Safepoint "Cleanup", Time since last: 17229009500 ns, Reaching safepoint: 51300 ns, At safepoint: 8500 ns, Total: 59800 ns
[2022-04-08T09:14:57.230+0000][2220][safepoint   ] Safepoint "Cleanup", Time since last: 41471257200 ns, Reaching safepoint: 59900 ns, At safepoint: 8500 ns, Total: 68400 ns
[2022-04-08T09:16:17.209+0000][2220][safepoint   ] Safepoint "Cleanup", Time since last: 79978718900 ns, Reaching safepoint: 121500 ns, At safepoint: 31600 ns, Total: 153100 ns
[2022-04-08T09:18:58.256+0000][2220][safepoint   ] Safepoint "Cleanup", Time since last: 161046517300 ns, Reaching safepoint: 52200 ns, At safepoint: 11400 ns, Total: 63600 ns
[2022-04-08T09:20:17.334+0000][2220][safepoint   ] Safepoint "Cleanup", Time since last: 79077973300 ns, Reaching safepoint: 55300 ns, At safepoint: 12200 ns, Total: 67500 ns
[2022-04-08T09:21:17.173+0000][2220][safepoint   ] Safepoint "Cleanup", Time since last: 59839213900 ns, Reaching safepoint: 56000 ns, At safepoint: 11600 ns, Total: 67600 ns
[2022-04-08T09:22:16.999+0000][2220][safepoint   ] Safepoint "Cleanup", Time since last: 59825439700 ns, Reaching safepoint: 55900 ns, At safepoint: 14400 ns, Total: 70300 ns
[2022-04-08T09:23:34.987+0000][2220][safepoint   ] Safepoint "Cleanup", Time since last: 77988239800 ns, Reaching safepoint: 49200 ns, At safepoint: 19600 ns, Total: 68800 ns
[2022-04-08T09:24:18.627+0000][2220][safepoint   ] Safepoint "Cleanup", Time since last: 43640009100 ns, Reaching safepoint: 50000 ns, At safepoint: 12300 ns, Total: 62300 ns
[2022-04-08T09:28:42.449+0000][2220][gc,start    ] GC(35) Pause Young (Normal) (G1 Evacuation Pause)
[2022-04-08T09:28:42.449+0000][2220][gc,task     ] GC(35) Using 4 workers of 4 for evacuation
[2022-04-08T09:28:42.449+0000][2220][gc,age      ] GC(35) Desired survivor size 320864256 bytes, new threshold 15 (max threshold 15)
[2022-04-08T09:28:42.456+0000][2220][gc,age      ] GC(35) Age table with threshold 15 (max threshold 15)
[2022-04-08T09:28:42.456+0000][2220][gc,age      ] GC(35) - age   1:    1384744 bytes,    1384744 total
[2022-04-08T09:28:42.456+0000][2220][gc,age      ] GC(35) - age   2:       4744 bytes,    1389488 total
[2022-04-08T09:28:42.456+0000][2220][gc,age      ] GC(35) - age   3:      91880 bytes,    1481368 total
[2022-04-08T09:28:42.456+0000][2220][gc,age      ] GC(35) - age   4:       1536 bytes,    1482904 total
[2022-04-08T09:28:42.456+0000][2220][gc,age      ] GC(35) - age   5:       3056 bytes,    1485960 total
[2022-04-08T09:28:42.456+0000][2220][gc,age      ] GC(35) - age   6:       1920 bytes,    1487880 total
[2022-04-08T09:28:42.456+0000][2220][gc,age      ] GC(35) - age   7:     297752 bytes,    1785632 total
[2022-04-08T09:28:42.456+0000][2220][gc,age      ] GC(35) - age   8:      84400 bytes,    1870032 total
[2022-04-08T09:28:42.456+0000][2220][gc,age      ] GC(35) - age   9:      54440 bytes,    1924472 total
[2022-04-08T09:28:42.456+0000][2220][gc,age      ] GC(35) - age  10:     420056 bytes,    2344528 total
[2022-04-08T09:28:42.456+0000][2220][gc,age      ] GC(35) - age  11:       6368 bytes,    2350896 total
[2022-04-08T09:28:42.456+0000][2220][gc,age      ] GC(35) - age  12:       2760 bytes,    2353656 total
[2022-04-08T09:28:42.456+0000][2220][gc,age      ] GC(35) - age  13:       2648 bytes,    2356304 total
[2022-04-08T09:28:42.456+0000][2220][gc,age      ] GC(35) - age  14:       5216 bytes,    2361520 total
[2022-04-08T09:28:42.456+0000][2220][gc,age      ] GC(35) - age  15:      16136 bytes,    2377656 total
[2022-04-08T09:28:42.456+0000][2220][gc,phases   ] GC(35)   Pre Evacuate Collection Set: 0.2ms
[2022-04-08T09:28:42.456+0000][2220][gc,phases   ] GC(35)   Merge Heap Roots: 0.1ms
[2022-04-08T09:28:42.456+0000][2220][gc,phases   ] GC(35)   Evacuate Collection Set: 3.1ms
[2022-04-08T09:28:42.456+0000][2220][gc,phases   ] GC(35)   Post Evacuate Collection Set: 3.9ms
[2022-04-08T09:28:42.456+0000][2220][gc,phases   ] GC(35)   Other: 0.5ms
[2022-04-08T09:28:42.456+0000][2220][gc,heap     ] GC(35) Eden regions: 1219->0(1219)
[2022-04-08T09:28:42.456+0000][2220][gc,heap     ] GC(35) Survivor regions: 1->1(153)
[2022-04-08T09:28:42.456+0000][2220][gc,heap     ] GC(35) Old regions: 30->30
[2022-04-08T09:28:42.456+0000][2220][gc,heap     ] GC(35) Archive regions: 0->0
[2022-04-08T09:28:42.456+0000][2220][gc,heap     ] GC(35) Humongous regions: 5->5
[2022-04-08T09:28:42.456+0000][2220][gc,metaspace] GC(35) Metaspace: 133786K(136064K)->133786K(136064K) NonClass: 116044K(117312K)->116044K(117312K) Class: 17741K(18752K)->17741K(18752K)
[2022-04-08T09:28:42.456+0000][2220][gc          ] GC(35) Pause Young (Normal) (G1 Evacuation Pause) 5017M->141M(8136M) 8.021ms
[2022-04-08T09:28:42.456+0000][2220][gc,cpu      ] GC(35) User=0.00s Sys=0.00s Real=0.01s
[2022-04-08T09:28:42.456+0000][2220][safepoint   ] Safepoint "G1CollectForAllocation", Time since last: 263821339100 ns, Reaching safepoint: 121100 ns, At safepoint: 8117300 ns, Total: 8238400 ns
[2022-04-08T09:31:16.692+0000][2220][safepoint   ] Safepoint "Cleanup", Time since last: 154235718200 ns, Reaching safepoint: 68300 ns, At safepoint: 5900 ns, Total: 74200 ns
[2022-04-08T09:32:17.119+0000][2220][safepoint   ] Safepoint "Cleanup", Time since last: 60426205200 ns, Reaching safepoint: 64700 ns, At safepoint: 15800 ns, Total: 80500 ns
[2022-04-08T09:32:19.132+0000][2220][safepoint   ] Safepoint "Cleanup", Time since last: 2013673900 ns, Reaching safepoint: 54000 ns, At safepoint: 11100 ns, Total: 65100 ns
[2022-04-08T09:33:16.507+0000][2220][safepoint   ] Safepoint "Cleanup", Time since last: 57374422700 ns, Reaching safepoint: 90100 ns, At safepoint: 11100 ns, Total: 101200 ns
[2022-04-08T09:34:37.096+0000][2220][safepoint   ] Safepoint "Cleanup", Time since last: 80589215200 ns, Reaching safepoint: 56500 ns, At safepoint: 4400 ns, Total: 60900 ns
[2022-04-08T09:34:43.124+0000][2220][safepoint   ] Safepoint "Cleanup", Time since last: 6028065900 ns, Reaching safepoint: 44000 ns, At safepoint: 7700 ns, Total: 51700 ns
[2022-04-08T09:35:16.387+0000][2220][safepoint   ] Safepoint "Cleanup", Time since last: 33262678800 ns, Reaching safepoint: 50800 ns, At safepoint: 7900 ns, Total: 58700 ns
[2022-04-08T09:37:17.271+0000][2220][safepoint   ] Safepoint "Cleanup", Time since last: 120884286900 ns, Reaching safepoint: 57600 ns, At safepoint: 13600 ns, Total: 71200 ns
[2022-04-08T09:38:59.013+0000][2220][safepoint   ] Safepoint "Cleanup", Time since last: 101741511800 ns, Reaching safepoint: 51900 ns, At safepoint: 12000 ns, Total: 63900 ns
[2022-04-08T09:40:16.576+0000][2220][safepoint   ] Safepoint "Cleanup", Time since last: 77562798000 ns, Reaching safepoint: 58200 ns, At safepoint: 8400 ns, Total: 66600 ns
[2022-04-08T09:40:25.663+0000][2220][safepoint   ] Safepoint "Cleanup", Time since last: 9086794300 ns, Reaching safepoint: 46400 ns, At safepoint: 8000 ns, Total: 54400 ns
[2022-04-08T09:40:31.716+0000][2220][safepoint   ] Safepoint "Cleanup", Time since last: 6053123100 ns, Reaching safepoint: 54000 ns, At safepoint: 12800 ns, Total: 66800 ns
[2022-04-08T09:40:34.734+0000][2220][safepoint   ] Safepoint "Cleanup", Time since last: 3017981100 ns, Reaching safepoint: 84500 ns, At safepoint: 8700 ns, Total: 93200 ns
[2022-04-08T09:45:56.251+0000][2220][gc,start    ] GC(36) Pause Young (Normal) (G1 Evacuation Pause)
[2022-04-08T09:45:56.251+0000][2220][gc,task     ] GC(36) Using 4 workers of 4 for evacuation
[2022-04-08T09:45:56.251+0000][2220][gc,age      ] GC(36) Desired survivor size 320864256 bytes, new threshold 15 (max threshold 15)
[2022-04-08T09:45:56.258+0000][2220][gc,age      ] GC(36) Age table with threshold 15 (max threshold 15)
[2022-04-08T09:45:56.258+0000][2220][gc,age      ] GC(36) - age   1:    1055312 bytes,    1055312 total
[2022-04-08T09:45:56.258+0000][2220][gc,age      ] GC(36) - age   2:      60424 bytes,    1115736 total
[2022-04-08T09:45:56.258+0000][2220][gc,age      ] GC(36) - age   3:       3496 bytes,    1119232 total
[2022-04-08T09:45:56.258+0000][2220][gc,age      ] GC(36) - age   4:       3096 bytes,    1122328 total
[2022-04-08T09:45:56.258+0000][2220][gc,age      ] GC(36) - age   5:       1392 bytes,    1123720 total
[2022-04-08T09:45:56.258+0000][2220][gc,age      ] GC(36) - age   6:       3056 bytes,    1126776 total
[2022-04-08T09:45:56.258+0000][2220][gc,age      ] GC(36) - age   7:       1752 bytes,    1128528 total
[2022-04-08T09:45:56.258+0000][2220][gc,age      ] GC(36) - age   8:     297720 bytes,    1426248 total
[2022-04-08T09:45:56.258+0000][2220][gc,age      ] GC(36) - age   9:      84400 bytes,    1510648 total
[2022-04-08T09:45:56.258+0000][2220][gc,age      ] GC(36) - age  10:      46424 bytes,    1557072 total
[2022-04-08T09:45:56.258+0000][2220][gc,age      ] GC(36) - age  11:     420056 bytes,    1977128 total
[2022-04-08T09:45:56.258+0000][2220][gc,age      ] GC(36) - age  12:       6368 bytes,    1983496 total
[2022-04-08T09:45:56.258+0000][2220][gc,age      ] GC(36) - age  13:       2760 bytes,    1986256 total
[2022-04-08T09:45:56.258+0000][2220][gc,age      ] GC(36) - age  14:       2648 bytes,    1988904 total
[2022-04-08T09:45:56.258+0000][2220][gc,age      ] GC(36) - age  15:       5216 bytes,    1994120 total
[2022-04-08T09:45:56.258+0000][2220][gc,phases   ] GC(36)   Pre Evacuate Collection Set: 0.2ms
[2022-04-08T09:45:56.258+0000][2220][gc,phases   ] GC(36)   Merge Heap Roots: 0.1ms
[2022-04-08T09:45:56.258+0000][2220][gc,phases   ] GC(36)   Evacuate Collection Set: 2.7ms
[2022-04-08T09:45:56.259+0000][2220][gc,phases   ] GC(36)   Post Evacuate Collection Set: 3.6ms
[2022-04-08T09:45:56.259+0000][2220][gc,phases   ] GC(36)   Other: 0.6ms
[2022-04-08T09:45:56.259+0000][2220][gc,heap     ] GC(36) Eden regions: 1219->0(1219)
[2022-04-08T09:45:56.259+0000][2220][gc,heap     ] GC(36) Survivor regions: 1->1(153)
[2022-04-08T09:45:56.259+0000][2220][gc,heap     ] GC(36) Old regions: 30->30
[2022-04-08T09:45:56.259+0000][2220][gc,heap     ] GC(36) Archive regions: 0->0
[2022-04-08T09:45:56.259+0000][2220][gc,heap     ] GC(36) Humongous regions: 5->5
[2022-04-08T09:45:56.259+0000][2220][gc,metaspace] GC(36) Metaspace: 133799K(136064K)->133799K(136064K) NonClass: 116057K(117312K)->116057K(117312K) Class: 17741K(18752K)->17741K(18752K)
[2022-04-08T09:45:56.259+0000][2220][gc          ] GC(36) Pause Young (Normal) (G1 Evacuation Pause) 5017M->141M(8136M) 7.448ms
[2022-04-08T09:45:56.259+0000][2220][gc,cpu      ] GC(36) User=0.00s Sys=0.00s Real=0.01s
[2022-04-08T09:45:56.259+0000][2220][safepoint   ] Safepoint "G1CollectForAllocation", Time since last: 321517198500 ns, Reaching safepoint: 108200 ns, At safepoint: 7556400 ns, Total: 7664600 ns
[2022-04-08T09:46:56.710+0000][2220][safepoint   ] Safepoint "Cleanup", Time since last: 60450973900 ns, Reaching safepoint: 52900 ns, At safepoint: 9700 ns, Total: 62600 ns
[2022-04-08T09:48:18.403+0000][2220][safepoint   ] Safepoint "Cleanup", Time since last: 81692806800 ns, Reaching safepoint: 43600 ns, At safepoint: 9000 ns, Total: 52600 ns
[2022-04-08T09:48:19.411+0000][2220][safepoint   ] Safepoint "Cleanup", Time since last: 1008453800 ns, Reaching safepoint: 128100 ns, At safepoint: 6100 ns, Total: 134200 ns
[2022-04-08T09:48:22.443+0000][2220][safepoint   ] Safepoint "Cleanup", Time since last: 3031498100 ns, Reaching safepoint: 54400 ns, At safepoint: 8300 ns, Total: 62700 ns
[2022-04-08T09:49:21.054+0000][2220][safepoint   ] Safepoint "Cleanup", Time since last: 58611385700 ns, Reaching safepoint: 63800 ns, At safepoint: 13000 ns, Total: 76800 ns
[2022-04-08T09:49:45.805+0000][2220][safepoint   ] Safepoint "Cleanup", Time since last: 24750602300 ns, Reaching safepoint: 144700 ns, At safepoint: 17800 ns, Total: 162500 ns
[2022-04-08T09:57:58.574+0000][2220][safepoint   ] Safepoint "Cleanup", Time since last: 492769325600 ns, Reaching safepoint: 117100 ns, At safepoint: 5800 ns, Total: 122900 ns
[2022-04-08T09:58:04.624+0000][2220][safepoint   ] Safepoint "Cleanup", Time since last: 6048986800 ns, Reaching safepoint: 50100 ns, At safepoint: 9700 ns, Total: 59800 ns
[2022-04-08T09:58:16.709+0000][2220][safepoint   ] Safepoint "Cleanup", Time since last: 12085729500 ns, Reaching safepoint: 56400 ns, At safepoint: 10600 ns, Total: 67000 ns
[2022-04-08T09:59:17.238+0000][2220][safepoint   ] Safepoint "Cleanup", Time since last: 60528258400 ns, Reaching safepoint: 53100 ns, At safepoint: 17400 ns, Total: 70500 ns
[2022-04-08T09:59:22.272+0000][2220][safepoint   ] Safepoint "Cleanup", Time since last: 5034709300 ns, Reaching safepoint: 53700 ns, At safepoint: 7300 ns, Total: 61000 ns
[2022-04-08T09:59:31.338+0000][2220][safepoint   ] Safepoint "Cleanup", Time since last: 9065474800 ns, Reaching safepoint: 66100 ns, At safepoint: 15000 ns, Total: 81100 ns
[2022-04-08T10:00:17.664+0000][2220][safepoint   ] Safepoint "Cleanup", Time since last: 46326377300 ns, Reaching safepoint: 52300 ns, At safepoint: 9400 ns, Total: 61700 ns
[2022-04-08T10:03:20.145+0000][2220][gc,start    ] GC(37) Pause Young (Normal) (G1 Evacuation Pause)
[2022-04-08T10:03:20.145+0000][2220][gc,task     ] GC(37) Using 4 workers of 4 for evacuation
[2022-04-08T10:03:20.145+0000][2220][gc,age      ] GC(37) Desired survivor size 320864256 bytes, new threshold 15 (max threshold 15)
[2022-04-08T10:03:20.156+0000][2220][gc,age      ] GC(37) Age table with threshold 15 (max threshold 15)
[2022-04-08T10:03:20.156+0000][2220][gc,age      ] GC(37) - age   1:    1946576 bytes,    1946576 total
[2022-04-08T10:03:20.156+0000][2220][gc,age      ] GC(37) - age   2:     249184 bytes,    2195760 total
[2022-04-08T10:03:20.156+0000][2220][gc,age      ] GC(37) - age   3:      58672 bytes,    2254432 total
[2022-04-08T10:03:20.156+0000][2220][gc,age      ] GC(37) - age   4:       3136 bytes,    2257568 total
[2022-04-08T10:03:20.156+0000][2220][gc,age      ] GC(37) - age   5:       2952 bytes,    2260520 total
[2022-04-08T10:03:20.156+0000][2220][gc,age      ] GC(37) - age   6:       1392 bytes,    2261912 total
[2022-04-08T10:03:20.156+0000][2220][gc,age      ] GC(37) - age   7:       3056 bytes,    2264968 total
[2022-04-08T10:03:20.156+0000][2220][gc,age      ] GC(37) - age   8:       1608 bytes,    2266576 total
[2022-04-08T10:03:20.156+0000][2220][gc,age      ] GC(37) - age   9:     287432 bytes,    2554008 total
[2022-04-08T10:03:20.156+0000][2220][gc,age      ] GC(37) - age  10:      68248 bytes,    2622256 total
[2022-04-08T10:03:20.156+0000][2220][gc,age      ] GC(37) - age  11:      46424 bytes,    2668680 total
[2022-04-08T10:03:20.156+0000][2220][gc,age      ] GC(37) - age  12:     420056 bytes,    3088736 total
[2022-04-08T10:03:20.156+0000][2220][gc,age      ] GC(37) - age  13:       6368 bytes,    3095104 total
[2022-04-08T10:03:20.156+0000][2220][gc,age      ] GC(37) - age  14:       2760 bytes,    3097864 total
[2022-04-08T10:03:20.156+0000][2220][gc,age      ] GC(37) - age  15:       2648 bytes,    3100512 total
[2022-04-08T10:03:20.156+0000][2220][gc,phases   ] GC(37)   Pre Evacuate Collection Set: 0.1ms
[2022-04-08T10:03:20.156+0000][2220][gc,phases   ] GC(37)   Merge Heap Roots: 0.1ms
[2022-04-08T10:03:20.156+0000][2220][gc,phases   ] GC(37)   Evacuate Collection Set: 5.1ms
[2022-04-08T10:03:20.156+0000][2220][gc,phases   ] GC(37)   Post Evacuate Collection Set: 5.5ms
[2022-04-08T10:03:20.156+0000][2220][gc,phases   ] GC(37)   Other: 0.5ms
[2022-04-08T10:03:20.156+0000][2220][gc,heap     ] GC(37) Eden regions: 1219->0(1219)
[2022-04-08T10:03:20.156+0000][2220][gc,heap     ] GC(37) Survivor regions: 1->1(153)
[2022-04-08T10:03:20.156+0000][2220][gc,heap     ] GC(37) Old regions: 30->30
[2022-04-08T10:03:20.156+0000][2220][gc,heap     ] GC(37) Archive regions: 0->0
[2022-04-08T10:03:20.156+0000][2220][gc,heap     ] GC(37) Humongous regions: 5->5
[2022-04-08T10:03:20.156+0000][2220][gc,metaspace] GC(37) Metaspace: 133802K(136064K)->133802K(136064K) NonClass: 116060K(117312K)->116060K(117312K) Class: 17741K(18752K)->17741K(18752K)
[2022-04-08T10:03:20.157+0000][2220][gc          ] GC(37) Pause Young (Normal) (G1 Evacuation Pause) 5017M->142M(8136M) 11.492ms
[2022-04-08T10:03:20.157+0000][2220][gc,cpu      ] GC(37) User=0.02s Sys=0.02s Real=0.01s
[2022-04-08T10:03:20.157+0000][2220][safepoint   ] Safepoint "G1CollectForAllocation", Time since last: 182480696900 ns, Reaching safepoint: 104100 ns, At safepoint: 11634900 ns, Total: 11739000 ns
[2022-04-08T10:04:29.655+0000][2220][safepoint   ] Safepoint "Cleanup", Time since last: 69497668200 ns, Reaching safepoint: 41700 ns, At safepoint: 7200 ns, Total: 48900 ns
[2022-04-08T10:06:11.411+0000][2220][safepoint   ] Safepoint "Cleanup", Time since last: 101756169200 ns, Reaching safepoint: 53400 ns, At safepoint: 10200 ns, Total: 63600 ns
[2022-04-08T10:06:23.887+0000][2220][safepoint   ] Safepoint "Cleanup", Time since last: 12476273100 ns, Reaching safepoint: 45800 ns, At safepoint: 10200 ns, Total: 56000 ns
[2022-04-08T10:06:28.930+0000][2220][safepoint   ] Safepoint "Cleanup", Time since last: 5042507700 ns, Reaching safepoint: 64200 ns, At safepoint: 10400 ns, Total: 74600 ns
[2022-04-08T10:08:36.850+0000][2220][safepoint   ] Safepoint "Cleanup", Time since last: 127919765800 ns, Reaching safepoint: 47100 ns, At safepoint: 7800 ns, Total: 54900 ns
[2022-04-08T10:09:04.032+0000][2220][safepoint   ] Safepoint "Cleanup", Time since last: 27182127000 ns, Reaching safepoint: 64900 ns, At safepoint: 12500 ns, Total: 77400 ns
[2022-04-08T10:14:30.532+0000][2220][safepoint   ] Safepoint "Cleanup", Time since last: 326500053700 ns, Reaching safepoint: 45900 ns, At safepoint: 10800 ns, Total: 56700 ns
[2022-04-08T10:14:42.628+0000][2220][safepoint   ] Safepoint "Cleanup", Time since last: 12095677600 ns, Reaching safepoint: 117300 ns, At safepoint: 5200 ns, Total: 122500 ns
[2022-04-08T10:14:45.645+0000][2220][safepoint   ] Safepoint "Cleanup", Time since last: 3017568900 ns, Reaching safepoint: 52600 ns, At safepoint: 10200 ns, Total: 62800 ns
[2022-04-08T10:18:17.232+0000][2220][safepoint   ] Safepoint "Cleanup", Time since last: 211586464800 ns, Reaching safepoint: 49900 ns, At safepoint: 6600 ns, Total: 56500 ns
[2022-04-08T10:20:07.088+0000][2220][gc,start    ] GC(38) Pause Young (Normal) (G1 Evacuation Pause)
[2022-04-08T10:20:07.088+0000][2220][gc,task     ] GC(38) Using 4 workers of 4 for evacuation
[2022-04-08T10:20:07.088+0000][2220][gc,age      ] GC(38) Desired survivor size 320864256 bytes, new threshold 15 (max threshold 15)
[2022-04-08T10:20:07.093+0000][2220][gc,age      ] GC(38) Age table with threshold 15 (max threshold 15)
[2022-04-08T10:20:07.093+0000][2220][gc,age      ] GC(38) - age   1:     965088 bytes,     965088 total
[2022-04-08T10:20:07.093+0000][2220][gc,age      ] GC(38) - age   2:      17584 bytes,     982672 total
[2022-04-08T10:20:07.093+0000][2220][gc,age      ] GC(38) - age   3:     247848 bytes,    1230520 total
[2022-04-08T10:20:07.093+0000][2220][gc,age      ] GC(38) - age   4:      50288 bytes,    1280808 total
[2022-04-08T10:20:07.093+0000][2220][gc,age      ] GC(38) - age   5:       2936 bytes,    1283744 total
[2022-04-08T10:20:07.093+0000][2220][gc,age      ] GC(38) - age   6:       2840 bytes,    1286584 total
[2022-04-08T10:20:07.093+0000][2220][gc,age      ] GC(38) - age   7:       1392 bytes,    1287976 total
[2022-04-08T10:20:07.093+0000][2220][gc,age      ] GC(38) - age   8:       3056 bytes,    1291032 total
[2022-04-08T10:20:07.093+0000][2220][gc,age      ] GC(38) - age   9:       1608 bytes,    1292640 total
[2022-04-08T10:20:07.093+0000][2220][gc,age      ] GC(38) - age  10:     287208 bytes,    1579848 total
[2022-04-08T10:20:07.093+0000][2220][gc,age      ] GC(38) - age  11:      68248 bytes,    1648096 total
[2022-04-08T10:20:07.093+0000][2220][gc,age      ] GC(38) - age  12:      46368 bytes,    1694464 total
[2022-04-08T10:20:07.093+0000][2220][gc,age      ] GC(38) - age  13:     420056 bytes,    2114520 total
[2022-04-08T10:20:07.093+0000][2220][gc,age      ] GC(38) - age  14:       6368 bytes,    2120888 total
[2022-04-08T10:20:07.093+0000][2220][gc,age      ] GC(38) - age  15:       2760 bytes,    2123648 total
[2022-04-08T10:20:07.093+0000][2220][gc,phases   ] GC(38)   Pre Evacuate Collection Set: 0.1ms
[2022-04-08T10:20:07.093+0000][2220][gc,phases   ] GC(38)   Merge Heap Roots: 0.1ms
[2022-04-08T10:20:07.093+0000][2220][gc,phases   ] GC(38)   Evacuate Collection Set: 2.8ms
[2022-04-08T10:20:07.093+0000][2220][gc,phases   ] GC(38)   Post Evacuate Collection Set: 1.5ms
[2022-04-08T10:20:07.093+0000][2220][gc,phases   ] GC(38)   Other: 0.5ms
[2022-04-08T10:20:07.093+0000][2220][gc,heap     ] GC(38) Eden regions: 1219->0(1219)
[2022-04-08T10:20:07.093+0000][2220][gc,heap     ] GC(38) Survivor regions: 1->1(153)
[2022-04-08T10:20:07.093+0000][2220][gc,heap     ] GC(38) Old regions: 30->30
[2022-04-08T10:20:07.093+0000][2220][gc,heap     ] GC(38) Archive regions: 0->0
[2022-04-08T10:20:07.093+0000][2220][gc,heap     ] GC(38) Humongous regions: 5->5
[2022-04-08T10:20:07.093+0000][2220][gc,metaspace] GC(38) Metaspace: 133808K(136064K)->133808K(136064K) NonClass: 116066K(117312K)->116066K(117312K) Class: 17741K(18752K)->17741K(18752K)
[2022-04-08T10:20:07.093+0000][2220][gc          ] GC(38) Pause Young (Normal) (G1 Evacuation Pause) 5018M->141M(8136M) 5.224ms
[2022-04-08T10:20:07.093+0000][2220][gc,cpu      ] GC(38) User=0.00s Sys=0.00s Real=0.00s
[2022-04-08T10:20:07.093+0000][2220][safepoint   ] Safepoint "G1CollectForAllocation", Time since last: 109856564700 ns, Reaching safepoint: 111500 ns, At safepoint: 5312000 ns, Total: 5423500 ns
[2022-04-08T10:22:44.402+0000][2220][safepoint   ] Safepoint "Cleanup", Time since last: 157308317200 ns, Reaching safepoint: 54300 ns, At safepoint: 7700 ns, Total: 62000 ns
[2022-04-08T10:28:14.276+0000][2220][safepoint   ] Safepoint "Cleanup", Time since last: 329873601300 ns, Reaching safepoint: 48800 ns, At safepoint: 55400 ns, Total: 104200 ns
[2022-04-08T10:28:15.286+0000][2220][safepoint   ] Safepoint "Cleanup", Time since last: 1009708100 ns, Reaching safepoint: 93200 ns, At safepoint: 6100 ns, Total: 99300 ns
[2022-04-08T10:28:17.308+0000][2220][safepoint   ] Safepoint "Cleanup", Time since last: 2021643200 ns, Reaching safepoint: 105600 ns, At safepoint: 5200 ns, Total: 110800 ns
[2022-04-08T10:29:02.804+0000][2220][safepoint   ] Safepoint "Cleanup", Time since last: 45496695400 ns, Reaching safepoint: 54800 ns, At safepoint: 9100 ns, Total: 63900 ns
[2022-04-08T10:29:16.944+0000][2220][safepoint   ] Safepoint "Cleanup", Time since last: 14139561600 ns, Reaching safepoint: 47400 ns, At safepoint: 21300 ns, Total: 68700 ns
[2022-04-08T10:35:34.062+0000][2220][safepoint   ] Safepoint "Cleanup", Time since last: 377118030200 ns, Reaching safepoint: 66600 ns, At safepoint: 8400 ns, Total: 75000 ns
[2022-04-08T10:36:17.575+0000][2220][safepoint   ] Safepoint "Cleanup", Time since last: 43512708700 ns, Reaching safepoint: 112200 ns, At safepoint: 5800 ns, Total: 118000 ns
[2022-04-08T10:37:12.235+0000][2220][gc,start    ] GC(39) Pause Young (Normal) (G1 Evacuation Pause)
[2022-04-08T10:37:12.235+0000][2220][gc,task     ] GC(39) Using 4 workers of 4 for evacuation
[2022-04-08T10:37:12.236+0000][2220][gc,age      ] GC(39) Desired survivor size 320864256 bytes, new threshold 15 (max threshold 15)
[2022-04-08T10:37:12.244+0000][2220][gc,age      ] GC(39) Age table with threshold 15 (max threshold 15)
[2022-04-08T10:37:12.244+0000][2220][gc,age      ] GC(39) - age   1:    1344536 bytes,    1344536 total
[2022-04-08T10:37:12.245+0000][2220][gc,age      ] GC(39) - age   2:      12648 bytes,    1357184 total
[2022-04-08T10:37:12.245+0000][2220][gc,age      ] GC(39) - age   3:       2768 bytes,    1359952 total
[2022-04-08T10:37:12.245+0000][2220][gc,age      ] GC(39) - age   4:     159680 bytes,    1519632 total
[2022-04-08T10:37:12.245+0000][2220][gc,age      ] GC(39) - age   5:      10760 bytes,    1530392 total
[2022-04-08T10:37:12.245+0000][2220][gc,age      ] GC(39) - age   6:       2856 bytes,    1533248 total
[2022-04-08T10:37:12.245+0000][2220][gc,age      ] GC(39) - age   7:       2512 bytes,    1535760 total
[2022-04-08T10:37:12.245+0000][2220][gc,age      ] GC(39) - age   8:       1248 bytes,    1537008 total
[2022-04-08T10:37:12.245+0000][2220][gc,age      ] GC(39) - age   9:       3056 bytes,    1540064 total
[2022-04-08T10:37:12.245+0000][2220][gc,age      ] GC(39) - age  10:       1608 bytes,    1541672 total
[2022-04-08T10:37:12.245+0000][2220][gc,age      ] GC(39) - age  11:     287184 bytes,    1828856 total
[2022-04-08T10:37:12.245+0000][2220][gc,age      ] GC(39) - age  12:      68248 bytes,    1897104 total
[2022-04-08T10:37:12.245+0000][2220][gc,age      ] GC(39) - age  13:      46304 bytes,    1943408 total
[2022-04-08T10:37:12.245+0000][2220][gc,age      ] GC(39) - age  14:     420056 bytes,    2363464 total
[2022-04-08T10:37:12.245+0000][2220][gc,age      ] GC(39) - age  15:       6368 bytes,    2369832 total
[2022-04-08T10:37:12.245+0000][2220][gc,phases   ] GC(39)   Pre Evacuate Collection Set: 0.1ms
[2022-04-08T10:37:12.245+0000][2220][gc,phases   ] GC(39)   Merge Heap Roots: 0.1ms
[2022-04-08T10:37:12.245+0000][2220][gc,phases   ] GC(39)   Evacuate Collection Set: 2.8ms
[2022-04-08T10:37:12.245+0000][2220][gc,phases   ] GC(39)   Post Evacuate Collection Set: 5.9ms
[2022-04-08T10:37:12.245+0000][2220][gc,phases   ] GC(39)   Other: 0.5ms
[2022-04-08T10:37:12.245+0000][2220][gc,heap     ] GC(39) Eden regions: 1219->0(1219)
[2022-04-08T10:37:12.245+0000][2220][gc,heap     ] GC(39) Survivor regions: 1->1(153)
[2022-04-08T10:37:12.245+0000][2220][gc,heap     ] GC(39) Old regions: 30->30
[2022-04-08T10:37:12.245+0000][2220][gc,heap     ] GC(39) Archive regions: 0->0
[2022-04-08T10:37:12.245+0000][2220][gc,heap     ] GC(39) Humongous regions: 5->5
[2022-04-08T10:37:12.245+0000][2220][gc,metaspace] GC(39) Metaspace: 133982K(136256K)->133982K(136256K) NonClass: 116222K(117504K)->116222K(117504K) Class: 17760K(18752K)->17760K(18752K)
[2022-04-08T10:37:12.245+0000][2220][gc          ] GC(39) Pause Young (Normal) (G1 Evacuation Pause) 5017M->141M(8136M) 9.668ms
[2022-04-08T10:37:12.245+0000][2220][gc,cpu      ] GC(39) User=0.00s Sys=0.02s Real=0.01s
[2022-04-08T10:37:12.245+0000][2220][safepoint   ] Safepoint "G1CollectForAllocation", Time since last: 54661088500 ns, Reaching safepoint: 108600 ns, At safepoint: 9790400 ns, Total: 9899000 ns
[2022-04-08T10:38:58.347+0000][2220][safepoint   ] Safepoint "Cleanup", Time since last: 106101188200 ns, Reaching safepoint: 53100 ns, At safepoint: 12200 ns, Total: 65300 ns
[2022-04-08T10:40:10.106+0000][2220][safepoint   ] Safepoint "Cleanup", Time since last: 71759358400 ns, Reaching safepoint: 43300 ns, At safepoint: 9500 ns, Total: 52800 ns
[2022-04-08T10:44:17.831+0000][2220][safepoint   ] Safepoint "Cleanup", Time since last: 247724913100 ns, Reaching safepoint: 47300 ns, At safepoint: 5500 ns, Total: 52800 ns
[2022-04-08T10:46:17.093+0000][2220][safepoint   ] Safepoint "Cleanup", Time since last: 119261072800 ns, Reaching safepoint: 46500 ns, At safepoint: 8000 ns, Total: 54500 ns
[2022-04-08T10:46:26.188+0000][2220][safepoint   ] Safepoint "Cleanup", Time since last: 9094990100 ns, Reaching safepoint: 88500 ns, At safepoint: 11600 ns, Total: 100100 ns
[2022-04-08T10:46:47.430+0000][2220][safepoint   ] Safepoint "Cleanup", Time since last: 21241788600 ns, Reaching safepoint: 43200 ns, At safepoint: 9600 ns, Total: 52800 ns
[2022-04-08T10:46:50.468+0000][2220][safepoint   ] Safepoint "Cleanup", Time since last: 3038857200 ns, Reaching safepoint: 51900 ns, At safepoint: 9700 ns, Total: 61600 ns
[2022-04-08T10:47:17.782+0000][2220][safepoint   ] Safepoint "Cleanup", Time since last: 27313663600 ns, Reaching safepoint: 46200 ns, At safepoint: 10700 ns, Total: 56900 ns
[2022-04-08T10:53:17.718+0000][2220][safepoint   ] Safepoint "Cleanup", Time since last: 359935911100 ns, Reaching safepoint: 76200 ns, At safepoint: 18400 ns, Total: 94600 ns
[2022-04-08T10:54:17.858+0000][2220][gc,start    ] GC(40) Pause Young (Normal) (G1 Evacuation Pause)
[2022-04-08T10:54:17.858+0000][2220][gc,task     ] GC(40) Using 4 workers of 4 for evacuation
[2022-04-08T10:54:17.858+0000][2220][gc,age      ] GC(40) Desired survivor size 320864256 bytes, new threshold 15 (max threshold 15)
[2022-04-08T10:54:17.867+0000][2220][gc,age      ] GC(40) Age table with threshold 15 (max threshold 15)
[2022-04-08T10:54:17.867+0000][2220][gc,age      ] GC(40) - age   1:    1150992 bytes,    1150992 total
[2022-04-08T10:54:17.867+0000][2220][gc,age      ] GC(40) - age   2:     140816 bytes,    1291808 total
[2022-04-08T10:54:17.867+0000][2220][gc,age      ] GC(40) - age   3:      10352 bytes,    1302160 total
[2022-04-08T10:54:17.867+0000][2220][gc,age      ] GC(40) - age   4:       2448 bytes,    1304608 total
[2022-04-08T10:54:17.867+0000][2220][gc,age      ] GC(40) - age   5:      84312 bytes,    1388920 total
[2022-04-08T10:54:17.867+0000][2220][gc,age      ] GC(40) - age   6:      10576 bytes,    1399496 total
[2022-04-08T10:54:17.867+0000][2220][gc,age      ] GC(40) - age   7:       2208 bytes,    1401704 total
[2022-04-08T10:54:17.867+0000][2220][gc,age      ] GC(40) - age   8:       2512 bytes,    1404216 total
[2022-04-08T10:54:17.867+0000][2220][gc,age      ] GC(40) - age   9:       1248 bytes,    1405464 total
[2022-04-08T10:54:17.867+0000][2220][gc,age      ] GC(40) - age  10:       2912 bytes,    1408376 total
[2022-04-08T10:54:17.867+0000][2220][gc,age      ] GC(40) - age  11:       1608 bytes,    1409984 total
[2022-04-08T10:54:17.867+0000][2220][gc,age      ] GC(40) - age  12:     286760 bytes,    1696744 total
[2022-04-08T10:54:17.867+0000][2220][gc,age      ] GC(40) - age  13:      68168 bytes,    1764912 total
[2022-04-08T10:54:17.867+0000][2220][gc,age      ] GC(40) - age  14:      46304 bytes,    1811216 total
[2022-04-08T10:54:17.867+0000][2220][gc,age      ] GC(40) - age  15:     420056 bytes,    2231272 total
[2022-04-08T10:54:17.867+0000][2220][gc,phases   ] GC(40)   Pre Evacuate Collection Set: 0.1ms
[2022-04-08T10:54:17.867+0000][2220][gc,phases   ] GC(40)   Merge Heap Roots: 0.1ms
[2022-04-08T10:54:17.867+0000][2220][gc,phases   ] GC(40)   Evacuate Collection Set: 2.5ms
[2022-04-08T10:54:17.867+0000][2220][gc,phases   ] GC(40)   Post Evacuate Collection Set: 5.6ms
[2022-04-08T10:54:17.867+0000][2220][gc,phases   ] GC(40)   Other: 0.5ms
[2022-04-08T10:54:17.867+0000][2220][gc,heap     ] GC(40) Eden regions: 1219->0(1219)
[2022-04-08T10:54:17.867+0000][2220][gc,heap     ] GC(40) Survivor regions: 1->1(153)
[2022-04-08T10:54:17.867+0000][2220][gc,heap     ] GC(40) Old regions: 30->30
[2022-04-08T10:54:17.867+0000][2220][gc,heap     ] GC(40) Archive regions: 0->0
[2022-04-08T10:54:17.867+0000][2220][gc,heap     ] GC(40) Humongous regions: 5->5
[2022-04-08T10:54:17.867+0000][2220][gc,metaspace] GC(40) Metaspace: 133984K(136256K)->133984K(136256K) NonClass: 116224K(117504K)->116224K(117504K) Class: 17760K(18752K)->17760K(18752K)
[2022-04-08T10:54:17.867+0000][2220][gc          ] GC(40) Pause Young (Normal) (G1 Evacuation Pause) 5017M->141M(8136M) 8.947ms
[2022-04-08T10:54:17.867+0000][2220][gc,cpu      ] GC(40) User=0.00s Sys=0.00s Real=0.01s
[2022-04-08T10:54:17.867+0000][2220][safepoint   ] Safepoint "G1CollectForAllocation", Time since last: 60140134200 ns, Reaching safepoint: 112900 ns, At safepoint: 9029800 ns, Total: 9142700 ns
[2022-04-08T10:57:17.851+0000][2220][safepoint   ] Safepoint "Cleanup", Time since last: 179983950500 ns, Reaching safepoint: 58500 ns, At safepoint: 5100 ns, Total: 63600 ns
[2022-04-08T10:57:25.937+0000][2220][safepoint   ] Safepoint "Cleanup", Time since last: 8085258100 ns, Reaching safepoint: 197600 ns, At safepoint: 62000 ns, Total: 259600 ns
[2022-04-08T10:57:48.172+0000][2220][safepoint   ] Safepoint "Cleanup", Time since last: 22234557100 ns, Reaching safepoint: 41200 ns, At safepoint: 19500 ns, Total: 60700 ns
[2022-04-08T11:07:37.521+0000][2220][safepoint   ] Safepoint "Cleanup", Time since last: 589349211600 ns, Reaching safepoint: 299400 ns, At safepoint: 16600 ns, Total: 316000 ns
[2022-04-08T11:11:26.482+0000][2220][gc,start    ] GC(41) Pause Young (Normal) (G1 Evacuation Pause)
[2022-04-08T11:11:26.482+0000][2220][gc,task     ] GC(41) Using 4 workers of 4 for evacuation
[2022-04-08T11:11:26.482+0000][2220][gc,age      ] GC(41) Desired survivor size 320864256 bytes, new threshold 15 (max threshold 15)
[2022-04-08T11:11:26.486+0000][2220][gc,age      ] GC(41) Age table with threshold 15 (max threshold 15)
[2022-04-08T11:11:26.486+0000][2220][gc,age      ] GC(41) - age   1:     629520 bytes,     629520 total
[2022-04-08T11:11:26.486+0000][2220][gc,age      ] GC(41) - age   2:     199216 bytes,     828736 total
[2022-04-08T11:11:26.486+0000][2220][gc,age      ] GC(41) - age   3:     139256 bytes,     967992 total
[2022-04-08T11:11:26.486+0000][2220][gc,age      ] GC(41) - age   4:       9920 bytes,     977912 total
[2022-04-08T11:11:26.486+0000][2220][gc,age      ] GC(41) - age   5:       2448 bytes,     980360 total
[2022-04-08T11:11:26.486+0000][2220][gc,age      ] GC(41) - age   6:      84024 bytes,    1064384 total
[2022-04-08T11:11:26.486+0000][2220][gc,age      ] GC(41) - age   7:      10576 bytes,    1074960 total
[2022-04-08T11:11:26.486+0000][2220][gc,age      ] GC(41) - age   8:       2208 bytes,    1077168 total
[2022-04-08T11:11:26.486+0000][2220][gc,age      ] GC(41) - age   9:       2512 bytes,    1079680 total
[2022-04-08T11:11:26.486+0000][2220][gc,age      ] GC(41) - age  10:       1248 bytes,    1080928 total
[2022-04-08T11:11:26.486+0000][2220][gc,age      ] GC(41) - age  11:       2912 bytes,    1083840 total
[2022-04-08T11:11:26.486+0000][2220][gc,age      ] GC(41) - age  12:       1608 bytes,    1085448 total
[2022-04-08T11:11:26.486+0000][2220][gc,age      ] GC(41) - age  13:     286760 bytes,    1372208 total
[2022-04-08T11:11:26.486+0000][2220][gc,age      ] GC(41) - age  14:      68168 bytes,    1440376 total
[2022-04-08T11:11:26.486+0000][2220][gc,age      ] GC(41) - age  15:      46304 bytes,    1486680 total
[2022-04-08T11:11:26.486+0000][2220][gc,phases   ] GC(41)   Pre Evacuate Collection Set: 0.1ms
[2022-04-08T11:11:26.486+0000][2220][gc,phases   ] GC(41)   Merge Heap Roots: 0.1ms
[2022-04-08T11:11:26.486+0000][2220][gc,phases   ] GC(41)   Evacuate Collection Set: 2.5ms
[2022-04-08T11:11:26.486+0000][2220][gc,phases   ] GC(41)   Post Evacuate Collection Set: 1.3ms
[2022-04-08T11:11:26.486+0000][2220][gc,phases   ] GC(41)   Other: 0.4ms
[2022-04-08T11:11:26.486+0000][2220][gc,heap     ] GC(41) Eden regions: 1219->0(1219)
[2022-04-08T11:11:26.486+0000][2220][gc,heap     ] GC(41) Survivor regions: 1->1(153)
[2022-04-08T11:11:26.486+0000][2220][gc,heap     ] GC(41) Old regions: 30->30
[2022-04-08T11:11:26.486+0000][2220][gc,heap     ] GC(41) Archive regions: 0->0
[2022-04-08T11:11:26.486+0000][2220][gc,heap     ] GC(41) Humongous regions: 5->5
[2022-04-08T11:11:26.486+0000][2220][gc,metaspace] GC(41) Metaspace: 133990K(136256K)->133990K(136256K) NonClass: 116229K(117504K)->116229K(117504K) Class: 17760K(18752K)->17760K(18752K)
[2022-04-08T11:11:26.486+0000][2220][gc          ] GC(41) Pause Young (Normal) (G1 Evacuation Pause) 5017M->141M(8136M) 4.703ms
[2022-04-08T11:11:26.486+0000][2220][gc,cpu      ] GC(41) User=0.00s Sys=0.00s Real=0.00s
[2022-04-08T11:11:26.486+0000][2220][safepoint   ] Safepoint "G1CollectForAllocation", Time since last: 228960925600 ns, Reaching safepoint: 102400 ns, At safepoint: 4787400 ns, Total: 4889800 ns
[2022-04-08T11:14:46.697+0000][2220][safepoint   ] Safepoint "Cleanup", Time since last: 200209926100 ns, Reaching safepoint: 60400 ns, At safepoint: 8300 ns, Total: 68700 ns
[2022-04-08T11:17:17.317+0000][2220][safepoint   ] Safepoint "Cleanup", Time since last: 150619731600 ns, Reaching safepoint: 53300 ns, At safepoint: 10200 ns, Total: 63500 ns
[2022-04-08T11:18:17.985+0000][2220][safepoint   ] Safepoint "Cleanup", Time since last: 60668301400 ns, Reaching safepoint: 65500 ns, At safepoint: 11600 ns, Total: 77100 ns
[2022-04-08T11:18:58.412+0000][2220][safepoint   ] Safepoint "Cleanup", Time since last: 40427036800 ns, Reaching safepoint: 51200 ns, At safepoint: 6100 ns, Total: 57300 ns
[2022-04-08T11:23:18.199+0000][2220][safepoint   ] Safepoint "Cleanup", Time since last: 259786703500 ns, Reaching safepoint: 71800 ns, At safepoint: 10500 ns, Total: 82300 ns
[2022-04-08T11:25:15.431+0000][2220][safepoint   ] Safepoint "Cleanup", Time since last: 117232140100 ns, Reaching safepoint: 64800 ns, At safepoint: 9700 ns, Total: 74500 ns
[2022-04-08T11:28:33.656+0000][2220][gc,start    ] GC(42) Pause Young (Normal) (G1 Evacuation Pause)
[2022-04-08T11:28:33.656+0000][2220][gc,task     ] GC(42) Using 4 workers of 4 for evacuation
[2022-04-08T11:28:33.656+0000][2220][gc,age      ] GC(42) Desired survivor size 320864256 bytes, new threshold 15 (max threshold 15)
[2022-04-08T11:28:33.662+0000][2220][gc,age      ] GC(42) Age table with threshold 15 (max threshold 15)
[2022-04-08T11:28:33.662+0000][2220][gc,age      ] GC(42) - age   1:     843792 bytes,     843792 total
[2022-04-08T11:28:33.662+0000][2220][gc,age      ] GC(42) - age   2:      18456 bytes,     862248 total
[2022-04-08T11:28:33.662+0000][2220][gc,age      ] GC(42) - age   3:     197592 bytes,    1059840 total
[2022-04-08T11:28:33.662+0000][2220][gc,age      ] GC(42) - age   4:     138920 bytes,    1198760 total
[2022-04-08T11:28:33.662+0000][2220][gc,age      ] GC(42) - age   5:       9752 bytes,    1208512 total
[2022-04-08T11:28:33.662+0000][2220][gc,age      ] GC(42) - age   6:       2448 bytes,    1210960 total
[2022-04-08T11:28:33.662+0000][2220][gc,age      ] GC(42) - age   7:      76008 bytes,    1286968 total
[2022-04-08T11:28:33.662+0000][2220][gc,age      ] GC(42) - age   8:      10576 bytes,    1297544 total
[2022-04-08T11:28:33.662+0000][2220][gc,age      ] GC(42) - age   9:       2208 bytes,    1299752 total
[2022-04-08T11:28:33.662+0000][2220][gc,age      ] GC(42) - age  10:       2368 bytes,    1302120 total
[2022-04-08T11:28:33.662+0000][2220][gc,age      ] GC(42) - age  11:       1248 bytes,    1303368 total
[2022-04-08T11:28:33.662+0000][2220][gc,age      ] GC(42) - age  12:       2912 bytes,    1306280 total
[2022-04-08T11:28:33.662+0000][2220][gc,age      ] GC(42) - age  13:       1608 bytes,    1307888 total
[2022-04-08T11:28:33.662+0000][2220][gc,age      ] GC(42) - age  14:     286760 bytes,    1594648 total
[2022-04-08T11:28:33.663+0000][2220][gc,age      ] GC(42) - age  15:      68168 bytes,    1662816 total
[2022-04-08T11:28:33.663+0000][2220][gc,phases   ] GC(42)   Pre Evacuate Collection Set: 0.1ms
[2022-04-08T11:28:33.663+0000][2220][gc,phases   ] GC(42)   Merge Heap Roots: 0.1ms
[2022-04-08T11:28:33.663+0000][2220][gc,phases   ] GC(42)   Evacuate Collection Set: 2.5ms
[2022-04-08T11:28:33.663+0000][2220][gc,phases   ] GC(42)   Post Evacuate Collection Set: 2.6ms
[2022-04-08T11:28:33.663+0000][2220][gc,phases   ] GC(42)   Other: 0.8ms
[2022-04-08T11:28:33.663+0000][2220][gc,heap     ] GC(42) Eden regions: 1219->0(1219)
[2022-04-08T11:28:33.663+0000][2220][gc,heap     ] GC(42) Survivor regions: 1->1(153)
[2022-04-08T11:28:33.663+0000][2220][gc,heap     ] GC(42) Old regions: 30->30
[2022-04-08T11:28:33.663+0000][2220][gc,heap     ] GC(42) Archive regions: 0->0
[2022-04-08T11:28:33.663+0000][2220][gc,heap     ] GC(42) Humongous regions: 5->5
[2022-04-08T11:28:33.663+0000][2220][gc,metaspace] GC(42) Metaspace: 133994K(136256K)->133994K(136256K) NonClass: 116234K(117504K)->116234K(117504K) Class: 17760K(18752K)->17760K(18752K)
[2022-04-08T11:28:33.663+0000][2220][gc          ] GC(42) Pause Young (Normal) (G1 Evacuation Pause) 5017M->141M(8136M) 6.508ms
[2022-04-08T11:28:33.663+0000][2220][gc,cpu      ] GC(42) User=0.00s Sys=0.00s Real=0.01s
[2022-04-08T11:28:33.663+0000][2220][safepoint   ] Safepoint "G1CollectForAllocation", Time since last: 198225473900 ns, Reaching safepoint: 103500 ns, At safepoint: 6634300 ns, Total: 6737800 ns
[2022-04-08T11:28:58.904+0000][2220][safepoint   ] Safepoint "Cleanup", Time since last: 25240492100 ns, Reaching safepoint: 59100 ns, At safepoint: 24300 ns, Total: 83400 ns
[2022-04-08T11:30:16.685+0000][2220][safepoint   ] Safepoint "Cleanup", Time since last: 77781148000 ns, Reaching safepoint: 108000 ns, At safepoint: 8900 ns, Total: 116900 ns
[2022-04-08T11:30:56.024+0000][2220][safepoint   ] Safepoint "Cleanup", Time since last: 39338878500 ns, Reaching safepoint: 37600 ns, At safepoint: 6300 ns, Total: 43900 ns
[2022-04-08T11:32:17.700+0000][2220][safepoint   ] Safepoint "Cleanup", Time since last: 81675861500 ns, Reaching safepoint: 77700 ns, At safepoint: 9800 ns, Total: 87500 ns
[2022-04-08T11:33:18.166+0000][2220][safepoint   ] Safepoint "Cleanup", Time since last: 60465841100 ns, Reaching safepoint: 48700 ns, At safepoint: 9900 ns, Total: 58600 ns
[2022-04-08T11:34:17.635+0000][2220][safepoint   ] Safepoint "Cleanup", Time since last: 59468662600 ns, Reaching safepoint: 59800 ns, At safepoint: 10800 ns, Total: 70600 ns
[2022-04-08T11:38:17.955+0000][2220][safepoint   ] Safepoint "Cleanup", Time since last: 240320222800 ns, Reaching safepoint: 47300 ns, At safepoint: 9300 ns, Total: 56600 ns
[2022-04-08T11:39:17.547+0000][2220][safepoint   ] Safepoint "Cleanup", Time since last: 59591800600 ns, Reaching safepoint: 82000 ns, At safepoint: 12400 ns, Total: 94400 ns
[2022-04-08T11:39:48.831+0000][2220][safepoint   ] Safepoint "Cleanup", Time since last: 31283714400 ns, Reaching safepoint: 56200 ns, At safepoint: 17100 ns, Total: 73300 ns
[2022-04-08T11:45:07.272+0000][2220][gc,start    ] GC(43) Pause Young (Normal) (G1 Evacuation Pause)
[2022-04-08T11:45:07.272+0000][2220][gc,task     ] GC(43) Using 4 workers of 4 for evacuation
[2022-04-08T11:45:07.272+0000][2220][gc,age      ] GC(43) Desired survivor size 320864256 bytes, new threshold 15 (max threshold 15)
[2022-04-08T11:45:07.281+0000][2220][gc,age      ] GC(43) Age table with threshold 15 (max threshold 15)
[2022-04-08T11:45:07.281+0000][2220][gc,age      ] GC(43) - age   1:    2047392 bytes,    2047392 total
[2022-04-08T11:45:07.281+0000][2220][gc,age      ] GC(43) - age   2:      10624 bytes,    2058016 total
[2022-04-08T11:45:07.281+0000][2220][gc,age      ] GC(43) - age   3:       1000 bytes,    2059016 total
[2022-04-08T11:45:07.281+0000][2220][gc,age      ] GC(43) - age   4:      26824 bytes,    2085840 total
[2022-04-08T11:45:07.281+0000][2220][gc,age      ] GC(43) - age   5:     137720 bytes,    2223560 total
[2022-04-08T11:45:07.281+0000][2220][gc,age      ] GC(43) - age   6:        672 bytes,    2224232 total
[2022-04-08T11:45:07.281+0000][2220][gc,age      ] GC(43) - age   7:       2448 bytes,    2226680 total
[2022-04-08T11:45:07.281+0000][2220][gc,age      ] GC(43) - age   8:      76008 bytes,    2302688 total
[2022-04-08T11:45:07.281+0000][2220][gc,age      ] GC(43) - age   9:      10432 bytes,    2313120 total
[2022-04-08T11:45:07.281+0000][2220][gc,age      ] GC(43) - age  10:       2152 bytes,    2315272 total
[2022-04-08T11:45:07.281+0000][2220][gc,age      ] GC(43) - age  11:       2368 bytes,    2317640 total
[2022-04-08T11:45:07.281+0000][2220][gc,age      ] GC(43) - age  12:       1248 bytes,    2318888 total
[2022-04-08T11:45:07.281+0000][2220][gc,age      ] GC(43) - age  13:       2912 bytes,    2321800 total
[2022-04-08T11:45:07.281+0000][2220][gc,age      ] GC(43) - age  14:       1608 bytes,    2323408 total
[2022-04-08T11:45:07.281+0000][2220][gc,age      ] GC(43) - age  15:     286760 bytes,    2610168 total
[2022-04-08T11:45:07.281+0000][2220][gc,phases   ] GC(43)   Pre Evacuate Collection Set: 0.1ms
[2022-04-08T11:45:07.281+0000][2220][gc,phases   ] GC(43)   Merge Heap Roots: 0.1ms
[2022-04-08T11:45:07.281+0000][2220][gc,phases   ] GC(43)   Evacuate Collection Set: 3.1ms
[2022-04-08T11:45:07.281+0000][2220][gc,phases   ] GC(43)   Post Evacuate Collection Set: 5.7ms
[2022-04-08T11:45:07.281+0000][2220][gc,phases   ] GC(43)   Other: 0.5ms
[2022-04-08T11:45:07.281+0000][2220][gc,heap     ] GC(43) Eden regions: 1219->0(1219)
[2022-04-08T11:45:07.281+0000][2220][gc,heap     ] GC(43) Survivor regions: 1->1(153)
[2022-04-08T11:45:07.281+0000][2220][gc,heap     ] GC(43) Old regions: 30->30
[2022-04-08T11:45:07.281+0000][2220][gc,heap     ] GC(43) Archive regions: 0->0
[2022-04-08T11:45:07.281+0000][2220][gc,heap     ] GC(43) Humongous regions: 5->5
[2022-04-08T11:45:07.281+0000][2220][gc,metaspace] GC(43) Metaspace: 134003K(136256K)->134003K(136256K) NonClass: 116243K(117504K)->116243K(117504K) Class: 17760K(18752K)->17760K(18752K)
[2022-04-08T11:45:07.281+0000][2220][gc          ] GC(43) Pause Young (Normal) (G1 Evacuation Pause) 5017M->142M(8136M) 9.655ms
[2022-04-08T11:45:07.281+0000][2220][gc,cpu      ] GC(43) User=0.06s Sys=0.00s Real=0.01s
[2022-04-08T11:45:07.281+0000][2220][safepoint   ] Safepoint "G1CollectForAllocation", Time since last: 318441174300 ns, Reaching safepoint: 118600 ns, At safepoint: 9739900 ns, Total: 9858500 ns
[2022-04-08T11:50:37.565+0000][2220][safepoint   ] Safepoint "Cleanup", Time since last: 330283412200 ns, Reaching safepoint: 53500 ns, At safepoint: 11500 ns, Total: 65000 ns
[2022-04-08T11:58:18.140+0000][2220][safepoint   ] Safepoint "Cleanup", Time since last: 460574666600 ns, Reaching safepoint: 54600 ns, At safepoint: 19200 ns, Total: 73800 ns
[2022-04-08T11:58:58.528+0000][2220][safepoint   ] Safepoint "Cleanup", Time since last: 40388081000 ns, Reaching safepoint: 45300 ns, At safepoint: 8100 ns, Total: 53400 ns
[2022-04-08T12:00:21.364+0000][2220][safepoint   ] Safepoint "Cleanup", Time since last: 82836013700 ns, Reaching safepoint: 43000 ns, At safepoint: 9600 ns, Total: 52600 ns
[2022-04-08T12:01:17.904+0000][2220][safepoint   ] Safepoint "Cleanup", Time since last: 56539584900 ns, Reaching safepoint: 141600 ns, At safepoint: 30000 ns, Total: 171600 ns
[2022-04-08T12:01:44.589+0000][2220][gc,start    ] GC(44) Pause Young (Normal) (G1 Evacuation Pause)
[2022-04-08T12:01:44.589+0000][2220][gc,task     ] GC(44) Using 4 workers of 4 for evacuation
[2022-04-08T12:01:44.590+0000][2220][gc,age      ] GC(44) Desired survivor size 320864256 bytes, new threshold 15 (max threshold 15)
[2022-04-08T12:01:44.600+0000][2220][gc,age      ] GC(44) Age table with threshold 15 (max threshold 15)
[2022-04-08T12:01:44.600+0000][2220][gc,age      ] GC(44) - age   1:    1992920 bytes,    1992920 total
[2022-04-08T12:01:44.600+0000][2220][gc,age      ] GC(44) - age   2:     180720 bytes,    2173640 total
[2022-04-08T12:01:44.600+0000][2220][gc,age      ] GC(44) - age   3:       8592 bytes,    2182232 total
[2022-04-08T12:01:44.600+0000][2220][gc,age      ] GC(44) - age   4:        712 bytes,    2182944 total
[2022-04-08T12:01:44.600+0000][2220][gc,age      ] GC(44) - age   5:      26408 bytes,    2209352 total
[2022-04-08T12:01:44.600+0000][2220][gc,age      ] GC(44) - age   6:     137720 bytes,    2347072 total
[2022-04-08T12:01:44.600+0000][2220][gc,age      ] GC(44) - age   7:        672 bytes,    2347744 total
[2022-04-08T12:01:44.600+0000][2220][gc,age      ] GC(44) - age   8:       2448 bytes,    2350192 total
[2022-04-08T12:01:44.600+0000][2220][gc,age      ] GC(44) - age   9:      76008 bytes,    2426200 total
[2022-04-08T12:01:44.600+0000][2220][gc,age      ] GC(44) - age  10:      10432 bytes,    2436632 total
[2022-04-08T12:01:44.600+0000][2220][gc,age      ] GC(44) - age  11:       2152 bytes,    2438784 total
[2022-04-08T12:01:44.600+0000][2220][gc,age      ] GC(44) - age  12:       2368 bytes,    2441152 total
[2022-04-08T12:01:44.600+0000][2220][gc,age      ] GC(44) - age  13:       1248 bytes,    2442400 total
[2022-04-08T12:01:44.600+0000][2220][gc,age      ] GC(44) - age  14:       2912 bytes,    2445312 total
[2022-04-08T12:01:44.600+0000][2220][gc,age      ] GC(44) - age  15:       1608 bytes,    2446920 total
[2022-04-08T12:01:44.600+0000][2220][gc,phases   ] GC(44)   Pre Evacuate Collection Set: 0.1ms
[2022-04-08T12:01:44.600+0000][2220][gc,phases   ] GC(44)   Merge Heap Roots: 0.1ms
[2022-04-08T12:01:44.600+0000][2220][gc,phases   ] GC(44)   Evacuate Collection Set: 3.2ms
[2022-04-08T12:01:44.600+0000][2220][gc,phases   ] GC(44)   Post Evacuate Collection Set: 6.9ms
[2022-04-08T12:01:44.600+0000][2220][gc,phases   ] GC(44)   Other: 0.5ms
[2022-04-08T12:01:44.600+0000][2220][gc,heap     ] GC(44) Eden regions: 1219->0(1219)
[2022-04-08T12:01:44.600+0000][2220][gc,heap     ] GC(44) Survivor regions: 1->1(153)
[2022-04-08T12:01:44.600+0000][2220][gc,heap     ] GC(44) Old regions: 30->31
[2022-04-08T12:01:44.600+0000][2220][gc,heap     ] GC(44) Archive regions: 0->0
[2022-04-08T12:01:44.600+0000][2220][gc,heap     ] GC(44) Humongous regions: 5->5
[2022-04-08T12:01:44.600+0000][2220][gc,metaspace] GC(44) Metaspace: 134003K(136256K)->134003K(136256K) NonClass: 116243K(117504K)->116243K(117504K) Class: 17760K(18752K)->17760K(18752K)
[2022-04-08T12:01:44.600+0000][2220][gc          ] GC(44) Pause Young (Normal) (G1 Evacuation Pause) 5018M->142M(8136M) 11.034ms
[2022-04-08T12:01:44.600+0000][2220][gc,cpu      ] GC(44) User=0.00s Sys=0.00s Real=0.01s
[2022-04-08T12:01:44.600+0000][2220][safepoint   ] Safepoint "G1CollectForAllocation", Time since last: 26685495900 ns, Reaching safepoint: 67500 ns, At safepoint: 11119100 ns, Total: 11186600 ns
[2022-04-08T12:11:18.563+0000][2220][safepoint   ] Safepoint "Cleanup", Time since last: 573962409800 ns, Reaching safepoint: 125600 ns, At safepoint: 5700 ns, Total: 131300 ns
[2022-04-08T12:16:22.738+0000][2220][safepoint   ] Safepoint "Cleanup", Time since last: 304174956500 ns, Reaching safepoint: 93000 ns, At safepoint: 59400 ns, Total: 152400 ns
[2022-04-08T12:18:37.814+0000][2220][gc,start    ] GC(45) Pause Young (Normal) (G1 Evacuation Pause)
[2022-04-08T12:18:37.814+0000][2220][gc,task     ] GC(45) Using 4 workers of 4 for evacuation
[2022-04-08T12:18:37.814+0000][2220][gc,age      ] GC(45) Desired survivor size 320864256 bytes, new threshold 15 (max threshold 15)
[2022-04-08T12:18:37.822+0000][2220][gc,age      ] GC(45) Age table with threshold 15 (max threshold 15)
[2022-04-08T12:18:37.822+0000][2220][gc,age      ] GC(45) - age   1:    1156424 bytes,    1156424 total
[2022-04-08T12:18:37.823+0000][2220][gc,age      ] GC(45) - age   2:      23288 bytes,    1179712 total
[2022-04-08T12:18:37.823+0000][2220][gc,age      ] GC(45) - age   3:     169952 bytes,    1349664 total
[2022-04-08T12:18:37.823+0000][2220][gc,age      ] GC(45) - age   4:       8592 bytes,    1358256 total
[2022-04-08T12:18:37.823+0000][2220][gc,age      ] GC(45) - age   5:        512 bytes,    1358768 total
[2022-04-08T12:18:37.823+0000][2220][gc,age      ] GC(45) - age   6:      26168 bytes,    1384936 total
[2022-04-08T12:18:37.823+0000][2220][gc,age      ] GC(45) - age   7:     137720 bytes,    1522656 total
[2022-04-08T12:18:37.823+0000][2220][gc,age      ] GC(45) - age   8:        280 bytes,    1522936 total
[2022-04-08T12:18:37.823+0000][2220][gc,age      ] GC(45) - age   9:       2448 bytes,    1525384 total
[2022-04-08T12:18:37.823+0000][2220][gc,age      ] GC(45) - age  10:      76008 bytes,    1601392 total
[2022-04-08T12:18:37.823+0000][2220][gc,age      ] GC(45) - age  11:      10432 bytes,    1611824 total
[2022-04-08T12:18:37.823+0000][2220][gc,age      ] GC(45) - age  12:       2152 bytes,    1613976 total
[2022-04-08T12:18:37.823+0000][2220][gc,age      ] GC(45) - age  13:       2368 bytes,    1616344 total
[2022-04-08T12:18:37.823+0000][2220][gc,age      ] GC(45) - age  14:       1248 bytes,    1617592 total
[2022-04-08T12:18:37.823+0000][2220][gc,age      ] GC(45) - age  15:       2912 bytes,    1620504 total
[2022-04-08T12:18:37.823+0000][2220][gc,phases   ] GC(45)   Pre Evacuate Collection Set: 0.1ms
[2022-04-08T12:18:37.823+0000][2220][gc,phases   ] GC(45)   Merge Heap Roots: 0.1ms
[2022-04-08T12:18:37.823+0000][2220][gc,phases   ] GC(45)   Evacuate Collection Set: 2.4ms
[2022-04-08T12:18:37.823+0000][2220][gc,phases   ] GC(45)   Post Evacuate Collection Set: 5.9ms
[2022-04-08T12:18:37.823+0000][2220][gc,phases   ] GC(45)   Other: 0.5ms
[2022-04-08T12:18:37.823+0000][2220][gc,heap     ] GC(45) Eden regions: 1219->0(1219)
[2022-04-08T12:18:37.823+0000][2220][gc,heap     ] GC(45) Survivor regions: 1->1(153)
[2022-04-08T12:18:37.823+0000][2220][gc,heap     ] GC(45) Old regions: 31->31
[2022-04-08T12:18:37.823+0000][2220][gc,heap     ] GC(45) Archive regions: 0->0
[2022-04-08T12:18:37.823+0000][2220][gc,heap     ] GC(45) Humongous regions: 5->5
[2022-04-08T12:18:37.823+0000][2220][gc,metaspace] GC(45) Metaspace: 134004K(136256K)->134004K(136256K) NonClass: 116244K(117504K)->116244K(117504K) Class: 17760K(18752K)->17760K(18752K)
[2022-04-08T12:18:37.823+0000][2220][gc          ] GC(45) Pause Young (Normal) (G1 Evacuation Pause) 5018M->141M(8136M) 9.245ms
[2022-04-08T12:18:37.823+0000][2220][gc,cpu      ] GC(45) User=0.05s Sys=0.02s Real=0.01s
[2022-04-08T12:18:37.823+0000][2220][safepoint   ] Safepoint "G1CollectForAllocation", Time since last: 135075647200 ns, Reaching safepoint: 104100 ns, At safepoint: 9370900 ns, Total: 9475000 ns
[2022-04-08T12:18:51.974+0000][2220][safepoint   ] Safepoint "Cleanup", Time since last: 14150613000 ns, Reaching safepoint: 52200 ns, At safepoint: 9700 ns, Total: 61900 ns
[2022-04-08T12:22:18.081+0000][2220][safepoint   ] Safepoint "Cleanup", Time since last: 206106544300 ns, Reaching safepoint: 45700 ns, At safepoint: 9000 ns, Total: 54700 ns
[2022-04-08T12:23:17.708+0000][2220][safepoint   ] Safepoint "Cleanup", Time since last: 59627636400 ns, Reaching safepoint: 48900 ns, At safepoint: 9100 ns, Total: 58000 ns
[2022-04-08T12:33:50.404+0000][2220][safepoint   ] Safepoint "Cleanup", Time since last: 632695173200 ns, Reaching safepoint: 46200 ns, At safepoint: 7700 ns, Total: 53900 ns
[2022-04-08T12:35:26.762+0000][2220][gc,start    ] GC(46) Pause Young (Normal) (G1 Evacuation Pause)
[2022-04-08T12:35:26.762+0000][2220][gc,task     ] GC(46) Using 4 workers of 4 for evacuation
[2022-04-08T12:35:26.762+0000][2220][gc,age      ] GC(46) Desired survivor size 320864256 bytes, new threshold 15 (max threshold 15)
[2022-04-08T12:35:26.770+0000][2220][gc,age      ] GC(46) Age table with threshold 15 (max threshold 15)
[2022-04-08T12:35:26.771+0000][2220][gc,age      ] GC(46) - age   1:    1139960 bytes,    1139960 total
[2022-04-08T12:35:26.771+0000][2220][gc,age      ] GC(46) - age   2:      20040 bytes,    1160000 total
[2022-04-08T12:35:26.771+0000][2220][gc,age      ] GC(46) - age   3:      20112 bytes,    1180112 total
[2022-04-08T12:35:26.771+0000][2220][gc,age      ] GC(46) - age   4:     169920 bytes,    1350032 total
[2022-04-08T12:35:26.771+0000][2220][gc,age      ] GC(46) - age   5:       8208 bytes,    1358240 total
[2022-04-08T12:35:26.771+0000][2220][gc,age      ] GC(46) - age   6:        368 bytes,    1358608 total
[2022-04-08T12:35:26.771+0000][2220][gc,age      ] GC(46) - age   7:      26168 bytes,    1384776 total
[2022-04-08T12:35:26.771+0000][2220][gc,age      ] GC(46) - age   8:     137432 bytes,    1522208 total
[2022-04-08T12:35:26.771+0000][2220][gc,age      ] GC(46) - age   9:        280 bytes,    1522488 total
[2022-04-08T12:35:26.771+0000][2220][gc,age      ] GC(46) - age  10:       2448 bytes,    1524936 total
[2022-04-08T12:35:26.771+0000][2220][gc,age      ] GC(46) - age  11:      76008 bytes,    1600944 total
[2022-04-08T12:35:26.771+0000][2220][gc,age      ] GC(46) - age  12:      10432 bytes,    1611376 total
[2022-04-08T12:35:26.771+0000][2220][gc,age      ] GC(46) - age  13:       2152 bytes,    1613528 total
[2022-04-08T12:35:26.771+0000][2220][gc,age      ] GC(46) - age  14:       2368 bytes,    1615896 total
[2022-04-08T12:35:26.771+0000][2220][gc,age      ] GC(46) - age  15:       1248 bytes,    1617144 total
[2022-04-08T12:35:26.771+0000][2220][gc,phases   ] GC(46)   Pre Evacuate Collection Set: 0.1ms
[2022-04-08T12:35:26.771+0000][2220][gc,phases   ] GC(46)   Merge Heap Roots: 0.1ms
[2022-04-08T12:35:26.771+0000][2220][gc,phases   ] GC(46)   Evacuate Collection Set: 2.3ms
[2022-04-08T12:35:26.771+0000][2220][gc,phases   ] GC(46)   Post Evacuate Collection Set: 5.7ms
[2022-04-08T12:35:26.771+0000][2220][gc,phases   ] GC(46)   Other: 0.5ms
[2022-04-08T12:35:26.771+0000][2220][gc,heap     ] GC(46) Eden regions: 1219->0(1219)
[2022-04-08T12:35:26.771+0000][2220][gc,heap     ] GC(46) Survivor regions: 1->1(153)
[2022-04-08T12:35:26.771+0000][2220][gc,heap     ] GC(46) Old regions: 31->31
[2022-04-08T12:35:26.771+0000][2220][gc,heap     ] GC(46) Archive regions: 0->0
[2022-04-08T12:35:26.771+0000][2220][gc,heap     ] GC(46) Humongous regions: 5->5
[2022-04-08T12:35:26.771+0000][2220][gc,metaspace] GC(46) Metaspace: 134019K(136256K)->134019K(136256K) NonClass: 116259K(117504K)->116259K(117504K) Class: 17760K(18752K)->17760K(18752K)
[2022-04-08T12:35:26.771+0000][2220][gc          ] GC(46) Pause Young (Normal) (G1 Evacuation Pause) 5017M->141M(8136M) 8.891ms
[2022-04-08T12:35:26.771+0000][2220][gc,cpu      ] GC(46) User=0.00s Sys=0.00s Real=0.01s
[2022-04-08T12:35:26.771+0000][2220][safepoint   ] Safepoint "G1CollectForAllocation", Time since last: 96358539700 ns, Reaching safepoint: 109300 ns, At safepoint: 8973500 ns, Total: 9082800 ns
[2022-04-08T12:36:18.325+0000][2220][safepoint   ] Safepoint "Cleanup", Time since last: 51553979900 ns, Reaching safepoint: 105200 ns, At safepoint: 10400 ns, Total: 115600 ns
[2022-04-08T12:40:45.141+0000][2220][safepoint   ] Safepoint "Cleanup", Time since last: 266815393600 ns, Reaching safepoint: 42000 ns, At safepoint: 8500 ns, Total: 50500 ns
[2022-04-08T12:45:17.984+0000][2220][safepoint   ] Safepoint "Cleanup", Time since last: 272842847700 ns, Reaching safepoint: 56200 ns, At safepoint: 16400 ns, Total: 72600 ns
[2022-04-08T12:50:55.476+0000][2220][safepoint   ] Safepoint "Cleanup", Time since last: 337491967600 ns, Reaching safepoint: 46200 ns, At safepoint: 16100 ns, Total: 62300 ns
[2022-04-08T12:51:58.156+0000][2220][safepoint   ] Safepoint "Cleanup", Time since last: 62680420600 ns, Reaching safepoint: 66900 ns, At safepoint: 2400 ns, Total: 69300 ns
[2022-04-08T12:52:03.715+0000][2220][gc,start    ] GC(47) Pause Young (Normal) (G1 Evacuation Pause)
[2022-04-08T12:52:03.715+0000][2220][gc,task     ] GC(47) Using 4 workers of 4 for evacuation
[2022-04-08T12:52:03.715+0000][2220][gc,age      ] GC(47) Desired survivor size 320864256 bytes, new threshold 15 (max threshold 15)
[2022-04-08T12:52:03.724+0000][2220][gc,age      ] GC(47) Age table with threshold 15 (max threshold 15)
[2022-04-08T12:52:03.724+0000][2220][gc,age      ] GC(47) - age   1:    1976824 bytes,    1976824 total
[2022-04-08T12:52:03.724+0000][2220][gc,age      ] GC(47) - age   2:       1576 bytes,    1978400 total
[2022-04-08T12:52:03.724+0000][2220][gc,age      ] GC(47) - age   3:        824 bytes,    1979224 total
[2022-04-08T12:52:03.724+0000][2220][gc,age      ] GC(47) - age   4:        720 bytes,    1979944 total
[2022-04-08T12:52:03.724+0000][2220][gc,age      ] GC(47) - age   5:       1560 bytes,    1981504 total
[2022-04-08T12:52:03.724+0000][2220][gc,age      ] GC(47) - age   6:       8064 bytes,    1989568 total
[2022-04-08T12:52:03.724+0000][2220][gc,age      ] GC(47) - age   7:        368 bytes,    1989936 total
[2022-04-08T12:52:03.724+0000][2220][gc,age      ] GC(47) - age   8:      25952 bytes,    2015888 total
[2022-04-08T12:52:03.724+0000][2220][gc,age      ] GC(47) - age   9:     133048 bytes,    2148936 total
[2022-04-08T12:52:03.724+0000][2220][gc,age      ] GC(47) - age  10:        280 bytes,    2149216 total
[2022-04-08T12:52:03.724+0000][2220][gc,age      ] GC(47) - age  11:       2448 bytes,    2151664 total
[2022-04-08T12:52:03.724+0000][2220][gc,age      ] GC(47) - age  12:      76008 bytes,    2227672 total
[2022-04-08T12:52:03.724+0000][2220][gc,age      ] GC(47) - age  13:      10432 bytes,    2238104 total
[2022-04-08T12:52:03.724+0000][2220][gc,age      ] GC(47) - age  14:       2152 bytes,    2240256 total
[2022-04-08T12:52:03.724+0000][2220][gc,age      ] GC(47) - age  15:       2368 bytes,    2242624 total
[2022-04-08T12:52:03.724+0000][2220][gc,phases   ] GC(47)   Pre Evacuate Collection Set: 0.1ms
[2022-04-08T12:52:03.724+0000][2220][gc,phases   ] GC(47)   Merge Heap Roots: 0.1ms
[2022-04-08T12:52:03.724+0000][2220][gc,phases   ] GC(47)   Evacuate Collection Set: 2.5ms
[2022-04-08T12:52:03.724+0000][2220][gc,phases   ] GC(47)   Post Evacuate Collection Set: 5.8ms
[2022-04-08T12:52:03.725+0000][2220][gc,phases   ] GC(47)   Other: 0.5ms
[2022-04-08T12:52:03.725+0000][2220][gc,heap     ] GC(47) Eden regions: 1219->0(1219)
[2022-04-08T12:52:03.725+0000][2220][gc,heap     ] GC(47) Survivor regions: 1->1(153)
[2022-04-08T12:52:03.725+0000][2220][gc,heap     ] GC(47) Old regions: 31->31
[2022-04-08T12:52:03.725+0000][2220][gc,heap     ] GC(47) Archive regions: 0->0
[2022-04-08T12:52:03.725+0000][2220][gc,heap     ] GC(47) Humongous regions: 5->5
[2022-04-08T12:52:03.725+0000][2220][gc,metaspace] GC(47) Metaspace: 134020K(136256K)->134020K(136256K) NonClass: 116260K(117504K)->116260K(117504K) Class: 17760K(18752K)->17760K(18752K)
[2022-04-08T12:52:03.725+0000][2220][gc          ] GC(47) Pause Young (Normal) (G1 Evacuation Pause) 5017M->142M(8136M) 9.214ms
[2022-04-08T12:52:03.725+0000][2220][gc,cpu      ] GC(47) User=0.00s Sys=0.00s Real=0.01s
[2022-04-08T12:52:03.725+0000][2220][safepoint   ] Safepoint "G1CollectForAllocation", Time since last: 5559941000 ns, Reaching safepoint: 110500 ns, At safepoint: 9300400 ns, Total: 9410900 ns
[2022-04-08T12:54:58.620+0000][2220][safepoint   ] Safepoint "Cleanup", Time since last: 174894844300 ns, Reaching safepoint: 58000 ns, At safepoint: 11100 ns, Total: 69100 ns
[2022-04-08T12:58:18.755+0000][2220][safepoint   ] Safepoint "Cleanup", Time since last: 200134373300 ns, Reaching safepoint: 67400 ns, At safepoint: 17100 ns, Total: 84500 ns
[2022-04-08T13:00:32.187+0000][2220][safepoint   ] Safepoint "Cleanup", Time since last: 133432268200 ns, Reaching safepoint: 77900 ns, At safepoint: 11000 ns, Total: 88900 ns
[2022-04-08T13:00:38.252+0000][2220][safepoint   ] Safepoint "Cleanup", Time since last: 6064431600 ns, Reaching safepoint: 52100 ns, At safepoint: 10400 ns, Total: 62500 ns
[2022-04-08T13:00:40.276+0000][2220][safepoint   ] Safepoint "Cleanup", Time since last: 2024160400 ns, Reaching safepoint: 42900 ns, At safepoint: 6700 ns, Total: 49600 ns
[2022-04-08T13:00:43.312+0000][2220][safepoint   ] Safepoint "Cleanup", Time since last: 3036337800 ns, Reaching safepoint: 66300 ns, At safepoint: 13400 ns, Total: 79700 ns
[2022-04-08T13:00:55.444+0000][2220][safepoint   ] Safepoint "Cleanup", Time since last: 12131260000 ns, Reaching safepoint: 51600 ns, At safepoint: 8000 ns, Total: 59600 ns
[2022-04-08T13:01:01.502+0000][2220][safepoint   ] Safepoint "Cleanup", Time since last: 6058043900 ns, Reaching safepoint: 59000 ns, At safepoint: 10300 ns, Total: 69300 ns
[2022-04-08T13:01:18.679+0000][2220][safepoint   ] Safepoint "Cleanup", Time since last: 17177630100 ns, Reaching safepoint: 51700 ns, At safepoint: 11200 ns, Total: 62900 ns
[2022-04-08T13:01:22.721+0000][2220][safepoint   ] Safepoint "Cleanup", Time since last: 4041030000 ns, Reaching safepoint: 49500 ns, At safepoint: 9700 ns, Total: 59200 ns
[2022-04-08T13:02:30.454+0000][2220][safepoint   ] Safepoint "Cleanup", Time since last: 67733226700 ns, Reaching safepoint: 47600 ns, At safepoint: 8200 ns, Total: 55800 ns
[2022-04-08T13:03:57.362+0000][2220][safepoint   ] Safepoint "Cleanup", Time since last: 86908017900 ns, Reaching safepoint: 44400 ns, At safepoint: 6400 ns, Total: 50800 ns
[2022-04-08T13:04:05.453+0000][2220][safepoint   ] Safepoint "Cleanup", Time since last: 8090524400 ns, Reaching safepoint: 51700 ns, At safepoint: 12800 ns, Total: 64500 ns
[2022-04-08T13:05:02.027+0000][2220][safepoint   ] Safepoint "Cleanup", Time since last: 56574203800 ns, Reaching safepoint: 50500 ns, At safepoint: 5800 ns, Total: 56300 ns
[2022-04-08T13:08:53.373+0000][2220][gc,start    ] GC(48) Pause Young (Normal) (G1 Evacuation Pause)
[2022-04-08T13:08:53.373+0000][2220][gc,task     ] GC(48) Using 4 workers of 4 for evacuation
[2022-04-08T13:08:53.373+0000][2220][gc,age      ] GC(48) Desired survivor size 320864256 bytes, new threshold 15 (max threshold 15)
[2022-04-08T13:08:53.382+0000][2220][gc,age      ] GC(48) Age table with threshold 15 (max threshold 15)
[2022-04-08T13:08:53.382+0000][2220][gc,age      ] GC(48) - age   1:    1565392 bytes,    1565392 total
[2022-04-08T13:08:53.382+0000][2220][gc,age      ] GC(48) - age   2:     186424 bytes,    1751816 total
[2022-04-08T13:08:53.382+0000][2220][gc,age      ] GC(48) - age   3:        616 bytes,    1752432 total
[2022-04-08T13:08:53.382+0000][2220][gc,age      ] GC(48) - age   4:        680 bytes,    1753112 total
[2022-04-08T13:08:53.382+0000][2220][gc,age      ] GC(48) - age   5:        576 bytes,    1753688 total
[2022-04-08T13:08:53.382+0000][2220][gc,age      ] GC(48) - age   6:       1432 bytes,    1755120 total
[2022-04-08T13:08:53.382+0000][2220][gc,age      ] GC(48) - age   7:       8064 bytes,    1763184 total
[2022-04-08T13:08:53.382+0000][2220][gc,age      ] GC(48) - age   8:        368 bytes,    1763552 total
[2022-04-08T13:08:53.382+0000][2220][gc,age      ] GC(48) - age   9:       1368 bytes,    1764920 total
[2022-04-08T13:08:53.382+0000][2220][gc,age      ] GC(48) - age  10:     132952 bytes,    1897872 total
[2022-04-08T13:08:53.382+0000][2220][gc,age      ] GC(48) - age  11:        280 bytes,    1898152 total
[2022-04-08T13:08:53.382+0000][2220][gc,age      ] GC(48) - age  12:       2448 bytes,    1900600 total
[2022-04-08T13:08:53.382+0000][2220][gc,age      ] GC(48) - age  13:      76008 bytes,    1976608 total
[2022-04-08T13:08:53.382+0000][2220][gc,age      ] GC(48) - age  14:      10432 bytes,    1987040 total
[2022-04-08T13:08:53.382+0000][2220][gc,age      ] GC(48) - age  15:       2152 bytes,    1989192 total
[2022-04-08T13:08:53.382+0000][2220][gc,phases   ] GC(48)   Pre Evacuate Collection Set: 0.1ms
[2022-04-08T13:08:53.382+0000][2220][gc,phases   ] GC(48)   Merge Heap Roots: 0.1ms
[2022-04-08T13:08:53.382+0000][2220][gc,phases   ] GC(48)   Evacuate Collection Set: 2.5ms
[2022-04-08T13:08:53.382+0000][2220][gc,phases   ] GC(48)   Post Evacuate Collection Set: 5.5ms
[2022-04-08T13:08:53.382+0000][2220][gc,phases   ] GC(48)   Other: 0.5ms
[2022-04-08T13:08:53.382+0000][2220][gc,heap     ] GC(48) Eden regions: 1219->0(1219)
[2022-04-08T13:08:53.382+0000][2220][gc,heap     ] GC(48) Survivor regions: 1->1(153)
[2022-04-08T13:08:53.382+0000][2220][gc,heap     ] GC(48) Old regions: 31->31
[2022-04-08T13:08:53.382+0000][2220][gc,heap     ] GC(48) Archive regions: 0->0
[2022-04-08T13:08:53.382+0000][2220][gc,heap     ] GC(48) Humongous regions: 5->5
[2022-04-08T13:08:53.382+0000][2220][gc,metaspace] GC(48) Metaspace: 134054K(136320K)->134054K(136320K) NonClass: 116291K(117568K)->116291K(117568K) Class: 17763K(18752K)->17763K(18752K)
[2022-04-08T13:08:53.382+0000][2220][gc          ] GC(48) Pause Young (Normal) (G1 Evacuation Pause) 5018M->142M(8136M) 8.973ms
[2022-04-08T13:08:53.382+0000][2220][gc,cpu      ] GC(48) User=0.00s Sys=0.00s Real=0.01s
[2022-04-08T13:08:53.382+0000][2220][safepoint   ] Safepoint "G1CollectForAllocation", Time since last: 231346850600 ns, Reaching safepoint: 112100 ns, At safepoint: 9056400 ns, Total: 9168500 ns
[2022-04-08T13:09:57.037+0000][2220][safepoint   ] Safepoint "Cleanup", Time since last: 63654103800 ns, Reaching safepoint: 130500 ns, At safepoint: 5500 ns, Total: 136000 ns
[2022-04-08T13:09:58.045+0000][2220][safepoint   ] Safepoint "Cleanup", Time since last: 1008300100 ns, Reaching safepoint: 56000 ns, At safepoint: 11400 ns, Total: 67400 ns
[2022-04-08T13:10:18.268+0000][2220][safepoint   ] Safepoint "Cleanup", Time since last: 20222461200 ns, Reaching safepoint: 56400 ns, At safepoint: 6900 ns, Total: 63300 ns
[2022-04-08T13:10:30.401+0000][2220][safepoint   ] Safepoint "Cleanup", Time since last: 12133520000 ns, Reaching safepoint: 79200 ns, At safepoint: 8800 ns, Total: 88000 ns
[2022-04-08T13:23:22.493+0000][2220][safepoint   ] Safepoint "Cleanup", Time since last: 772091475199 ns, Reaching safepoint: 51600 ns, At safepoint: 15001 ns, Total: 66601 ns
[2022-04-08T13:25:37.724+0000][2220][gc,start    ] GC(49) Pause Young (Normal) (G1 Evacuation Pause)
[2022-04-08T13:25:37.724+0000][2220][gc,task     ] GC(49) Using 4 workers of 4 for evacuation
[2022-04-08T13:25:37.724+0000][2220][gc,age      ] GC(49) Desired survivor size 320864256 bytes, new threshold 15 (max threshold 15)
[2022-04-08T13:25:37.732+0000][2220][gc,age      ] GC(49) Age table with threshold 15 (max threshold 15)
[2022-04-08T13:25:37.732+0000][2220][gc,age      ] GC(49) - age   1:    1232032 bytes,    1232032 total
[2022-04-08T13:25:37.732+0000][2220][gc,age      ] GC(49) - age   2:      33696 bytes,    1265728 total
[2022-04-08T13:25:37.732+0000][2220][gc,age      ] GC(49) - age   3:     175576 bytes,    1441304 total
[2022-04-08T13:25:37.732+0000][2220][gc,age      ] GC(49) - age   4:        376 bytes,    1441680 total
[2022-04-08T13:25:37.732+0000][2220][gc,age      ] GC(49) - age   5:        680 bytes,    1442360 total
[2022-04-08T13:25:37.732+0000][2220][gc,age      ] GC(49) - age   6:        288 bytes,    1442648 total
[2022-04-08T13:25:37.732+0000][2220][gc,age      ] GC(49) - age   7:       1432 bytes,    1444080 total
[2022-04-08T13:25:37.732+0000][2220][gc,age      ] GC(49) - age   8:       8064 bytes,    1452144 total
[2022-04-08T13:25:37.732+0000][2220][gc,age      ] GC(49) - age   9:        368 bytes,    1452512 total
[2022-04-08T13:25:37.732+0000][2220][gc,age      ] GC(49) - age  10:       1368 bytes,    1453880 total
[2022-04-08T13:25:37.732+0000][2220][gc,age      ] GC(49) - age  11:     132952 bytes,    1586832 total
[2022-04-08T13:25:37.732+0000][2220][gc,age      ] GC(49) - age  12:        280 bytes,    1587112 total
[2022-04-08T13:25:37.732+0000][2220][gc,age      ] GC(49) - age  13:       2448 bytes,    1589560 total
[2022-04-08T13:25:37.732+0000][2220][gc,age      ] GC(49) - age  14:      76008 bytes,    1665568 total
[2022-04-08T13:25:37.732+0000][2220][gc,age      ] GC(49) - age  15:      10432 bytes,    1676000 total
[2022-04-08T13:25:37.732+0000][2220][gc,phases   ] GC(49)   Pre Evacuate Collection Set: 0.2ms
[2022-04-08T13:25:37.732+0000][2220][gc,phases   ] GC(49)   Merge Heap Roots: 0.1ms
[2022-04-08T13:25:37.732+0000][2220][gc,phases   ] GC(49)   Evacuate Collection Set: 2.4ms
[2022-04-08T13:25:37.732+0000][2220][gc,phases   ] GC(49)   Post Evacuate Collection Set: 5.2ms
[2022-04-08T13:25:37.732+0000][2220][gc,phases   ] GC(49)   Other: 0.5ms
[2022-04-08T13:25:37.732+0000][2220][gc,heap     ] GC(49) Eden regions: 1219->0(1219)
[2022-04-08T13:25:37.732+0000][2220][gc,heap     ] GC(49) Survivor regions: 1->1(153)
[2022-04-08T13:25:37.732+0000][2220][gc,heap     ] GC(49) Old regions: 31->31
[2022-04-08T13:25:37.732+0000][2220][gc,heap     ] GC(49) Archive regions: 0->0
[2022-04-08T13:25:37.732+0000][2220][gc,heap     ] GC(49) Humongous regions: 5->5
[2022-04-08T13:25:37.732+0000][2220][gc,metaspace] GC(49) Metaspace: 134057K(136320K)->134057K(136320K) NonClass: 116294K(117568K)->116294K(117568K) Class: 17763K(18752K)->17763K(18752K)
[2022-04-08T13:25:37.732+0000][2220][gc          ] GC(49) Pause Young (Normal) (G1 Evacuation Pause) 5018M->142M(8136M) 8.456ms
[2022-04-08T13:25:37.732+0000][2220][gc,cpu      ] GC(49) User=0.03s Sys=0.03s Real=0.01s
[2022-04-08T13:25:37.732+0000][2220][safepoint   ] Safepoint "G1CollectForAllocation", Time since last: 135230825100 ns, Reaching safepoint: 115200 ns, At safepoint: 8592200 ns, Total: 8707400 ns
[2022-04-08T13:28:58.804+0000][2220][safepoint   ] Safepoint "Cleanup", Time since last: 201071334300 ns, Reaching safepoint: 58000 ns, At safepoint: 17800 ns, Total: 75800 ns
[2022-04-08T13:39:40.182+0000][2220][safepoint   ] Safepoint "Cleanup", Time since last: 641378333700 ns, Reaching safepoint: 45700 ns, At safepoint: 11099 ns, Total: 56799 ns
[2022-04-08T13:41:34.434+0000][2220][safepoint   ] Safepoint "Cleanup", Time since last: 114251972901 ns, Reaching safepoint: 48600 ns, At safepoint: 7999 ns, Total: 56599 ns
[2022-04-08T13:42:16.131+0000][2220][gc,start    ] GC(50) Pause Young (Normal) (G1 Evacuation Pause)
[2022-04-08T13:42:16.131+0000][2220][gc,task     ] GC(50) Using 4 workers of 4 for evacuation
[2022-04-08T13:42:16.131+0000][2220][gc,age      ] GC(50) Desired survivor size 320864256 bytes, new threshold 15 (max threshold 15)
[2022-04-08T13:42:16.138+0000][2220][gc,age      ] GC(50) Age table with threshold 15 (max threshold 15)
[2022-04-08T13:42:16.139+0000][2220][gc,age      ] GC(50) - age   1:    2048320 bytes,    2048320 total
[2022-04-08T13:42:16.139+0000][2220][gc,age      ] GC(50) - age   2:       2600 bytes,    2050920 total
[2022-04-08T13:42:16.139+0000][2220][gc,age      ] GC(50) - age   3:      15352 bytes,    2066272 total
[2022-04-08T13:42:16.139+0000][2220][gc,age      ] GC(50) - age   4:      24632 bytes,    2090904 total
[2022-04-08T13:42:16.139+0000][2220][gc,age      ] GC(50) - age   5:        232 bytes,    2091136 total
[2022-04-08T13:42:16.139+0000][2220][gc,age      ] GC(50) - age   6:        680 bytes,    2091816 total
[2022-04-08T13:42:16.139+0000][2220][gc,age      ] GC(50) - age   7:        288 bytes,    2092104 total
[2022-04-08T13:42:16.139+0000][2220][gc,age      ] GC(50) - age   8:       1272 bytes,    2093376 total
[2022-04-08T13:42:16.139+0000][2220][gc,age      ] GC(50) - age   9:       8064 bytes,    2101440 total
[2022-04-08T13:42:16.139+0000][2220][gc,age      ] GC(50) - age  10:        368 bytes,    2101808 total
[2022-04-08T13:42:16.139+0000][2220][gc,age      ] GC(50) - age  11:       1368 bytes,    2103176 total
[2022-04-08T13:42:16.139+0000][2220][gc,age      ] GC(50) - age  12:     132952 bytes,    2236128 total
[2022-04-08T13:42:16.139+0000][2220][gc,age      ] GC(50) - age  13:        280 bytes,    2236408 total
[2022-04-08T13:42:16.139+0000][2220][gc,age      ] GC(50) - age  14:       2448 bytes,    2238856 total
[2022-04-08T13:42:16.139+0000][2220][gc,age      ] GC(50) - age  15:      75864 bytes,    2314720 total
[2022-04-08T13:42:16.139+0000][2220][gc,phases   ] GC(50)   Pre Evacuate Collection Set: 0.1ms
[2022-04-08T13:42:16.139+0000][2220][gc,phases   ] GC(50)   Merge Heap Roots: 0.1ms
[2022-04-08T13:42:16.139+0000][2220][gc,phases   ] GC(50)   Evacuate Collection Set: 2.6ms
[2022-04-08T13:42:16.139+0000][2220][gc,phases   ] GC(50)   Post Evacuate Collection Set: 4.7ms
[2022-04-08T13:42:16.139+0000][2220][gc,phases   ] GC(50)   Other: 0.6ms
[2022-04-08T13:42:16.139+0000][2220][gc,heap     ] GC(50) Eden regions: 1219->0(1219)
[2022-04-08T13:42:16.139+0000][2220][gc,heap     ] GC(50) Survivor regions: 1->1(153)
[2022-04-08T13:42:16.139+0000][2220][gc,heap     ] GC(50) Old regions: 31->31
[2022-04-08T13:42:16.139+0000][2220][gc,heap     ] GC(50) Archive regions: 0->0
[2022-04-08T13:42:16.139+0000][2220][gc,heap     ] GC(50) Humongous regions: 5->5
[2022-04-08T13:42:16.139+0000][2220][gc,metaspace] GC(50) Metaspace: 134061K(136320K)->134061K(136320K) NonClass: 116298K(117568K)->116298K(117568K) Class: 17763K(18752K)->17763K(18752K)
[2022-04-08T13:42:16.139+0000][2220][gc          ] GC(50) Pause Young (Normal) (G1 Evacuation Pause) 5017M->142M(8136M) 8.399ms
[2022-04-08T13:42:16.139+0000][2220][gc,cpu      ] GC(50) User=0.06s Sys=0.00s Real=0.01s
[2022-04-08T13:42:16.139+0000][2220][safepoint   ] Safepoint "G1CollectForAllocation", Time since last: 41696983301 ns, Reaching safepoint: 129499 ns, At safepoint: 8558201 ns, Total: 8687700 ns
[2022-04-08T13:43:11.706+0000][2220][safepoint   ] Safepoint "Cleanup", Time since last: 55565612999 ns, Reaching safepoint: 52801 ns, At safepoint: 61300 ns, Total: 114101 ns
[2022-04-08T13:43:13.726+0000][2220][safepoint   ] Safepoint "Cleanup", Time since last: 2019800000 ns, Reaching safepoint: 53600 ns, At safepoint: 11200 ns, Total: 64800 ns
[2022-04-08T13:43:16.753+0000][2220][safepoint   ] Safepoint "Cleanup", Time since last: 3027650999 ns, Reaching safepoint: 46301 ns, At safepoint: 14899 ns, Total: 61200 ns
[2022-04-08T13:43:20.797+0000][2220][safepoint   ] Safepoint "Cleanup", Time since last: 4043670401 ns, Reaching safepoint: 145100 ns, At safepoint: 6400 ns, Total: 151500 ns
[2022-04-08T13:43:28.878+0000][2220][safepoint   ] Safepoint "Cleanup", Time since last: 8080658199 ns, Reaching safepoint: 77201 ns, At safepoint: 18600 ns, Total: 95801 ns
[2022-04-08T13:43:30.898+0000][2220][safepoint   ] Safepoint "Cleanup", Time since last: 2020354499 ns, Reaching safepoint: 53800 ns, At safepoint: 45101 ns, Total: 98901 ns
[2022-04-08T13:43:31.911+0000][2220][safepoint   ] Safepoint "Cleanup", Time since last: 1011919200 ns, Reaching safepoint: 124999 ns, At safepoint: 6501 ns, Total: 131500 ns
[2022-04-08T13:43:34.943+0000][2220][safepoint   ] Safepoint "Cleanup", Time since last: 3033001799 ns, Reaching safepoint: 54401 ns, At safepoint: 7200 ns, Total: 61601 ns
[2022-04-08T13:43:47.065+0000][2220][safepoint   ] Safepoint "Cleanup", Time since last: 12121690700 ns, Reaching safepoint: 36500 ns, At safepoint: 5800 ns, Total: 42300 ns
[2022-04-08T13:43:51.108+0000][2220][safepoint   ] Safepoint "Cleanup", Time since last: 4042064400 ns, Reaching safepoint: 137400 ns, At safepoint: 6200 ns, Total: 143600 ns
[2022-04-08T13:48:58.315+0000][2220][safepoint   ] Safepoint "Cleanup", Time since last: 307207983499 ns, Reaching safepoint: 57200 ns, At safepoint: 11301 ns, Total: 68501 ns
[2022-04-08T13:57:18.585+0000][2220][safepoint   ] Safepoint "Cleanup", Time since last: 500269070999 ns, Reaching safepoint: 46201 ns, At safepoint: 7000 ns, Total: 53201 ns
[2022-04-08T13:58:51.415+0000][2220][gc,start    ] GC(51) Pause Young (Normal) (G1 Evacuation Pause)
[2022-04-08T13:58:51.415+0000][2220][gc,task     ] GC(51) Using 4 workers of 4 for evacuation
[2022-04-08T13:58:51.415+0000][2220][gc,age      ] GC(51) Desired survivor size 320864256 bytes, new threshold 15 (max threshold 15)
[2022-04-08T13:58:51.420+0000][2220][gc,age      ] GC(51) Age table with threshold 15 (max threshold 15)
[2022-04-08T13:58:51.420+0000][2220][gc,age      ] GC(51) - age   1:    1994480 bytes,    1994480 total
[2022-04-08T13:58:51.420+0000][2220][gc,age      ] GC(51) - age   2:      79624 bytes,    2074104 total
[2022-04-08T13:58:51.420+0000][2220][gc,age      ] GC(51) - age   3:       1040 bytes,    2075144 total
[2022-04-08T13:58:51.420+0000][2220][gc,age      ] GC(51) - age   4:      14920 bytes,    2090064 total
[2022-04-08T13:58:51.420+0000][2220][gc,age      ] GC(51) - age   5:       4256 bytes,    2094320 total
[2022-04-08T13:58:51.420+0000][2220][gc,age      ] GC(51) - age   6:        232 bytes,    2094552 total
[2022-04-08T13:58:51.420+0000][2220][gc,age      ] GC(51) - age   7:        536 bytes,    2095088 total
[2022-04-08T13:58:51.420+0000][2220][gc,age      ] GC(51) - age   8:        144 bytes,    2095232 total
[2022-04-08T13:58:51.420+0000][2220][gc,age      ] GC(51) - age   9:       1240 bytes,    2096472 total
[2022-04-08T13:58:51.420+0000][2220][gc,age      ] GC(51) - age  10:       8064 bytes,    2104536 total
[2022-04-08T13:58:51.420+0000][2220][gc,age      ] GC(51) - age  11:        368 bytes,    2104904 total
[2022-04-08T13:58:51.420+0000][2220][gc,age      ] GC(51) - age  12:       1368 bytes,    2106272 total
[2022-04-08T13:58:51.420+0000][2220][gc,age      ] GC(51) - age  13:     132952 bytes,    2239224 total
[2022-04-08T13:58:51.420+0000][2220][gc,age      ] GC(51) - age  14:        280 bytes,    2239504 total
[2022-04-08T13:58:51.420+0000][2220][gc,age      ] GC(51) - age  15:       2448 bytes,    2241952 total
[2022-04-08T13:58:51.420+0000][2220][gc,phases   ] GC(51)   Pre Evacuate Collection Set: 0.2ms
[2022-04-08T13:58:51.420+0000][2220][gc,phases   ] GC(51)   Merge Heap Roots: 0.1ms
[2022-04-08T13:58:51.420+0000][2220][gc,phases   ] GC(51)   Evacuate Collection Set: 2.6ms
[2022-04-08T13:58:51.420+0000][2220][gc,phases   ] GC(51)   Post Evacuate Collection Set: 1.3ms
[2022-04-08T13:58:51.420+0000][2220][gc,phases   ] GC(51)   Other: 0.5ms
[2022-04-08T13:58:51.420+0000][2220][gc,heap     ] GC(51) Eden regions: 1219->0(1219)
[2022-04-08T13:58:51.420+0000][2220][gc,heap     ] GC(51) Survivor regions: 1->1(153)
[2022-04-08T13:58:51.420+0000][2220][gc,heap     ] GC(51) Old regions: 31->31
[2022-04-08T13:58:51.420+0000][2220][gc,heap     ] GC(51) Archive regions: 0->0
[2022-04-08T13:58:51.420+0000][2220][gc,heap     ] GC(51) Humongous regions: 5->5
[2022-04-08T13:58:51.420+0000][2220][gc,metaspace] GC(51) Metaspace: 134061K(136320K)->134061K(136320K) NonClass: 116298K(117568K)->116298K(117568K) Class: 17763K(18752K)->17763K(18752K)
[2022-04-08T13:58:51.420+0000][2220][gc          ] GC(51) Pause Young (Normal) (G1 Evacuation Pause) 5018M->142M(8136M) 4.738ms
[2022-04-08T13:58:51.420+0000][2220][gc,cpu      ] GC(51) User=0.00s Sys=0.00s Real=0.01s
[2022-04-08T13:58:51.420+0000][2220][safepoint   ] Safepoint "G1CollectForAllocation", Time since last: 92830547600 ns, Reaching safepoint: 109999 ns, At safepoint: 4819301 ns, Total: 4929300 ns
[2022-04-08T13:59:18.691+0000][2220][safepoint   ] Safepoint "Cleanup", Time since last: 27270519200 ns, Reaching safepoint: 81700 ns, At safepoint: 14600 ns, Total: 96300 ns
[2022-04-08T13:59:51.065+0000][2220][safepoint   ] Safepoint "Cleanup", Time since last: 32374122499 ns, Reaching safepoint: 69701 ns, At safepoint: 15600 ns, Total: 85301 ns
[2022-04-08T14:00:19.371+0000][2220][safepoint   ] Safepoint "Cleanup", Time since last: 28306022600 ns, Reaching safepoint: 49399 ns, At safepoint: 6901 ns, Total: 56300 ns
[2022-04-08T14:15:30.093+0000][2220][gc,start    ] GC(52) Pause Young (Normal) (G1 Evacuation Pause)
[2022-04-08T14:15:30.093+0000][2220][gc,task     ] GC(52) Using 4 workers of 4 for evacuation
[2022-04-08T14:15:30.093+0000][2220][gc,age      ] GC(52) Desired survivor size 320864256 bytes, new threshold 15 (max threshold 15)
[2022-04-08T14:15:30.097+0000][2220][gc,age      ] GC(52) Age table with threshold 15 (max threshold 15)
[2022-04-08T14:15:30.097+0000][2220][gc,age      ] GC(52) - age   1:    1978432 bytes,    1978432 total
[2022-04-08T14:15:30.097+0000][2220][gc,age      ] GC(52) - age   2:     107832 bytes,    2086264 total
[2022-04-08T14:15:30.097+0000][2220][gc,age      ] GC(52) - age   3:      76608 bytes,    2162872 total
[2022-04-08T14:15:30.097+0000][2220][gc,age      ] GC(52) - age   4:        952 bytes,    2163824 total
[2022-04-08T14:15:30.097+0000][2220][gc,age      ] GC(52) - age   5:      14800 bytes,    2178624 total
[2022-04-08T14:15:30.097+0000][2220][gc,age      ] GC(52) - age   6:       4112 bytes,    2182736 total
[2022-04-08T14:15:30.097+0000][2220][gc,age      ] GC(52) - age   7:        232 bytes,    2182968 total
[2022-04-08T14:15:30.097+0000][2220][gc,age      ] GC(52) - age   8:        536 bytes,    2183504 total
[2022-04-08T14:15:30.097+0000][2220][gc,age      ] GC(52) - age  10:       1240 bytes,    2184744 total
[2022-04-08T14:15:30.097+0000][2220][gc,age      ] GC(52) - age  11:         48 bytes,    2184792 total
[2022-04-08T14:15:30.097+0000][2220][gc,age      ] GC(52) - age  12:        368 bytes,    2185160 total
[2022-04-08T14:15:30.097+0000][2220][gc,age      ] GC(52) - age  13:       1368 bytes,    2186528 total
[2022-04-08T14:15:30.097+0000][2220][gc,age      ] GC(52) - age  14:     132952 bytes,    2319480 total
[2022-04-08T14:15:30.097+0000][2220][gc,age      ] GC(52) - age  15:        280 bytes,    2319760 total
[2022-04-08T14:15:30.098+0000][2220][gc,phases   ] GC(52)   Pre Evacuate Collection Set: 0.1ms
[2022-04-08T14:15:30.098+0000][2220][gc,phases   ] GC(52)   Merge Heap Roots: 0.1ms
[2022-04-08T14:15:30.098+0000][2220][gc,phases   ] GC(52)   Evacuate Collection Set: 2.6ms
[2022-04-08T14:15:30.098+0000][2220][gc,phases   ] GC(52)   Post Evacuate Collection Set: 1.4ms
[2022-04-08T14:15:30.098+0000][2220][gc,phases   ] GC(52)   Other: 0.5ms
[2022-04-08T14:15:30.098+0000][2220][gc,heap     ] GC(52) Eden regions: 1219->0(1219)
[2022-04-08T14:15:30.098+0000][2220][gc,heap     ] GC(52) Survivor regions: 1->1(153)
[2022-04-08T14:15:30.098+0000][2220][gc,heap     ] GC(52) Old regions: 31->31
[2022-04-08T14:15:30.098+0000][2220][gc,heap     ] GC(52) Archive regions: 0->0
[2022-04-08T14:15:30.098+0000][2220][gc,heap     ] GC(52) Humongous regions: 5->5
[2022-04-08T14:15:30.098+0000][2220][gc,metaspace] GC(52) Metaspace: 134069K(136320K)->134069K(136320K) NonClass: 116306K(117568K)->116306K(117568K) Class: 17763K(18752K)->17763K(18752K)
[2022-04-08T14:15:30.098+0000][2220][gc          ] GC(52) Pause Young (Normal) (G1 Evacuation Pause) 5018M->142M(8136M) 4.871ms
[2022-04-08T14:15:30.098+0000][2220][gc,cpu      ] GC(52) User=0.00s Sys=0.00s Real=0.01s
[2022-04-08T14:15:30.098+0000][2220][safepoint   ] Safepoint "G1CollectForAllocation", Time since last: 910722229800 ns, Reaching safepoint: 107600 ns, At safepoint: 5001200 ns, Total: 5108800 ns
[2022-04-08T14:15:31.108+0000][2220][safepoint   ] Safepoint "Cleanup", Time since last: 1010057900 ns, Reaching safepoint: 108200 ns, At safepoint: 34200 ns, Total: 142400 ns
[2022-04-08T14:29:19.851+0000][2220][safepoint   ] Safepoint "Cleanup", Time since last: 828741903500 ns, Reaching safepoint: 486400 ns, At safepoint: 11199 ns, Total: 497599 ns
[2022-04-08T14:32:07.582+0000][2220][gc,start    ] GC(53) Pause Young (Normal) (G1 Evacuation Pause)
[2022-04-08T14:32:07.582+0000][2220][gc,task     ] GC(53) Using 4 workers of 4 for evacuation
[2022-04-08T14:32:07.582+0000][2220][gc,age      ] GC(53) Desired survivor size 320864256 bytes, new threshold 15 (max threshold 15)
[2022-04-08T14:32:07.586+0000][2220][gc,age      ] GC(53) Age table with threshold 15 (max threshold 15)
[2022-04-08T14:32:07.586+0000][2220][gc,age      ] GC(53) - age   1:    1107800 bytes,    1107800 total
[2022-04-08T14:32:07.586+0000][2220][gc,age      ] GC(53) - age   2:       9888 bytes,    1117688 total
[2022-04-08T14:32:07.586+0000][2220][gc,age      ] GC(53) - age   3:     105880 bytes,    1223568 total
[2022-04-08T14:32:07.586+0000][2220][gc,age      ] GC(53) - age   4:      76080 bytes,    1299648 total
[2022-04-08T14:32:07.586+0000][2220][gc,age      ] GC(53) - age   5:        856 bytes,    1300504 total
[2022-04-08T14:32:07.586+0000][2220][gc,age      ] GC(53) - age   6:      14600 bytes,    1315104 total
[2022-04-08T14:32:07.586+0000][2220][gc,age      ] GC(53) - age   7:       3968 bytes,    1319072 total
[2022-04-08T14:32:07.586+0000][2220][gc,age      ] GC(53) - age   8:        232 bytes,    1319304 total
[2022-04-08T14:32:07.586+0000][2220][gc,age      ] GC(53) - age   9:        536 bytes,    1319840 total
[2022-04-08T14:32:07.586+0000][2220][gc,age      ] GC(53) - age  11:       1240 bytes,    1321080 total
[2022-04-08T14:32:07.586+0000][2220][gc,age      ] GC(53) - age  12:         48 bytes,    1321128 total
[2022-04-08T14:32:07.586+0000][2220][gc,age      ] GC(53) - age  13:        368 bytes,    1321496 total
[2022-04-08T14:32:07.586+0000][2220][gc,age      ] GC(53) - age  14:       1368 bytes,    1322864 total
[2022-04-08T14:32:07.586+0000][2220][gc,age      ] GC(53) - age  15:     132952 bytes,    1455816 total
[2022-04-08T14:32:07.586+0000][2220][gc,phases   ] GC(53)   Pre Evacuate Collection Set: 0.1ms
[2022-04-08T14:32:07.586+0000][2220][gc,phases   ] GC(53)   Merge Heap Roots: 0.1ms
[2022-04-08T14:32:07.586+0000][2220][gc,phases   ] GC(53)   Evacuate Collection Set: 2.2ms
[2022-04-08T14:32:07.586+0000][2220][gc,phases   ] GC(53)   Post Evacuate Collection Set: 1.4ms
[2022-04-08T14:32:07.586+0000][2220][gc,phases   ] GC(53)   Other: 0.5ms
[2022-04-08T14:32:07.586+0000][2220][gc,heap     ] GC(53) Eden regions: 1219->0(1219)
[2022-04-08T14:32:07.586+0000][2220][gc,heap     ] GC(53) Survivor regions: 1->1(153)
[2022-04-08T14:32:07.586+0000][2220][gc,heap     ] GC(53) Old regions: 31->31
[2022-04-08T14:32:07.586+0000][2220][gc,heap     ] GC(53) Archive regions: 0->0
[2022-04-08T14:32:07.586+0000][2220][gc,heap     ] GC(53) Humongous regions: 5->5
[2022-04-08T14:32:07.586+0000][2220][gc,metaspace] GC(53) Metaspace: 134077K(136320K)->134077K(136320K) NonClass: 116314K(117568K)->116314K(117568K) Class: 17763K(18752K)->17763K(18752K)
[2022-04-08T14:32:07.586+0000][2220][gc          ] GC(53) Pause Young (Normal) (G1 Evacuation Pause) 5018M->141M(8136M) 4.494ms
[2022-04-08T14:32:07.586+0000][2220][gc,cpu      ] GC(53) User=0.00s Sys=0.00s Real=0.00s
[2022-04-08T14:32:07.586+0000][2220][safepoint   ] Safepoint "G1CollectForAllocation", Time since last: 167730634301 ns, Reaching safepoint: 110300 ns, At safepoint: 4592200 ns, Total: 4702500 ns
[2022-04-08T14:36:19.236+0000][2220][safepoint   ] Safepoint "Cleanup", Time since last: 251649860799 ns, Reaching safepoint: 76001 ns, At safepoint: 11200 ns, Total: 87201 ns
[2022-04-08T14:39:05.990+0000][2220][safepoint   ] Safepoint "Cleanup", Time since last: 166753963500 ns, Reaching safepoint: 51500 ns, At safepoint: 8500 ns, Total: 60000 ns
[2022-04-08T14:39:36.302+0000][2220][safepoint   ] Safepoint "Cleanup", Time since last: 30311807700 ns, Reaching safepoint: 43400 ns, At safepoint: 16900 ns, Total: 60300 ns
[2022-04-08T14:43:19.679+0000][2220][safepoint   ] Safepoint "Cleanup", Time since last: 223377347800 ns, Reaching safepoint: 57200 ns, At safepoint: 23900 ns, Total: 81100 ns
[2022-04-08T14:44:19.309+0000][2220][safepoint   ] Safepoint "Cleanup", Time since last: 59629387900 ns, Reaching safepoint: 60900 ns, At safepoint: 6900 ns, Total: 67800 ns
[2022-04-08T14:44:30.434+0000][2220][safepoint   ] Safepoint "Cleanup", Time since last: 11124687300 ns, Reaching safepoint: 45900 ns, At safepoint: 8300 ns, Total: 54200 ns
[2022-04-08T14:48:18.879+0000][2220][safepoint   ] Safepoint "Cleanup", Time since last: 228444926400 ns, Reaching safepoint: 49000 ns, At safepoint: 7900 ns, Total: 56900 ns
[2022-04-08T14:48:37.106+0000][2220][gc,start    ] GC(54) Pause Young (Normal) (G1 Evacuation Pause)
[2022-04-08T14:48:37.106+0000][2220][gc,task     ] GC(54) Using 4 workers of 4 for evacuation
[2022-04-08T14:48:37.106+0000][2220][gc,age      ] GC(54) Desired survivor size 320864256 bytes, new threshold 15 (max threshold 15)
[2022-04-08T14:48:37.114+0000][2220][gc,age      ] GC(54) Age table with threshold 15 (max threshold 15)
[2022-04-08T14:48:37.114+0000][2220][gc,age      ] GC(54) - age   1:    2118752 bytes,    2118752 total
[2022-04-08T14:48:37.114+0000][2220][gc,age      ] GC(54) - age   2:       2344 bytes,    2121096 total
[2022-04-08T14:48:37.114+0000][2220][gc,age      ] GC(54) - age   3:       8448 bytes,    2129544 total
[2022-04-08T14:48:37.114+0000][2220][gc,age      ] GC(54) - age   4:       2480 bytes,    2132024 total
[2022-04-08T14:48:37.114+0000][2220][gc,age      ] GC(54) - age   5:        208 bytes,    2132232 total
[2022-04-08T14:48:37.114+0000][2220][gc,age      ] GC(54) - age   6:        288 bytes,    2132520 total
[2022-04-08T14:48:37.114+0000][2220][gc,age      ] GC(54) - age   7:       5744 bytes,    2138264 total
[2022-04-08T14:48:37.114+0000][2220][gc,age      ] GC(54) - age   8:       3936 bytes,    2142200 total
[2022-04-08T14:48:37.114+0000][2220][gc,age      ] GC(54) - age   9:        232 bytes,    2142432 total
[2022-04-08T14:48:37.114+0000][2220][gc,age      ] GC(54) - age  10:        536 bytes,    2142968 total
[2022-04-08T14:48:37.114+0000][2220][gc,age      ] GC(54) - age  12:       1240 bytes,    2144208 total
[2022-04-08T14:48:37.114+0000][2220][gc,age      ] GC(54) - age  13:         48 bytes,    2144256 total
[2022-04-08T14:48:37.114+0000][2220][gc,age      ] GC(54) - age  14:        368 bytes,    2144624 total
[2022-04-08T14:48:37.114+0000][2220][gc,age      ] GC(54) - age  15:       1048 bytes,    2145672 total
[2022-04-08T14:48:37.114+0000][2220][gc,phases   ] GC(54)   Pre Evacuate Collection Set: 0.2ms
[2022-04-08T14:48:37.114+0000][2220][gc,phases   ] GC(54)   Merge Heap Roots: 0.1ms
[2022-04-08T14:48:37.114+0000][2220][gc,phases   ] GC(54)   Evacuate Collection Set: 2.6ms
[2022-04-08T14:48:37.114+0000][2220][gc,phases   ] GC(54)   Post Evacuate Collection Set: 4.7ms
[2022-04-08T14:48:37.114+0000][2220][gc,phases   ] GC(54)   Other: 0.5ms
[2022-04-08T14:48:37.114+0000][2220][gc,heap     ] GC(54) Eden regions: 1219->0(1219)
[2022-04-08T14:48:37.114+0000][2220][gc,heap     ] GC(54) Survivor regions: 1->1(153)
[2022-04-08T14:48:37.114+0000][2220][gc,heap     ] GC(54) Old regions: 31->31
[2022-04-08T14:48:37.114+0000][2220][gc,heap     ] GC(54) Archive regions: 0->0
[2022-04-08T14:48:37.114+0000][2220][gc,heap     ] GC(54) Humongous regions: 5->5
[2022-04-08T14:48:37.114+0000][2220][gc,metaspace] GC(54) Metaspace: 134097K(136320K)->134097K(136320K) NonClass: 116333K(117568K)->116333K(117568K) Class: 17763K(18752K)->17763K(18752K)
[2022-04-08T14:48:37.114+0000][2220][gc          ] GC(54) Pause Young (Normal) (G1 Evacuation Pause) 5017M->142M(8136M) 8.219ms
[2022-04-08T14:48:37.114+0000][2220][gc,cpu      ] GC(54) User=0.00s Sys=0.00s Real=0.01s
[2022-04-08T14:48:37.114+0000][2220][safepoint   ] Safepoint "G1CollectForAllocation", Time since last: 18227049200 ns, Reaching safepoint: 109800 ns, At safepoint: 8304700 ns, Total: 8414500 ns
[2022-04-08T14:50:54.511+0000][2220][safepoint   ] Safepoint "Cleanup", Time since last: 137396381000 ns, Reaching safepoint: 94200 ns, At safepoint: 12600 ns, Total: 106800 ns
[2022-04-08T14:50:59.572+0000][2220][safepoint   ] Safepoint "Cleanup", Time since last: 5061193500 ns, Reaching safepoint: 69100 ns, At safepoint: 8600 ns, Total: 77700 ns
[2022-04-08T14:52:27.535+0000][2220][safepoint   ] Safepoint "Cleanup", Time since last: 87963578900 ns, Reaching safepoint: 52600 ns, At safepoint: 7800 ns, Total: 60400 ns
[2022-04-08T14:58:58.692+0000][2220][safepoint   ] Safepoint "Cleanup", Time since last: 391156880900 ns, Reaching safepoint: 89900 ns, At safepoint: 14400 ns, Total: 104300 ns
[2022-04-08T15:05:11.967+0000][2220][gc,start    ] GC(55) Pause Young (Normal) (G1 Evacuation Pause)
[2022-04-08T15:05:11.967+0000][2220][gc,task     ] GC(55) Using 4 workers of 4 for evacuation
[2022-04-08T15:05:11.967+0000][2220][gc,age      ] GC(55) Desired survivor size 320864256 bytes, new threshold 15 (max threshold 15)
[2022-04-08T15:05:11.975+0000][2220][gc,age      ] GC(55) Age table with threshold 15 (max threshold 15)
[2022-04-08T15:05:11.975+0000][2220][gc,age      ] GC(55) - age   1:    1206856 bytes,    1206856 total
[2022-04-08T15:05:11.975+0000][2220][gc,age      ] GC(55) - age   2:     207984 bytes,    1414840 total
[2022-04-08T15:05:11.975+0000][2220][gc,age      ] GC(55) - age   3:        528 bytes,    1415368 total
[2022-04-08T15:05:11.975+0000][2220][gc,age      ] GC(55) - age   4:       8304 bytes,    1423672 total
[2022-04-08T15:05:11.975+0000][2220][gc,age      ] GC(55) - age   5:       2208 bytes,    1425880 total
[2022-04-08T15:05:11.975+0000][2220][gc,age      ] GC(55) - age   6:        208 bytes,    1426088 total
[2022-04-08T15:05:11.975+0000][2220][gc,age      ] GC(55) - age   7:        288 bytes,    1426376 total
[2022-04-08T15:05:11.975+0000][2220][gc,age      ] GC(55) - age   8:       5744 bytes,    1432120 total
[2022-04-08T15:05:11.975+0000][2220][gc,age      ] GC(55) - age   9:       3936 bytes,    1436056 total
[2022-04-08T15:05:11.975+0000][2220][gc,age      ] GC(55) - age  10:        232 bytes,    1436288 total
[2022-04-08T15:05:11.975+0000][2220][gc,age      ] GC(55) - age  11:        392 bytes,    1436680 total
[2022-04-08T15:05:11.975+0000][2220][gc,age      ] GC(55) - age  13:       1240 bytes,    1437920 total
[2022-04-08T15:05:11.975+0000][2220][gc,age      ] GC(55) - age  14:         48 bytes,    1437968 total
[2022-04-08T15:05:11.975+0000][2220][gc,age      ] GC(55) - age  15:        368 bytes,    1438336 total
[2022-04-08T15:05:11.975+0000][2220][gc,phases   ] GC(55)   Pre Evacuate Collection Set: 0.1ms
[2022-04-08T15:05:11.975+0000][2220][gc,phases   ] GC(55)   Merge Heap Roots: 0.1ms
[2022-04-08T15:05:11.975+0000][2220][gc,phases   ] GC(55)   Evacuate Collection Set: 2.1ms
[2022-04-08T15:05:11.975+0000][2220][gc,phases   ] GC(55)   Post Evacuate Collection Set: 5.5ms
[2022-04-08T15:05:11.975+0000][2220][gc,phases   ] GC(55)   Other: 0.5ms
[2022-04-08T15:05:11.975+0000][2220][gc,heap     ] GC(55) Eden regions: 1219->0(1219)
[2022-04-08T15:05:11.975+0000][2220][gc,heap     ] GC(55) Survivor regions: 1->1(153)
[2022-04-08T15:05:11.975+0000][2220][gc,heap     ] GC(55) Old regions: 31->31
[2022-04-08T15:05:11.975+0000][2220][gc,heap     ] GC(55) Archive regions: 0->0
[2022-04-08T15:05:11.975+0000][2220][gc,heap     ] GC(55) Humongous regions: 5->5
[2022-04-08T15:05:11.975+0000][2220][gc,metaspace] GC(55) Metaspace: 134102K(136320K)->134102K(136320K) NonClass: 116339K(117568K)->116339K(117568K) Class: 17763K(18752K)->17763K(18752K)
[2022-04-08T15:05:11.975+0000][2220][gc          ] GC(55) Pause Young (Normal) (G1 Evacuation Pause) 5018M->141M(8136M) 8.424ms
[2022-04-08T15:05:11.975+0000][2220][gc,cpu      ] GC(55) User=0.00s Sys=0.00s Real=0.01s
[2022-04-08T15:05:11.975+0000][2220][safepoint   ] Safepoint "G1CollectForAllocation", Time since last: 373274520800 ns, Reaching safepoint: 108400 ns, At safepoint: 8516300 ns, Total: 8624700 ns
[2022-04-08T15:05:17.021+0000][2220][safepoint   ] Safepoint "Cleanup", Time since last: 5044659400 ns, Reaching safepoint: 63800 ns, At safepoint: 21100 ns, Total: 84900 ns
[2022-04-08T15:07:16.967+0000][2220][safepoint   ] Safepoint "Cleanup", Time since last: 119946446500 ns, Reaching safepoint: 137600 ns, At safepoint: 8300 ns, Total: 145900 ns
[2022-04-08T15:15:19.086+0000][2220][safepoint   ] Safepoint "Cleanup", Time since last: 482118497800 ns, Reaching safepoint: 54900 ns, At safepoint: 8500 ns, Total: 63400 ns
[2022-04-08T15:21:02.795+0000][2220][safepoint   ] Safepoint "Cleanup", Time since last: 343709484200 ns, Reaching safepoint: 61700 ns, At safepoint: 14200 ns, Total: 75900 ns
[2022-04-08T15:21:17.717+0000][2220][gc,start    ] GC(56) Pause Young (Normal) (G1 Evacuation Pause)
[2022-04-08T15:21:17.717+0000][2220][gc,task     ] GC(56) Using 4 workers of 4 for evacuation
[2022-04-08T15:21:17.717+0000][2220][gc,age      ] GC(56) Desired survivor size 320864256 bytes, new threshold 15 (max threshold 15)
[2022-04-08T15:21:17.725+0000][2220][gc,age      ] GC(56) Age table with threshold 15 (max threshold 15)
[2022-04-08T15:21:17.725+0000][2220][gc,age      ] GC(56) - age   1:     936488 bytes,     936488 total
[2022-04-08T15:21:17.725+0000][2220][gc,age      ] GC(56) - age   2:      10224 bytes,     946712 total
[2022-04-08T15:21:17.725+0000][2220][gc,age      ] GC(56) - age   3:     205920 bytes,    1152632 total
[2022-04-08T15:21:17.725+0000][2220][gc,age      ] GC(56) - age   4:        432 bytes,    1153064 total
[2022-04-08T15:21:17.725+0000][2220][gc,age      ] GC(56) - age   5:       8160 bytes,    1161224 total
[2022-04-08T15:21:17.725+0000][2220][gc,age      ] GC(56) - age   6:       2064 bytes,    1163288 total
[2022-04-08T15:21:17.725+0000][2220][gc,age      ] GC(56) - age   7:        208 bytes,    1163496 total
[2022-04-08T15:21:17.725+0000][2220][gc,age      ] GC(56) - age   8:        144 bytes,    1163640 total
[2022-04-08T15:21:17.725+0000][2220][gc,age      ] GC(56) - age   9:       5744 bytes,    1169384 total
[2022-04-08T15:21:17.725+0000][2220][gc,age      ] GC(56) - age  10:       3936 bytes,    1173320 total
[2022-04-08T15:21:17.725+0000][2220][gc,age      ] GC(56) - age  11:        232 bytes,    1173552 total
[2022-04-08T15:21:17.725+0000][2220][gc,age      ] GC(56) - age  12:        392 bytes,    1173944 total
[2022-04-08T15:21:17.725+0000][2220][gc,age      ] GC(56) - age  14:       1240 bytes,    1175184 total
[2022-04-08T15:21:17.725+0000][2220][gc,age      ] GC(56) - age  15:         48 bytes,    1175232 total
[2022-04-08T15:21:17.725+0000][2220][gc,phases   ] GC(56)   Pre Evacuate Collection Set: 0.1ms
[2022-04-08T15:21:17.725+0000][2220][gc,phases   ] GC(56)   Merge Heap Roots: 0.1ms
[2022-04-08T15:21:17.725+0000][2220][gc,phases   ] GC(56)   Evacuate Collection Set: 1.9ms
[2022-04-08T15:21:17.725+0000][2220][gc,phases   ] GC(56)   Post Evacuate Collection Set: 5.4ms
[2022-04-08T15:21:17.725+0000][2220][gc,phases   ] GC(56)   Other: 0.4ms
[2022-04-08T15:21:17.725+0000][2220][gc,heap     ] GC(56) Eden regions: 1219->0(1219)
[2022-04-08T15:21:17.725+0000][2220][gc,heap     ] GC(56) Survivor regions: 1->1(153)
[2022-04-08T15:21:17.725+0000][2220][gc,heap     ] GC(56) Old regions: 31->31
[2022-04-08T15:21:17.725+0000][2220][gc,heap     ] GC(56) Archive regions: 0->0
[2022-04-08T15:21:17.725+0000][2220][gc,heap     ] GC(56) Humongous regions: 5->5
[2022-04-08T15:21:17.725+0000][2220][gc,metaspace] GC(56) Metaspace: 134103K(136320K)->134103K(136320K) NonClass: 116340K(117568K)->116340K(117568K) Class: 17763K(18752K)->17763K(18752K)
[2022-04-08T15:21:17.725+0000][2220][gc          ] GC(56) Pause Young (Normal) (G1 Evacuation Pause) 5017M->141M(8136M) 8.118ms
[2022-04-08T15:21:17.725+0000][2220][gc,cpu      ] GC(56) User=0.00s Sys=0.00s Real=0.01s
[2022-04-08T15:21:17.725+0000][2220][safepoint   ] Safepoint "G1CollectForAllocation", Time since last: 14922026300 ns, Reaching safepoint: 72300 ns, At safepoint: 8213900 ns, Total: 8286200 ns
[2022-04-08T15:37:31.873+0000][2220][gc,start    ] GC(57) Pause Young (Normal) (G1 Evacuation Pause)
[2022-04-08T15:37:31.873+0000][2220][gc,task     ] GC(57) Using 4 workers of 4 for evacuation
[2022-04-08T15:37:31.873+0000][2220][gc,age      ] GC(57) Desired survivor size 320864256 bytes, new threshold 15 (max threshold 15)
[2022-04-08T15:37:31.881+0000][2220][gc,age      ] GC(57) Age table with threshold 15 (max threshold 15)
[2022-04-08T15:37:31.881+0000][2220][gc,age      ] GC(57) - age   1:    1671040 bytes,    1671040 total
[2022-04-08T15:37:31.881+0000][2220][gc,age      ] GC(57) - age   2:       4152 bytes,    1675192 total
[2022-04-08T15:37:31.881+0000][2220][gc,age      ] GC(57) - age   3:       9000 bytes,    1684192 total
[2022-04-08T15:37:31.881+0000][2220][gc,age      ] GC(57) - age   4:     205800 bytes,    1889992 total
[2022-04-08T15:37:31.881+0000][2220][gc,age      ] GC(57) - age   5:        144 bytes,    1890136 total
[2022-04-08T15:37:31.881+0000][2220][gc,age      ] GC(57) - age   6:       8016 bytes,    1898152 total
[2022-04-08T15:37:31.881+0000][2220][gc,age      ] GC(57) - age   7:       2064 bytes,    1900216 total
[2022-04-08T15:37:31.881+0000][2220][gc,age      ] GC(57) - age   8:         64 bytes,    1900280 total
[2022-04-08T15:37:31.881+0000][2220][gc,age      ] GC(57) - age   9:        144 bytes,    1900424 total
[2022-04-08T15:37:31.881+0000][2220][gc,age      ] GC(57) - age  10:       5360 bytes,    1905784 total
[2022-04-08T15:37:31.881+0000][2220][gc,age      ] GC(57) - age  11:       3936 bytes,    1909720 total
[2022-04-08T15:37:31.881+0000][2220][gc,age      ] GC(57) - age  12:        232 bytes,    1909952 total
[2022-04-08T15:37:31.881+0000][2220][gc,age      ] GC(57) - age  13:        392 bytes,    1910344 total
[2022-04-08T15:37:31.881+0000][2220][gc,age      ] GC(57) - age  15:       1240 bytes,    1911584 total
[2022-04-08T15:37:31.881+0000][2220][gc,phases   ] GC(57)   Pre Evacuate Collection Set: 0.1ms
[2022-04-08T15:37:31.881+0000][2220][gc,phases   ] GC(57)   Merge Heap Roots: 0.1ms
[2022-04-08T15:37:31.881+0000][2220][gc,phases   ] GC(57)   Evacuate Collection Set: 2.5ms
[2022-04-08T15:37:31.881+0000][2220][gc,phases   ] GC(57)   Post Evacuate Collection Set: 4.9ms
[2022-04-08T15:37:31.881+0000][2220][gc,phases   ] GC(57)   Other: 0.5ms
[2022-04-08T15:37:31.881+0000][2220][gc,heap     ] GC(57) Eden regions: 1219->0(1219)
[2022-04-08T15:37:31.881+0000][2220][gc,heap     ] GC(57) Survivor regions: 1->1(153)
[2022-04-08T15:37:31.881+0000][2220][gc,heap     ] GC(57) Old regions: 31->31
[2022-04-08T15:37:31.881+0000][2220][gc,heap     ] GC(57) Archive regions: 0->0
[2022-04-08T15:37:31.881+0000][2220][gc,heap     ] GC(57) Humongous regions: 5->5
[2022-04-08T15:37:31.881+0000][2220][gc,metaspace] GC(57) Metaspace: 134110K(136320K)->134110K(136320K) NonClass: 116346K(117568K)->116346K(117568K) Class: 17763K(18752K)->17763K(18752K)
[2022-04-08T15:37:31.881+0000][2220][gc          ] GC(57) Pause Young (Normal) (G1 Evacuation Pause) 5017M->142M(8136M) 8.303ms
[2022-04-08T15:37:31.881+0000][2220][gc,cpu      ] GC(57) User=0.00s Sys=0.00s Real=0.01s
[2022-04-08T15:37:31.881+0000][2220][safepoint   ] Safepoint "G1CollectForAllocation", Time since last: 974147062200 ns, Reaching safepoint: 109800 ns, At safepoint: 8394700 ns, Total: 8504500 ns
[2022-04-08T15:41:20.233+0000][2220][safepoint   ] Safepoint "Cleanup", Time since last: 228351496700 ns, Reaching safepoint: 81200 ns, At safepoint: 13800 ns, Total: 95000 ns
[2022-04-08T15:46:18.390+0000][2220][safepoint   ] Safepoint "Cleanup", Time since last: 298157575500 ns, Reaching safepoint: 51400 ns, At safepoint: 8200 ns, Total: 59600 ns
[2022-04-08T15:46:19.402+0000][2220][safepoint   ] Safepoint "Cleanup", Time since last: 1011236300 ns, Reaching safepoint: 55200 ns, At safepoint: 7100 ns, Total: 62300 ns
[2022-04-08T15:53:19.716+0000][2220][safepoint   ] Safepoint "Cleanup", Time since last: 420313790500 ns, Reaching safepoint: 116700 ns, At safepoint: 6600 ns, Total: 123300 ns
[2022-04-08T15:53:48.168+0000][2220][gc,start    ] GC(58) Pause Young (Normal) (G1 Evacuation Pause)
[2022-04-08T15:53:48.168+0000][2220][gc,task     ] GC(58) Using 4 workers of 4 for evacuation
[2022-04-08T15:53:48.168+0000][2220][gc,age      ] GC(58) Desired survivor size 320864256 bytes, new threshold 15 (max threshold 15)
[2022-04-08T15:53:48.172+0000][2220][gc,age      ] GC(58) Age table with threshold 15 (max threshold 15)
[2022-04-08T15:53:48.172+0000][2220][gc,age      ] GC(58) - age   1:    1612016 bytes,    1612016 total
[2022-04-08T15:53:48.172+0000][2220][gc,age      ] GC(58) - age   2:       2304 bytes,    1614320 total
[2022-04-08T15:53:48.172+0000][2220][gc,age      ] GC(58) - age   3:        800 bytes,    1615120 total
[2022-04-08T15:53:48.172+0000][2220][gc,age      ] GC(58) - age   4:        408 bytes,    1615528 total
[2022-04-08T15:53:48.172+0000][2220][gc,age      ] GC(58) - age   5:      35328 bytes,    1650856 total
[2022-04-08T15:53:48.172+0000][2220][gc,age      ] GC(58) - age   8:       1872 bytes,    1652728 total
[2022-04-08T15:53:48.172+0000][2220][gc,age      ] GC(58) - age   9:         40 bytes,    1652768 total
[2022-04-08T15:53:48.172+0000][2220][gc,age      ] GC(58) - age  10:        144 bytes,    1652912 total
[2022-04-08T15:53:48.172+0000][2220][gc,age      ] GC(58) - age  11:       5296 bytes,    1658208 total
[2022-04-08T15:53:48.172+0000][2220][gc,age      ] GC(58) - age  12:       3936 bytes,    1662144 total
[2022-04-08T15:53:48.172+0000][2220][gc,age      ] GC(58) - age  13:        232 bytes,    1662376 total
[2022-04-08T15:53:48.172+0000][2220][gc,age      ] GC(58) - age  14:        392 bytes,    1662768 total
[2022-04-08T15:53:48.172+0000][2220][gc,phases   ] GC(58)   Pre Evacuate Collection Set: 0.2ms
[2022-04-08T15:53:48.172+0000][2220][gc,phases   ] GC(58)   Merge Heap Roots: 0.1ms
[2022-04-08T15:53:48.172+0000][2220][gc,phases   ] GC(58)   Evacuate Collection Set: 2.3ms
[2022-04-08T15:53:48.172+0000][2220][gc,phases   ] GC(58)   Post Evacuate Collection Set: 1.2ms
[2022-04-08T15:53:48.172+0000][2220][gc,phases   ] GC(58)   Other: 0.5ms
[2022-04-08T15:53:48.172+0000][2220][gc,heap     ] GC(58) Eden regions: 1219->0(1219)
[2022-04-08T15:53:48.172+0000][2220][gc,heap     ] GC(58) Survivor regions: 1->1(153)
[2022-04-08T15:53:48.172+0000][2220][gc,heap     ] GC(58) Old regions: 31->31
[2022-04-08T15:53:48.172+0000][2220][gc,heap     ] GC(58) Archive regions: 0->0
[2022-04-08T15:53:48.172+0000][2220][gc,heap     ] GC(58) Humongous regions: 5->5
[2022-04-08T15:53:48.172+0000][2220][gc,metaspace] GC(58) Metaspace: 134116K(136384K)->134116K(136384K) NonClass: 116352K(117632K)->116352K(117632K) Class: 17764K(18752K)->17764K(18752K)
[2022-04-08T15:53:48.172+0000][2220][gc          ] GC(58) Pause Young (Normal) (G1 Evacuation Pause) 5018M->142M(8136M) 4.532ms
[2022-04-08T15:53:48.172+0000][2220][gc,cpu      ] GC(58) User=0.00s Sys=0.00s Real=0.00s
[2022-04-08T15:53:48.172+0000][2220][safepoint   ] Safepoint "G1CollectForAllocation", Time since last: 28452028400 ns, Reaching safepoint: 105800 ns, At safepoint: 4661900 ns, Total: 4767700 ns
[2022-04-08T15:56:20.162+0000][2220][safepoint   ] Safepoint "Cleanup", Time since last: 151989882900 ns, Reaching safepoint: 52900 ns, At safepoint: 22700 ns, Total: 75600 ns
[2022-04-08T15:59:27.527+0000][2220][safepoint   ] Safepoint "Cleanup", Time since last: 187364961400 ns, Reaching safepoint: 63200 ns, At safepoint: 6900 ns, Total: 70100 ns
[2022-04-08T15:59:32.573+0000][2220][safepoint   ] Safepoint "Cleanup", Time since last: 5045982900 ns, Reaching safepoint: 51100 ns, At safepoint: 14900 ns, Total: 66000 ns
[2022-04-08T15:59:40.647+0000][2220][safepoint   ] Safepoint "Cleanup", Time since last: 8073723200 ns, Reaching safepoint: 50000 ns, At safepoint: 10000 ns, Total: 60000 ns
[2022-04-08T16:00:23.959+0000][2220][safepoint   ] Safepoint "Cleanup", Time since last: 43310848200 ns, Reaching safepoint: 944600 ns, At safepoint: 22100 ns, Total: 966700 ns
[2022-04-08T16:00:24.959+0000][2220][safepoint   ] Safepoint "Cleanup", Time since last: 1000323400 ns, Reaching safepoint: 51500 ns, At safepoint: 10300 ns, Total: 61800 ns
[2022-04-08T16:06:24.340+0000][2220][safepoint   ] Safepoint "Cleanup", Time since last: 359380631800 ns, Reaching safepoint: 55700 ns, At safepoint: 10200 ns, Total: 65900 ns
[2022-04-08T16:07:59.098+0000][2220][safepoint   ] Safepoint "Cleanup", Time since last: 94757730200 ns, Reaching safepoint: 62800 ns, At safepoint: 10600 ns, Total: 73400 ns
[2022-04-08T16:08:59.404+0000][2220][gc,start    ] GC(59) Pause Young (Normal) (G1 Evacuation Pause)
[2022-04-08T16:08:59.404+0000][2220][gc,task     ] GC(59) Using 4 workers of 4 for evacuation
[2022-04-08T16:08:59.404+0000][2220][gc,age      ] GC(59) Desired survivor size 320864256 bytes, new threshold 15 (max threshold 15)
[2022-04-08T16:08:59.414+0000][2220][gc,age      ] GC(59) Age table with threshold 15 (max threshold 15)
[2022-04-08T16:08:59.415+0000][2220][gc,age      ] GC(59) - age   1:    3348408 bytes,    3348408 total
[2022-04-08T16:08:59.415+0000][2220][gc,age      ] GC(59) - age   2:      40128 bytes,    3388536 total
[2022-04-08T16:08:59.415+0000][2220][gc,age      ] GC(59) - age   3:        488 bytes,    3389024 total
[2022-04-08T16:08:59.415+0000][2220][gc,age      ] GC(59) - age   4:        528 bytes,    3389552 total
[2022-04-08T16:08:59.415+0000][2220][gc,age      ] GC(59) - age   5:        288 bytes,    3389840 total
[2022-04-08T16:08:59.415+0000][2220][gc,age      ] GC(59) - age   6:      16840 bytes,    3406680 total
[2022-04-08T16:08:59.415+0000][2220][gc,age      ] GC(59) - age   9:       1728 bytes,    3408408 total
[2022-04-08T16:08:59.415+0000][2220][gc,age      ] GC(59) - age  11:        144 bytes,    3408552 total
[2022-04-08T16:08:59.415+0000][2220][gc,age      ] GC(59) - age  12:       5256 bytes,    3413808 total
[2022-04-08T16:08:59.415+0000][2220][gc,age      ] GC(59) - age  13:       3240 bytes,    3417048 total
[2022-04-08T16:08:59.415+0000][2220][gc,age      ] GC(59) - age  14:        232 bytes,    3417280 total
[2022-04-08T16:08:59.415+0000][2220][gc,age      ] GC(59) - age  15:         56 bytes,    3417336 total
[2022-04-08T16:08:59.415+0000][2220][gc,phases   ] GC(59)   Pre Evacuate Collection Set: 0.1ms
[2022-04-08T16:08:59.415+0000][2220][gc,phases   ] GC(59)   Merge Heap Roots: 0.1ms
[2022-04-08T16:08:59.415+0000][2220][gc,phases   ] GC(59)   Evacuate Collection Set: 5.1ms
[2022-04-08T16:08:59.415+0000][2220][gc,phases   ] GC(59)   Post Evacuate Collection Set: 5.1ms
[2022-04-08T16:08:59.415+0000][2220][gc,phases   ] GC(59)   Other: 0.7ms
[2022-04-08T16:08:59.415+0000][2220][gc,heap     ] GC(59) Eden regions: 1219->0(1219)
[2022-04-08T16:08:59.415+0000][2220][gc,heap     ] GC(59) Survivor regions: 1->1(153)
[2022-04-08T16:08:59.415+0000][2220][gc,heap     ] GC(59) Old regions: 31->31
[2022-04-08T16:08:59.415+0000][2220][gc,heap     ] GC(59) Archive regions: 0->0
[2022-04-08T16:08:59.415+0000][2220][gc,heap     ] GC(59) Humongous regions: 5->5
[2022-04-08T16:08:59.415+0000][2220][gc,metaspace] GC(59) Metaspace: 134118K(136384K)->134118K(136384K) NonClass: 116354K(117632K)->116354K(117632K) Class: 17764K(18752K)->17764K(18752K)
[2022-04-08T16:08:59.415+0000][2220][gc          ] GC(59) Pause Young (Normal) (G1 Evacuation Pause) 5018M->143M(8136M) 11.513ms
[2022-04-08T16:08:59.415+0000][2220][gc,cpu      ] GC(59) User=0.00s Sys=0.00s Real=0.01s
[2022-04-08T16:08:59.415+0000][2220][safepoint   ] Safepoint "G1CollectForAllocation", Time since last: 60305851700 ns, Reaching safepoint: 88300 ns, At safepoint: 11708600 ns, Total: 11796900 ns
[2022-04-08T16:09:00.419+0000][2220][safepoint   ] Safepoint "Cleanup", Time since last: 1003539300 ns, Reaching safepoint: 62300 ns, At safepoint: 12100 ns, Total: 74400 ns
[2022-04-08T16:10:19.977+0000][2220][safepoint   ] Safepoint "Cleanup", Time since last: 79557851900 ns, Reaching safepoint: 55900 ns, At safepoint: 8000 ns, Total: 63900 ns
[2022-04-08T16:11:28.468+0000][2220][safepoint   ] Safepoint "Cleanup", Time since last: 68490496700 ns, Reaching safepoint: 77900 ns, At safepoint: 12400 ns, Total: 90300 ns
[2022-04-08T16:16:00.718+0000][2220][safepoint   ] Safepoint "Cleanup", Time since last: 272250039400 ns, Reaching safepoint: 130600 ns, At safepoint: 8600 ns, Total: 139200 ns
[2022-04-08T16:18:58.766+0000][2220][safepoint   ] Safepoint "Cleanup", Time since last: 178048225000 ns, Reaching safepoint: 48200 ns, At safepoint: 6400 ns, Total: 54600 ns
[2022-04-08T16:21:19.663+0000][2220][safepoint   ] Safepoint "Cleanup", Time since last: 140897327100 ns, Reaching safepoint: 58300 ns, At safepoint: 3100 ns, Total: 61400 ns
[2022-04-08T16:21:25.715+0000][2220][safepoint   ] Safepoint "Cleanup", Time since last: 6051959200 ns, Reaching safepoint: 49100 ns, At safepoint: 6300 ns, Total: 55400 ns
[2022-04-08T16:22:20.411+0000][2220][safepoint   ] Safepoint "Cleanup", Time since last: 54695198000 ns, Reaching safepoint: 77300 ns, At safepoint: 22000 ns, Total: 99300 ns
[2022-04-08T16:22:23.441+0000][2220][safepoint   ] Safepoint "Cleanup", Time since last: 3030567600 ns, Reaching safepoint: 73100 ns, At safepoint: 4400 ns, Total: 77500 ns
[2022-04-08T16:22:29.534+0000][2220][safepoint   ] Safepoint "Cleanup", Time since last: 6092139300 ns, Reaching safepoint: 62300 ns, At safepoint: 11600 ns, Total: 73900 ns
[2022-04-08T16:22:30.549+0000][2220][safepoint   ] Safepoint "Cleanup", Time since last: 1015288500 ns, Reaching safepoint: 54400 ns, At safepoint: 13500 ns, Total: 67900 ns
[2022-04-08T16:22:32.575+0000][2220][safepoint   ] Safepoint "Cleanup", Time since last: 2026036900 ns, Reaching safepoint: 52800 ns, At safepoint: 9000 ns, Total: 61800 ns
[2022-04-08T16:24:33.015+0000][2220][gc,start    ] GC(60) Pause Young (Normal) (G1 Evacuation Pause)
[2022-04-08T16:24:33.015+0000][2220][gc,task     ] GC(60) Using 4 workers of 4 for evacuation
[2022-04-08T16:24:33.015+0000][2220][gc,age      ] GC(60) Desired survivor size 320864256 bytes, new threshold 15 (max threshold 15)
[2022-04-08T16:24:33.031+0000][2220][gc,age      ] GC(60) Age table with threshold 15 (max threshold 15)
[2022-04-08T16:24:33.031+0000][2220][gc,age      ] GC(60) - age   1:    2012160 bytes,    2012160 total
[2022-04-08T16:24:33.031+0000][2220][gc,age      ] GC(60) - age   2:     168128 bytes,    2180288 total
[2022-04-08T16:24:33.031+0000][2220][gc,age      ] GC(60) - age   3:      37784 bytes,    2218072 total
[2022-04-08T16:24:33.031+0000][2220][gc,age      ] GC(60) - age   4:        344 bytes,    2218416 total
[2022-04-08T16:24:33.031+0000][2220][gc,age      ] GC(60) - age   5:        288 bytes,    2218704 total
[2022-04-08T16:24:33.031+0000][2220][gc,age      ] GC(60) - age   6:        288 bytes,    2218992 total
[2022-04-08T16:24:33.031+0000][2220][gc,age      ] GC(60) - age   7:      16552 bytes,    2235544 total
[2022-04-08T16:24:33.031+0000][2220][gc,age      ] GC(60) - age  10:       1584 bytes,    2237128 total
[2022-04-08T16:24:33.031+0000][2220][gc,age      ] GC(60) - age  12:        144 bytes,    2237272 total
[2022-04-08T16:24:33.031+0000][2220][gc,age      ] GC(60) - age  13:       5176 bytes,    2242448 total
[2022-04-08T16:24:33.031+0000][2220][gc,age      ] GC(60) - age  14:       3240 bytes,    2245688 total
[2022-04-08T16:24:33.031+0000][2220][gc,age      ] GC(60) - age  15:        232 bytes,    2245920 total
[2022-04-08T16:24:33.031+0000][2220][gc,phases   ] GC(60)   Pre Evacuate Collection Set: 0.1ms
[2022-04-08T16:24:33.031+0000][2220][gc,phases   ] GC(60)   Merge Heap Roots: 0.1ms
[2022-04-08T16:24:33.031+0000][2220][gc,phases   ] GC(60)   Evacuate Collection Set: 3.6ms
[2022-04-08T16:24:33.031+0000][2220][gc,phases   ] GC(60)   Post Evacuate Collection Set: 5.6ms
[2022-04-08T16:24:33.031+0000][2220][gc,phases   ] GC(60)   Other: 0.4ms
[2022-04-08T16:24:33.031+0000][2220][gc,heap     ] GC(60) Eden regions: 1219->0(1219)
[2022-04-08T16:24:33.031+0000][2220][gc,heap     ] GC(60) Survivor regions: 1->1(153)
[2022-04-08T16:24:33.031+0000][2220][gc,heap     ] GC(60) Old regions: 31->31
[2022-04-08T16:24:33.031+0000][2220][gc,heap     ] GC(60) Archive regions: 0->0
[2022-04-08T16:24:33.031+0000][2220][gc,heap     ] GC(60) Humongous regions: 5->5
[2022-04-08T16:24:33.031+0000][2220][gc,metaspace] GC(60) Metaspace: 134121K(136384K)->134121K(136384K) NonClass: 116357K(117632K)->116357K(117632K) Class: 17764K(18752K)->17764K(18752K)
[2022-04-08T16:24:33.031+0000][2220][gc          ] GC(60) Pause Young (Normal) (G1 Evacuation Pause) 5019M->142M(8136M) 10.025ms
[2022-04-08T16:24:33.031+0000][2220][gc,cpu      ] GC(60) User=0.02s Sys=0.05s Real=0.02s
[2022-04-08T16:24:33.031+0000][2220][safepoint   ] Safepoint "G1CollectForAllocation", Time since last: 120448734100 ns, Reaching safepoint: 108300 ns, At safepoint: 10115500 ns, Total: 10223800 ns
[2022-04-08T16:25:26.800+0000][2220][safepoint   ] Safepoint "Cleanup", Time since last: 53766022600 ns, Reaching safepoint: 80600 ns, At safepoint: 17500 ns, Total: 98100 ns
[2022-04-08T16:27:09.206+0000][2220][safepoint   ] Safepoint "Cleanup", Time since last: 102405964700 ns, Reaching safepoint: 64700 ns, At safepoint: 11500 ns, Total: 76200 ns
[2022-04-08T16:27:45.703+0000][2220][safepoint   ] Safepoint "Cleanup", Time since last: 36496873400 ns, Reaching safepoint: 66500 ns, At safepoint: 8600 ns, Total: 75100 ns
[2022-04-08T16:27:54.779+0000][2220][safepoint   ] Safepoint "Cleanup", Time since last: 9076224100 ns, Reaching safepoint: 52900 ns, At safepoint: 7700 ns, Total: 60600 ns
[2022-04-08T16:27:57.810+0000][2220][safepoint   ] Safepoint "Cleanup", Time since last: 3030602000 ns, Reaching safepoint: 37600 ns, At safepoint: 5800 ns, Total: 43400 ns
[2022-04-08T16:28:03.871+0000][2220][safepoint   ] Safepoint "Cleanup", Time since last: 6061012100 ns, Reaching safepoint: 89200 ns, At safepoint: 17100 ns, Total: 106300 ns
[2022-04-08T16:28:09.956+0000][2220][safepoint   ] Safepoint "Cleanup", Time since last: 6084803100 ns, Reaching safepoint: 61400 ns, At safepoint: 8500 ns, Total: 69900 ns
[2022-04-08T16:28:34.268+0000][2220][safepoint   ] Safepoint "Cleanup", Time since last: 24311458900 ns, Reaching safepoint: 49800 ns, At safepoint: 9700 ns, Total: 59500 ns
[2022-04-08T16:28:39.328+0000][2220][safepoint   ] Safepoint "Cleanup", Time since last: 5060810300 ns, Reaching safepoint: 41400 ns, At safepoint: 13100 ns, Total: 54500 ns
[2022-04-08T16:28:45.405+0000][2220][safepoint   ] Safepoint "Cleanup", Time since last: 6076625000 ns, Reaching safepoint: 47500 ns, At safepoint: 6000 ns, Total: 53500 ns
[2022-04-08T16:29:40.092+0000][2220][safepoint   ] Safepoint "Cleanup", Time since last: 54686611700 ns, Reaching safepoint: 63400 ns, At safepoint: 67000 ns, Total: 130400 ns
[2022-04-08T16:30:36.844+0000][2220][safepoint   ] Safepoint "Cleanup", Time since last: 56751726500 ns, Reaching safepoint: 58900 ns, At safepoint: 8500 ns, Total: 67400 ns
[2022-04-08T16:30:52.059+0000][2220][safepoint   ] Safepoint "Cleanup", Time since last: 15214972600 ns, Reaching safepoint: 54500 ns, At safepoint: 7600 ns, Total: 62100 ns
[2022-04-08T16:31:20.460+0000][2220][safepoint   ] Safepoint "Cleanup", Time since last: 28400893500 ns, Reaching safepoint: 209100 ns, At safepoint: 18400 ns, Total: 227500 ns
[2022-04-08T16:32:34.429+0000][2220][safepoint   ] Safepoint "Cleanup", Time since last: 73969386800 ns, Reaching safepoint: 57400 ns, At safepoint: 7900 ns, Total: 65300 ns
[2022-04-08T16:36:23.452+0000][2220][safepoint   ] Safepoint "Cleanup", Time since last: 229023114600 ns, Reaching safepoint: 52400 ns, At safepoint: 8900 ns, Total: 61300 ns
[2022-04-08T16:36:35.632+0000][2220][safepoint   ] Safepoint "Cleanup", Time since last: 12179296900 ns, Reaching safepoint: 49000 ns, At safepoint: 7300 ns, Total: 56300 ns
[2022-04-08T16:37:20.242+0000][2220][safepoint   ] Safepoint "Cleanup", Time since last: 44609918900 ns, Reaching safepoint: 38600 ns, At safepoint: 9200 ns, Total: 47800 ns
[2022-04-08T16:37:31.373+0000][2220][safepoint   ] Safepoint "Cleanup", Time since last: 11131537000 ns, Reaching safepoint: 52500 ns, At safepoint: 15800 ns, Total: 68300 ns
[2022-04-08T16:38:58.500+0000][2220][safepoint   ] Safepoint "Cleanup", Time since last: 87126944200 ns, Reaching safepoint: 116000 ns, At safepoint: 5700 ns, Total: 121700 ns
[2022-04-08T16:39:45.092+0000][2220][safepoint   ] Safepoint "Cleanup", Time since last: 46592022700 ns, Reaching safepoint: 49700 ns, At safepoint: 11800 ns, Total: 61500 ns
[2022-04-08T16:40:02.648+0000][2220][gc,start    ] GC(61) Pause Young (Normal) (G1 Evacuation Pause)
[2022-04-08T16:40:02.648+0000][2220][gc,task     ] GC(61) Using 4 workers of 4 for evacuation
[2022-04-08T16:40:02.648+0000][2220][gc,age      ] GC(61) Desired survivor size 320864256 bytes, new threshold 15 (max threshold 15)
[2022-04-08T16:40:02.648+0000][2220][gc,age      ] GC(61) Age table with threshold 15 (max threshold 15)
[2022-04-08T16:40:02.648+0000][2220][gc,age      ] GC(61) - age   1:    3547000 bytes,    3547000 total
[2022-04-08T16:40:02.648+0000][2220][gc,age      ] GC(61) - age   2:     407488 bytes,    3954488 total
[2022-04-08T16:40:02.648+0000][2220][gc,age      ] GC(61) - age   3:     166488 bytes,    4120976 total
[2022-04-08T16:40:02.648+0000][2220][gc,age      ] GC(61) - age   4:      37312 bytes,    4158288 total
[2022-04-08T16:40:02.648+0000][2220][gc,age      ] GC(61) - age   5:        344 bytes,    4158632 total
[2022-04-08T16:40:02.648+0000][2220][gc,age      ] GC(61) - age   6:        288 bytes,    4158920 total
[2022-04-08T16:40:02.648+0000][2220][gc,age      ] GC(61) - age   7:        144 bytes,    4159064 total
[2022-04-08T16:40:02.648+0000][2220][gc,age      ] GC(61) - age   8:      16552 bytes,    4175616 total
[2022-04-08T16:40:02.648+0000][2220][gc,age      ] GC(61) - age  11:       1584 bytes,    4177200 total
[2022-04-08T16:40:02.648+0000][2220][gc,age      ] GC(61) - age  14:       5080 bytes,    4182280 total
[2022-04-08T16:40:02.648+0000][2220][gc,age      ] GC(61) - age  15:       3240 bytes,    4185520 total
[2022-04-08T16:40:02.648+0000][2220][gc,phases   ] GC(61)   Pre Evacuate Collection Set: 0.2ms
[2022-04-08T16:40:02.648+0000][2220][gc,phases   ] GC(61)   Merge Heap Roots: 0.1ms
[2022-04-08T16:40:02.648+0000][2220][gc,phases   ] GC(61)   Evacuate Collection Set: 5.0ms
[2022-04-08T16:40:02.648+0000][2220][gc,phases   ] GC(61)   Post Evacuate Collection Set: 5.2ms
[2022-04-08T16:40:02.648+0000][2220][gc,phases   ] GC(61)   Other: 0.7ms
[2022-04-08T16:40:02.648+0000][2220][gc,heap     ] GC(61) Eden regions: 1219->0(1218)
[2022-04-08T16:40:02.648+0000][2220][gc,heap     ] GC(61) Survivor regions: 1->2(153)
[2022-04-08T16:40:02.648+0000][2220][gc,heap     ] GC(61) Old regions: 31->31
[2022-04-08T16:40:02.648+0000][2220][gc,heap     ] GC(61) Archive regions: 0->0
[2022-04-08T16:40:02.648+0000][2220][gc,heap     ] GC(61) Humongous regions: 5->5
[2022-04-08T16:40:02.648+0000][2220][gc,metaspace] GC(61) Metaspace: 134151K(136448K)->134151K(136448K) NonClass: 116383K(117696K)->116383K(117696K) Class: 17767K(18752K)->17767K(18752K)
[2022-04-08T16:40:02.648+0000][2220][gc          ] GC(61) Pause Young (Normal) (G1 Evacuation Pause) 5018M->144M(8136M) 11.380ms
[2022-04-08T16:40:02.648+0000][2220][gc,cpu      ] GC(61) User=0.00s Sys=0.00s Real=0.00s
[2022-04-08T16:40:02.648+0000][2220][safepoint   ] Safepoint "G1CollectForAllocation", Time since last: 17558862200 ns, Reaching safepoint: 34300 ns, At safepoint: 11502200 ns, Total: 11536500 ns
[2022-04-08T16:48:58.785+0000][2220][safepoint   ] Safepoint "Cleanup", Time since last: 536122171100 ns, Reaching safepoint: 93400 ns, At safepoint: 13000 ns, Total: 106400 ns
[2022-04-08T16:51:20.612+0000][2220][safepoint   ] Safepoint "Cleanup", Time since last: 141827137300 ns, Reaching safepoint: 68500 ns, At safepoint: 23000 ns, Total: 91500 ns
[2022-04-08T16:55:38.534+0000][2220][gc,start    ] GC(62) Pause Young (Normal) (G1 Evacuation Pause)
[2022-04-08T16:55:38.534+0000][2220][gc,task     ] GC(62) Using 4 workers of 4 for evacuation
[2022-04-08T16:55:38.534+0000][2220][gc,age      ] GC(62) Desired survivor size 320864256 bytes, new threshold 15 (max threshold 15)
[2022-04-08T16:55:38.534+0000][2220][gc,age      ] GC(62) Age table with threshold 15 (max threshold 15)
[2022-04-08T16:55:38.534+0000][2220][gc,age      ] GC(62) - age   1:    1455240 bytes,    1455240 total
[2022-04-08T16:55:38.534+0000][2220][gc,age      ] GC(62) - age   2:    1633032 bytes,    3088272 total
[2022-04-08T16:55:38.534+0000][2220][gc,age      ] GC(62) - age   3:     395600 bytes,    3483872 total
[2022-04-08T16:55:38.534+0000][2220][gc,age      ] GC(62) - age   4:     166024 bytes,    3649896 total
[2022-04-08T16:55:38.534+0000][2220][gc,age      ] GC(62) - age   5:      37168 bytes,    3687064 total
[2022-04-08T16:55:38.534+0000][2220][gc,age      ] GC(62) - age   6:         56 bytes,    3687120 total
[2022-04-08T16:55:38.534+0000][2220][gc,age      ] GC(62) - age   7:        288 bytes,    3687408 total
[2022-04-08T16:55:38.534+0000][2220][gc,age      ] GC(62) - age   9:      16552 bytes,    3703960 total
[2022-04-08T16:55:38.534+0000][2220][gc,age      ] GC(62) - age  12:       1584 bytes,    3705544 total
[2022-04-08T16:55:38.534+0000][2220][gc,age      ] GC(62) - age  15:       5080 bytes,    3710624 total
[2022-04-08T16:55:38.534+0000][2220][gc,phases   ] GC(62)   Pre Evacuate Collection Set: 0.2ms
[2022-04-08T16:55:38.534+0000][2220][gc,phases   ] GC(62)   Merge Heap Roots: 0.1ms
[2022-04-08T16:55:38.534+0000][2220][gc,phases   ] GC(62)   Evacuate Collection Set: 4.0ms
[2022-04-08T16:55:38.534+0000][2220][gc,phases   ] GC(62)   Post Evacuate Collection Set: 5.9ms
[2022-04-08T16:55:38.534+0000][2220][gc,phases   ] GC(62)   Other: 0.4ms
[2022-04-08T16:55:38.534+0000][2220][gc,heap     ] GC(62) Eden regions: 1218->0(1219)
[2022-04-08T16:55:38.534+0000][2220][gc,heap     ] GC(62) Survivor regions: 2->1(153)
[2022-04-08T16:55:38.534+0000][2220][gc,heap     ] GC(62) Old regions: 31->31
[2022-04-08T16:55:38.534+0000][2220][gc,heap     ] GC(62) Archive regions: 0->0
[2022-04-08T16:55:38.534+0000][2220][gc,heap     ] GC(62) Humongous regions: 5->5
[2022-04-08T16:55:38.534+0000][2220][gc,metaspace] GC(62) Metaspace: 134158K(136448K)->134158K(136448K) NonClass: 116391K(117696K)->116391K(117696K) Class: 17767K(18752K)->17767K(18752K)
[2022-04-08T16:55:38.534+0000][2220][gc          ] GC(62) Pause Young (Normal) (G1 Evacuation Pause) 5016M->144M(8136M) 10.772ms
[2022-04-08T16:55:38.534+0000][2220][gc,cpu      ] GC(62) User=0.00s Sys=0.00s Real=0.00s
[2022-04-08T16:55:38.534+0000][2220][safepoint   ] Safepoint "G1CollectForAllocation", Time since last: 257924825700 ns, Reaching safepoint: 109000 ns, At safepoint: 10861900 ns, Total: 10970900 ns
[2022-04-08T16:57:45.236+0000][2220][safepoint   ] Safepoint "Cleanup", Time since last: 126687374500 ns, Reaching safepoint: 213800 ns, At safepoint: 10500 ns, Total: 224300 ns
[2022-04-08T16:59:46.932+0000][2220][safepoint   ] Safepoint "Cleanup", Time since last: 121696270300 ns, Reaching safepoint: 279400 ns, At safepoint: 12600 ns, Total: 292000 ns
[2022-04-08T17:05:32.393+0000][2220][safepoint   ] Safepoint "Cleanup", Time since last: 345460972500 ns, Reaching safepoint: 119100 ns, At safepoint: 7300 ns, Total: 126400 ns
[2022-04-08T17:05:35.439+0000][2220][safepoint   ] Safepoint "Cleanup", Time since last: 3045837000 ns, Reaching safepoint: 59500 ns, At safepoint: 11400 ns, Total: 70900 ns
[2022-04-08T17:07:30.555+0000][2220][safepoint   ] Safepoint "Cleanup", Time since last: 115115821400 ns, Reaching safepoint: 59200 ns, At safepoint: 52300 ns, Total: 111500 ns
[2022-04-08T17:08:20.070+0000][2220][safepoint   ] Safepoint "Cleanup", Time since last: 49514781700 ns, Reaching safepoint: 48700 ns, At safepoint: 11900 ns, Total: 60600 ns
[2022-04-08T17:10:59.558+0000][2220][gc,start    ] GC(63) Pause Young (Normal) (G1 Evacuation Pause)
[2022-04-08T17:10:59.558+0000][2220][gc,task     ] GC(63) Using 4 workers of 4 for evacuation
[2022-04-08T17:10:59.558+0000][2220][gc,age      ] GC(63) Desired survivor size 320864256 bytes, new threshold 15 (max threshold 15)
[2022-04-08T17:10:59.558+0000][2220][gc,age      ] GC(63) Age table with threshold 15 (max threshold 15)
[2022-04-08T17:10:59.558+0000][2220][gc,age      ] GC(63) - age   1:    3094672 bytes,    3094672 total
[2022-04-08T17:10:59.558+0000][2220][gc,age      ] GC(63) - age   2:     130784 bytes,    3225456 total
[2022-04-08T17:10:59.558+0000][2220][gc,age      ] GC(63) - age   3:    1622768 bytes,    4848224 total
[2022-04-08T17:10:59.558+0000][2220][gc,age      ] GC(63) - age   4:     395424 bytes,    5243648 total
[2022-04-08T17:10:59.558+0000][2220][gc,age      ] GC(63) - age   5:     166024 bytes,    5409672 total
[2022-04-08T17:10:59.558+0000][2220][gc,age      ] GC(63) - age   6:      37112 bytes,    5446784 total
[2022-04-08T17:10:59.558+0000][2220][gc,age      ] GC(63) - age   7:         56 bytes,    5446840 total
[2022-04-08T17:10:59.558+0000][2220][gc,age      ] GC(63) - age   8:        144 bytes,    5446984 total
[2022-04-08T17:10:59.558+0000][2220][gc,age      ] GC(63) - age  10:      16552 bytes,    5463536 total
[2022-04-08T17:10:59.558+0000][2220][gc,age      ] GC(63) - age  13:       1584 bytes,    5465120 total
[2022-04-08T17:10:59.573+0000][2220][gc,phases   ] GC(63)   Pre Evacuate Collection Set: 0.4ms
[2022-04-08T17:10:59.573+0000][2220][gc,phases   ] GC(63)   Merge Heap Roots: 0.1ms
[2022-04-08T17:10:59.573+0000][2220][gc,phases   ] GC(63)   Evacuate Collection Set: 6.9ms
[2022-04-08T17:10:59.573+0000][2220][gc,phases   ] GC(63)   Post Evacuate Collection Set: 6.3ms
[2022-04-08T17:10:59.573+0000][2220][gc,phases   ] GC(63)   Other: 1.3ms
[2022-04-08T17:10:59.573+0000][2220][gc,heap     ] GC(63) Eden regions: 1219->0(1218)
[2022-04-08T17:10:59.573+0000][2220][gc,heap     ] GC(63) Survivor regions: 1->2(153)
[2022-04-08T17:10:59.573+0000][2220][gc,heap     ] GC(63) Old regions: 31->31
[2022-04-08T17:10:59.573+0000][2220][gc,heap     ] GC(63) Archive regions: 0->0
[2022-04-08T17:10:59.573+0000][2220][gc,heap     ] GC(63) Humongous regions: 5->5
[2022-04-08T17:10:59.573+0000][2220][gc,metaspace] GC(63) Metaspace: 134160K(136448K)->134160K(136448K) NonClass: 116393K(117696K)->116393K(117696K) Class: 17767K(18752K)->17767K(18752K)
[2022-04-08T17:10:59.573+0000][2220][gc          ] GC(63) Pause Young (Normal) (G1 Evacuation Pause) 5020M->146M(8136M) 15.274ms
[2022-04-08T17:10:59.573+0000][2220][gc,cpu      ] GC(63) User=0.00s Sys=0.02s Real=0.01s
[2022-04-08T17:10:59.573+0000][2220][safepoint   ] Safepoint "G1CollectForAllocation", Time since last: 159487712700 ns, Reaching safepoint: 104900 ns, At safepoint: 15469200 ns, Total: 15574100 ns
[2022-04-08T17:27:04.721+0000][2220][gc,start    ] GC(64) Pause Young (Normal) (G1 Evacuation Pause)
[2022-04-08T17:27:04.721+0000][2220][gc,task     ] GC(64) Using 4 workers of 4 for evacuation
[2022-04-08T17:27:04.721+0000][2220][gc,age      ] GC(64) Desired survivor size 320864256 bytes, new threshold 15 (max threshold 15)
[2022-04-08T17:27:04.736+0000][2220][gc,age      ] GC(64) Age table with threshold 15 (max threshold 15)
[2022-04-08T17:27:04.736+0000][2220][gc,age      ] GC(64) - age   1:    1633104 bytes,    1633104 total
[2022-04-08T17:27:04.736+0000][2220][gc,age      ] GC(64) - age   2:    1477096 bytes,    3110200 total
[2022-04-08T17:27:04.736+0000][2220][gc,age      ] GC(64) - age   3:     128728 bytes,    3238928 total
[2022-04-08T17:27:04.736+0000][2220][gc,age      ] GC(64) - age   4:    1621784 bytes,    4860712 total
[2022-04-08T17:27:04.736+0000][2220][gc,age      ] GC(64) - age   5:     395016 bytes,    5255728 total
[2022-04-08T17:27:04.736+0000][2220][gc,age      ] GC(64) - age   6:     166024 bytes,    5421752 total
[2022-04-08T17:27:04.736+0000][2220][gc,age      ] GC(64) - age   7:      37112 bytes,    5458864 total
[2022-04-08T17:27:04.736+0000][2220][gc,age      ] GC(64) - age   8:         56 bytes,    5458920 total
[2022-04-08T17:27:04.736+0000][2220][gc,age      ] GC(64) - age   9:        144 bytes,    5459064 total
[2022-04-08T17:27:04.736+0000][2220][gc,age      ] GC(64) - age  11:      16552 bytes,    5475616 total
[2022-04-08T17:27:04.736+0000][2220][gc,age      ] GC(64) - age  14:       1584 bytes,    5477200 total
[2022-04-08T17:27:04.736+0000][2220][gc,phases   ] GC(64)   Pre Evacuate Collection Set: 0.2ms
[2022-04-08T17:27:04.736+0000][2220][gc,phases   ] GC(64)   Merge Heap Roots: 0.1ms
[2022-04-08T17:27:04.736+0000][2220][gc,phases   ] GC(64)   Evacuate Collection Set: 5.6ms
[2022-04-08T17:27:04.736+0000][2220][gc,phases   ] GC(64)   Post Evacuate Collection Set: 6.9ms
[2022-04-08T17:27:04.736+0000][2220][gc,phases   ] GC(64)   Other: 0.6ms
[2022-04-08T17:27:04.736+0000][2220][gc,heap     ] GC(64) Eden regions: 1218->0(1218)
[2022-04-08T17:27:04.736+0000][2220][gc,heap     ] GC(64) Survivor regions: 2->2(153)
[2022-04-08T17:27:04.736+0000][2220][gc,heap     ] GC(64) Old regions: 31->31
[2022-04-08T17:27:04.736+0000][2220][gc,heap     ] GC(64) Archive regions: 0->0
[2022-04-08T17:27:04.736+0000][2220][gc,heap     ] GC(64) Humongous regions: 5->5
[2022-04-08T17:27:04.736+0000][2220][gc,metaspace] GC(64) Metaspace: 134163K(136448K)->134163K(136448K) NonClass: 116396K(117696K)->116396K(117696K) Class: 17767K(18752K)->17767K(18752K)
[2022-04-08T17:27:04.736+0000][2220][gc          ] GC(64) Pause Young (Normal) (G1 Evacuation Pause) 5018M->146M(8136M) 13.555ms
[2022-04-08T17:27:04.736+0000][2220][gc,cpu      ] GC(64) User=0.02s Sys=0.02s Real=0.02s
[2022-04-08T17:27:04.736+0000][2220][safepoint   ] Safepoint "G1CollectForAllocation", Time since last: 965155471100 ns, Reaching safepoint: 121500 ns, At safepoint: 13643500 ns, Total: 13765000 ns
[2022-04-08T17:31:37.838+0000][2220][safepoint   ] Safepoint "Cleanup", Time since last: 273095490400 ns, Reaching safepoint: 94100 ns, At safepoint: 8300 ns, Total: 102400 ns
[2022-04-08T17:33:25.300+0000][2220][safepoint   ] Safepoint "Cleanup", Time since last: 107461911300 ns, Reaching safepoint: 65000 ns, At safepoint: 11900 ns, Total: 76900 ns
[2022-04-08T17:39:16.235+0000][2220][safepoint   ] Safepoint "Cleanup", Time since last: 350934558600 ns, Reaching safepoint: 108100 ns, At safepoint: 14000 ns, Total: 122100 ns
[2022-04-08T17:39:58.561+0000][2220][safepoint   ] Safepoint "Cleanup", Time since last: 42326282100 ns, Reaching safepoint: 88000 ns, At safepoint: 16000 ns, Total: 104000 ns
[2022-04-08T17:40:09.624+0000][2220][safepoint   ] Safepoint "Cleanup", Time since last: 11062769500 ns, Reaching safepoint: 106700 ns, At safepoint: 6200 ns, Total: 112900 ns
[2022-04-08T17:41:10.097+0000][2220][safepoint   ] Safepoint "Cleanup", Time since last: 60472494500 ns, Reaching safepoint: 100500 ns, At safepoint: 11000 ns, Total: 111500 ns
[2022-04-08T17:41:54.470+0000][2220][safepoint   ] Safepoint "Cleanup", Time since last: 44373203300 ns, Reaching safepoint: 117600 ns, At safepoint: 12000 ns, Total: 129600 ns
[2022-04-08T17:42:47.007+0000][2220][gc,start    ] GC(65) Pause Young (Normal) (G1 Evacuation Pause)
[2022-04-08T17:42:47.007+0000][2220][gc,task     ] GC(65) Using 4 workers of 4 for evacuation
[2022-04-08T17:42:47.007+0000][2220][gc,age      ] GC(65) Desired survivor size 320864256 bytes, new threshold 15 (max threshold 15)
[2022-04-08T17:42:47.014+0000][2220][gc,age      ] GC(65) Age table with threshold 15 (max threshold 15)
[2022-04-08T17:42:47.014+0000][2220][gc,age      ] GC(65) - age   1:    1290608 bytes,    1290608 total
[2022-04-08T17:42:47.014+0000][2220][gc,age      ] GC(65) - age   2:     168184 bytes,    1458792 total
[2022-04-08T17:42:47.014+0000][2220][gc,age      ] GC(65) - age   3:    1474344 bytes,    2933136 total
[2022-04-08T17:42:47.014+0000][2220][gc,age      ] GC(65) - age   4:      57424 bytes,    2990560 total
[2022-04-08T17:42:47.014+0000][2220][gc,age      ] GC(65) - age   5:    1508960 bytes,    4499520 total
[2022-04-08T17:42:47.014+0000][2220][gc,age      ] GC(65) - age   6:     394256 bytes,    4893776 total
[2022-04-08T17:42:47.014+0000][2220][gc,age      ] GC(65) - age   7:     165768 bytes,    5059544 total
[2022-04-08T17:42:47.014+0000][2220][gc,age      ] GC(65) - age   8:      37112 bytes,    5096656 total
[2022-04-08T17:42:47.014+0000][2220][gc,age      ] GC(65) - age   9:         56 bytes,    5096712 total
[2022-04-08T17:42:47.014+0000][2220][gc,age      ] GC(65) - age  12:      16552 bytes,    5113264 total
[2022-04-08T17:42:47.014+0000][2220][gc,age      ] GC(65) - age  15:       1584 bytes,    5114848 total
[2022-04-08T17:42:47.014+0000][2220][gc,phases   ] GC(65)   Pre Evacuate Collection Set: 0.2ms
[2022-04-08T17:42:47.014+0000][2220][gc,phases   ] GC(65)   Merge Heap Roots: 0.1ms
[2022-04-08T17:42:47.014+0000][2220][gc,phases   ] GC(65)   Evacuate Collection Set: 5.0ms
[2022-04-08T17:42:47.014+0000][2220][gc,phases   ] GC(65)   Post Evacuate Collection Set: 1.6ms
[2022-04-08T17:42:47.014+0000][2220][gc,phases   ] GC(65)   Other: 0.6ms
[2022-04-08T17:42:47.014+0000][2220][gc,heap     ] GC(65) Eden regions: 1218->0(1218)
[2022-04-08T17:42:47.014+0000][2220][gc,heap     ] GC(65) Survivor regions: 2->2(153)
[2022-04-08T17:42:47.014+0000][2220][gc,heap     ] GC(65) Old regions: 31->31
[2022-04-08T17:42:47.014+0000][2220][gc,heap     ] GC(65) Archive regions: 0->0
[2022-04-08T17:42:47.014+0000][2220][gc,heap     ] GC(65) Humongous regions: 5->5
[2022-04-08T17:42:47.014+0000][2220][gc,metaspace] GC(65) Metaspace: 134171K(136448K)->134171K(136448K) NonClass: 116404K(117696K)->116404K(117696K) Class: 17767K(18752K)->17767K(18752K)
[2022-04-08T17:42:47.014+0000][2220][gc          ] GC(65) Pause Young (Normal) (G1 Evacuation Pause) 5018M->145M(8136M) 7.811ms
[2022-04-08T17:42:47.015+0000][2220][gc,cpu      ] GC(65) User=0.06s Sys=0.00s Real=0.01s
[2022-04-08T17:42:47.015+0000][2220][safepoint   ] Safepoint "G1CollectForAllocation", Time since last: 52536402400 ns, Reaching safepoint: 65000 ns, At safepoint: 7937400 ns, Total: 8002400 ns
[2022-04-08T17:43:43.483+0000][2220][safepoint   ] Safepoint "Cleanup", Time since last: 56468370800 ns, Reaching safepoint: 109600 ns, At safepoint: 6300 ns, Total: 115900 ns
[2022-04-08T17:43:51.527+0000][2220][safepoint   ] Safepoint "Cleanup", Time since last: 8044320600 ns, Reaching safepoint: 58900 ns, At safepoint: 5900 ns, Total: 64800 ns
[2022-04-08T17:44:10.666+0000][2220][safepoint   ] Safepoint "Cleanup", Time since last: 19138302900 ns, Reaching safepoint: 163800 ns, At safepoint: 12300 ns, Total: 176100 ns
[2022-04-08T17:44:14.695+0000][2220][safepoint   ] Safepoint "Cleanup", Time since last: 4029420700 ns, Reaching safepoint: 51500 ns, At safepoint: 5000 ns, Total: 56500 ns
[2022-04-08T17:44:18.719+0000][2220][safepoint   ] Safepoint "Cleanup", Time since last: 4023425100 ns, Reaching safepoint: 77200 ns, At safepoint: 2800 ns, Total: 80000 ns
[2022-04-08T17:44:22.757+0000][2220][safepoint   ] Safepoint "Cleanup", Time since last: 4038486900 ns, Reaching safepoint: 53600 ns, At safepoint: 7400 ns, Total: 61000 ns
[2022-04-08T17:44:23.765+0000][2220][safepoint   ] Safepoint "Cleanup", Time since last: 1007920900 ns, Reaching safepoint: 65600 ns, At safepoint: 6500 ns, Total: 72100 ns
[2022-04-08T17:44:24.776+0000][2220][safepoint   ] Safepoint "Cleanup", Time since last: 1010356500 ns, Reaching safepoint: 130600 ns, At safepoint: 6300 ns, Total: 136900 ns
[2022-04-08T17:44:26.781+0000][2220][safepoint   ] Safepoint "Cleanup", Time since last: 2005137000 ns, Reaching safepoint: 186100 ns, At safepoint: 17700 ns, Total: 203800 ns
[2022-04-08T17:44:38.866+0000][2220][safepoint   ] Safepoint "Cleanup", Time since last: 12084542000 ns, Reaching safepoint: 52500 ns, At safepoint: 18000 ns, Total: 70500 ns
[2022-04-08T17:44:42.907+0000][2220][safepoint   ] Safepoint "Cleanup", Time since last: 4041129600 ns, Reaching safepoint: 49400 ns, At safepoint: 5800 ns, Total: 55200 ns
[2022-04-08T17:44:56.007+0000][2220][safepoint   ] Safepoint "Cleanup", Time since last: 13099999600 ns, Reaching safepoint: 58200 ns, At safepoint: 6900 ns, Total: 65100 ns
[2022-04-08T17:44:57.513+0000][2220][safepoint   ] Safepoint "Cleanup", Time since last: 1505642100 ns, Reaching safepoint: 114300 ns, At safepoint: 7600 ns, Total: 121900 ns
[2022-04-08T17:45:24.003+0000][2220][safepoint   ] Safepoint "Cleanup", Time since last: 26489793900 ns, Reaching safepoint: 113100 ns, At safepoint: 12600 ns, Total: 125700 ns
[2022-04-08T17:46:12.434+0000][2220][safepoint   ] Safepoint "Cleanup", Time since last: 48430985200 ns, Reaching safepoint: 62700 ns, At safepoint: 10800 ns, Total: 73500 ns
[2022-04-08T17:48:51.808+0000][2220][safepoint   ] Safepoint "Cleanup", Time since last: 159374294600 ns, Reaching safepoint: 61300 ns, At safepoint: 8700 ns, Total: 70000 ns
[2022-04-08T17:48:58.852+0000][2220][safepoint   ] Safepoint "Cleanup", Time since last: 7044246100 ns, Reaching safepoint: 38900 ns, At safepoint: 6200 ns, Total: 45100 ns
[2022-04-08T17:54:13.310+0000][2220][safepoint   ] Safepoint "Cleanup", Time since last: 314457389800 ns, Reaching safepoint: 50700 ns, At safepoint: 5600 ns, Total: 56300 ns
[2022-04-08T17:57:27.487+0000][2220][gc,start    ] GC(66) Pause Young (Normal) (G1 Evacuation Pause)
[2022-04-08T17:57:27.487+0000][2220][gc,task     ] GC(66) Using 4 workers of 4 for evacuation
[2022-04-08T17:57:27.487+0000][2220][gc,age      ] GC(66) Desired survivor size 320864256 bytes, new threshold 15 (max threshold 15)
[2022-04-08T17:57:27.502+0000][2220][gc,age      ] GC(66) Age table with threshold 15 (max threshold 15)
[2022-04-08T17:57:27.502+0000][2220][gc,age      ] GC(66) - age   1:    2650544 bytes,    2650544 total
[2022-04-08T17:57:27.502+0000][2220][gc,age      ] GC(66) - age   2:     517824 bytes,    3168368 total
[2022-04-08T17:57:27.502+0000][2220][gc,age      ] GC(66) - age   3:     165528 bytes,    3333896 total
[2022-04-08T17:57:27.502+0000][2220][gc,age      ] GC(66) - age   4:    1474344 bytes,    4808240 total
[2022-04-08T17:57:27.502+0000][2220][gc,age      ] GC(66) - age   5:      44208 bytes,    4852448 total
[2022-04-08T17:57:27.502+0000][2220][gc,age      ] GC(66) - age   6:    1505952 bytes,    6358400 total
[2022-04-08T17:57:27.502+0000][2220][gc,age      ] GC(66) - age   7:     139072 bytes,    6497472 total
[2022-04-08T17:57:27.502+0000][2220][gc,age      ] GC(66) - age   8:     145848 bytes,    6643320 total
[2022-04-08T17:57:27.502+0000][2220][gc,age      ] GC(66) - age   9:      36944 bytes,    6680264 total
[2022-04-08T17:57:27.502+0000][2220][gc,age      ] GC(66) - age  10:         56 bytes,    6680320 total
[2022-04-08T17:57:27.502+0000][2220][gc,age      ] GC(66) - age  13:      16552 bytes,    6696872 total
[2022-04-08T17:57:27.502+0000][2220][gc,phases   ] GC(66)   Pre Evacuate Collection Set: 0.1ms
[2022-04-08T17:57:27.502+0000][2220][gc,phases   ] GC(66)   Merge Heap Roots: 0.1ms
[2022-04-08T17:57:27.502+0000][2220][gc,phases   ] GC(66)   Evacuate Collection Set: 7.2ms
[2022-04-08T17:57:27.502+0000][2220][gc,phases   ] GC(66)   Post Evacuate Collection Set: 1.6ms
[2022-04-08T17:57:27.502+0000][2220][gc,phases   ] GC(66)   Other: 0.5ms
[2022-04-08T17:57:27.502+0000][2220][gc,heap     ] GC(66) Eden regions: 1218->0(1218)
[2022-04-08T17:57:27.502+0000][2220][gc,heap     ] GC(66) Survivor regions: 2->2(153)
[2022-04-08T17:57:27.502+0000][2220][gc,heap     ] GC(66) Old regions: 31->31
[2022-04-08T17:57:27.502+0000][2220][gc,heap     ] GC(66) Archive regions: 0->0
[2022-04-08T17:57:27.502+0000][2220][gc,heap     ] GC(66) Humongous regions: 5->5
[2022-04-08T17:57:27.502+0000][2220][gc,metaspace] GC(66) Metaspace: 134276K(136576K)->134276K(136576K) NonClass: 116494K(117824K)->116494K(117824K) Class: 17782K(18752K)->17782K(18752K)
[2022-04-08T17:57:27.502+0000][2220][gc          ] GC(66) Pause Young (Normal) (G1 Evacuation Pause) 5017M->147M(8136M) 9.714ms
[2022-04-08T17:57:27.502+0000][2220][gc,cpu      ] GC(66) User=0.06s Sys=0.00s Real=0.02s
[2022-04-08T17:57:27.502+0000][2220][safepoint   ] Safepoint "G1CollectForAllocation", Time since last: 194184718500 ns, Reaching safepoint: 113100 ns, At safepoint: 9807100 ns, Total: 9920200 ns
[2022-04-08T17:57:41.634+0000][2220][safepoint   ] Safepoint "Cleanup", Time since last: 14129071700 ns, Reaching safepoint: 55500 ns, At safepoint: 8400 ns, Total: 63900 ns
[2022-04-08T17:58:21.013+0000][2220][safepoint   ] Safepoint "Cleanup", Time since last: 39378987000 ns, Reaching safepoint: 49100 ns, At safepoint: 14000 ns, Total: 63100 ns
[2022-04-08T17:59:50.846+0000][2220][safepoint   ] Safepoint "Cleanup", Time since last: 89833371700 ns, Reaching safepoint: 52700 ns, At safepoint: 13100 ns, Total: 65800 ns
[2022-04-08T17:59:52.849+0000][2220][safepoint   ] Safepoint "Cleanup", Time since last: 2002257300 ns, Reaching safepoint: 45100 ns, At safepoint: 9000 ns, Total: 54100 ns
[2022-04-08T18:00:28.143+0000][2220][safepoint   ] Safepoint "Cleanup", Time since last: 35294540400 ns, Reaching safepoint: 55800 ns, At safepoint: 11300 ns, Total: 67100 ns
[2022-04-08T18:00:40.240+0000][2220][safepoint   ] Safepoint "Cleanup", Time since last: 12097003600 ns, Reaching safepoint: 75700 ns, At safepoint: 17300 ns, Total: 93000 ns
[2022-04-08T18:00:59.394+0000][2220][safepoint   ] Safepoint "Cleanup", Time since last: 19154270700 ns, Reaching safepoint: 122600 ns, At safepoint: 24400 ns, Total: 147000 ns
[2022-04-08T18:01:38.752+0000][2220][safepoint   ] Safepoint "Cleanup", Time since last: 39357573100 ns, Reaching safepoint: 63900 ns, At safepoint: 13700 ns, Total: 77600 ns
[2022-04-08T18:02:29.194+0000][2220][safepoint   ] Safepoint "Cleanup", Time since last: 50442117200 ns, Reaching safepoint: 55300 ns, At safepoint: 18800 ns, Total: 74100 ns
[2022-04-08T18:02:34.226+0000][2220][safepoint   ] Safepoint "Cleanup", Time since last: 5031515700 ns, Reaching safepoint: 45000 ns, At safepoint: 6500 ns, Total: 51500 ns
[2022-04-08T18:04:21.154+0000][2220][safepoint   ] Safepoint "Cleanup", Time since last: 106928329200 ns, Reaching safepoint: 57200 ns, At safepoint: 10300 ns, Total: 67500 ns
[2022-04-08T18:05:05.483+0000][2220][safepoint   ] Safepoint "Cleanup", Time since last: 44328365900 ns, Reaching safepoint: 43100 ns, At safepoint: 5900 ns, Total: 49000 ns
[2022-04-08T18:05:43.754+0000][2220][safepoint   ] Safepoint "Cleanup", Time since last: 38271461800 ns, Reaching safepoint: 40800 ns, At safepoint: 6800 ns, Total: 47600 ns
[2022-04-08T18:06:27.202+0000][2220][safepoint   ] Safepoint "Cleanup", Time since last: 43447624400 ns, Reaching safepoint: 55300 ns, At safepoint: 8000 ns, Total: 63300 ns
[2022-04-08T18:07:02.498+0000][2220][safepoint   ] Safepoint "Cleanup", Time since last: 35296326300 ns, Reaching safepoint: 54400 ns, At safepoint: 10600 ns, Total: 65000 ns
[2022-04-08T18:08:02.653+0000][2220][safepoint   ] Safepoint "Cleanup", Time since last: 60156455600 ns, Reaching safepoint: 196700 ns, At safepoint: 100200 ns, Total: 296900 ns
[2022-04-08T18:08:03.659+0000][2220][safepoint   ] Safepoint "Cleanup", Time since last: 1004104700 ns, Reaching safepoint: 79900 ns, At safepoint: 4300 ns, Total: 84200 ns
[2022-04-08T18:08:04.818+0000][2220][gc,heap,exit] Heap
[2022-04-08T18:08:04.818+0000][2220][gc,heap,exit]  garbage-first heap   total 8331264K, used 3597218K [0x0000000603800000, 0x0000000800000000)
[2022-04-08T18:08:04.818+0000][2220][gc,heap,exit]   region size 4096K, 844 young (3457024K), 2 survivors (8192K)
[2022-04-08T18:08:04.818+0000][2220][gc,heap,exit]  Metaspace       used 135036K, committed 137344K, reserved 1171456K
[2022-04-08T18:08:04.818+0000][2220][gc,heap,exit]   class space    used 17909K, committed 18880K, reserved 1048576K
