[2022-04-08T18:11:04.791+0000][12720][gc] Using G1
[2022-04-08T18:11:06.072+0000][12720][gc,init] Version: 17.0.2+8 (release)
[2022-04-08T18:11:06.072+0000][12720][gc,init] CPUs: 4 total, 4 available
[2022-04-08T18:11:06.072+0000][12720][gc,init] Memory: 16268M
[2022-04-08T18:11:06.072+0000][12720][gc,init] Large Page Support: Disabled
[2022-04-08T18:11:06.072+0000][12720][gc,init] NUMA Support: Disabled
[2022-04-08T18:11:06.072+0000][12720][gc,init] Compressed Oops: Enabled (Zero based)
[2022-04-08T18:11:06.072+0000][12720][gc,init] Heap Region Size: 4M
[2022-04-08T18:11:06.072+0000][12720][gc,init] Heap Min Capacity: 8136M
[2022-04-08T18:11:06.072+0000][12720][gc,init] Heap Initial Capacity: 8136M
[2022-04-08T18:11:06.072+0000][12720][gc,init] Heap Max Capacity: 8136M
[2022-04-08T18:11:06.072+0000][12720][gc,init] Pre-touch: Enabled
[2022-04-08T18:11:06.072+0000][12720][gc,init] Parallel Workers: 4
[2022-04-08T18:11:06.072+0000][12720][gc,init] Concurrent Workers: 1
[2022-04-08T18:11:06.072+0000][12720][gc,init] Concurrent Refinement Workers: 4
[2022-04-08T18:11:06.072+0000][12720][gc,init] Periodic GC: Disabled
[2022-04-08T18:11:06.072+0000][12720][gc,metaspace] CDS archive(s) mapped at: [0x0000000800000000-0x0000000800bc0000-0x0000000800bc0000), size 12320768, SharedBaseAddress: 0x0000000800000000, ArchiveRelocationMode: 0.
[2022-04-08T18:11:06.072+0000][12720][gc,metaspace] Compressed class space mapped at: 0x0000000800c00000-0x0000000840c00000, reserved size: 1073741824
[2022-04-08T18:11:06.072+0000][12720][gc,metaspace] Narrow klass base: 0x0000000800000000, Narrow klass shift: 0, Narrow klass range: 0x100000000
[2022-04-08T18:11:06.306+0000][12720][safepoint   ] Safepoint "ICBufferFull", Time since last: 228917300 ns, Reaching safepoint: 66800 ns, At safepoint: 9600 ns, Total: 76400 ns
[2022-04-08T18:11:06.306+0000][12720][safepoint   ] Safepoint "ICBufferFull", Time since last: 1461700 ns, Reaching safepoint: 24900 ns, At safepoint: 7800 ns, Total: 32700 ns
[2022-04-08T18:11:06.306+0000][12720][safepoint   ] Safepoint "ICBufferFull", Time since last: 763500 ns, Reaching safepoint: 22800 ns, At safepoint: 1300 ns, Total: 24100 ns
[2022-04-08T18:11:06.587+0000][12720][safepoint   ] Safepoint "ICBufferFull", Time since last: 284262800 ns, Reaching safepoint: 65900 ns, At safepoint: 3600 ns, Total: 69500 ns
[2022-04-08T18:11:07.118+0000][12720][safepoint   ] Safepoint "ICBufferFull", Time since last: 522177700 ns, Reaching safepoint: 90500 ns, At safepoint: 7800 ns, Total: 98300 ns
[2022-04-08T18:11:07.743+0000][12720][safepoint   ] Safepoint "ICBufferFull", Time since last: 628596400 ns, Reaching safepoint: 91000 ns, At safepoint: 6600 ns, Total: 97600 ns
[2022-04-08T18:11:08.602+0000][12720][safepoint   ] Safepoint "ICBufferFull", Time since last: 856983600 ns, Reaching safepoint: 108600 ns, At safepoint: 9700 ns, Total: 118300 ns
[2022-04-08T18:11:09.606+0000][12720][safepoint   ] Safepoint "ICBufferFull", Time since last: 1001569700 ns, Reaching safepoint: 224700 ns, At safepoint: 7300 ns, Total: 232000 ns
[2022-04-08T18:11:09.716+0000][12720][gc,start    ] GC(0) Pause Young (Normal) (G1 Evacuation Pause)
[2022-04-08T18:11:09.716+0000][12720][gc,task     ] GC(0) Using 4 workers of 4 for evacuation
[2022-04-08T18:11:09.716+0000][12720][gc,age      ] GC(0) Desired survivor size 27262976 bytes, new threshold 15 (max threshold 15)
[2022-04-08T18:11:09.716+0000][12720][gc,age      ] GC(0) Age table with threshold 15 (max threshold 15)
[2022-04-08T18:11:09.716+0000][12720][gc,age      ] GC(0) - age   1:   13077920 bytes,   13077920 total
[2022-04-08T18:11:09.716+0000][12720][gc,phases   ] GC(0)   Pre Evacuate Collection Set: 0.1ms
[2022-04-08T18:11:09.716+0000][12720][gc,phases   ] GC(0)   Merge Heap Roots: 0.0ms
[2022-04-08T18:11:09.716+0000][12720][gc,phases   ] GC(0)   Evacuate Collection Set: 8.7ms
[2022-04-08T18:11:09.716+0000][12720][gc,phases   ] GC(0)   Post Evacuate Collection Set: 0.7ms
[2022-04-08T18:11:09.716+0000][12720][gc,phases   ] GC(0)   Other: 0.3ms
[2022-04-08T18:11:09.716+0000][12720][gc,heap     ] GC(0) Eden regions: 101->0(97)
[2022-04-08T18:11:09.716+0000][12720][gc,heap     ] GC(0) Survivor regions: 0->4(13)
[2022-04-08T18:11:09.716+0000][12720][gc,heap     ] GC(0) Old regions: 0->0
[2022-04-08T18:11:09.716+0000][12720][gc,heap     ] GC(0) Archive regions: 0->0
[2022-04-08T18:11:09.716+0000][12720][gc,heap     ] GC(0) Humongous regions: 0->0
[2022-04-08T18:11:09.716+0000][12720][gc,metaspace] GC(0) Metaspace: 20966K(21376K)->20966K(21376K) NonClass: 18481K(18688K)->18481K(18688K) Class: 2485K(2688K)->2485K(2688K)
[2022-04-08T18:11:09.716+0000][12720][gc          ] GC(0) Pause Young (Normal) (G1 Evacuation Pause) 404M->12M(8136M) 9.997ms
[2022-04-08T18:11:09.716+0000][12720][gc,cpu      ] GC(0) User=0.00s Sys=0.00s Real=0.00s
[2022-04-08T18:11:09.716+0000][12720][safepoint   ] Safepoint "G1CollectForAllocation", Time since last: 109582800 ns, Reaching safepoint: 35600 ns, At safepoint: 10098600 ns, Total: 10134200 ns
[2022-04-08T18:11:09.934+0000][12720][gc,start    ] GC(1) Pause Young (Concurrent Start) (Metadata GC Threshold)
[2022-04-08T18:11:09.934+0000][12720][gc,task     ] GC(1) Using 4 workers of 4 for evacuation
[2022-04-08T18:11:09.934+0000][12720][gc,age      ] GC(1) Desired survivor size 27262976 bytes, new threshold 15 (max threshold 15)
[2022-04-08T18:11:09.950+0000][12720][gc,age      ] GC(1) Age table with threshold 15 (max threshold 15)
[2022-04-08T18:11:09.950+0000][12720][gc,age      ] GC(1) - age   1:     815960 bytes,     815960 total
[2022-04-08T18:11:09.950+0000][12720][gc,age      ] GC(1) - age   2:   12701424 bytes,   13517384 total
[2022-04-08T18:11:09.950+0000][12720][gc,phases   ] GC(1)   Pre Evacuate Collection Set: 0.1ms
[2022-04-08T18:11:09.950+0000][12720][gc,phases   ] GC(1)   Merge Heap Roots: 0.0ms
[2022-04-08T18:11:09.950+0000][12720][gc,phases   ] GC(1)   Evacuate Collection Set: 9.2ms
[2022-04-08T18:11:09.950+0000][12720][gc,phases   ] GC(1)   Post Evacuate Collection Set: 0.7ms
[2022-04-08T18:11:09.950+0000][12720][gc,phases   ] GC(1)   Other: 0.3ms
[2022-04-08T18:11:09.950+0000][12720][gc,heap     ] GC(1) Eden regions: 36->0(97)
[2022-04-08T18:11:09.950+0000][12720][gc,heap     ] GC(1) Survivor regions: 4->4(13)
[2022-04-08T18:11:09.950+0000][12720][gc,heap     ] GC(1) Old regions: 0->0
[2022-04-08T18:11:09.950+0000][12720][gc,heap     ] GC(1) Archive regions: 0->0
[2022-04-08T18:11:09.950+0000][12720][gc,heap     ] GC(1) Humongous regions: 0->0
[2022-04-08T18:11:09.950+0000][12720][gc,metaspace] GC(1) Metaspace: 21085K(21504K)->21085K(21504K) NonClass: 18587K(18816K)->18587K(18816K) Class: 2497K(2688K)->2497K(2688K)
[2022-04-08T18:11:09.950+0000][12720][gc          ] GC(1) Pause Young (Concurrent Start) (Metadata GC Threshold) 154M->14M(8136M) 10.530ms
[2022-04-08T18:11:09.950+0000][12720][gc,cpu      ] GC(1) User=0.06s Sys=0.00s Real=0.02s
[2022-04-08T18:11:09.950+0000][12720][gc          ] GC(2) Concurrent Mark Cycle
[2022-04-08T18:11:09.950+0000][12720][gc,marking  ] GC(2) Concurrent Clear Claimed Marks
[2022-04-08T18:11:09.950+0000][12720][safepoint   ] Safepoint "CollectForMetadataAllocation", Time since last: 215704700 ns, Reaching safepoint: 38200 ns, At safepoint: 10661000 ns, Total: 10699200 ns
[2022-04-08T18:11:09.950+0000][12720][gc,marking  ] GC(2) Concurrent Clear Claimed Marks 0.035ms
[2022-04-08T18:11:09.950+0000][12720][gc,marking  ] GC(2) Concurrent Scan Root Regions
[2022-04-08T18:11:09.950+0000][12720][gc,marking  ] GC(2) Concurrent Scan Root Regions 6.843ms
[2022-04-08T18:11:09.950+0000][12720][gc,marking  ] GC(2) Concurrent Mark
[2022-04-08T18:11:09.950+0000][12720][gc,marking  ] GC(2) Concurrent Mark From Roots
[2022-04-08T18:11:09.950+0000][12720][gc,task     ] GC(2) Using 1 workers of 1 for marking
[2022-04-08T18:11:09.950+0000][12720][gc,marking  ] GC(2) Concurrent Mark From Roots 1.831ms
[2022-04-08T18:11:09.950+0000][12720][gc,marking  ] GC(2) Concurrent Preclean
[2022-04-08T18:11:09.950+0000][12720][gc,marking  ] GC(2) Concurrent Preclean 0.071ms
[2022-04-08T18:11:09.950+0000][12720][gc,start    ] GC(2) Pause Remark
[2022-04-08T18:11:09.966+0000][12720][gc          ] GC(2) Pause Remark 16M->16M(8136M) 3.408ms
[2022-04-08T18:11:09.966+0000][12720][gc,cpu      ] GC(2) User=0.06s Sys=0.00s Real=0.02s
[2022-04-08T18:11:09.966+0000][12720][safepoint   ] Safepoint "G1Concurrent", Time since last: 8993000 ns, Reaching safepoint: 51900 ns, At safepoint: 3528000 ns, Total: 3579900 ns
[2022-04-08T18:11:09.966+0000][12720][gc,marking  ] GC(2) Concurrent Mark 5.639ms
[2022-04-08T18:11:09.966+0000][12720][gc,marking  ] GC(2) Concurrent Rebuild Remembered Sets
[2022-04-08T18:11:09.966+0000][12720][gc,marking  ] GC(2) Concurrent Rebuild Remembered Sets 0.024ms
[2022-04-08T18:11:09.966+0000][12720][gc,start    ] GC(2) Pause Cleanup
[2022-04-08T18:11:09.966+0000][12720][gc          ] GC(2) Pause Cleanup 16M->16M(8136M) 0.031ms
[2022-04-08T18:11:09.966+0000][12720][gc,cpu      ] GC(2) User=0.00s Sys=0.00s Real=0.00s
[2022-04-08T18:11:09.966+0000][12720][safepoint   ] Safepoint "G1Concurrent", Time since last: 130500 ns, Reaching safepoint: 48900 ns, At safepoint: 94600 ns, Total: 143500 ns
[2022-04-08T18:11:09.966+0000][12720][gc,marking  ] GC(2) Concurrent Cleanup for Next Mark
[2022-04-08T18:11:09.966+0000][12720][gc,marking  ] GC(2) Concurrent Cleanup for Next Mark 9.427ms
[2022-04-08T18:11:09.966+0000][12720][gc          ] GC(2) Concurrent Mark Cycle 22.433ms
[2022-04-08T18:11:10.059+0000][12720][safepoint   ] Safepoint "ICBufferFull", Time since last: 96299800 ns, Reaching safepoint: 51600 ns, At safepoint: 11100 ns, Total: 62700 ns
[2022-04-08T18:11:10.059+0000][12720][safepoint   ] Safepoint "ICBufferFull", Time since last: 1656500 ns, Reaching safepoint: 26300 ns, At safepoint: 1200 ns, Total: 27500 ns
[2022-04-08T18:11:10.059+0000][12720][safepoint   ] Safepoint "ICBufferFull", Time since last: 3972800 ns, Reaching safepoint: 25000 ns, At safepoint: 1900 ns, Total: 26900 ns
[2022-04-08T18:11:10.059+0000][12720][safepoint   ] Safepoint "ICBufferFull", Time since last: 707500 ns, Reaching safepoint: 26400 ns, At safepoint: 1300 ns, Total: 27700 ns
[2022-04-08T18:11:10.059+0000][12720][safepoint   ] Safepoint "ICBufferFull", Time since last: 640800 ns, Reaching safepoint: 23400 ns, At safepoint: 1300 ns, Total: 24700 ns
[2022-04-08T18:11:10.590+0000][12720][gc,start    ] GC(3) Pause Young (Normal) (G1 Evacuation Pause)
[2022-04-08T18:11:10.590+0000][12720][gc,task     ] GC(3) Using 4 workers of 4 for evacuation
[2022-04-08T18:11:10.590+0000][12720][gc,age      ] GC(3) Desired survivor size 27262976 bytes, new threshold 15 (max threshold 15)
[2022-04-08T18:11:10.606+0000][12720][gc,age      ] GC(3) Age table with threshold 15 (max threshold 15)
[2022-04-08T18:11:10.606+0000][12720][gc,age      ] GC(3) - age   1:    3708368 bytes,    3708368 total
[2022-04-08T18:11:10.606+0000][12720][gc,age      ] GC(3) - age   2:     681672 bytes,    4390040 total
[2022-04-08T18:11:10.606+0000][12720][gc,age      ] GC(3) - age   3:   12693272 bytes,   17083312 total
[2022-04-08T18:11:10.606+0000][12720][gc,phases   ] GC(3)   Pre Evacuate Collection Set: 0.1ms
[2022-04-08T18:11:10.606+0000][12720][gc,phases   ] GC(3)   Merge Heap Roots: 0.1ms
[2022-04-08T18:11:10.606+0000][12720][gc,phases   ] GC(3)   Evacuate Collection Set: 8.4ms
[2022-04-08T18:11:10.606+0000][12720][gc,phases   ] GC(3)   Post Evacuate Collection Set: 0.8ms
[2022-04-08T18:11:10.606+0000][12720][gc,phases   ] GC(3)   Other: 0.2ms
[2022-04-08T18:11:10.606+0000][12720][gc,heap     ] GC(3) Eden regions: 97->0(96)
[2022-04-08T18:11:10.606+0000][12720][gc,heap     ] GC(3) Survivor regions: 4->5(13)
[2022-04-08T18:11:10.606+0000][12720][gc,heap     ] GC(3) Old regions: 0->0
[2022-04-08T18:11:10.606+0000][12720][gc,heap     ] GC(3) Archive regions: 0->0
[2022-04-08T18:11:10.606+0000][12720][gc,heap     ] GC(3) Humongous regions: 0->0
[2022-04-08T18:11:10.606+0000][12720][gc,metaspace] GC(3) Metaspace: 23160K(23680K)->23160K(23680K) NonClass: 20376K(20672K)->20376K(20672K) Class: 2784K(3008K)->2784K(3008K)
[2022-04-08T18:11:10.606+0000][12720][gc          ] GC(3) Pause Young (Normal) (G1 Evacuation Pause) 402M->17M(8136M) 9.678ms
[2022-04-08T18:11:10.606+0000][12720][gc,cpu      ] GC(3) User=0.06s Sys=0.00s Real=0.02s
[2022-04-08T18:11:10.606+0000][12720][safepoint   ] Safepoint "G1CollectForAllocation", Time since last: 534407000 ns, Reaching safepoint: 73300 ns, At safepoint: 9797700 ns, Total: 9871000 ns
[2022-04-08T18:11:11.335+0000][12720][safepoint   ] Safepoint "ICBufferFull", Time since last: 726316600 ns, Reaching safepoint: 92300 ns, At safepoint: 8500 ns, Total: 100800 ns
[2022-04-08T18:11:11.429+0000][12720][gc,start    ] GC(4) Pause Young (Normal) (G1 Evacuation Pause)
[2022-04-08T18:11:11.429+0000][12720][gc,task     ] GC(4) Using 4 workers of 4 for evacuation
[2022-04-08T18:11:11.429+0000][12720][gc,age      ] GC(4) Desired survivor size 27262976 bytes, new threshold 15 (max threshold 15)
[2022-04-08T18:11:11.445+0000][12720][gc,age      ] GC(4) Age table with threshold 15 (max threshold 15)
[2022-04-08T18:11:11.445+0000][12720][gc,age      ] GC(4) - age   1:    3679848 bytes,    3679848 total
[2022-04-08T18:11:11.445+0000][12720][gc,age      ] GC(4) - age   2:    3096216 bytes,    6776064 total
[2022-04-08T18:11:11.445+0000][12720][gc,age      ] GC(4) - age   3:     681608 bytes,    7457672 total
[2022-04-08T18:11:11.445+0000][12720][gc,age      ] GC(4) - age   4:   12653984 bytes,   20111656 total
[2022-04-08T18:11:11.445+0000][12720][gc,phases   ] GC(4)   Pre Evacuate Collection Set: 0.2ms
[2022-04-08T18:11:11.445+0000][12720][gc,phases   ] GC(4)   Merge Heap Roots: 0.0ms
[2022-04-08T18:11:11.445+0000][12720][gc,phases   ] GC(4)   Evacuate Collection Set: 11.3ms
[2022-04-08T18:11:11.445+0000][12720][gc,phases   ] GC(4)   Post Evacuate Collection Set: 1.1ms
[2022-04-08T18:11:11.445+0000][12720][gc,phases   ] GC(4)   Other: 0.3ms
[2022-04-08T18:11:11.445+0000][12720][gc,heap     ] GC(4) Eden regions: 96->0(98)
[2022-04-08T18:11:11.445+0000][12720][gc,heap     ] GC(4) Survivor regions: 5->6(13)
[2022-04-08T18:11:11.445+0000][12720][gc,heap     ] GC(4) Old regions: 0->0
[2022-04-08T18:11:11.445+0000][12720][gc,heap     ] GC(4) Archive regions: 0->0
[2022-04-08T18:11:11.445+0000][12720][gc,heap     ] GC(4) Humongous regions: 0->0
[2022-04-08T18:11:11.445+0000][12720][gc,metaspace] GC(4) Metaspace: 28207K(28800K)->28207K(28800K) NonClass: 24826K(25152K)->24826K(25152K) Class: 3380K(3648K)->3380K(3648K)
[2022-04-08T18:11:11.445+0000][12720][gc          ] GC(4) Pause Young (Normal) (G1 Evacuation Pause) 401M->20M(8136M) 13.105ms
[2022-04-08T18:11:11.445+0000][12720][gc,cpu      ] GC(4) User=0.06s Sys=0.00s Real=0.02s
[2022-04-08T18:11:11.445+0000][12720][safepoint   ] Safepoint "G1CollectForAllocation", Time since last: 97229000 ns, Reaching safepoint: 29600 ns, At safepoint: 13182600 ns, Total: 13212200 ns
[2022-04-08T18:11:12.054+0000][12720][gc,start    ] GC(5) Pause Young (Normal) (G1 Evacuation Pause)
[2022-04-08T18:11:12.054+0000][12720][gc,task     ] GC(5) Using 4 workers of 4 for evacuation
[2022-04-08T18:11:12.054+0000][12720][gc,age      ] GC(5) Desired survivor size 27262976 bytes, new threshold 15 (max threshold 15)
[2022-04-08T18:11:12.069+0000][12720][gc,age      ] GC(5) Age table with threshold 15 (max threshold 15)
[2022-04-08T18:11:12.069+0000][12720][gc,age      ] GC(5) - age   1:    2761864 bytes,    2761864 total
[2022-04-08T18:11:12.069+0000][12720][gc,age      ] GC(5) - age   2:    3076256 bytes,    5838120 total
[2022-04-08T18:11:12.069+0000][12720][gc,age      ] GC(5) - age   3:    3094872 bytes,    8932992 total
[2022-04-08T18:11:12.069+0000][12720][gc,age      ] GC(5) - age   4:     681520 bytes,    9614512 total
[2022-04-08T18:11:12.069+0000][12720][gc,age      ] GC(5) - age   5:   12614536 bytes,   22229048 total
[2022-04-08T18:11:12.069+0000][12720][gc,phases   ] GC(5)   Pre Evacuate Collection Set: 0.2ms
[2022-04-08T18:11:12.069+0000][12720][gc,phases   ] GC(5)   Merge Heap Roots: 0.0ms
[2022-04-08T18:11:12.069+0000][12720][gc,phases   ] GC(5)   Evacuate Collection Set: 9.2ms
[2022-04-08T18:11:12.069+0000][12720][gc,phases   ] GC(5)   Post Evacuate Collection Set: 0.8ms
[2022-04-08T18:11:12.069+0000][12720][gc,phases   ] GC(5)   Other: 0.3ms
[2022-04-08T18:11:12.069+0000][12720][gc,heap     ] GC(5) Eden regions: 98->0(102)
[2022-04-08T18:11:12.069+0000][12720][gc,heap     ] GC(5) Survivor regions: 6->6(13)
[2022-04-08T18:11:12.069+0000][12720][gc,heap     ] GC(5) Old regions: 0->0
[2022-04-08T18:11:12.069+0000][12720][gc,heap     ] GC(5) Archive regions: 0->0
[2022-04-08T18:11:12.069+0000][12720][gc,heap     ] GC(5) Humongous regions: 0->0
[2022-04-08T18:11:12.069+0000][12720][gc,metaspace] GC(5) Metaspace: 29268K(29888K)->29268K(29888K) NonClass: 25739K(26112K)->25739K(26112K) Class: 3528K(3776K)->3528K(3776K)
[2022-04-08T18:11:12.069+0000][12720][gc          ] GC(5) Pause Young (Normal) (G1 Evacuation Pause) 412M->23M(8136M) 10.661ms
[2022-04-08T18:11:12.069+0000][12720][gc,cpu      ] GC(5) User=0.06s Sys=0.00s Real=0.02s
[2022-04-08T18:11:12.069+0000][12720][safepoint   ] Safepoint "G1CollectForAllocation", Time since last: 616706300 ns, Reaching safepoint: 50700 ns, At safepoint: 10732300 ns, Total: 10783000 ns
[2022-04-08T18:11:12.632+0000][12720][gc,start    ] GC(6) Pause Young (Normal) (G1 Evacuation Pause)
[2022-04-08T18:11:12.632+0000][12720][gc,task     ] GC(6) Using 4 workers of 4 for evacuation
[2022-04-08T18:11:12.632+0000][12720][gc,age      ] GC(6) Desired survivor size 29360128 bytes, new threshold 15 (max threshold 15)
[2022-04-08T18:11:12.632+0000][12720][gc,age      ] GC(6) Age table with threshold 15 (max threshold 15)
[2022-04-08T18:11:12.632+0000][12720][gc,age      ] GC(6) - age   1:    1707008 bytes,    1707008 total
[2022-04-08T18:11:12.632+0000][12720][gc,age      ] GC(6) - age   2:    2269136 bytes,    3976144 total
[2022-04-08T18:11:12.632+0000][12720][gc,age      ] GC(6) - age   3:    3074952 bytes,    7051096 total
[2022-04-08T18:11:12.632+0000][12720][gc,age      ] GC(6) - age   4:    3094504 bytes,   10145600 total
[2022-04-08T18:11:12.632+0000][12720][gc,age      ] GC(6) - age   5:     681520 bytes,   10827120 total
[2022-04-08T18:11:12.632+0000][12720][gc,age      ] GC(6) - age   6:   12614344 bytes,   23441464 total
[2022-04-08T18:11:12.632+0000][12720][gc,phases   ] GC(6)   Pre Evacuate Collection Set: 0.1ms
[2022-04-08T18:11:12.632+0000][12720][gc,phases   ] GC(6)   Merge Heap Roots: 0.1ms
[2022-04-08T18:11:12.632+0000][12720][gc,phases   ] GC(6)   Evacuate Collection Set: 9.7ms
[2022-04-08T18:11:12.632+0000][12720][gc,phases   ] GC(6)   Post Evacuate Collection Set: 0.9ms
[2022-04-08T18:11:12.632+0000][12720][gc,phases   ] GC(6)   Other: 0.3ms
[2022-04-08T18:11:12.632+0000][12720][gc,heap     ] GC(6) Eden regions: 102->0(1214)
[2022-04-08T18:11:12.632+0000][12720][gc,heap     ] GC(6) Survivor regions: 6->6(14)
[2022-04-08T18:11:12.632+0000][12720][gc,heap     ] GC(6) Old regions: 0->0
[2022-04-08T18:11:12.632+0000][12720][gc,heap     ] GC(6) Archive regions: 0->0
[2022-04-08T18:11:12.632+0000][12720][gc,heap     ] GC(6) Humongous regions: 0->0
[2022-04-08T18:11:12.632+0000][12720][gc,metaspace] GC(6) Metaspace: 29890K(30592K)->29890K(30592K) NonClass: 26267K(26688K)->26267K(26688K) Class: 3623K(3904K)->3623K(3904K)
[2022-04-08T18:11:12.632+0000][12720][gc          ] GC(6) Pause Young (Normal) (G1 Evacuation Pause) 431M->24M(8136M) 11.221ms
[2022-04-08T18:11:12.632+0000][12720][gc,cpu      ] GC(6) User=0.00s Sys=0.00s Real=0.00s
[2022-04-08T18:11:12.632+0000][12720][safepoint   ] Safepoint "G1CollectForAllocation", Time since last: 552914700 ns, Reaching safepoint: 40400 ns, At safepoint: 11303700 ns, Total: 11344100 ns
[2022-04-08T18:11:13.586+0000][12720][safepoint   ] Safepoint "ICBufferFull", Time since last: 946980100 ns, Reaching safepoint: 102600 ns, At safepoint: 9000 ns, Total: 111600 ns
[2022-04-08T18:11:13.664+0000][12720][safepoint   ] Safepoint "ICBufferFull", Time since last: 80409000 ns, Reaching safepoint: 93300 ns, At safepoint: 8400 ns, Total: 101700 ns
[2022-04-08T18:11:13.664+0000][12720][safepoint   ] Safepoint "ICBufferFull", Time since last: 887600 ns, Reaching safepoint: 28400 ns, At safepoint: 2300 ns, Total: 30700 ns
[2022-04-08T18:11:13.664+0000][12720][safepoint   ] Safepoint "ICBufferFull", Time since last: 888500 ns, Reaching safepoint: 24900 ns, At safepoint: 1800 ns, Total: 26700 ns
[2022-04-08T18:11:13.726+0000][12720][safepoint   ] Safepoint "ICBufferFull", Time since last: 55818300 ns, Reaching safepoint: 38900 ns, At safepoint: 2200 ns, Total: 41100 ns
[2022-04-08T18:11:13.726+0000][12720][safepoint   ] Safepoint "ICBufferFull", Time since last: 780300 ns, Reaching safepoint: 25500 ns, At safepoint: 1500 ns, Total: 27000 ns
[2022-04-08T18:11:13.743+0000][12720][gc,start    ] GC(7) Pause Young (Concurrent Start) (Metadata GC Threshold)
[2022-04-08T18:11:13.743+0000][12720][gc,task     ] GC(7) Using 4 workers of 4 for evacuation
[2022-04-08T18:11:13.743+0000][12720][gc,age      ] GC(7) Desired survivor size 320864256 bytes, new threshold 15 (max threshold 15)
[2022-04-08T18:11:13.758+0000][12720][gc,age      ] GC(7) Age table with threshold 15 (max threshold 15)
[2022-04-08T18:11:13.758+0000][12720][gc,age      ] GC(7) - age   1:    1977304 bytes,    1977304 total
[2022-04-08T18:11:13.758+0000][12720][gc,age      ] GC(7) - age   2:    1074760 bytes,    3052064 total
[2022-04-08T18:11:13.758+0000][12720][gc,age      ] GC(7) - age   3:    2252720 bytes,    5304784 total
[2022-04-08T18:11:13.758+0000][12720][gc,age      ] GC(7) - age   4:    3059920 bytes,    8364704 total
[2022-04-08T18:11:13.758+0000][12720][gc,age      ] GC(7) - age   5:    3077520 bytes,   11442224 total
[2022-04-08T18:11:13.758+0000][12720][gc,age      ] GC(7) - age   6:     678816 bytes,   12121040 total
[2022-04-08T18:11:13.758+0000][12720][gc,age      ] GC(7) - age   7:   12539752 bytes,   24660792 total
[2022-04-08T18:11:13.758+0000][12720][gc,phases   ] GC(7)   Pre Evacuate Collection Set: 0.2ms
[2022-04-08T18:11:13.758+0000][12720][gc,phases   ] GC(7)   Merge Heap Roots: 0.0ms
[2022-04-08T18:11:13.758+0000][12720][gc,phases   ] GC(7)   Evacuate Collection Set: 12.8ms
[2022-04-08T18:11:13.758+0000][12720][gc,phases   ] GC(7)   Post Evacuate Collection Set: 0.8ms
[2022-04-08T18:11:13.758+0000][12720][gc,phases   ] GC(7)   Other: 0.3ms
[2022-04-08T18:11:13.758+0000][12720][gc,heap     ] GC(7) Eden regions: 43->0(1213)
[2022-04-08T18:11:13.758+0000][12720][gc,heap     ] GC(7) Survivor regions: 6->7(153)
[2022-04-08T18:11:13.758+0000][12720][gc,heap     ] GC(7) Old regions: 0->0
[2022-04-08T18:11:13.758+0000][12720][gc,heap     ] GC(7) Archive regions: 0->0
[2022-04-08T18:11:13.758+0000][12720][gc,heap     ] GC(7) Humongous regions: 0->0
[2022-04-08T18:11:13.758+0000][12720][gc,metaspace] GC(7) Metaspace: 35276K(36096K)->35276K(36096K) NonClass: 30927K(31424K)->30927K(31424K) Class: 4348K(4672K)->4348K(4672K)
[2022-04-08T18:11:13.758+0000][12720][gc          ] GC(7) Pause Young (Concurrent Start) (Metadata GC Threshold) 194M->25M(8136M) 14.319ms
[2022-04-08T18:11:13.758+0000][12720][gc,cpu      ] GC(7) User=0.06s Sys=0.00s Real=0.01s
[2022-04-08T18:11:13.758+0000][12720][gc          ] GC(8) Concurrent Mark Cycle
[2022-04-08T18:11:13.758+0000][12720][gc,marking  ] GC(8) Concurrent Clear Claimed Marks
[2022-04-08T18:11:13.758+0000][12720][gc,marking  ] GC(8) Concurrent Clear Claimed Marks 0.050ms
[2022-04-08T18:11:13.758+0000][12720][gc,marking  ] GC(8) Concurrent Scan Root Regions
[2022-04-08T18:11:13.758+0000][12720][safepoint   ] Safepoint "CollectForMetadataAllocation", Time since last: 20879200 ns, Reaching safepoint: 34000 ns, At safepoint: 14802300 ns, Total: 14836300 ns
[2022-04-08T18:11:13.774+0000][12720][gc,marking  ] GC(8) Concurrent Scan Root Regions 11.394ms
[2022-04-08T18:11:13.774+0000][12720][gc,marking  ] GC(8) Concurrent Mark
[2022-04-08T18:11:13.774+0000][12720][gc,marking  ] GC(8) Concurrent Mark From Roots
[2022-04-08T18:11:13.774+0000][12720][gc,task     ] GC(8) Using 1 workers of 1 for marking
[2022-04-08T18:11:13.774+0000][12720][gc,marking  ] GC(8) Concurrent Mark From Roots 1.794ms
[2022-04-08T18:11:13.774+0000][12720][gc,marking  ] GC(8) Concurrent Preclean
[2022-04-08T18:11:13.774+0000][12720][gc,marking  ] GC(8) Concurrent Preclean 0.097ms
[2022-04-08T18:11:13.774+0000][12720][gc,start    ] GC(8) Pause Remark
[2022-04-08T18:11:13.774+0000][12720][gc          ] GC(8) Pause Remark 29M->29M(8136M) 2.737ms
[2022-04-08T18:11:13.774+0000][12720][gc,cpu      ] GC(8) User=0.00s Sys=0.00s Real=0.00s
[2022-04-08T18:11:13.774+0000][12720][safepoint   ] Safepoint "G1Concurrent", Time since last: 13232100 ns, Reaching safepoint: 20500 ns, At safepoint: 2829100 ns, Total: 2849600 ns
[2022-04-08T18:11:13.774+0000][12720][gc,marking  ] GC(8) Concurrent Mark 4.970ms
[2022-04-08T18:11:13.774+0000][12720][gc,marking  ] GC(8) Concurrent Rebuild Remembered Sets
[2022-04-08T18:11:13.774+0000][12720][gc,marking  ] GC(8) Concurrent Rebuild Remembered Sets 0.023ms
[2022-04-08T18:11:13.774+0000][12720][gc,start    ] GC(8) Pause Cleanup
[2022-04-08T18:11:13.774+0000][12720][gc          ] GC(8) Pause Cleanup 29M->29M(8136M) 0.026ms
[2022-04-08T18:11:13.774+0000][12720][gc,cpu      ] GC(8) User=0.00s Sys=0.00s Real=0.00s
[2022-04-08T18:11:13.774+0000][12720][safepoint   ] Safepoint "G1Concurrent", Time since last: 134600 ns, Reaching safepoint: 108100 ns, At safepoint: 76400 ns, Total: 184500 ns
[2022-04-08T18:11:13.774+0000][12720][gc,marking  ] GC(8) Concurrent Cleanup for Next Mark
[2022-04-08T18:11:13.789+0000][12720][gc,marking  ] GC(8) Concurrent Cleanup for Next Mark 10.215ms
[2022-04-08T18:11:13.789+0000][12720][gc          ] GC(8) Concurrent Mark Cycle 27.141ms
[2022-04-08T18:11:13.805+0000][12720][safepoint   ] Safepoint "ICBufferFull", Time since last: 37518900 ns, Reaching safepoint: 33500 ns, At safepoint: 2600 ns, Total: 36100 ns
[2022-04-08T18:11:13.836+0000][12720][safepoint   ] Safepoint "ICBufferFull", Time since last: 20947000 ns, Reaching safepoint: 30000 ns, At safepoint: 7300 ns, Total: 37300 ns
[2022-04-08T18:11:13.899+0000][12720][safepoint   ] Safepoint "ICBufferFull", Time since last: 69852300 ns, Reaching safepoint: 30600 ns, At safepoint: 7600 ns, Total: 38200 ns
[2022-04-08T18:11:13.899+0000][12720][safepoint   ] Safepoint "ICBufferFull", Time since last: 1025200 ns, Reaching safepoint: 22900 ns, At safepoint: 8500 ns, Total: 31400 ns
[2022-04-08T18:11:13.899+0000][12720][safepoint   ] Safepoint "ICBufferFull", Time since last: 923500 ns, Reaching safepoint: 22700 ns, At safepoint: 2200 ns, Total: 24900 ns
[2022-04-08T18:11:13.930+0000][12720][safepoint   ] Safepoint "ICBufferFull", Time since last: 21622600 ns, Reaching safepoint: 27100 ns, At safepoint: 1900 ns, Total: 29000 ns
[2022-04-08T18:11:13.930+0000][12720][safepoint   ] Safepoint "ICBufferFull", Time since last: 862400 ns, Reaching safepoint: 21200 ns, At safepoint: 1100 ns, Total: 22300 ns
[2022-04-08T18:11:13.992+0000][12720][safepoint   ] Safepoint "ICBufferFull", Time since last: 65955900 ns, Reaching safepoint: 31600 ns, At safepoint: 2200 ns, Total: 33800 ns
[2022-04-08T18:11:13.992+0000][12720][safepoint   ] Safepoint "ICBufferFull", Time since last: 1979400 ns, Reaching safepoint: 24800 ns, At safepoint: 2700 ns, Total: 27500 ns
[2022-04-08T18:11:13.992+0000][12720][safepoint   ] Safepoint "ICBufferFull", Time since last: 2406300 ns, Reaching safepoint: 30600 ns, At safepoint: 2200 ns, Total: 32800 ns
[2022-04-08T18:11:13.992+0000][12720][safepoint   ] Safepoint "ICBufferFull", Time since last: 1107700 ns, Reaching safepoint: 24200 ns, At safepoint: 2300 ns, Total: 26500 ns
[2022-04-08T18:11:13.992+0000][12720][safepoint   ] Safepoint "ICBufferFull", Time since last: 1443100 ns, Reaching safepoint: 24100 ns, At safepoint: 2100 ns, Total: 26200 ns
[2022-04-08T18:11:14.008+0000][12720][safepoint   ] Safepoint "ICBufferFull", Time since last: 1044700 ns, Reaching safepoint: 23600 ns, At safepoint: 1800 ns, Total: 25400 ns
[2022-04-08T18:11:14.008+0000][12720][safepoint   ] Safepoint "ICBufferFull", Time since last: 1365300 ns, Reaching safepoint: 24700 ns, At safepoint: 2200 ns, Total: 26900 ns
[2022-04-08T18:11:14.008+0000][12720][safepoint   ] Safepoint "ICBufferFull", Time since last: 1660800 ns, Reaching safepoint: 25100 ns, At safepoint: 2300 ns, Total: 27400 ns
[2022-04-08T18:11:14.008+0000][12720][safepoint   ] Safepoint "ICBufferFull", Time since last: 1657300 ns, Reaching safepoint: 30100 ns, At safepoint: 2100 ns, Total: 32200 ns
[2022-04-08T18:11:14.008+0000][12720][safepoint   ] Safepoint "ICBufferFull", Time since last: 1850700 ns, Reaching safepoint: 35000 ns, At safepoint: 7500 ns, Total: 42500 ns
[2022-04-08T18:11:14.008+0000][12720][safepoint   ] Safepoint "ICBufferFull", Time since last: 1414400 ns, Reaching safepoint: 23900 ns, At safepoint: 2700 ns, Total: 26600 ns
[2022-04-08T18:11:14.008+0000][12720][safepoint   ] Safepoint "ICBufferFull", Time since last: 990400 ns, Reaching safepoint: 28000 ns, At safepoint: 8300 ns, Total: 36300 ns
[2022-04-08T18:11:14.008+0000][12720][safepoint   ] Safepoint "ICBufferFull", Time since last: 1142800 ns, Reaching safepoint: 23700 ns, At safepoint: 1900 ns, Total: 25600 ns
[2022-04-08T18:11:14.620+0000][12720][safepoint   ] Safepoint "ICBufferFull", Time since last: 615800200 ns, Reaching safepoint: 85000 ns, At safepoint: 2500 ns, Total: 87500 ns
[2022-04-08T18:11:15.636+0000][12720][safepoint   ] Safepoint "ICBufferFull", Time since last: 1006175500 ns, Reaching safepoint: 121600 ns, At safepoint: 8600 ns, Total: 130200 ns
[2022-04-08T18:11:16.527+0000][12720][safepoint   ] Safepoint "ICBufferFull", Time since last: 898436400 ns, Reaching safepoint: 116000 ns, At safepoint: 9000 ns, Total: 125000 ns
[2022-04-08T18:11:17.495+0000][12720][safepoint   ] Safepoint "ICBufferFull", Time since last: 957817100 ns, Reaching safepoint: 107700 ns, At safepoint: 3000 ns, Total: 110700 ns
[2022-04-08T18:11:18.469+0000][12720][gc,start    ] GC(9) Pause Young (Concurrent Start) (Metadata GC Threshold)
[2022-04-08T18:11:18.469+0000][12720][gc,task     ] GC(9) Using 4 workers of 4 for evacuation
[2022-04-08T18:11:18.469+0000][12720][gc,age      ] GC(9) Desired survivor size 320864256 bytes, new threshold 15 (max threshold 15)
[2022-04-08T18:11:18.500+0000][12720][gc,age      ] GC(9) Age table with threshold 15 (max threshold 15)
[2022-04-08T18:11:18.500+0000][12720][gc,age      ] GC(9) - age   1:   24936320 bytes,   24936320 total
[2022-04-08T18:11:18.500+0000][12720][gc,age      ] GC(9) - age   2:    1838704 bytes,   26775024 total
[2022-04-08T18:11:18.500+0000][12720][gc,age      ] GC(9) - age   3:    1066232 bytes,   27841256 total
[2022-04-08T18:11:18.500+0000][12720][gc,age      ] GC(9) - age   4:    2194728 bytes,   30035984 total
[2022-04-08T18:11:18.500+0000][12720][gc,age      ] GC(9) - age   5:    3008352 bytes,   33044336 total
[2022-04-08T18:11:18.500+0000][12720][gc,age      ] GC(9) - age   6:    3061376 bytes,   36105712 total
[2022-04-08T18:11:18.500+0000][12720][gc,age      ] GC(9) - age   7:     676072 bytes,   36781784 total
[2022-04-08T18:11:18.500+0000][12720][gc,age      ] GC(9) - age   8:   12463320 bytes,   49245104 total
[2022-04-08T18:11:18.500+0000][12720][gc,phases   ] GC(9)   Pre Evacuate Collection Set: 0.2ms
[2022-04-08T18:11:18.500+0000][12720][gc,phases   ] GC(9)   Merge Heap Roots: 0.0ms
[2022-04-08T18:11:18.500+0000][12720][gc,phases   ] GC(9)   Evacuate Collection Set: 40.7ms
[2022-04-08T18:11:18.500+0000][12720][gc,phases   ] GC(9)   Post Evacuate Collection Set: 1.6ms
[2022-04-08T18:11:18.500+0000][12720][gc,phases   ] GC(9)   Other: 0.4ms
[2022-04-08T18:11:18.500+0000][12720][gc,heap     ] GC(9) Eden regions: 153->0(145)
[2022-04-08T18:11:18.500+0000][12720][gc,heap     ] GC(9) Survivor regions: 7->12(153)
[2022-04-08T18:11:18.500+0000][12720][gc,heap     ] GC(9) Old regions: 0->0
[2022-04-08T18:11:18.500+0000][12720][gc,heap     ] GC(9) Archive regions: 0->0
[2022-04-08T18:11:18.500+0000][12720][gc,heap     ] GC(9) Humongous regions: 0->0
[2022-04-08T18:11:18.500+0000][12720][gc,metaspace] GC(9) Metaspace: 58876K(60288K)->58876K(60288K) NonClass: 50955K(51712K)->50955K(51712K) Class: 7920K(8576K)->7920K(8576K)
[2022-04-08T18:11:18.500+0000][12720][gc          ] GC(9) Pause Young (Concurrent Start) (Metadata GC Threshold) 637M->48M(8136M) 43.020ms
[2022-04-08T18:11:18.500+0000][12720][gc,cpu      ] GC(9) User=0.12s Sys=0.00s Real=0.03s
[2022-04-08T18:11:18.500+0000][12720][gc          ] GC(10) Concurrent Mark Cycle
[2022-04-08T18:11:18.500+0000][12720][gc,marking  ] GC(10) Concurrent Clear Claimed Marks
[2022-04-08T18:11:18.500+0000][12720][gc,marking  ] GC(10) Concurrent Clear Claimed Marks 0.065ms
[2022-04-08T18:11:18.500+0000][12720][gc,marking  ] GC(10) Concurrent Scan Root Regions
[2022-04-08T18:11:18.516+0000][12720][safepoint   ] Safepoint "CollectForMetadataAllocation", Time since last: 974304900 ns, Reaching safepoint: 114000 ns, At safepoint: 46855100 ns, Total: 46969100 ns
[2022-04-08T18:11:18.547+0000][12720][gc,marking  ] GC(10) Concurrent Scan Root Regions 33.255ms
[2022-04-08T18:11:18.547+0000][12720][gc,marking  ] GC(10) Concurrent Mark
[2022-04-08T18:11:18.547+0000][12720][gc,marking  ] GC(10) Concurrent Mark From Roots
[2022-04-08T18:11:18.547+0000][12720][gc,task     ] GC(10) Using 1 workers of 1 for marking
[2022-04-08T18:11:18.547+0000][12720][gc,marking  ] GC(10) Concurrent Mark From Roots 1.852ms
[2022-04-08T18:11:18.547+0000][12720][gc,marking  ] GC(10) Concurrent Preclean
[2022-04-08T18:11:18.547+0000][12720][gc,marking  ] GC(10) Concurrent Preclean 0.106ms
[2022-04-08T18:11:18.547+0000][12720][gc,start    ] GC(10) Pause Remark
[2022-04-08T18:11:18.547+0000][12720][gc          ] GC(10) Pause Remark 52M->52M(8136M) 4.644ms
[2022-04-08T18:11:18.547+0000][12720][gc,cpu      ] GC(10) User=0.00s Sys=0.00s Real=0.00s
[2022-04-08T18:11:18.547+0000][12720][safepoint   ] Safepoint "G1Concurrent", Time since last: 31767800 ns, Reaching safepoint: 303200 ns, At safepoint: 5808300 ns, Total: 6111500 ns
[2022-04-08T18:11:18.547+0000][12720][gc,marking  ] GC(10) Concurrent Mark 8.284ms
[2022-04-08T18:11:18.547+0000][12720][gc,marking  ] GC(10) Concurrent Rebuild Remembered Sets
[2022-04-08T18:11:18.547+0000][12720][gc,marking  ] GC(10) Concurrent Rebuild Remembered Sets 0.022ms
[2022-04-08T18:11:18.563+0000][12720][gc,start    ] GC(10) Pause Cleanup
[2022-04-08T18:11:18.563+0000][12720][gc          ] GC(10) Pause Cleanup 52M->52M(8136M) 0.078ms
[2022-04-08T18:11:18.563+0000][12720][gc,cpu      ] GC(10) User=0.00s Sys=0.00s Real=0.00s
[2022-04-08T18:11:18.563+0000][12720][safepoint   ] Safepoint "G1Concurrent", Time since last: 170800 ns, Reaching safepoint: 5349200 ns, At safepoint: 546700 ns, Total: 5895900 ns
[2022-04-08T18:11:18.563+0000][12720][gc,marking  ] GC(10) Concurrent Cleanup for Next Mark
[2022-04-08T18:11:18.563+0000][12720][gc,marking  ] GC(10) Concurrent Cleanup for Next Mark 9.566ms
[2022-04-08T18:11:18.563+0000][12720][gc          ] GC(10) Concurrent Mark Cycle 57.395ms
[2022-04-08T18:11:19.643+0000][12720][safepoint   ] Safepoint "ICBufferFull", Time since last: 1087402900 ns, Reaching safepoint: 402300 ns, At safepoint: 47300 ns, Total: 449600 ns
[2022-04-08T18:11:20.456+0000][12720][safepoint   ] Safepoint "ICBufferFull", Time since last: 806804300 ns, Reaching safepoint: 122500 ns, At safepoint: 11000 ns, Total: 133500 ns
[2022-04-08T18:11:21.473+0000][12720][safepoint   ] Safepoint "Cleanup", Time since last: 1015081500 ns, Reaching safepoint: 477100 ns, At safepoint: 12200 ns, Total: 489300 ns
[2022-04-08T18:11:22.068+0000][12720][safepoint   ] Safepoint "ICBufferFull", Time since last: 600008000 ns, Reaching safepoint: 114400 ns, At safepoint: 3500 ns, Total: 117900 ns
[2022-04-08T18:11:22.537+0000][12720][safepoint   ] Safepoint "ICBufferFull", Time since last: 466238600 ns, Reaching safepoint: 150800 ns, At safepoint: 10300 ns, Total: 161100 ns
[2022-04-08T18:11:23.128+0000][12720][safepoint   ] Safepoint "ICBufferFull", Time since last: 602489300 ns, Reaching safepoint: 147000 ns, At safepoint: 11900 ns, Total: 158900 ns
[2022-04-08T18:11:23.412+0000][12720][gc,start    ] GC(11) Pause Young (Concurrent Start) (Metadata GC Threshold)
[2022-04-08T18:11:23.412+0000][12720][gc,task     ] GC(11) Using 4 workers of 4 for evacuation
[2022-04-08T18:11:23.412+0000][12720][gc,age      ] GC(11) Desired survivor size 41943040 bytes, new threshold 8 (max threshold 15)
[2022-04-08T18:11:23.458+0000][12720][gc,age      ] GC(11) Age table with threshold 8 (max threshold 15)
[2022-04-08T18:11:23.458+0000][12720][gc,age      ] GC(11) - age   1:   19237672 bytes,   19237672 total
[2022-04-08T18:11:23.458+0000][12720][gc,age      ] GC(11) - age   2:   24401480 bytes,   43639152 total
[2022-04-08T18:11:23.458+0000][12720][gc,age      ] GC(11) - age   3:    1807808 bytes,   45446960 total
[2022-04-08T18:11:23.458+0000][12720][gc,age      ] GC(11) - age   4:    1057128 bytes,   46504088 total
[2022-04-08T18:11:23.458+0000][12720][gc,age      ] GC(11) - age   5:    2185560 bytes,   48689648 total
[2022-04-08T18:11:23.458+0000][12720][gc,age      ] GC(11) - age   6:    2982384 bytes,   51672032 total
[2022-04-08T18:11:23.458+0000][12720][gc,age      ] GC(11) - age   7:    3051136 bytes,   54723168 total
[2022-04-08T18:11:23.458+0000][12720][gc,age      ] GC(11) - age   8:     675544 bytes,   55398712 total
[2022-04-08T18:11:23.458+0000][12720][gc,phases   ] GC(11)   Pre Evacuate Collection Set: 0.1ms
[2022-04-08T18:11:23.458+0000][12720][gc,phases   ] GC(11)   Merge Heap Roots: 0.0ms
[2022-04-08T18:11:23.458+0000][12720][gc,phases   ] GC(11)   Evacuate Collection Set: 51.2ms
[2022-04-08T18:11:23.458+0000][12720][gc,phases   ] GC(11)   Post Evacuate Collection Set: 2.4ms
[2022-04-08T18:11:23.458+0000][12720][gc,phases   ] GC(11)   Other: 0.4ms
[2022-04-08T18:11:23.458+0000][12720][gc,heap     ] GC(11) Eden regions: 109->0(116)
[2022-04-08T18:11:23.458+0000][12720][gc,heap     ] GC(11) Survivor regions: 12->14(20)
[2022-04-08T18:11:23.458+0000][12720][gc,heap     ] GC(11) Old regions: 0->4
[2022-04-08T18:11:23.458+0000][12720][gc,heap     ] GC(11) Archive regions: 0->0
[2022-04-08T18:11:23.458+0000][12720][gc,heap     ] GC(11) Humongous regions: 0->0
[2022-04-08T18:11:23.458+0000][12720][gc,metaspace] GC(11) Metaspace: 99214K(100928K)->99214K(100928K) NonClass: 85555K(86528K)->85555K(86528K) Class: 13659K(14400K)->13659K(14400K)
[2022-04-08T18:11:23.458+0000][12720][gc          ] GC(11) Pause Young (Concurrent Start) (Metadata GC Threshold) 482M->67M(8136M) 54.255ms
[2022-04-08T18:11:23.458+0000][12720][gc,cpu      ] GC(11) User=0.19s Sys=0.00s Real=0.05s
[2022-04-08T18:11:23.458+0000][12720][gc          ] GC(12) Concurrent Mark Cycle
[2022-04-08T18:11:23.458+0000][12720][gc,marking  ] GC(12) Concurrent Clear Claimed Marks
[2022-04-08T18:11:23.458+0000][12720][gc,marking  ] GC(12) Concurrent Clear Claimed Marks 0.078ms
[2022-04-08T18:11:23.458+0000][12720][gc,marking  ] GC(12) Concurrent Scan Root Regions
[2022-04-08T18:11:23.458+0000][12720][safepoint   ] Safepoint "CollectForMetadataAllocation", Time since last: 268854600 ns, Reaching safepoint: 571400 ns, At safepoint: 55989300 ns, Total: 56560700 ns
[2022-04-08T18:11:23.515+0000][12720][gc,marking  ] GC(12) Concurrent Scan Root Regions 48.999ms
[2022-04-08T18:11:23.515+0000][12720][gc,marking  ] GC(12) Concurrent Mark
[2022-04-08T18:11:23.515+0000][12720][gc,marking  ] GC(12) Concurrent Mark From Roots
[2022-04-08T18:11:23.515+0000][12720][gc,task     ] GC(12) Using 1 workers of 1 for marking
[2022-04-08T18:11:23.517+0000][12720][gc,marking  ] GC(12) Concurrent Mark From Roots 1.794ms
[2022-04-08T18:11:23.517+0000][12720][gc,marking  ] GC(12) Concurrent Preclean
[2022-04-08T18:11:23.517+0000][12720][gc,marking  ] GC(12) Concurrent Preclean 0.086ms
[2022-04-08T18:11:23.518+0000][12720][gc,start    ] GC(12) Pause Remark
[2022-04-08T18:11:23.523+0000][12720][gc          ] GC(12) Pause Remark 89M->89M(8136M) 4.689ms
[2022-04-08T18:11:23.523+0000][12720][gc,cpu      ] GC(12) User=0.00s Sys=0.00s Real=0.01s
[2022-04-08T18:11:23.524+0000][12720][safepoint   ] Safepoint "G1Concurrent", Time since last: 49540200 ns, Reaching safepoint: 544800 ns, At safepoint: 5780400 ns, Total: 6325200 ns
[2022-04-08T18:11:23.524+0000][12720][gc,marking  ] GC(12) Concurrent Mark 8.398ms
[2022-04-08T18:11:23.524+0000][12720][gc,marking  ] GC(12) Concurrent Rebuild Remembered Sets
[2022-04-08T18:11:23.532+0000][12720][gc,marking  ] GC(12) Concurrent Rebuild Remembered Sets 8.049ms
[2022-04-08T18:11:23.532+0000][12720][gc,start    ] GC(12) Pause Cleanup
[2022-04-08T18:11:23.532+0000][12720][gc          ] GC(12) Pause Cleanup 91M->91M(8136M) 0.173ms
[2022-04-08T18:11:23.532+0000][12720][gc,cpu      ] GC(12) User=0.00s Sys=0.00s Real=0.00s
[2022-04-08T18:11:23.533+0000][12720][safepoint   ] Safepoint "G1Concurrent", Time since last: 8233600 ns, Reaching safepoint: 213100 ns, At safepoint: 628100 ns, Total: 841200 ns
[2022-04-08T18:11:23.533+0000][12720][gc,marking  ] GC(12) Concurrent Cleanup for Next Mark
[2022-04-08T18:11:23.543+0000][12720][gc,marking  ] GC(12) Concurrent Cleanup for Next Mark 10.181ms
[2022-04-08T18:11:23.543+0000][12720][gc          ] GC(12) Concurrent Mark Cycle 76.889ms
[2022-04-08T18:11:24.022+0000][12720][safepoint   ] Safepoint "ICBufferFull", Time since last: 497655900 ns, Reaching safepoint: 123900 ns, At safepoint: 10600 ns, Total: 134500 ns
[2022-04-08T18:11:24.899+0000][12720][safepoint   ] Safepoint "ICBufferFull", Time since last: 874420400 ns, Reaching safepoint: 142100 ns, At safepoint: 749000 ns, Total: 891100 ns
[2022-04-08T18:11:25.375+0000][12720][safepoint   ] Safepoint "ICBufferFull", Time since last: 469654800 ns, Reaching safepoint: 119300 ns, At safepoint: 10000 ns, Total: 129300 ns
[2022-04-08T18:11:25.375+0000][12720][safepoint   ] Safepoint "ICBufferFull", Time since last: 71500 ns, Reaching safepoint: 16800 ns, At safepoint: 6400 ns, Total: 23200 ns
[2022-04-08T18:11:25.710+0000][12720][safepoint   ] Safepoint "ICBufferFull", Time since last: 337572400 ns, Reaching safepoint: 182900 ns, At safepoint: 9700 ns, Total: 192600 ns
[2022-04-08T18:11:25.913+0000][12720][safepoint   ] Safepoint "ICBufferFull", Time since last: 211548800 ns, Reaching safepoint: 125500 ns, At safepoint: 9600 ns, Total: 135100 ns
[2022-04-08T18:11:26.277+0000][12720][safepoint   ] Safepoint "ICBufferFull", Time since last: 353676200 ns, Reaching safepoint: 261900 ns, At safepoint: 1152800 ns, Total: 1414700 ns
[2022-04-08T18:11:26.634+0000][12720][safepoint   ] Safepoint "ICBufferFull", Time since last: 361235200 ns, Reaching safepoint: 117900 ns, At safepoint: 29900 ns, Total: 147800 ns
[2022-04-08T18:11:27.291+0000][12720][safepoint   ] Safepoint "ICBufferFull", Time since last: 658568400 ns, Reaching safepoint: 157000 ns, At safepoint: 6800 ns, Total: 163800 ns
[2022-04-08T18:11:27.931+0000][12720][safepoint   ] Safepoint "ICBufferFull", Time since last: 638530000 ns, Reaching safepoint: 192900 ns, At safepoint: 4770300 ns, Total: 4963200 ns
[2022-04-08T18:11:29.377+0000][12720][safepoint   ] Safepoint "Cleanup", Time since last: 1432939400 ns, Reaching safepoint: 110900 ns, At safepoint: 7900 ns, Total: 118800 ns
[2022-04-08T18:11:30.607+0000][12720][safepoint   ] Safepoint "ICBufferFull", Time since last: 1239443300 ns, Reaching safepoint: 154600 ns, At safepoint: 5200 ns, Total: 159800 ns
[2022-04-08T18:11:32.438+0000][12720][gc,start    ] GC(13) Pause Young (Normal) (G1 Evacuation Pause)
[2022-04-08T18:11:32.438+0000][12720][gc,task     ] GC(13) Using 4 workers of 4 for evacuation
[2022-04-08T18:11:32.438+0000][12720][gc,age      ] GC(13) Desired survivor size 37748736 bytes, new threshold 2 (max threshold 15)
[2022-04-08T18:11:32.485+0000][12720][gc,age      ] GC(13) Age table with threshold 2 (max threshold 15)
[2022-04-08T18:11:32.485+0000][12720][gc,age      ] GC(13) - age   1:   26806904 bytes,   26806904 total
[2022-04-08T18:11:32.485+0000][12720][gc,age      ] GC(13) - age   2:   18680480 bytes,   45487384 total
[2022-04-08T18:11:32.485+0000][12720][gc,phases   ] GC(13)   Pre Evacuate Collection Set: 0.1ms
[2022-04-08T18:11:32.485+0000][12720][gc,phases   ] GC(13)   Merge Heap Roots: 0.1ms
[2022-04-08T18:11:32.485+0000][12720][gc,phases   ] GC(13)   Evacuate Collection Set: 48.7ms
[2022-04-08T18:11:32.485+0000][12720][gc,phases   ] GC(13)   Post Evacuate Collection Set: 1.9ms
[2022-04-08T18:11:32.485+0000][12720][gc,phases   ] GC(13)   Other: 0.2ms
[2022-04-08T18:11:32.485+0000][12720][gc,heap     ] GC(13) Eden regions: 125->0(160)
[2022-04-08T18:11:32.485+0000][12720][gc,heap     ] GC(13) Survivor regions: 14->12(18)
[2022-04-08T18:11:32.485+0000][12720][gc,heap     ] GC(13) Old regions: 4->12
[2022-04-08T18:11:32.485+0000][12720][gc,heap     ] GC(13) Archive regions: 0->0
[2022-04-08T18:11:32.485+0000][12720][gc,heap     ] GC(13) Humongous regions: 5->5
[2022-04-08T18:11:32.485+0000][12720][gc,metaspace] GC(13) Metaspace: 117168K(119168K)->117168K(119168K) NonClass: 100769K(101952K)->100769K(101952K) Class: 16399K(17216K)->16399K(17216K)
[2022-04-08T18:11:32.485+0000][12720][gc          ] GC(13) Pause Young (Normal) (G1 Evacuation Pause) 587M->113M(8136M) 51.292ms
[2022-04-08T18:11:32.485+0000][12720][gc,cpu      ] GC(13) User=0.16s Sys=0.00s Real=0.05s
[2022-04-08T18:11:32.485+0000][12720][safepoint   ] Safepoint "G1CollectForAllocation", Time since last: 1821827400 ns, Reaching safepoint: 67300 ns, At safepoint: 51394500 ns, Total: 51461800 ns
[2022-04-08T18:11:32.772+0000][12720][safepoint   ] Safepoint "ICBufferFull", Time since last: 287724800 ns, Reaching safepoint: 139800 ns, At safepoint: 14300 ns, Total: 154100 ns
[2022-04-08T18:11:32.897+0000][12720][safepoint   ] Safepoint "ICBufferFull", Time since last: 129303800 ns, Reaching safepoint: 141500 ns, At safepoint: 37900 ns, Total: 179400 ns
[2022-04-08T18:11:33.186+0000][12720][safepoint   ] Safepoint "ICBufferFull", Time since last: 275635500 ns, Reaching safepoint: 295400 ns, At safepoint: 10234900 ns, Total: 10530300 ns
[2022-04-08T18:11:33.263+0000][12720][safepoint   ] Safepoint "ICBufferFull", Time since last: 71958000 ns, Reaching safepoint: 69900 ns, At safepoint: 10300 ns, Total: 80200 ns
[2022-04-08T18:11:35.281+0000][12720][safepoint   ] Safepoint "Cleanup", Time since last: 2015212300 ns, Reaching safepoint: 172300 ns, At safepoint: 51200 ns, Total: 223500 ns
[2022-04-08T18:11:36.282+0000][12720][safepoint   ] Safepoint "Cleanup", Time since last: 1001135700 ns, Reaching safepoint: 90400 ns, At safepoint: 8700 ns, Total: 99100 ns
[2022-04-08T18:11:37.298+0000][12720][safepoint   ] Safepoint "Cleanup", Time since last: 1015411900 ns, Reaching safepoint: 131600 ns, At safepoint: 6600 ns, Total: 138200 ns
[2022-04-08T18:11:38.312+0000][12720][safepoint   ] Safepoint "Cleanup", Time since last: 1013969400 ns, Reaching safepoint: 111200 ns, At safepoint: 11600 ns, Total: 122800 ns
[2022-04-08T18:11:38.687+0000][12720][safepoint   ] Safepoint "ICBufferFull", Time since last: 381686100 ns, Reaching safepoint: 122900 ns, At safepoint: 13100 ns, Total: 136000 ns
[2022-04-08T18:11:38.877+0000][12720][safepoint   ] Safepoint "ICBufferFull", Time since last: 182751500 ns, Reaching safepoint: 98900 ns, At safepoint: 13500 ns, Total: 112400 ns
[2022-04-08T18:11:39.894+0000][12720][safepoint   ] Safepoint "Cleanup", Time since last: 1016786900 ns, Reaching safepoint: 124000 ns, At safepoint: 7600 ns, Total: 131600 ns
[2022-04-08T18:11:40.897+0000][12720][safepoint   ] Safepoint "Cleanup", Time since last: 1003236800 ns, Reaching safepoint: 83100 ns, At safepoint: 10000 ns, Total: 93100 ns
[2022-04-08T18:11:41.912+0000][12720][safepoint   ] Safepoint "Cleanup", Time since last: 1015269100 ns, Reaching safepoint: 74500 ns, At safepoint: 8100 ns, Total: 82600 ns
[2022-04-08T18:11:42.928+0000][12720][safepoint   ] Safepoint "Cleanup", Time since last: 1015223800 ns, Reaching safepoint: 70700 ns, At safepoint: 6700 ns, Total: 77400 ns
[2022-04-08T18:11:43.936+0000][12720][safepoint   ] Safepoint "Cleanup", Time since last: 1008657600 ns, Reaching safepoint: 55000 ns, At safepoint: 9800 ns, Total: 64800 ns
[2022-04-08T18:11:44.857+0000][12720][safepoint   ] Safepoint "ICBufferFull", Time since last: 923703200 ns, Reaching safepoint: 111200 ns, At safepoint: 3700 ns, Total: 114900 ns
[2022-04-08T18:11:46.876+0000][12720][safepoint   ] Safepoint "Cleanup", Time since last: 2015344300 ns, Reaching safepoint: 114900 ns, At safepoint: 11100 ns, Total: 126000 ns
[2022-04-08T18:11:47.891+0000][12720][safepoint   ] Safepoint "Cleanup", Time since last: 1015178000 ns, Reaching safepoint: 239900 ns, At safepoint: 4800 ns, Total: 244700 ns
[2022-04-08T18:11:48.892+0000][12720][safepoint   ] Safepoint "Cleanup", Time since last: 1001263300 ns, Reaching safepoint: 50300 ns, At safepoint: 8500 ns, Total: 58800 ns
[2022-04-08T18:11:50.832+0000][12720][safepoint   ] Safepoint "ICBufferFull", Time since last: 1942297100 ns, Reaching safepoint: 100600 ns, At safepoint: 46900 ns, Total: 147500 ns
[2022-04-08T18:11:51.847+0000][12720][safepoint   ] Safepoint "Cleanup", Time since last: 1012524500 ns, Reaching safepoint: 115300 ns, At safepoint: 6500 ns, Total: 121800 ns
[2022-04-08T18:11:52.851+0000][12720][safepoint   ] Safepoint "Cleanup", Time since last: 1003868700 ns, Reaching safepoint: 125400 ns, At safepoint: 5500 ns, Total: 130900 ns
[2022-04-08T18:11:53.854+0000][12720][safepoint   ] Safepoint "Cleanup", Time since last: 1002261000 ns, Reaching safepoint: 109300 ns, At safepoint: 10300 ns, Total: 119600 ns
[2022-04-08T18:11:54.833+0000][12720][safepoint   ] Safepoint "ICBufferFull", Time since last: 982958800 ns, Reaching safepoint: 136800 ns, At safepoint: 16100 ns, Total: 152900 ns
[2022-04-08T18:11:55.847+0000][12720][safepoint   ] Safepoint "Cleanup", Time since last: 1010415400 ns, Reaching safepoint: 165600 ns, At safepoint: 56300 ns, Total: 221900 ns
[2022-04-08T18:11:56.852+0000][12720][safepoint   ] Safepoint "Cleanup", Time since last: 1004345100 ns, Reaching safepoint: 80200 ns, At safepoint: 13400 ns, Total: 93600 ns
[2022-04-08T18:11:57.874+0000][12720][safepoint   ] Safepoint "Cleanup", Time since last: 1022058400 ns, Reaching safepoint: 75800 ns, At safepoint: 32000 ns, Total: 107800 ns
[2022-04-08T18:11:58.876+0000][12720][safepoint   ] Safepoint "Cleanup", Time since last: 1001444800 ns, Reaching safepoint: 127100 ns, At safepoint: 55100 ns, Total: 182200 ns
[2022-04-08T18:11:59.891+0000][12720][safepoint   ] Safepoint "Cleanup", Time since last: 1015092500 ns, Reaching safepoint: 88800 ns, At safepoint: 23500 ns, Total: 112300 ns
[2022-04-08T18:12:02.721+0000][12720][safepoint   ] Safepoint "Cleanup", Time since last: 2835449300 ns, Reaching safepoint: 115600 ns, At safepoint: 12000 ns, Total: 127600 ns
[2022-04-08T18:12:02.898+0000][12720][safepoint   ] Safepoint "ICBufferFull", Time since last: 174030900 ns, Reaching safepoint: 80800 ns, At safepoint: 4100 ns, Total: 84900 ns
[2022-04-08T18:12:04.914+0000][12720][safepoint   ] Safepoint "Cleanup", Time since last: 2013762300 ns, Reaching safepoint: 81400 ns, At safepoint: 20500 ns, Total: 101900 ns
[2022-04-08T18:12:05.916+0000][12720][safepoint   ] Safepoint "Cleanup", Time since last: 1001115500 ns, Reaching safepoint: 80400 ns, At safepoint: 9200 ns, Total: 89600 ns
[2022-04-08T18:12:07.933+0000][12720][safepoint   ] Safepoint "Cleanup", Time since last: 2016894500 ns, Reaching safepoint: 54900 ns, At safepoint: 4400 ns, Total: 59300 ns
[2022-04-08T18:12:08.870+0000][12720][safepoint   ] Safepoint "ICBufferFull", Time since last: 939944700 ns, Reaching safepoint: 65200 ns, At safepoint: 4800 ns, Total: 70000 ns
[2022-04-08T18:12:10.873+0000][12720][safepoint   ] Safepoint "Cleanup", Time since last: 2000014200 ns, Reaching safepoint: 79600 ns, At safepoint: 55600 ns, Total: 135200 ns
[2022-04-08T18:12:11.888+0000][12720][safepoint   ] Safepoint "Cleanup", Time since last: 1015266700 ns, Reaching safepoint: 124800 ns, At safepoint: 46200 ns, Total: 171000 ns
[2022-04-08T18:12:12.903+0000][12720][safepoint   ] Safepoint "Cleanup", Time since last: 1015063200 ns, Reaching safepoint: 517700 ns, At safepoint: 55800 ns, Total: 573500 ns
[2022-04-08T18:12:14.888+0000][12720][safepoint   ] Safepoint "ICBufferFull", Time since last: 1987342400 ns, Reaching safepoint: 104700 ns, At safepoint: 3600 ns, Total: 108300 ns
[2022-04-08T18:12:16.906+0000][12720][safepoint   ] Safepoint "Cleanup", Time since last: 2014890500 ns, Reaching safepoint: 88400 ns, At safepoint: 18000 ns, Total: 106400 ns
[2022-04-08T18:12:17.922+0000][12720][safepoint   ] Safepoint "Cleanup", Time since last: 1015277800 ns, Reaching safepoint: 112600 ns, At safepoint: 49300 ns, Total: 161900 ns
[2022-04-08T18:12:20.811+0000][12720][safepoint   ] Safepoint "ICBufferFull", Time since last: 2902479700 ns, Reaching safepoint: 66200 ns, At safepoint: 3400 ns, Total: 69600 ns
[2022-04-08T18:12:22.832+0000][12720][safepoint   ] Safepoint "Cleanup", Time since last: 2007625700 ns, Reaching safepoint: 158700 ns, At safepoint: 8500 ns, Total: 167200 ns
[2022-04-08T18:12:23.781+0000][12720][gc,start    ] GC(14) Pause Young (Normal) (G1 Evacuation Pause)
[2022-04-08T18:12:23.781+0000][12720][gc,task     ] GC(14) Using 4 workers of 4 for evacuation
[2022-04-08T18:12:23.781+0000][12720][gc,age      ] GC(14) Desired survivor size 39845888 bytes, new threshold 2 (max threshold 15)
[2022-04-08T18:12:23.796+0000][12720][gc,age      ] GC(14) Age table with threshold 2 (max threshold 15)
[2022-04-08T18:12:23.796+0000][12720][gc,age      ] GC(14) - age   1:    5263568 bytes,    5263568 total
[2022-04-08T18:12:23.796+0000][12720][gc,age      ] GC(14) - age   2:   23092104 bytes,   28355672 total
[2022-04-08T18:12:23.796+0000][12720][gc,phases   ] GC(14)   Pre Evacuate Collection Set: 0.1ms
[2022-04-08T18:12:23.796+0000][12720][gc,phases   ] GC(14)   Merge Heap Roots: 0.1ms
[2022-04-08T18:12:23.796+0000][12720][gc,phases   ] GC(14)   Evacuate Collection Set: 27.2ms
[2022-04-08T18:12:23.796+0000][12720][gc,phases   ] GC(14)   Post Evacuate Collection Set: 1.2ms
[2022-04-08T18:12:23.796+0000][12720][gc,phases   ] GC(14)   Other: 0.2ms
[2022-04-08T18:12:23.796+0000][12720][gc,heap     ] GC(14) Eden regions: 137->0(341)
[2022-04-08T18:12:23.796+0000][12720][gc,heap     ] GC(14) Survivor regions: 12->8(19)
[2022-04-08T18:12:23.796+0000][12720][gc,heap     ] GC(14) Old regions: 12->17
[2022-04-08T18:12:23.796+0000][12720][gc,heap     ] GC(14) Archive regions: 0->0
[2022-04-08T18:12:23.796+0000][12720][gc,heap     ] GC(14) Humongous regions: 5->5
[2022-04-08T18:12:23.796+0000][12720][gc,metaspace] GC(14) Metaspace: 121122K(123264K)->121122K(123264K) NonClass: 104405K(105664K)->104405K(105664K) Class: 16717K(17600K)->16717K(17600K)
[2022-04-08T18:12:23.796+0000][12720][gc          ] GC(14) Pause Young (Normal) (G1 Evacuation Pause) 661M->117M(8136M) 29.007ms
[2022-04-08T18:12:23.796+0000][12720][gc,cpu      ] GC(14) User=0.06s Sys=0.00s Real=0.02s
[2022-04-08T18:12:23.796+0000][12720][safepoint   ] Safepoint "G1CollectForAllocation", Time since last: 949742100 ns, Reaching safepoint: 115100 ns, At safepoint: 29134700 ns, Total: 29249800 ns
[2022-04-08T18:12:25.815+0000][12720][safepoint   ] Safepoint "Cleanup", Time since last: 2004015500 ns, Reaching safepoint: 88700 ns, At safepoint: 8000 ns, Total: 96700 ns
[2022-04-08T18:12:26.816+0000][12720][safepoint   ] Safepoint "Cleanup", Time since last: 1001041100 ns, Reaching safepoint: 72600 ns, At safepoint: 10700 ns, Total: 83300 ns
[2022-04-08T18:12:27.817+0000][12720][safepoint   ] Safepoint "Cleanup", Time since last: 1000248600 ns, Reaching safepoint: 124600 ns, At safepoint: 10500 ns, Total: 135100 ns
[2022-04-08T18:12:29.842+0000][12720][safepoint   ] Safepoint "Cleanup", Time since last: 2025100400 ns, Reaching safepoint: 61800 ns, At safepoint: 6700 ns, Total: 68500 ns
[2022-04-08T18:12:30.843+0000][12720][safepoint   ] Safepoint "Cleanup", Time since last: 1000878400 ns, Reaching safepoint: 98200 ns, At safepoint: 5600 ns, Total: 103800 ns
[2022-04-08T18:12:32.873+0000][12720][safepoint   ] Safepoint "Cleanup", Time since last: 2030203200 ns, Reaching safepoint: 80600 ns, At safepoint: 9900 ns, Total: 90500 ns
[2022-04-08T18:12:33.879+0000][12720][safepoint   ] Safepoint "Cleanup", Time since last: 1005439600 ns, Reaching safepoint: 62400 ns, At safepoint: 4900 ns, Total: 67300 ns
[2022-04-08T18:12:35.899+0000][12720][safepoint   ] Safepoint "Cleanup", Time since last: 2020277900 ns, Reaching safepoint: 75600 ns, At safepoint: 3200 ns, Total: 78800 ns
[2022-04-08T18:12:36.952+0000][12720][safepoint   ] Safepoint "Cleanup", Time since last: 1052669800 ns, Reaching safepoint: 70100 ns, At safepoint: 9100 ns, Total: 79200 ns
[2022-04-08T18:12:37.967+0000][12720][safepoint   ] Safepoint "Cleanup", Time since last: 1015232900 ns, Reaching safepoint: 49500 ns, At safepoint: 62800 ns, Total: 112300 ns
[2022-04-08T18:12:38.923+0000][12720][safepoint   ] Safepoint "ICBufferFull", Time since last: 960287100 ns, Reaching safepoint: 55100 ns, At safepoint: 4400 ns, Total: 59500 ns
[2022-04-08T18:12:40.924+0000][12720][safepoint   ] Safepoint "Cleanup", Time since last: 1996682600 ns, Reaching safepoint: 95700 ns, At safepoint: 53700 ns, Total: 149400 ns
[2022-04-08T18:12:41.940+0000][12720][safepoint   ] Safepoint "Cleanup", Time since last: 1015206700 ns, Reaching safepoint: 57000 ns, At safepoint: 13300 ns, Total: 70300 ns
[2022-04-08T18:12:42.955+0000][12720][safepoint   ] Safepoint "Cleanup", Time since last: 1015239800 ns, Reaching safepoint: 50700 ns, At safepoint: 9700 ns, Total: 60400 ns
[2022-04-08T18:12:44.952+0000][12720][safepoint   ] Safepoint "ICBufferFull", Time since last: 2002091100 ns, Reaching safepoint: 103700 ns, At safepoint: 4200 ns, Total: 107900 ns
[2022-04-08T18:12:44.952+0000][12720][safepoint   ] Safepoint "ICBufferFull", Time since last: 143200 ns, Reaching safepoint: 24600 ns, At safepoint: 51900 ns, Total: 76500 ns
[2022-04-08T18:12:46.967+0000][12720][safepoint   ] Safepoint "Cleanup", Time since last: 2009895000 ns, Reaching safepoint: 120400 ns, At safepoint: 5000 ns, Total: 125400 ns
[2022-04-08T18:12:47.983+0000][12720][safepoint   ] Safepoint "Cleanup", Time since last: 1015205800 ns, Reaching safepoint: 102200 ns, At safepoint: 6000 ns, Total: 108200 ns
[2022-04-08T18:12:50.962+0000][12720][safepoint   ] Safepoint "ICBufferFull", Time since last: 2985650400 ns, Reaching safepoint: 76000 ns, At safepoint: 4900 ns, Total: 80900 ns
[2022-04-08T18:12:51.978+0000][12720][safepoint   ] Safepoint "Cleanup", Time since last: 1009428000 ns, Reaching safepoint: 67800 ns, At safepoint: 16200 ns, Total: 84000 ns
[2022-04-08T18:12:52.993+0000][12720][safepoint   ] Safepoint "Cleanup", Time since last: 1015295500 ns, Reaching safepoint: 53000 ns, At safepoint: 7900 ns, Total: 60900 ns
[2022-04-08T18:12:53.999+0000][12720][safepoint   ] Safepoint "Cleanup", Time since last: 1006013700 ns, Reaching safepoint: 64300 ns, At safepoint: 11900 ns, Total: 76200 ns
[2022-04-08T18:12:55.006+0000][12720][safepoint   ] Safepoint "Cleanup", Time since last: 1006282100 ns, Reaching safepoint: 65000 ns, At safepoint: 6500 ns, Total: 71500 ns
[2022-04-08T18:12:56.017+0000][12720][safepoint   ] Safepoint "Cleanup", Time since last: 1010753300 ns, Reaching safepoint: 59700 ns, At safepoint: 4500 ns, Total: 64200 ns
[2022-04-08T18:12:57.017+0000][12720][safepoint   ] Safepoint "Cleanup", Time since last: 1000168000 ns, Reaching safepoint: 73500 ns, At safepoint: 9600 ns, Total: 83100 ns
[2022-04-08T18:12:58.032+0000][12720][safepoint   ] Safepoint "Cleanup", Time since last: 1015277600 ns, Reaching safepoint: 61000 ns, At safepoint: 9300 ns, Total: 70300 ns
[2022-04-08T18:13:00.058+0000][12720][safepoint   ] Safepoint "Cleanup", Time since last: 2026204400 ns, Reaching safepoint: 44600 ns, At safepoint: 6200 ns, Total: 50800 ns
[2022-04-08T18:13:01.059+0000][12720][safepoint   ] Safepoint "Cleanup", Time since last: 1000747700 ns, Reaching safepoint: 46100 ns, At safepoint: 55900 ns, Total: 102000 ns
[2022-04-08T18:13:03.090+0000][12720][safepoint   ] Safepoint "Cleanup", Time since last: 2030439700 ns, Reaching safepoint: 56400 ns, At safepoint: 4800 ns, Total: 61200 ns
[2022-04-08T18:13:04.101+0000][12720][safepoint   ] Safepoint "Cleanup", Time since last: 1011231300 ns, Reaching safepoint: 56100 ns, At safepoint: 9400 ns, Total: 65500 ns
[2022-04-08T18:13:05.116+0000][12720][safepoint   ] Safepoint "Cleanup", Time since last: 1015257200 ns, Reaching safepoint: 46400 ns, At safepoint: 10400 ns, Total: 56800 ns
[2022-04-08T18:13:06.127+0000][12720][safepoint   ] Safepoint "Cleanup", Time since last: 1010566600 ns, Reaching safepoint: 115400 ns, At safepoint: 11300 ns, Total: 126700 ns
[2022-04-08T18:13:08.158+0000][12720][safepoint   ] Safepoint "Cleanup", Time since last: 2030659400 ns, Reaching safepoint: 48200 ns, At safepoint: 9000 ns, Total: 57200 ns
[2022-04-08T18:13:09.169+0000][12720][safepoint   ] Safepoint "Cleanup", Time since last: 1010768300 ns, Reaching safepoint: 180100 ns, At safepoint: 8700 ns, Total: 188800 ns
[2022-04-08T18:13:11.185+0000][12720][safepoint   ] Safepoint "Cleanup", Time since last: 2015870600 ns, Reaching safepoint: 99700 ns, At safepoint: 10800 ns, Total: 110500 ns
[2022-04-08T18:13:12.200+0000][12720][safepoint   ] Safepoint "Cleanup", Time since last: 1015026000 ns, Reaching safepoint: 52100 ns, At safepoint: 7000 ns, Total: 59100 ns
[2022-04-08T18:13:14.211+0000][12720][safepoint   ] Safepoint "Cleanup", Time since last: 2011012100 ns, Reaching safepoint: 53900 ns, At safepoint: 9000 ns, Total: 62900 ns
[2022-04-08T18:13:15.226+0000][12720][safepoint   ] Safepoint "Cleanup", Time since last: 1015307800 ns, Reaching safepoint: 99900 ns, At safepoint: 20800 ns, Total: 120700 ns
[2022-04-08T18:13:16.237+0000][12720][safepoint   ] Safepoint "Cleanup", Time since last: 1010620800 ns, Reaching safepoint: 61900 ns, At safepoint: 9900 ns, Total: 71800 ns
[2022-04-08T18:13:18.268+0000][12720][safepoint   ] Safepoint "Cleanup", Time since last: 2030711100 ns, Reaching safepoint: 62100 ns, At safepoint: 104600 ns, Total: 166700 ns
[2022-04-08T18:13:19.278+0000][12720][safepoint   ] Safepoint "Cleanup", Time since last: 1010513000 ns, Reaching safepoint: 50900 ns, At safepoint: 9600 ns, Total: 60500 ns
[2022-04-08T18:13:20.936+0000][12720][safepoint   ] Safepoint "ICBufferFull", Time since last: 1672375100 ns, Reaching safepoint: 129900 ns, At safepoint: 4100 ns, Total: 134000 ns
[2022-04-08T18:13:22.942+0000][12720][safepoint   ] Safepoint "Cleanup", Time since last: 1991187400 ns, Reaching safepoint: 111500 ns, At safepoint: 7100 ns, Total: 118600 ns
[2022-04-08T18:13:23.946+0000][12720][safepoint   ] Safepoint "Cleanup", Time since last: 1003406100 ns, Reaching safepoint: 61800 ns, At safepoint: 6900 ns, Total: 68700 ns
[2022-04-08T18:13:24.946+0000][12720][safepoint   ] Safepoint "Cleanup", Time since last: 1000178400 ns, Reaching safepoint: 77600 ns, At safepoint: 8800 ns, Total: 86400 ns
[2022-04-08T18:13:25.959+0000][12720][safepoint   ] Safepoint "Cleanup", Time since last: 1012493500 ns, Reaching safepoint: 59700 ns, At safepoint: 22700 ns, Total: 82400 ns
[2022-04-08T18:13:26.969+0000][12720][safepoint   ] Safepoint "Cleanup", Time since last: 1009874900 ns, Reaching safepoint: 42300 ns, At safepoint: 5500 ns, Total: 47800 ns
[2022-04-08T18:13:27.970+0000][12720][safepoint   ] Safepoint "Cleanup", Time since last: 1001164000 ns, Reaching safepoint: 111200 ns, At safepoint: 5900 ns, Total: 117100 ns
[2022-04-08T18:13:29.996+0000][12720][safepoint   ] Safepoint "Cleanup", Time since last: 2026543300 ns, Reaching safepoint: 134700 ns, At safepoint: 53700 ns, Total: 188400 ns
[2022-04-08T18:13:31.387+0000][12720][safepoint   ] Safepoint "Cleanup", Time since last: 1390885900 ns, Reaching safepoint: 136800 ns, At safepoint: 9400 ns, Total: 146200 ns
[2022-04-08T18:13:33.407+0000][12720][safepoint   ] Safepoint "Cleanup", Time since last: 2019882100 ns, Reaching safepoint: 77500 ns, At safepoint: 14400 ns, Total: 91900 ns
[2022-04-08T18:13:34.418+0000][12720][safepoint   ] Safepoint "Cleanup", Time since last: 1010714300 ns, Reaching safepoint: 67600 ns, At safepoint: 13100 ns, Total: 80700 ns
[2022-04-08T18:13:35.434+0000][12720][safepoint   ] Safepoint "Cleanup", Time since last: 1015245300 ns, Reaching safepoint: 127100 ns, At safepoint: 15700 ns, Total: 142800 ns
[2022-04-08T18:13:36.434+0000][12720][safepoint   ] Safepoint "Cleanup", Time since last: 1000736700 ns, Reaching safepoint: 104800 ns, At safepoint: 11000 ns, Total: 115800 ns
[2022-04-08T18:13:37.450+0000][12720][safepoint   ] Safepoint "Cleanup", Time since last: 1015224500 ns, Reaching safepoint: 48500 ns, At safepoint: 17800 ns, Total: 66300 ns
[2022-04-08T18:13:38.465+0000][12720][safepoint   ] Safepoint "Cleanup", Time since last: 1015204600 ns, Reaching safepoint: 40200 ns, At safepoint: 6800 ns, Total: 47000 ns
[2022-04-08T18:13:39.475+0000][12720][safepoint   ] Safepoint "Cleanup", Time since last: 1010032800 ns, Reaching safepoint: 69000 ns, At safepoint: 9000 ns, Total: 78000 ns
[2022-04-08T18:13:40.478+0000][12720][safepoint   ] Safepoint "Cleanup", Time since last: 1002599400 ns, Reaching safepoint: 54300 ns, At safepoint: 9400 ns, Total: 63700 ns
[2022-04-08T18:13:41.478+0000][12720][safepoint   ] Safepoint "Cleanup", Time since last: 1000341400 ns, Reaching safepoint: 60300 ns, At safepoint: 8700 ns, Total: 69000 ns
[2022-04-08T18:13:43.509+0000][12720][safepoint   ] Safepoint "Cleanup", Time since last: 2030680100 ns, Reaching safepoint: 53100 ns, At safepoint: 6400 ns, Total: 59500 ns
[2022-04-08T18:13:44.520+0000][12720][safepoint   ] Safepoint "Cleanup", Time since last: 1010717700 ns, Reaching safepoint: 87300 ns, At safepoint: 10100 ns, Total: 97400 ns
[2022-04-08T18:13:45.533+0000][12720][safepoint   ] Safepoint "Cleanup", Time since last: 1013067600 ns, Reaching safepoint: 85300 ns, At safepoint: 9200 ns, Total: 94500 ns
[2022-04-08T18:13:46.535+0000][12720][safepoint   ] Safepoint "Cleanup", Time since last: 1002268500 ns, Reaching safepoint: 48100 ns, At safepoint: 7600 ns, Total: 55700 ns
[2022-04-08T18:13:48.551+0000][12720][safepoint   ] Safepoint "Cleanup", Time since last: 2015897600 ns, Reaching safepoint: 58300 ns, At safepoint: 7900 ns, Total: 66200 ns
[2022-04-08T18:13:49.815+0000][12720][safepoint   ] Safepoint "Cleanup", Time since last: 1263598600 ns, Reaching safepoint: 63400 ns, At safepoint: 11300 ns, Total: 74700 ns
[2022-04-08T18:13:50.829+0000][12720][safepoint   ] Safepoint "Cleanup", Time since last: 1013456500 ns, Reaching safepoint: 82800 ns, At safepoint: 73100 ns, Total: 155900 ns
[2022-04-08T18:13:51.834+0000][12720][safepoint   ] Safepoint "Cleanup", Time since last: 1005168400 ns, Reaching safepoint: 146400 ns, At safepoint: 21600 ns, Total: 168000 ns
[2022-04-08T18:13:52.840+0000][12720][safepoint   ] Safepoint "Cleanup", Time since last: 1005783300 ns, Reaching safepoint: 49300 ns, At safepoint: 15800 ns, Total: 65100 ns
[2022-04-08T18:13:53.854+0000][12720][safepoint   ] Safepoint "Cleanup", Time since last: 1013954500 ns, Reaching safepoint: 104200 ns, At safepoint: 24300 ns, Total: 128500 ns
[2022-04-08T18:13:54.858+0000][12720][safepoint   ] Safepoint "Cleanup", Time since last: 1004227200 ns, Reaching safepoint: 114300 ns, At safepoint: 23100 ns, Total: 137400 ns
[2022-04-08T18:13:55.862+0000][12720][safepoint   ] Safepoint "Cleanup", Time since last: 1003838300 ns, Reaching safepoint: 68600 ns, At safepoint: 15100 ns, Total: 83700 ns
[2022-04-08T18:13:57.882+0000][12720][safepoint   ] Safepoint "Cleanup", Time since last: 2019901300 ns, Reaching safepoint: 120100 ns, At safepoint: 53400 ns, Total: 173500 ns
[2022-04-08T18:13:58.888+0000][12720][safepoint   ] Safepoint "Cleanup", Time since last: 1006114400 ns, Reaching safepoint: 53100 ns, At safepoint: 15200 ns, Total: 68300 ns
[2022-04-08T18:14:00.904+0000][12720][safepoint   ] Safepoint "Cleanup", Time since last: 2015090300 ns, Reaching safepoint: 73500 ns, At safepoint: 55000 ns, Total: 128500 ns
[2022-04-08T18:14:03.936+0000][12720][safepoint   ] Safepoint "Cleanup", Time since last: 3032334400 ns, Reaching safepoint: 109700 ns, At safepoint: 57400 ns, Total: 167100 ns
[2022-04-08T18:14:04.939+0000][12720][safepoint   ] Safepoint "Cleanup", Time since last: 1002798400 ns, Reaching safepoint: 41900 ns, At safepoint: 21600 ns, Total: 63500 ns
[2022-04-08T18:14:05.951+0000][12720][safepoint   ] Safepoint "Cleanup", Time since last: 1012025700 ns, Reaching safepoint: 53300 ns, At safepoint: 7900 ns, Total: 61200 ns
[2022-04-08T18:14:06.962+0000][12720][safepoint   ] Safepoint "Cleanup", Time since last: 1011141100 ns, Reaching safepoint: 60700 ns, At safepoint: 18000 ns, Total: 78700 ns
[2022-04-08T18:14:07.975+0000][12720][safepoint   ] Safepoint "Cleanup", Time since last: 1012874700 ns, Reaching safepoint: 55300 ns, At safepoint: 14000 ns, Total: 69300 ns
[2022-04-08T18:14:10.002+0000][12720][safepoint   ] Safepoint "Cleanup", Time since last: 2026221900 ns, Reaching safepoint: 72500 ns, At safepoint: 39500 ns, Total: 112000 ns
[2022-04-08T18:14:11.015+0000][12720][safepoint   ] Safepoint "Cleanup", Time since last: 1013640800 ns, Reaching safepoint: 51700 ns, At safepoint: 11900 ns, Total: 63600 ns
[2022-04-08T18:14:12.024+0000][12720][safepoint   ] Safepoint "Cleanup", Time since last: 1008490800 ns, Reaching safepoint: 81900 ns, At safepoint: 16400 ns, Total: 98300 ns
[2022-04-08T18:14:13.033+0000][12720][safepoint   ] Safepoint "Cleanup", Time since last: 1009518800 ns, Reaching safepoint: 72400 ns, At safepoint: 9600 ns, Total: 82000 ns
[2022-04-08T18:14:15.051+0000][12720][safepoint   ] Safepoint "Cleanup", Time since last: 2017180600 ns, Reaching safepoint: 39900 ns, At safepoint: 11400 ns, Total: 51300 ns
[2022-04-08T18:14:16.061+0000][12720][safepoint   ] Safepoint "Cleanup", Time since last: 1009816200 ns, Reaching safepoint: 64300 ns, At safepoint: 6300 ns, Total: 70600 ns
[2022-04-08T18:14:17.065+0000][12720][safepoint   ] Safepoint "Cleanup", Time since last: 1004681200 ns, Reaching safepoint: 46400 ns, At safepoint: 15800 ns, Total: 62200 ns
[2022-04-08T18:14:18.067+0000][12720][safepoint   ] Safepoint "Cleanup", Time since last: 1002054100 ns, Reaching safepoint: 50000 ns, At safepoint: 84800 ns, Total: 134800 ns
[2022-04-08T18:14:19.075+0000][12720][safepoint   ] Safepoint "Cleanup", Time since last: 1007339000 ns, Reaching safepoint: 46200 ns, At safepoint: 6200 ns, Total: 52400 ns
[2022-04-08T18:14:21.092+0000][12720][safepoint   ] Safepoint "Cleanup", Time since last: 2017109200 ns, Reaching safepoint: 193500 ns, At safepoint: 110100 ns, Total: 303600 ns
[2022-04-08T18:14:22.098+0000][12720][safepoint   ] Safepoint "Cleanup", Time since last: 1005312000 ns, Reaching safepoint: 89600 ns, At safepoint: 14300 ns, Total: 103900 ns
[2022-04-08T18:14:23.113+0000][12720][safepoint   ] Safepoint "Cleanup", Time since last: 1015072700 ns, Reaching safepoint: 97800 ns, At safepoint: 11500 ns, Total: 109300 ns
[2022-04-08T18:14:24.120+0000][12720][safepoint   ] Safepoint "Cleanup", Time since last: 1006574400 ns, Reaching safepoint: 70200 ns, At safepoint: 33100 ns, Total: 103300 ns
[2022-04-08T18:14:25.132+0000][12720][safepoint   ] Safepoint "Cleanup", Time since last: 1012709100 ns, Reaching safepoint: 61800 ns, At safepoint: 9500 ns, Total: 71300 ns
[2022-04-08T18:14:26.143+0000][12720][safepoint   ] Safepoint "Cleanup", Time since last: 1010564800 ns, Reaching safepoint: 54100 ns, At safepoint: 8300 ns, Total: 62400 ns
[2022-04-08T18:14:27.158+0000][12720][safepoint   ] Safepoint "Cleanup", Time since last: 1014578500 ns, Reaching safepoint: 75600 ns, At safepoint: 12000 ns, Total: 87600 ns
[2022-04-08T18:14:28.168+0000][12720][safepoint   ] Safepoint "Cleanup", Time since last: 1009908000 ns, Reaching safepoint: 65500 ns, At safepoint: 18000 ns, Total: 83500 ns
[2022-04-08T18:14:30.185+0000][12720][safepoint   ] Safepoint "Cleanup", Time since last: 2017408600 ns, Reaching safepoint: 90200 ns, At safepoint: 23300 ns, Total: 113500 ns
[2022-04-08T18:14:31.192+0000][12720][safepoint   ] Safepoint "Cleanup", Time since last: 1007014000 ns, Reaching safepoint: 59500 ns, At safepoint: 7300 ns, Total: 66800 ns
[2022-04-08T18:14:33.204+0000][12720][safepoint   ] Safepoint "Cleanup", Time since last: 2011650300 ns, Reaching safepoint: 80200 ns, At safepoint: 65000 ns, Total: 145200 ns
[2022-04-08T18:14:34.211+0000][12720][safepoint   ] Safepoint "Cleanup", Time since last: 1007257000 ns, Reaching safepoint: 56400 ns, At safepoint: 10000 ns, Total: 66400 ns
[2022-04-08T18:14:36.226+0000][12720][safepoint   ] Safepoint "Cleanup", Time since last: 2014529300 ns, Reaching safepoint: 53600 ns, At safepoint: 12700 ns, Total: 66300 ns
[2022-04-08T18:14:37.235+0000][12720][safepoint   ] Safepoint "Cleanup", Time since last: 1008611000 ns, Reaching safepoint: 64100 ns, At safepoint: 10800 ns, Total: 74900 ns
[2022-04-08T18:14:38.241+0000][12720][safepoint   ] Safepoint "Cleanup", Time since last: 1006626200 ns, Reaching safepoint: 49600 ns, At safepoint: 8300 ns, Total: 57900 ns
[2022-04-08T18:14:39.249+0000][12720][safepoint   ] Safepoint "Cleanup", Time since last: 1007742800 ns, Reaching safepoint: 59500 ns, At safepoint: 17200 ns, Total: 76700 ns
[2022-04-08T18:14:40.251+0000][12720][safepoint   ] Safepoint "Cleanup", Time since last: 1002264200 ns, Reaching safepoint: 85600 ns, At safepoint: 18300 ns, Total: 103900 ns
[2022-04-08T18:14:41.260+0000][12720][safepoint   ] Safepoint "Cleanup", Time since last: 1008090900 ns, Reaching safepoint: 67400 ns, At safepoint: 18500 ns, Total: 85900 ns
[2022-04-08T18:14:42.267+0000][12720][safepoint   ] Safepoint "Cleanup", Time since last: 1007647900 ns, Reaching safepoint: 35800 ns, At safepoint: 5200 ns, Total: 41000 ns
[2022-04-08T18:14:43.279+0000][12720][safepoint   ] Safepoint "Cleanup", Time since last: 1011636500 ns, Reaching safepoint: 51000 ns, At safepoint: 8100 ns, Total: 59100 ns
[2022-04-08T18:14:44.292+0000][12720][safepoint   ] Safepoint "Cleanup", Time since last: 1012396900 ns, Reaching safepoint: 47400 ns, At safepoint: 50000 ns, Total: 97400 ns
[2022-04-08T18:14:45.300+0000][12720][safepoint   ] Safepoint "Cleanup", Time since last: 1008107300 ns, Reaching safepoint: 76900 ns, At safepoint: 61900 ns, Total: 138800 ns
[2022-04-08T18:14:46.308+0000][12720][safepoint   ] Safepoint "Cleanup", Time since last: 1008388200 ns, Reaching safepoint: 136200 ns, At safepoint: 54800 ns, Total: 191000 ns
[2022-04-08T18:14:48.323+0000][12720][safepoint   ] Safepoint "Cleanup", Time since last: 2014066100 ns, Reaching safepoint: 57000 ns, At safepoint: 9300 ns, Total: 66300 ns
[2022-04-08T18:14:51.345+0000][12720][safepoint   ] Safepoint "Cleanup", Time since last: 3022358700 ns, Reaching safepoint: 64300 ns, At safepoint: 8200 ns, Total: 72500 ns
[2022-04-08T18:14:53.369+0000][12720][safepoint   ] Safepoint "Cleanup", Time since last: 2023862400 ns, Reaching safepoint: 53000 ns, At safepoint: 19100 ns, Total: 72100 ns
[2022-04-08T18:14:54.374+0000][12720][safepoint   ] Safepoint "Cleanup", Time since last: 1005506800 ns, Reaching safepoint: 64400 ns, At safepoint: 16200 ns, Total: 80600 ns
[2022-04-08T18:14:55.387+0000][12720][safepoint   ] Safepoint "Cleanup", Time since last: 1012020400 ns, Reaching safepoint: 106700 ns, At safepoint: 18000 ns, Total: 124700 ns
[2022-04-08T18:14:56.395+0000][12720][safepoint   ] Safepoint "Cleanup", Time since last: 1007836700 ns, Reaching safepoint: 59000 ns, At safepoint: 11600 ns, Total: 70600 ns
[2022-04-08T18:14:57.404+0000][12720][safepoint   ] Safepoint "Cleanup", Time since last: 1009083300 ns, Reaching safepoint: 57300 ns, At safepoint: 11200 ns, Total: 68500 ns
[2022-04-08T18:14:58.413+0000][12720][safepoint   ] Safepoint "Cleanup", Time since last: 1009696900 ns, Reaching safepoint: 60200 ns, At safepoint: 8200 ns, Total: 68400 ns
[2022-04-08T18:15:00.433+0000][12720][safepoint   ] Safepoint "Cleanup", Time since last: 2019811200 ns, Reaching safepoint: 57200 ns, At safepoint: 50500 ns, Total: 107700 ns
[2022-04-08T18:15:01.434+0000][12720][safepoint   ] Safepoint "Cleanup", Time since last: 1000497200 ns, Reaching safepoint: 61000 ns, At safepoint: 14600 ns, Total: 75600 ns
[2022-04-08T18:15:03.284+0000][12720][safepoint   ] Safepoint "Cleanup", Time since last: 1849611300 ns, Reaching safepoint: 82400 ns, At safepoint: 12200 ns, Total: 94600 ns
[2022-04-08T18:15:04.299+0000][12720][safepoint   ] Safepoint "Cleanup", Time since last: 1015352300 ns, Reaching safepoint: 114100 ns, At safepoint: 9300 ns, Total: 123400 ns
[2022-04-08T18:15:06.315+0000][12720][safepoint   ] Safepoint "Cleanup", Time since last: 2016140900 ns, Reaching safepoint: 65500 ns, At safepoint: 5700 ns, Total: 71200 ns
[2022-04-08T18:15:08.333+0000][12720][safepoint   ] Safepoint "Cleanup", Time since last: 2017487600 ns, Reaching safepoint: 54900 ns, At safepoint: 6500 ns, Total: 61400 ns
[2022-04-08T18:15:09.344+0000][12720][safepoint   ] Safepoint "Cleanup", Time since last: 1011007600 ns, Reaching safepoint: 57600 ns, At safepoint: 5500 ns, Total: 63100 ns
[2022-04-08T18:15:10.358+0000][12720][safepoint   ] Safepoint "Cleanup", Time since last: 1014381600 ns, Reaching safepoint: 48600 ns, At safepoint: 8600 ns, Total: 57200 ns
[2022-04-08T18:15:11.364+0000][12720][safepoint   ] Safepoint "Cleanup", Time since last: 1005195400 ns, Reaching safepoint: 61600 ns, At safepoint: 10900 ns, Total: 72500 ns
[2022-04-08T18:15:12.375+0000][12720][safepoint   ] Safepoint "Cleanup", Time since last: 1010838800 ns, Reaching safepoint: 54200 ns, At safepoint: 5400 ns, Total: 59600 ns
[2022-04-08T18:15:13.383+0000][12720][safepoint   ] Safepoint "Cleanup", Time since last: 1008858200 ns, Reaching safepoint: 58200 ns, At safepoint: 18800 ns, Total: 77000 ns
[2022-04-08T18:15:15.400+0000][12720][safepoint   ] Safepoint "Cleanup", Time since last: 2016048000 ns, Reaching safepoint: 72100 ns, At safepoint: 10500 ns, Total: 82600 ns
[2022-04-08T18:15:16.408+0000][12720][safepoint   ] Safepoint "Cleanup", Time since last: 1008193400 ns, Reaching safepoint: 131000 ns, At safepoint: 5300 ns, Total: 136300 ns
[2022-04-08T18:15:18.430+0000][12720][safepoint   ] Safepoint "Cleanup", Time since last: 2022275300 ns, Reaching safepoint: 50400 ns, At safepoint: 4500 ns, Total: 54900 ns
[2022-04-08T18:15:20.441+0000][12720][safepoint   ] Safepoint "Cleanup", Time since last: 2010892000 ns, Reaching safepoint: 73800 ns, At safepoint: 8000 ns, Total: 81800 ns
[2022-04-08T18:15:21.452+0000][12720][safepoint   ] Safepoint "Cleanup", Time since last: 1010269500 ns, Reaching safepoint: 114300 ns, At safepoint: 6300 ns, Total: 120600 ns
[2022-04-08T18:15:22.462+0000][12720][safepoint   ] Safepoint "Cleanup", Time since last: 1010549000 ns, Reaching safepoint: 81100 ns, At safepoint: 8500 ns, Total: 89600 ns
[2022-04-08T18:15:23.473+0000][12720][safepoint   ] Safepoint "Cleanup", Time since last: 1010478800 ns, Reaching safepoint: 45100 ns, At safepoint: 6000 ns, Total: 51100 ns
[2022-04-08T18:15:24.486+0000][12720][safepoint   ] Safepoint "Cleanup", Time since last: 1012616100 ns, Reaching safepoint: 61900 ns, At safepoint: 8200 ns, Total: 70100 ns
[2022-04-08T18:15:26.508+0000][12720][safepoint   ] Safepoint "Cleanup", Time since last: 2021953800 ns, Reaching safepoint: 39800 ns, At safepoint: 9000 ns, Total: 48800 ns
[2022-04-08T18:15:28.417+0000][12720][safepoint   ] Safepoint "Cleanup", Time since last: 1909729000 ns, Reaching safepoint: 110700 ns, At safepoint: 14300 ns, Total: 125000 ns
[2022-04-08T18:15:29.426+0000][12720][safepoint   ] Safepoint "Cleanup", Time since last: 1009041000 ns, Reaching safepoint: 52400 ns, At safepoint: 7100 ns, Total: 59500 ns
[2022-04-08T18:15:30.434+0000][12720][safepoint   ] Safepoint "Cleanup", Time since last: 1007007100 ns, Reaching safepoint: 70500 ns, At safepoint: 9800 ns, Total: 80300 ns
[2022-04-08T18:15:31.442+0000][12720][safepoint   ] Safepoint "Cleanup", Time since last: 1009092500 ns, Reaching safepoint: 125100 ns, At safepoint: 5200 ns, Total: 130300 ns
[2022-04-08T18:15:33.463+0000][12720][safepoint   ] Safepoint "Cleanup", Time since last: 2020181900 ns, Reaching safepoint: 79700 ns, At safepoint: 8200 ns, Total: 87900 ns
[2022-04-08T18:15:36.494+0000][12720][safepoint   ] Safepoint "Cleanup", Time since last: 3031203400 ns, Reaching safepoint: 77100 ns, At safepoint: 8300 ns, Total: 85400 ns
[2022-04-08T18:15:38.515+0000][12720][safepoint   ] Safepoint "Cleanup", Time since last: 2020392500 ns, Reaching safepoint: 51500 ns, At safepoint: 10300 ns, Total: 61800 ns
[2022-04-08T18:15:39.523+0000][12720][safepoint   ] Safepoint "Cleanup", Time since last: 1008120700 ns, Reaching safepoint: 56800 ns, At safepoint: 12400 ns, Total: 69200 ns
[2022-04-08T18:15:40.527+0000][12720][safepoint   ] Safepoint "Cleanup", Time since last: 1004056000 ns, Reaching safepoint: 51900 ns, At safepoint: 6300 ns, Total: 58200 ns
[2022-04-08T18:15:41.533+0000][12720][safepoint   ] Safepoint "Cleanup", Time since last: 1006157700 ns, Reaching safepoint: 42000 ns, At safepoint: 8400 ns, Total: 50400 ns
[2022-04-08T18:15:42.545+0000][12720][safepoint   ] Safepoint "Cleanup", Time since last: 1011583600 ns, Reaching safepoint: 66000 ns, At safepoint: 7400 ns, Total: 73400 ns
[2022-04-08T18:15:43.545+0000][12720][safepoint   ] Safepoint "Cleanup", Time since last: 1000332700 ns, Reaching safepoint: 74200 ns, At safepoint: 9800 ns, Total: 84000 ns
[2022-04-08T18:15:44.557+0000][12720][safepoint   ] Safepoint "Cleanup", Time since last: 1011243400 ns, Reaching safepoint: 55400 ns, At safepoint: 15900 ns, Total: 71300 ns
[2022-04-08T18:15:45.565+0000][12720][safepoint   ] Safepoint "Cleanup", Time since last: 1008351100 ns, Reaching safepoint: 70000 ns, At safepoint: 8400 ns, Total: 78400 ns
[2022-04-08T18:15:46.577+0000][12720][safepoint   ] Safepoint "Cleanup", Time since last: 1011996500 ns, Reaching safepoint: 66100 ns, At safepoint: 8700 ns, Total: 74800 ns
[2022-04-08T18:15:48.592+0000][12720][safepoint   ] Safepoint "Cleanup", Time since last: 2014982500 ns, Reaching safepoint: 60100 ns, At safepoint: 7300 ns, Total: 67400 ns
[2022-04-08T18:15:51.603+0000][12720][safepoint   ] Safepoint "Cleanup", Time since last: 3010949500 ns, Reaching safepoint: 65900 ns, At safepoint: 7100 ns, Total: 73000 ns
[2022-04-08T18:15:53.620+0000][12720][safepoint   ] Safepoint "Cleanup", Time since last: 2016562700 ns, Reaching safepoint: 50700 ns, At safepoint: 10800 ns, Total: 61500 ns
[2022-04-08T18:15:54.635+0000][12720][safepoint   ] Safepoint "Cleanup", Time since last: 1014761300 ns, Reaching safepoint: 48300 ns, At safepoint: 5900 ns, Total: 54200 ns
[2022-04-08T18:15:56.641+0000][12720][safepoint   ] Safepoint "Cleanup", Time since last: 2006009300 ns, Reaching safepoint: 36500 ns, At safepoint: 2800 ns, Total: 39300 ns
[2022-04-08T18:15:57.644+0000][12720][safepoint   ] Safepoint "Cleanup", Time since last: 1003160200 ns, Reaching safepoint: 60600 ns, At safepoint: 17000 ns, Total: 77600 ns
[2022-04-08T18:15:58.646+0000][12720][safepoint   ] Safepoint "Cleanup", Time since last: 1001547200 ns, Reaching safepoint: 52500 ns, At safepoint: 8500 ns, Total: 61000 ns
[2022-04-08T18:16:00.664+0000][12720][safepoint   ] Safepoint "Cleanup", Time since last: 2018109000 ns, Reaching safepoint: 55600 ns, At safepoint: 7100 ns, Total: 62700 ns
[2022-04-08T18:16:01.670+0000][12720][safepoint   ] Safepoint "Cleanup", Time since last: 1006322600 ns, Reaching safepoint: 63600 ns, At safepoint: 12100 ns, Total: 75700 ns
[2022-04-08T18:16:03.692+0000][12720][safepoint   ] Safepoint "Cleanup", Time since last: 2021452600 ns, Reaching safepoint: 60200 ns, At safepoint: 9000 ns, Total: 69200 ns
[2022-04-08T18:16:06.712+0000][12720][safepoint   ] Safepoint "Cleanup", Time since last: 3020012500 ns, Reaching safepoint: 50100 ns, At safepoint: 6900 ns, Total: 57000 ns
[2022-04-08T18:16:07.722+0000][12720][safepoint   ] Safepoint "Cleanup", Time since last: 1010422400 ns, Reaching safepoint: 41400 ns, At safepoint: 5600 ns, Total: 47000 ns
[2022-04-08T18:16:08.735+0000][12720][safepoint   ] Safepoint "Cleanup", Time since last: 1012236400 ns, Reaching safepoint: 41900 ns, At safepoint: 4800 ns, Total: 46700 ns
[2022-04-08T18:16:09.740+0000][12720][safepoint   ] Safepoint "Cleanup", Time since last: 1005478400 ns, Reaching safepoint: 120800 ns, At safepoint: 9300 ns, Total: 130100 ns
[2022-04-08T18:16:10.747+0000][12720][safepoint   ] Safepoint "Cleanup", Time since last: 1007277900 ns, Reaching safepoint: 45100 ns, At safepoint: 2600 ns, Total: 47700 ns
[2022-04-08T18:16:11.765+0000][12720][safepoint   ] Safepoint "Cleanup", Time since last: 1017052700 ns, Reaching safepoint: 70000 ns, At safepoint: 5100 ns, Total: 75100 ns
[2022-04-08T18:16:12.769+0000][12720][safepoint   ] Safepoint "Cleanup", Time since last: 1004236700 ns, Reaching safepoint: 56300 ns, At safepoint: 8200 ns, Total: 64500 ns
[2022-04-08T18:16:13.775+0000][12720][safepoint   ] Safepoint "Cleanup", Time since last: 1006330000 ns, Reaching safepoint: 74200 ns, At safepoint: 6800 ns, Total: 81000 ns
[2022-04-08T18:16:15.788+0000][12720][safepoint   ] Safepoint "Cleanup", Time since last: 2012227100 ns, Reaching safepoint: 106600 ns, At safepoint: 6900 ns, Total: 113500 ns
[2022-04-08T18:16:16.789+0000][12720][safepoint   ] Safepoint "Cleanup", Time since last: 1001560700 ns, Reaching safepoint: 58000 ns, At safepoint: 16000 ns, Total: 74000 ns
[2022-04-08T18:16:18.804+0000][12720][safepoint   ] Safepoint "Cleanup", Time since last: 2014617700 ns, Reaching safepoint: 59300 ns, At safepoint: 8500 ns, Total: 67800 ns
[2022-04-08T18:16:20.817+0000][12720][safepoint   ] Safepoint "Cleanup", Time since last: 2013237800 ns, Reaching safepoint: 64800 ns, At safepoint: 9800 ns, Total: 74600 ns
[2022-04-08T18:16:21.828+0000][12720][safepoint   ] Safepoint "Cleanup", Time since last: 1010719100 ns, Reaching safepoint: 56700 ns, At safepoint: 5200 ns, Total: 61900 ns
[2022-04-08T18:16:22.836+0000][12720][safepoint   ] Safepoint "Cleanup", Time since last: 1007905800 ns, Reaching safepoint: 52700 ns, At safepoint: 5900 ns, Total: 58600 ns
[2022-04-08T18:16:23.843+0000][12720][safepoint   ] Safepoint "Cleanup", Time since last: 1006855000 ns, Reaching safepoint: 47800 ns, At safepoint: 11100 ns, Total: 58900 ns
[2022-04-08T18:16:24.859+0000][12720][safepoint   ] Safepoint "Cleanup", Time since last: 1015828500 ns, Reaching safepoint: 62200 ns, At safepoint: 8800 ns, Total: 71000 ns
[2022-04-08T18:16:25.870+0000][12720][safepoint   ] Safepoint "Cleanup", Time since last: 1011027200 ns, Reaching safepoint: 51000 ns, At safepoint: 7600 ns, Total: 58600 ns
[2022-04-08T18:16:26.880+0000][12720][safepoint   ] Safepoint "Cleanup", Time since last: 1009565100 ns, Reaching safepoint: 45800 ns, At safepoint: 4200 ns, Total: 50000 ns
[2022-04-08T18:16:27.880+0000][12720][safepoint   ] Safepoint "Cleanup", Time since last: 1000927100 ns, Reaching safepoint: 59300 ns, At safepoint: 7900 ns, Total: 67200 ns
[2022-04-08T18:16:28.893+0000][12720][safepoint   ] Safepoint "Cleanup", Time since last: 1012806700 ns, Reaching safepoint: 41900 ns, At safepoint: 11300 ns, Total: 53200 ns
[2022-04-08T18:16:29.900+0000][12720][safepoint   ] Safepoint "Cleanup", Time since last: 1006293700 ns, Reaching safepoint: 36000 ns, At safepoint: 2000 ns, Total: 38000 ns
[2022-04-08T18:16:30.903+0000][12720][safepoint   ] Safepoint "Cleanup", Time since last: 1003353700 ns, Reaching safepoint: 64100 ns, At safepoint: 16800 ns, Total: 80900 ns
[2022-04-08T18:16:31.924+0000][12720][safepoint   ] Safepoint "Cleanup", Time since last: 1020480600 ns, Reaching safepoint: 46800 ns, At safepoint: 7400 ns, Total: 54200 ns
[2022-04-08T18:16:33.931+0000][12720][safepoint   ] Safepoint "Cleanup", Time since last: 2007441600 ns, Reaching safepoint: 89900 ns, At safepoint: 8800 ns, Total: 98700 ns
[2022-04-08T18:16:34.900+0000][12720][gc,start    ] GC(15) Pause Young (Normal) (G1 Evacuation Pause)
[2022-04-08T18:16:34.900+0000][12720][gc,task     ] GC(15) Using 4 workers of 4 for evacuation
[2022-04-08T18:16:34.900+0000][12720][gc,age      ] GC(15) Desired survivor size 77594624 bytes, new threshold 15 (max threshold 15)
[2022-04-08T18:16:34.915+0000][12720][gc,age      ] GC(15) Age table with threshold 15 (max threshold 15)
[2022-04-08T18:16:34.915+0000][12720][gc,age      ] GC(15) - age   1:    3758784 bytes,    3758784 total
[2022-04-08T18:16:34.915+0000][12720][gc,age      ] GC(15) - age   2:    4770648 bytes,    8529432 total
[2022-04-08T18:16:34.915+0000][12720][gc,age      ] GC(15) - age   3:   22927448 bytes,   31456880 total
[2022-04-08T18:16:34.915+0000][12720][gc,phases   ] GC(15)   Pre Evacuate Collection Set: 0.1ms
[2022-04-08T18:16:34.915+0000][12720][gc,phases   ] GC(15)   Merge Heap Roots: 0.1ms
[2022-04-08T18:16:34.915+0000][12720][gc,phases   ] GC(15)   Evacuate Collection Set: 15.1ms
[2022-04-08T18:16:34.915+0000][12720][gc,phases   ] GC(15)   Post Evacuate Collection Set: 1.2ms
[2022-04-08T18:16:34.915+0000][12720][gc,phases   ] GC(15)   Other: 0.3ms
[2022-04-08T18:16:34.915+0000][12720][gc,heap     ] GC(15) Eden regions: 288->0(1211)
[2022-04-08T18:16:34.915+0000][12720][gc,heap     ] GC(15) Survivor regions: 8->9(37)
[2022-04-08T18:16:34.915+0000][12720][gc,heap     ] GC(15) Old regions: 17->17
[2022-04-08T18:16:34.915+0000][12720][gc,heap     ] GC(15) Archive regions: 0->0
[2022-04-08T18:16:34.915+0000][12720][gc,heap     ] GC(15) Humongous regions: 5->5
[2022-04-08T18:16:34.915+0000][12720][gc,metaspace] GC(15) Metaspace: 124348K(126464K)->124348K(126464K) NonClass: 107485K(108736K)->107485K(108736K) Class: 16863K(17728K)->16863K(17728K)
[2022-04-08T18:16:34.915+0000][12720][gc          ] GC(15) Pause Young (Normal) (G1 Evacuation Pause) 1269M->121M(8136M) 16.981ms
[2022-04-08T18:16:34.915+0000][12720][gc,cpu      ] GC(15) User=0.00s Sys=0.00s Real=0.01s
[2022-04-08T18:16:34.915+0000][12720][safepoint   ] Safepoint "G1CollectForAllocation", Time since last: 972034100 ns, Reaching safepoint: 102700 ns, At safepoint: 17061300 ns, Total: 17164000 ns
[2022-04-08T18:16:35.926+0000][12720][safepoint   ] Safepoint "Cleanup", Time since last: 1005146800 ns, Reaching safepoint: 57600 ns, At safepoint: 6100 ns, Total: 63700 ns
[2022-04-08T18:16:36.927+0000][12720][safepoint   ] Safepoint "Cleanup", Time since last: 1001646600 ns, Reaching safepoint: 51600 ns, At safepoint: 4200 ns, Total: 55800 ns
[2022-04-08T18:16:38.929+0000][12720][safepoint   ] Safepoint "Cleanup", Time since last: 2001272700 ns, Reaching safepoint: 60300 ns, At safepoint: 10000 ns, Total: 70300 ns
[2022-04-08T18:16:39.933+0000][12720][safepoint   ] Safepoint "Cleanup", Time since last: 1004353800 ns, Reaching safepoint: 48700 ns, At safepoint: 21000 ns, Total: 69700 ns
[2022-04-08T18:16:40.947+0000][12720][safepoint   ] Safepoint "Cleanup", Time since last: 1014209800 ns, Reaching safepoint: 130800 ns, At safepoint: 19000 ns, Total: 149800 ns
[2022-04-08T18:16:41.958+0000][12720][safepoint   ] Safepoint "Cleanup", Time since last: 1010536800 ns, Reaching safepoint: 131300 ns, At safepoint: 5500 ns, Total: 136800 ns
[2022-04-08T18:16:42.973+0000][12720][safepoint   ] Safepoint "Cleanup", Time since last: 1015066100 ns, Reaching safepoint: 78300 ns, At safepoint: 8700 ns, Total: 87000 ns
[2022-04-08T18:16:43.989+0000][12720][safepoint   ] Safepoint "Cleanup", Time since last: 1015407500 ns, Reaching safepoint: 66400 ns, At safepoint: 8200 ns, Total: 74600 ns
[2022-04-08T18:16:46.001+0000][12720][safepoint   ] Safepoint "Cleanup", Time since last: 2012353600 ns, Reaching safepoint: 57500 ns, At safepoint: 6500 ns, Total: 64000 ns
[2022-04-08T18:16:49.023+0000][12720][safepoint   ] Safepoint "Cleanup", Time since last: 3021769100 ns, Reaching safepoint: 65800 ns, At safepoint: 12900 ns, Total: 78700 ns
[2022-04-08T18:16:52.050+0000][12720][safepoint   ] Safepoint "Cleanup", Time since last: 3026741700 ns, Reaching safepoint: 62600 ns, At safepoint: 9900 ns, Total: 72500 ns
[2022-04-08T18:16:54.072+0000][12720][safepoint   ] Safepoint "Cleanup", Time since last: 2021603400 ns, Reaching safepoint: 53100 ns, At safepoint: 15300 ns, Total: 68400 ns
[2022-04-08T18:16:55.087+0000][12720][safepoint   ] Safepoint "Cleanup", Time since last: 1015253700 ns, Reaching safepoint: 60600 ns, At safepoint: 15000 ns, Total: 75600 ns
[2022-04-08T18:16:56.099+0000][12720][safepoint   ] Safepoint "Cleanup", Time since last: 1012164400 ns, Reaching safepoint: 125800 ns, At safepoint: 5300 ns, Total: 131100 ns
[2022-04-08T18:16:58.116+0000][12720][safepoint   ] Safepoint "Cleanup", Time since last: 2017063100 ns, Reaching safepoint: 53400 ns, At safepoint: 7400 ns, Total: 60800 ns
[2022-04-08T18:16:59.124+0000][12720][safepoint   ] Safepoint "Cleanup", Time since last: 1007279500 ns, Reaching safepoint: 51100 ns, At safepoint: 9000 ns, Total: 60100 ns
[2022-04-08T18:17:01.139+0000][12720][safepoint   ] Safepoint "Cleanup", Time since last: 2015744100 ns, Reaching safepoint: 110100 ns, At safepoint: 12800 ns, Total: 122900 ns
[2022-04-08T18:17:04.155+0000][12720][safepoint   ] Safepoint "Cleanup", Time since last: 3015650200 ns, Reaching safepoint: 64200 ns, At safepoint: 9100 ns, Total: 73300 ns
[2022-04-08T18:17:06.179+0000][12720][safepoint   ] Safepoint "Cleanup", Time since last: 2023496100 ns, Reaching safepoint: 53900 ns, At safepoint: 7900 ns, Total: 61800 ns
[2022-04-08T18:17:07.184+0000][12720][safepoint   ] Safepoint "Cleanup", Time since last: 1005268300 ns, Reaching safepoint: 79700 ns, At safepoint: 10800 ns, Total: 90500 ns
[2022-04-08T18:17:09.193+0000][12720][safepoint   ] Safepoint "Cleanup", Time since last: 2008693600 ns, Reaching safepoint: 52600 ns, At safepoint: 10000 ns, Total: 62600 ns
[2022-04-08T18:17:10.194+0000][12720][safepoint   ] Safepoint "Cleanup", Time since last: 1001072600 ns, Reaching safepoint: 91300 ns, At safepoint: 8700 ns, Total: 100000 ns
[2022-04-08T18:17:11.204+0000][12720][safepoint   ] Safepoint "Cleanup", Time since last: 1009585400 ns, Reaching safepoint: 54000 ns, At safepoint: 7600 ns, Total: 61600 ns
[2022-04-08T18:17:12.208+0000][12720][safepoint   ] Safepoint "Cleanup", Time since last: 1004124300 ns, Reaching safepoint: 63500 ns, At safepoint: 11100 ns, Total: 74600 ns
[2022-04-08T18:17:14.234+0000][12720][safepoint   ] Safepoint "Cleanup", Time since last: 2026161200 ns, Reaching safepoint: 101600 ns, At safepoint: 12600 ns, Total: 114200 ns
[2022-04-08T18:17:16.238+0000][12720][safepoint   ] Safepoint "Cleanup", Time since last: 2003424400 ns, Reaching safepoint: 80800 ns, At safepoint: 8500 ns, Total: 89300 ns
[2022-04-08T18:17:19.279+0000][12720][safepoint   ] Safepoint "Cleanup", Time since last: 3041550700 ns, Reaching safepoint: 50400 ns, At safepoint: 7500 ns, Total: 57900 ns
[2022-04-08T18:17:21.303+0000][12720][safepoint   ] Safepoint "Cleanup", Time since last: 2023554900 ns, Reaching safepoint: 60500 ns, At safepoint: 6500 ns, Total: 67000 ns
[2022-04-08T18:17:22.306+0000][12720][safepoint   ] Safepoint "Cleanup", Time since last: 1003424000 ns, Reaching safepoint: 65800 ns, At safepoint: 7400 ns, Total: 73200 ns
[2022-04-08T18:17:24.328+0000][12720][safepoint   ] Safepoint "Cleanup", Time since last: 2021396300 ns, Reaching safepoint: 56400 ns, At safepoint: 8600 ns, Total: 65000 ns
[2022-04-08T18:17:25.343+0000][12720][safepoint   ] Safepoint "Cleanup", Time since last: 1015305800 ns, Reaching safepoint: 51000 ns, At safepoint: 5600 ns, Total: 56600 ns
[2022-04-08T18:17:26.344+0000][12720][safepoint   ] Safepoint "Cleanup", Time since last: 1000602000 ns, Reaching safepoint: 56700 ns, At safepoint: 15900 ns, Total: 72600 ns
[2022-04-08T18:17:28.375+0000][12720][safepoint   ] Safepoint "Cleanup", Time since last: 2030598200 ns, Reaching safepoint: 49600 ns, At safepoint: 9200 ns, Total: 58800 ns
[2022-04-08T18:17:29.385+0000][12720][safepoint   ] Safepoint "Cleanup", Time since last: 1010474600 ns, Reaching safepoint: 46000 ns, At safepoint: 7700 ns, Total: 53700 ns
[2022-04-08T18:17:31.401+0000][12720][safepoint   ] Safepoint "Cleanup", Time since last: 2016331700 ns, Reaching safepoint: 48000 ns, At safepoint: 9600 ns, Total: 57600 ns
[2022-04-08T18:17:34.430+0000][12720][safepoint   ] Safepoint "Cleanup", Time since last: 3028668000 ns, Reaching safepoint: 68500 ns, At safepoint: 19700 ns, Total: 88200 ns
[2022-04-08T18:17:36.451+0000][12720][safepoint   ] Safepoint "Cleanup", Time since last: 2020611800 ns, Reaching safepoint: 118500 ns, At safepoint: 5300 ns, Total: 123800 ns
[2022-04-08T18:17:37.460+0000][12720][safepoint   ] Safepoint "Cleanup", Time since last: 1008640500 ns, Reaching safepoint: 90200 ns, At safepoint: 18200 ns, Total: 108400 ns
[2022-04-08T18:17:39.480+0000][12720][safepoint   ] Safepoint "Cleanup", Time since last: 2019961300 ns, Reaching safepoint: 49500 ns, At safepoint: 8100 ns, Total: 57600 ns
[2022-04-08T18:17:40.495+0000][12720][safepoint   ] Safepoint "Cleanup", Time since last: 1015573600 ns, Reaching safepoint: 67200 ns, At safepoint: 5600 ns, Total: 72800 ns
[2022-04-08T18:17:41.496+0000][12720][safepoint   ] Safepoint "Cleanup", Time since last: 1000486600 ns, Reaching safepoint: 46800 ns, At safepoint: 6900 ns, Total: 53700 ns
[2022-04-08T18:17:43.527+0000][12720][safepoint   ] Safepoint "Cleanup", Time since last: 2030644200 ns, Reaching safepoint: 67200 ns, At safepoint: 11100 ns, Total: 78300 ns
[2022-04-08T18:17:44.537+0000][12720][safepoint   ] Safepoint "Cleanup", Time since last: 1010752500 ns, Reaching safepoint: 50000 ns, At safepoint: 7700 ns, Total: 57700 ns
[2022-04-08T18:17:46.564+0000][12720][safepoint   ] Safepoint "Cleanup", Time since last: 2026233900 ns, Reaching safepoint: 65700 ns, At safepoint: 6400 ns, Total: 72100 ns
[2022-04-08T18:17:48.594+0000][12720][safepoint   ] Safepoint "Cleanup", Time since last: 2030265100 ns, Reaching safepoint: 47900 ns, At safepoint: 5500 ns, Total: 53400 ns
[2022-04-08T18:17:49.606+0000][12720][safepoint   ] Safepoint "Cleanup", Time since last: 1011377700 ns, Reaching safepoint: 111000 ns, At safepoint: 6100 ns, Total: 117100 ns
[2022-04-08T18:17:51.621+0000][12720][safepoint   ] Safepoint "Cleanup", Time since last: 2015396200 ns, Reaching safepoint: 68500 ns, At safepoint: 17400 ns, Total: 85900 ns
[2022-04-08T18:17:52.636+0000][12720][safepoint   ] Safepoint "Cleanup", Time since last: 1015323900 ns, Reaching safepoint: 545900 ns, At safepoint: 6000 ns, Total: 551900 ns
[2022-04-08T18:17:54.643+0000][12720][safepoint   ] Safepoint "Cleanup", Time since last: 2005840600 ns, Reaching safepoint: 58400 ns, At safepoint: 6300 ns, Total: 64700 ns
[2022-04-08T18:17:55.653+0000][12720][safepoint   ] Safepoint "Cleanup", Time since last: 1010511200 ns, Reaching safepoint: 50600 ns, At safepoint: 8200 ns, Total: 58800 ns
[2022-04-08T18:17:56.669+0000][12720][safepoint   ] Safepoint "Cleanup", Time since last: 1015328100 ns, Reaching safepoint: 59800 ns, At safepoint: 7200 ns, Total: 67000 ns
[2022-04-08T18:17:57.680+0000][12720][safepoint   ] Safepoint "Cleanup", Time since last: 1010690400 ns, Reaching safepoint: 58400 ns, At safepoint: 15100 ns, Total: 73500 ns
[2022-04-08T18:17:58.690+0000][12720][safepoint   ] Safepoint "Cleanup", Time since last: 1010699500 ns, Reaching safepoint: 68000 ns, At safepoint: 8400 ns, Total: 76400 ns
[2022-04-08T18:17:59.700+0000][12720][safepoint   ] Safepoint "Cleanup", Time since last: 1009298600 ns, Reaching safepoint: 51100 ns, At safepoint: 6600 ns, Total: 57700 ns
[2022-04-08T18:18:00.703+0000][12720][safepoint   ] Safepoint "Cleanup", Time since last: 1003051900 ns, Reaching safepoint: 54300 ns, At safepoint: 6500 ns, Total: 60800 ns
[2022-04-08T18:18:01.709+0000][12720][safepoint   ] Safepoint "Cleanup", Time since last: 1006637800 ns, Reaching safepoint: 47200 ns, At safepoint: 5000 ns, Total: 52200 ns
[2022-04-08T18:18:03.713+0000][12720][safepoint   ] Safepoint "Cleanup", Time since last: 2003085000 ns, Reaching safepoint: 80900 ns, At safepoint: 7100 ns, Total: 88000 ns
[2022-04-08T18:18:04.722+0000][12720][safepoint   ] Safepoint "Cleanup", Time since last: 1009442300 ns, Reaching safepoint: 56500 ns, At safepoint: 5700 ns, Total: 62200 ns
[2022-04-08T18:18:06.749+0000][12720][safepoint   ] Safepoint "Cleanup", Time since last: 2026639600 ns, Reaching safepoint: 50400 ns, At safepoint: 6100 ns, Total: 56500 ns
[2022-04-08T18:18:08.774+0000][12720][safepoint   ] Safepoint "Cleanup", Time since last: 2025456600 ns, Reaching safepoint: 45000 ns, At safepoint: 13800 ns, Total: 58800 ns
[2022-04-08T18:18:09.775+0000][12720][safepoint   ] Safepoint "Cleanup", Time since last: 1000924000 ns, Reaching safepoint: 47300 ns, At safepoint: 5100 ns, Total: 52400 ns
[2022-04-08T18:18:11.791+0000][12720][safepoint   ] Safepoint "Cleanup", Time since last: 2015372400 ns, Reaching safepoint: 47000 ns, At safepoint: 4900 ns, Total: 51900 ns
[2022-04-08T18:18:12.806+0000][12720][safepoint   ] Safepoint "Cleanup", Time since last: 1015300200 ns, Reaching safepoint: 60100 ns, At safepoint: 6400 ns, Total: 66500 ns
[2022-04-08T18:18:13.816+0000][12720][safepoint   ] Safepoint "Cleanup", Time since last: 1010249800 ns, Reaching safepoint: 39800 ns, At safepoint: 4800 ns, Total: 44600 ns
[2022-04-08T18:18:15.831+0000][12720][safepoint   ] Safepoint "Cleanup", Time since last: 2014309600 ns, Reaching safepoint: 55100 ns, At safepoint: 13900 ns, Total: 69000 ns
[2022-04-08T18:18:16.831+0000][12720][safepoint   ] Safepoint "Cleanup", Time since last: 1000085700 ns, Reaching safepoint: 52800 ns, At safepoint: 7600 ns, Total: 60400 ns
[2022-04-08T18:18:18.857+0000][12720][safepoint   ] Safepoint "Cleanup", Time since last: 2025899200 ns, Reaching safepoint: 45600 ns, At safepoint: 4700 ns, Total: 50300 ns
[2022-04-08T18:18:20.873+0000][12720][safepoint   ] Safepoint "Cleanup", Time since last: 2016198200 ns, Reaching safepoint: 121700 ns, At safepoint: 5300 ns, Total: 127000 ns
[2022-04-08T18:18:21.889+0000][12720][safepoint   ] Safepoint "Cleanup", Time since last: 1015396000 ns, Reaching safepoint: 60200 ns, At safepoint: 65400 ns, Total: 125600 ns
[2022-04-08T18:18:22.904+0000][12720][safepoint   ] Safepoint "Cleanup", Time since last: 1015251200 ns, Reaching safepoint: 56200 ns, At safepoint: 10000 ns, Total: 66200 ns
[2022-04-08T18:18:23.911+0000][12720][safepoint   ] Safepoint "Cleanup", Time since last: 1006454600 ns, Reaching safepoint: 54700 ns, At safepoint: 8000 ns, Total: 62700 ns
[2022-04-08T18:18:24.923+0000][12720][safepoint   ] Safepoint "Cleanup", Time since last: 1012522900 ns, Reaching safepoint: 59100 ns, At safepoint: 5100 ns, Total: 64200 ns
[2022-04-08T18:18:25.927+0000][12720][safepoint   ] Safepoint "Cleanup", Time since last: 1004099700 ns, Reaching safepoint: 58300 ns, At safepoint: 7700 ns, Total: 66000 ns
[2022-04-08T18:18:26.928+0000][12720][safepoint   ] Safepoint "Cleanup", Time since last: 1000126700 ns, Reaching safepoint: 50900 ns, At safepoint: 8200 ns, Total: 59100 ns
[2022-04-08T18:18:27.943+0000][12720][safepoint   ] Safepoint "Cleanup", Time since last: 1015188100 ns, Reaching safepoint: 61400 ns, At safepoint: 8900 ns, Total: 70300 ns
[2022-04-08T18:18:28.953+0000][12720][safepoint   ] Safepoint "Cleanup", Time since last: 1009975300 ns, Reaching safepoint: 110400 ns, At safepoint: 5300 ns, Total: 115700 ns
[2022-04-08T18:18:30.969+0000][12720][safepoint   ] Safepoint "Cleanup", Time since last: 2015678900 ns, Reaching safepoint: 56900 ns, At safepoint: 7800 ns, Total: 64700 ns
[2022-04-08T18:18:31.984+0000][12720][safepoint   ] Safepoint "Cleanup", Time since last: 1015532600 ns, Reaching safepoint: 51100 ns, At safepoint: 5900 ns, Total: 57000 ns
[2022-04-08T18:18:34.009+0000][12720][safepoint   ] Safepoint "Cleanup", Time since last: 2025016500 ns, Reaching safepoint: 483600 ns, At safepoint: 7700 ns, Total: 491300 ns
[2022-04-08T18:18:35.025+0000][12720][safepoint   ] Safepoint "Cleanup", Time since last: 1014757900 ns, Reaching safepoint: 107300 ns, At safepoint: 5300 ns, Total: 112600 ns
[2022-04-08T18:18:37.051+0000][12720][safepoint   ] Safepoint "Cleanup", Time since last: 2026151100 ns, Reaching safepoint: 51000 ns, At safepoint: 5600 ns, Total: 56600 ns
[2022-04-08T18:18:39.077+0000][12720][safepoint   ] Safepoint "Cleanup", Time since last: 2026388400 ns, Reaching safepoint: 79100 ns, At safepoint: 7300 ns, Total: 86400 ns
[2022-04-08T18:18:40.079+0000][12720][safepoint   ] Safepoint "Cleanup", Time since last: 1001346000 ns, Reaching safepoint: 58300 ns, At safepoint: 11300 ns, Total: 69600 ns
[2022-04-08T18:18:41.079+0000][12720][safepoint   ] Safepoint "Cleanup", Time since last: 1000640200 ns, Reaching safepoint: 80500 ns, At safepoint: 8400 ns, Total: 88900 ns
[2022-04-08T18:18:42.095+0000][12720][safepoint   ] Safepoint "Cleanup", Time since last: 1015709500 ns, Reaching safepoint: 51100 ns, At safepoint: 6600 ns, Total: 57700 ns
[2022-04-08T18:18:43.111+0000][12720][safepoint   ] Safepoint "Cleanup", Time since last: 1015302700 ns, Reaching safepoint: 42100 ns, At safepoint: 7500 ns, Total: 49600 ns
[2022-04-08T18:18:44.121+0000][12720][safepoint   ] Safepoint "Cleanup", Time since last: 1010787600 ns, Reaching safepoint: 47500 ns, At safepoint: 9700 ns, Total: 57200 ns
[2022-04-08T18:18:45.137+0000][12720][safepoint   ] Safepoint "Cleanup", Time since last: 1015276100 ns, Reaching safepoint: 48800 ns, At safepoint: 7200 ns, Total: 56000 ns
[2022-04-08T18:18:46.142+0000][12720][safepoint   ] Safepoint "Cleanup", Time since last: 1005478600 ns, Reaching safepoint: 59200 ns, At safepoint: 8200 ns, Total: 67400 ns
[2022-04-08T18:18:47.157+0000][12720][safepoint   ] Safepoint "Cleanup", Time since last: 1014992500 ns, Reaching safepoint: 116700 ns, At safepoint: 19900 ns, Total: 136600 ns
[2022-04-08T18:18:48.173+0000][12720][safepoint   ] Safepoint "Cleanup", Time since last: 1015519700 ns, Reaching safepoint: 47500 ns, At safepoint: 7100 ns, Total: 54600 ns
[2022-04-08T18:18:49.184+0000][12720][safepoint   ] Safepoint "Cleanup", Time since last: 1011119600 ns, Reaching safepoint: 55700 ns, At safepoint: 7300 ns, Total: 63000 ns
[2022-04-08T18:18:52.226+0000][12720][safepoint   ] Safepoint "Cleanup", Time since last: 3042054200 ns, Reaching safepoint: 58200 ns, At safepoint: 8900 ns, Total: 67100 ns
[2022-04-08T18:18:54.247+0000][12720][safepoint   ] Safepoint "Cleanup", Time since last: 2020206500 ns, Reaching safepoint: 49400 ns, At safepoint: 6800 ns, Total: 56200 ns
[2022-04-08T18:18:55.250+0000][12720][safepoint   ] Safepoint "Cleanup", Time since last: 1003677400 ns, Reaching safepoint: 53000 ns, At safepoint: 11000 ns, Total: 64000 ns
[2022-04-08T18:18:56.263+0000][12720][safepoint   ] Safepoint "Cleanup", Time since last: 1012445400 ns, Reaching safepoint: 68500 ns, At safepoint: 16700 ns, Total: 85200 ns
[2022-04-08T18:18:57.278+0000][12720][safepoint   ] Safepoint "Cleanup", Time since last: 1015253800 ns, Reaching safepoint: 49700 ns, At safepoint: 7600 ns, Total: 57300 ns
[2022-04-08T18:18:58.290+0000][12720][safepoint   ] Safepoint "Cleanup", Time since last: 1011945100 ns, Reaching safepoint: 61900 ns, At safepoint: 7700 ns, Total: 69600 ns
[2022-04-08T18:18:59.295+0000][12720][safepoint   ] Safepoint "Cleanup", Time since last: 1004756600 ns, Reaching safepoint: 62600 ns, At safepoint: 22800 ns, Total: 85400 ns
[2022-04-08T18:19:01.311+0000][12720][safepoint   ] Safepoint "Cleanup", Time since last: 2015876700 ns, Reaching safepoint: 58800 ns, At safepoint: 7000 ns, Total: 65800 ns
[2022-04-08T18:19:02.326+0000][12720][safepoint   ] Safepoint "Cleanup", Time since last: 1015263200 ns, Reaching safepoint: 65400 ns, At safepoint: 7600 ns, Total: 73000 ns
[2022-04-08T18:19:04.353+0000][12720][safepoint   ] Safepoint "Cleanup", Time since last: 2026221000 ns, Reaching safepoint: 50100 ns, At safepoint: 4900 ns, Total: 55000 ns
[2022-04-08T18:19:07.394+0000][12720][safepoint   ] Safepoint "Cleanup", Time since last: 3041332200 ns, Reaching safepoint: 48700 ns, At safepoint: 7400 ns, Total: 56100 ns
[2022-04-08T18:19:09.420+0000][12720][safepoint   ] Safepoint "Cleanup", Time since last: 2026415400 ns, Reaching safepoint: 118800 ns, At safepoint: 4700 ns, Total: 123500 ns
[2022-04-08T18:19:10.436+0000][12720][safepoint   ] Safepoint "Cleanup", Time since last: 1015223000 ns, Reaching safepoint: 60000 ns, At safepoint: 9300 ns, Total: 69300 ns
[2022-04-08T18:19:12.466+0000][12720][safepoint   ] Safepoint "Cleanup", Time since last: 2030088600 ns, Reaching safepoint: 44900 ns, At safepoint: 8800 ns, Total: 53700 ns
[2022-04-08T18:19:13.482+0000][12720][safepoint   ] Safepoint "Cleanup", Time since last: 1015646500 ns, Reaching safepoint: 67900 ns, At safepoint: 9400 ns, Total: 77300 ns
[2022-04-08T18:19:14.493+0000][12720][safepoint   ] Safepoint "Cleanup", Time since last: 1010793500 ns, Reaching safepoint: 51000 ns, At safepoint: 7500 ns, Total: 58500 ns
[2022-04-08T18:19:15.493+0000][12720][safepoint   ] Safepoint "Cleanup", Time since last: 1000476200 ns, Reaching safepoint: 43600 ns, At safepoint: 4900 ns, Total: 48500 ns
[2022-04-08T18:19:16.506+0000][12720][safepoint   ] Safepoint "Cleanup", Time since last: 1012775900 ns, Reaching safepoint: 90400 ns, At safepoint: 52900 ns, Total: 143300 ns
[2022-04-08T18:19:17.521+0000][12720][safepoint   ] Safepoint "Cleanup", Time since last: 1015106500 ns, Reaching safepoint: 50400 ns, At safepoint: 6900 ns, Total: 57300 ns
[2022-04-08T18:19:19.547+0000][12720][safepoint   ] Safepoint "Cleanup", Time since last: 2025578200 ns, Reaching safepoint: 48500 ns, At safepoint: 7800 ns, Total: 56300 ns
[2022-04-08T18:19:20.562+0000][12720][safepoint   ] Safepoint "Cleanup", Time since last: 1015403100 ns, Reaching safepoint: 72100 ns, At safepoint: 6200 ns, Total: 78300 ns
[2022-04-08T18:19:22.592+0000][12720][safepoint   ] Safepoint "Cleanup", Time since last: 2030204300 ns, Reaching safepoint: 60300 ns, At safepoint: 9800 ns, Total: 70100 ns
[2022-04-08T18:19:24.614+0000][12720][safepoint   ] Safepoint "Cleanup", Time since last: 2021669300 ns, Reaching safepoint: 46300 ns, At safepoint: 7400 ns, Total: 53700 ns
[2022-04-08T18:19:25.629+0000][12720][safepoint   ] Safepoint "Cleanup", Time since last: 1014921900 ns, Reaching safepoint: 180600 ns, At safepoint: 9100 ns, Total: 189700 ns
[2022-04-08T18:19:26.640+0000][12720][safepoint   ] Safepoint "Cleanup", Time since last: 1010328100 ns, Reaching safepoint: 109200 ns, At safepoint: 4900 ns, Total: 114100 ns
[2022-04-08T18:19:28.655+0000][12720][safepoint   ] Safepoint "Cleanup", Time since last: 2015390100 ns, Reaching safepoint: 43400 ns, At safepoint: 7100 ns, Total: 50500 ns
[2022-04-08T18:19:29.666+0000][12720][safepoint   ] Safepoint "Cleanup", Time since last: 1010971900 ns, Reaching safepoint: 51800 ns, At safepoint: 18200 ns, Total: 70000 ns
[2022-04-08T18:19:31.698+0000][12720][safepoint   ] Safepoint "Cleanup", Time since last: 2031902000 ns, Reaching safepoint: 49500 ns, At safepoint: 9000 ns, Total: 58500 ns
[2022-04-08T18:19:34.734+0000][12720][safepoint   ] Safepoint "Cleanup", Time since last: 3035821500 ns, Reaching safepoint: 65800 ns, At safepoint: 10700 ns, Total: 76500 ns
[2022-04-08T18:19:36.750+0000][12720][safepoint   ] Safepoint "Cleanup", Time since last: 2015562600 ns, Reaching safepoint: 47700 ns, At safepoint: 6000 ns, Total: 53700 ns
[2022-04-08T18:19:37.758+0000][12720][safepoint   ] Safepoint "Cleanup", Time since last: 1008466100 ns, Reaching safepoint: 94700 ns, At safepoint: 10300 ns, Total: 105000 ns
[2022-04-08T18:19:38.769+0000][12720][safepoint   ] Safepoint "Cleanup", Time since last: 1011151300 ns, Reaching safepoint: 54900 ns, At safepoint: 8600 ns, Total: 63500 ns
[2022-04-08T18:19:39.785+0000][12720][safepoint   ] Safepoint "Cleanup", Time since last: 1015325500 ns, Reaching safepoint: 115100 ns, At safepoint: 4800 ns, Total: 119900 ns
[2022-04-08T18:19:40.786+0000][12720][safepoint   ] Safepoint "Cleanup", Time since last: 1000663400 ns, Reaching safepoint: 94100 ns, At safepoint: 4800 ns, Total: 98900 ns
[2022-04-08T18:19:41.786+0000][12720][safepoint   ] Safepoint "Cleanup", Time since last: 1000293200 ns, Reaching safepoint: 49900 ns, At safepoint: 5400 ns, Total: 55300 ns
[2022-04-08T18:19:43.812+0000][12720][safepoint   ] Safepoint "Cleanup", Time since last: 2026057400 ns, Reaching safepoint: 46900 ns, At safepoint: 9800 ns, Total: 56700 ns
[2022-04-08T18:19:44.827+0000][12720][safepoint   ] Safepoint "Cleanup", Time since last: 1014888300 ns, Reaching safepoint: 40800 ns, At safepoint: 5500 ns, Total: 46300 ns
[2022-04-08T18:19:46.832+0000][12720][safepoint   ] Safepoint "Cleanup", Time since last: 2004658000 ns, Reaching safepoint: 61600 ns, At safepoint: 6900 ns, Total: 68500 ns
[2022-04-08T18:19:49.873+0000][12720][safepoint   ] Safepoint "Cleanup", Time since last: 3041580100 ns, Reaching safepoint: 45800 ns, At safepoint: 5600 ns, Total: 51400 ns
[2022-04-08T18:19:52.889+0000][12720][safepoint   ] Safepoint "Cleanup", Time since last: 3015052100 ns, Reaching safepoint: 58800 ns, At safepoint: 6700 ns, Total: 65500 ns
[2022-04-08T18:19:54.915+0000][12720][safepoint   ] Safepoint "Cleanup", Time since last: 2026766700 ns, Reaching safepoint: 43500 ns, At safepoint: 6800 ns, Total: 50300 ns
[2022-04-08T18:19:55.927+0000][12720][safepoint   ] Safepoint "Cleanup", Time since last: 1011361100 ns, Reaching safepoint: 55000 ns, At safepoint: 5000 ns, Total: 60000 ns
[2022-04-08T18:19:56.942+0000][12720][safepoint   ] Safepoint "Cleanup", Time since last: 1015275200 ns, Reaching safepoint: 68000 ns, At safepoint: 10500 ns, Total: 78500 ns
[2022-04-08T18:19:57.943+0000][12720][safepoint   ] Safepoint "Cleanup", Time since last: 1001159400 ns, Reaching safepoint: 96200 ns, At safepoint: 45100 ns, Total: 141300 ns
[2022-04-08T18:19:58.951+0000][12720][safepoint   ] Safepoint "Cleanup", Time since last: 1007641400 ns, Reaching safepoint: 100400 ns, At safepoint: 6100 ns, Total: 106500 ns
[2022-04-08T18:20:00.952+0000][12720][safepoint   ] Safepoint "Cleanup", Time since last: 2000256300 ns, Reaching safepoint: 42100 ns, At safepoint: 6000 ns, Total: 48100 ns
[2022-04-08T18:20:01.959+0000][12720][safepoint   ] Safepoint "Cleanup", Time since last: 1007319500 ns, Reaching safepoint: 128300 ns, At safepoint: 48200 ns, Total: 176500 ns
[2022-04-08T18:20:03.969+0000][12720][safepoint   ] Safepoint "Cleanup", Time since last: 2010408700 ns, Reaching safepoint: 43100 ns, At safepoint: 56800 ns, Total: 99900 ns
[2022-04-08T18:20:04.985+0000][12720][safepoint   ] Safepoint "Cleanup", Time since last: 1015273600 ns, Reaching safepoint: 59600 ns, At safepoint: 7100 ns, Total: 66700 ns
[2022-04-08T18:20:06.987+0000][12720][safepoint   ] Safepoint "Cleanup", Time since last: 2001864100 ns, Reaching safepoint: 54200 ns, At safepoint: 6300 ns, Total: 60500 ns
[2022-04-08T18:20:10.014+0000][12720][safepoint   ] Safepoint "Cleanup", Time since last: 3027589700 ns, Reaching safepoint: 57800 ns, At safepoint: 15800 ns, Total: 73600 ns
[2022-04-08T18:20:11.019+0000][12720][safepoint   ] Safepoint "Cleanup", Time since last: 1004256800 ns, Reaching safepoint: 66800 ns, At safepoint: 8100 ns, Total: 74900 ns
[2022-04-08T18:20:12.034+0000][12720][safepoint   ] Safepoint "Cleanup", Time since last: 1015270800 ns, Reaching safepoint: 48000 ns, At safepoint: 6900 ns, Total: 54900 ns
[2022-04-08T18:20:13.040+0000][12720][safepoint   ] Safepoint "Cleanup", Time since last: 1006286800 ns, Reaching safepoint: 49100 ns, At safepoint: 5600 ns, Total: 54700 ns
[2022-04-08T18:20:15.066+0000][12720][safepoint   ] Safepoint "Cleanup", Time since last: 2025928600 ns, Reaching safepoint: 82500 ns, At safepoint: 15000 ns, Total: 97500 ns
[2022-04-08T18:20:16.093+0000][12720][safepoint   ] Safepoint "Cleanup", Time since last: 1026731300 ns, Reaching safepoint: 51000 ns, At safepoint: 8100 ns, Total: 59100 ns
[2022-04-08T18:20:17.109+0000][12720][safepoint   ] Safepoint "Cleanup", Time since last: 1015241300 ns, Reaching safepoint: 52100 ns, At safepoint: 16600 ns, Total: 68700 ns
[2022-04-08T18:20:19.135+0000][12720][safepoint   ] Safepoint "Cleanup", Time since last: 2026181400 ns, Reaching safepoint: 46700 ns, At safepoint: 18300 ns, Total: 65000 ns
[2022-04-08T18:20:20.150+0000][12720][safepoint   ] Safepoint "Cleanup", Time since last: 1015244600 ns, Reaching safepoint: 60300 ns, At safepoint: 16900 ns, Total: 77200 ns
[2022-04-08T18:20:21.151+0000][12720][safepoint   ] Safepoint "Cleanup", Time since last: 1000465700 ns, Reaching safepoint: 71700 ns, At safepoint: 17800 ns, Total: 89500 ns
[2022-04-08T18:20:22.166+0000][12720][safepoint   ] Safepoint "Cleanup", Time since last: 1015153600 ns, Reaching safepoint: 53100 ns, At safepoint: 15600 ns, Total: 68700 ns
[2022-04-08T18:20:24.188+0000][12720][safepoint   ] Safepoint "Cleanup", Time since last: 2021650400 ns, Reaching safepoint: 55300 ns, At safepoint: 49600 ns, Total: 104900 ns
[2022-04-08T18:20:25.203+0000][12720][safepoint   ] Safepoint "Cleanup", Time since last: 1015284700 ns, Reaching safepoint: 54500 ns, At safepoint: 7500 ns, Total: 62000 ns
[2022-04-08T18:20:27.233+0000][12720][safepoint   ] Safepoint "Cleanup", Time since last: 2030141000 ns, Reaching safepoint: 64000 ns, At safepoint: 19200 ns, Total: 83200 ns
[2022-04-08T18:20:28.249+0000][12720][safepoint   ] Safepoint "Cleanup", Time since last: 1015276200 ns, Reaching safepoint: 79500 ns, At safepoint: 20300 ns, Total: 99800 ns
[2022-04-08T18:20:29.259+0000][12720][safepoint   ] Safepoint "Cleanup", Time since last: 1010720300 ns, Reaching safepoint: 65200 ns, At safepoint: 52800 ns, Total: 118000 ns
[2022-04-08T18:20:31.276+0000][12720][safepoint   ] Safepoint "Cleanup", Time since last: 2016057500 ns, Reaching safepoint: 46000 ns, At safepoint: 20500 ns, Total: 66500 ns
[2022-04-08T18:20:32.288+0000][12720][safepoint   ] Safepoint "Cleanup", Time since last: 1012708700 ns, Reaching safepoint: 50500 ns, At safepoint: 9800 ns, Total: 60300 ns
[2022-04-08T18:20:34.305+0000][12720][safepoint   ] Safepoint "Cleanup", Time since last: 2017068800 ns, Reaching safepoint: 105500 ns, At safepoint: 58200 ns, Total: 163700 ns
[2022-04-08T18:20:35.321+0000][12720][safepoint   ] Safepoint "Cleanup", Time since last: 1015328500 ns, Reaching safepoint: 64200 ns, At safepoint: 18400 ns, Total: 82600 ns
[2022-04-08T18:20:37.347+0000][12720][safepoint   ] Safepoint "Cleanup", Time since last: 2026008400 ns, Reaching safepoint: 67900 ns, At safepoint: 52100 ns, Total: 120000 ns
[2022-04-08T18:20:39.374+0000][12720][safepoint   ] Safepoint "Cleanup", Time since last: 2026328900 ns, Reaching safepoint: 43700 ns, At safepoint: 7600 ns, Total: 51300 ns
[2022-04-08T18:20:40.389+0000][12720][safepoint   ] Safepoint "Cleanup", Time since last: 1015284100 ns, Reaching safepoint: 55200 ns, At safepoint: 15200 ns, Total: 70400 ns
[2022-04-08T18:20:41.391+0000][12720][safepoint   ] Safepoint "Cleanup", Time since last: 1002168200 ns, Reaching safepoint: 53300 ns, At safepoint: 56400 ns, Total: 109700 ns
[2022-04-08T18:20:42.407+0000][12720][safepoint   ] Safepoint "Cleanup", Time since last: 1015408800 ns, Reaching safepoint: 54300 ns, At safepoint: 57500 ns, Total: 111800 ns
[2022-04-08T18:20:43.422+0000][12720][safepoint   ] Safepoint "Cleanup", Time since last: 1015242200 ns, Reaching safepoint: 64000 ns, At safepoint: 67200 ns, Total: 131200 ns
[2022-04-08T18:20:44.432+0000][12720][safepoint   ] Safepoint "Cleanup", Time since last: 1010187000 ns, Reaching safepoint: 45700 ns, At safepoint: 9800 ns, Total: 55500 ns
[2022-04-08T18:20:46.463+0000][12720][safepoint   ] Safepoint "Cleanup", Time since last: 2030301900 ns, Reaching safepoint: 84200 ns, At safepoint: 14800 ns, Total: 99000 ns
[2022-04-08T18:20:47.471+0000][12720][safepoint   ] Safepoint "Cleanup", Time since last: 1008024100 ns, Reaching safepoint: 46600 ns, At safepoint: 20000 ns, Total: 66600 ns
[2022-04-08T18:20:48.486+0000][12720][safepoint   ] Safepoint "Cleanup", Time since last: 1015359000 ns, Reaching safepoint: 120900 ns, At safepoint: 44400 ns, Total: 165300 ns
[2022-04-08T18:20:49.497+0000][12720][safepoint   ] Safepoint "Cleanup", Time since last: 1010457100 ns, Reaching safepoint: 52900 ns, At safepoint: 56900 ns, Total: 109800 ns
[2022-04-08T18:20:52.528+0000][12720][safepoint   ] Safepoint "Cleanup", Time since last: 3031217600 ns, Reaching safepoint: 86800 ns, At safepoint: 62900 ns, Total: 149700 ns
[2022-04-08T18:20:54.549+0000][12720][safepoint   ] Safepoint "Cleanup", Time since last: 2021083100 ns, Reaching safepoint: 57700 ns, At safepoint: 8800 ns, Total: 66500 ns
[2022-04-08T18:20:57.561+0000][12720][safepoint   ] Safepoint "Cleanup", Time since last: 3011565500 ns, Reaching safepoint: 44800 ns, At safepoint: 6500 ns, Total: 51300 ns
[2022-04-08T18:20:58.566+0000][12720][safepoint   ] Safepoint "Cleanup", Time since last: 1004586300 ns, Reaching safepoint: 49100 ns, At safepoint: 6100 ns, Total: 55200 ns
[2022-04-08T18:20:59.577+0000][12720][safepoint   ] Safepoint "Cleanup", Time since last: 1010863300 ns, Reaching safepoint: 50500 ns, At safepoint: 11700 ns, Total: 62200 ns
[2022-04-08T18:21:01.592+0000][12720][safepoint   ] Safepoint "Cleanup", Time since last: 2015510300 ns, Reaching safepoint: 48000 ns, At safepoint: 9500 ns, Total: 57500 ns
[2022-04-08T18:21:02.608+0000][12720][safepoint   ] Safepoint "Cleanup", Time since last: 1015301200 ns, Reaching safepoint: 50100 ns, At safepoint: 8700 ns, Total: 58800 ns
[2022-04-08T18:21:04.634+0000][12720][safepoint   ] Safepoint "Cleanup", Time since last: 2026467100 ns, Reaching safepoint: 66500 ns, At safepoint: 10300 ns, Total: 76800 ns
[2022-04-08T18:21:05.660+0000][12720][safepoint   ] Safepoint "Cleanup", Time since last: 1026235400 ns, Reaching safepoint: 52700 ns, At safepoint: 6700 ns, Total: 59400 ns
[2022-04-08T18:21:07.691+0000][12720][safepoint   ] Safepoint "Cleanup", Time since last: 2030747000 ns, Reaching safepoint: 133800 ns, At safepoint: 8900 ns, Total: 142700 ns
[2022-04-08T18:21:09.717+0000][12720][safepoint   ] Safepoint "Cleanup", Time since last: 2025887300 ns, Reaching safepoint: 41600 ns, At safepoint: 8900 ns, Total: 50500 ns
[2022-04-08T18:21:10.718+0000][12720][safepoint   ] Safepoint "Cleanup", Time since last: 1000951300 ns, Reaching safepoint: 60300 ns, At safepoint: 8100 ns, Total: 68400 ns
[2022-04-08T18:21:12.749+0000][12720][safepoint   ] Safepoint "Cleanup", Time since last: 2030589400 ns, Reaching safepoint: 59400 ns, At safepoint: 7400 ns, Total: 66800 ns
[2022-04-08T18:21:13.775+0000][12720][safepoint   ] Safepoint "Cleanup", Time since last: 1026172100 ns, Reaching safepoint: 60500 ns, At safepoint: 7900 ns, Total: 68400 ns
[2022-04-08T18:21:14.790+0000][12720][safepoint   ] Safepoint "Cleanup", Time since last: 1015322300 ns, Reaching safepoint: 41700 ns, At safepoint: 16500 ns, Total: 58200 ns
[2022-04-08T18:21:15.801+0000][12720][safepoint   ] Safepoint "Cleanup", Time since last: 1009977200 ns, Reaching safepoint: 102300 ns, At safepoint: 16100 ns, Total: 118400 ns
[2022-04-08T18:21:16.816+0000][12720][safepoint   ] Safepoint "Cleanup", Time since last: 1015234900 ns, Reaching safepoint: 45100 ns, At safepoint: 12800 ns, Total: 57900 ns
[2022-04-08T18:21:17.847+0000][12720][safepoint   ] Safepoint "Cleanup", Time since last: 1031369300 ns, Reaching safepoint: 139900 ns, At safepoint: 7600 ns, Total: 147500 ns
[2022-04-08T18:21:19.874+0000][12720][safepoint   ] Safepoint "Cleanup", Time since last: 2026123500 ns, Reaching safepoint: 109600 ns, At safepoint: 11000 ns, Total: 120600 ns
[2022-04-08T18:21:20.874+0000][12720][safepoint   ] Safepoint "Cleanup", Time since last: 1000454000 ns, Reaching safepoint: 104900 ns, At safepoint: 49600 ns, Total: 154500 ns
[2022-04-08T18:21:22.881+0000][12720][safepoint   ] Safepoint "Cleanup", Time since last: 2006762600 ns, Reaching safepoint: 71500 ns, At safepoint: 10800 ns, Total: 82300 ns
[2022-04-08T18:21:24.897+0000][12720][safepoint   ] Safepoint "Cleanup", Time since last: 2016332400 ns, Reaching safepoint: 132400 ns, At safepoint: 10600 ns, Total: 143000 ns
[2022-04-08T18:21:25.899+0000][12720][safepoint   ] Safepoint "Cleanup", Time since last: 1001803100 ns, Reaching safepoint: 51800 ns, At safepoint: 5000 ns, Total: 56800 ns
[2022-04-08T18:21:26.911+0000][12720][safepoint   ] Safepoint "Cleanup", Time since last: 1011826000 ns, Reaching safepoint: 58900 ns, At safepoint: 5300 ns, Total: 64200 ns
[2022-04-08T18:21:28.927+0000][12720][safepoint   ] Safepoint "Cleanup", Time since last: 2016099700 ns, Reaching safepoint: 69100 ns, At safepoint: 7900 ns, Total: 77000 ns
[2022-04-08T18:21:29.943+0000][12720][safepoint   ] Safepoint "Cleanup", Time since last: 1015429500 ns, Reaching safepoint: 49500 ns, At safepoint: 5400 ns, Total: 54900 ns
[2022-04-08T18:21:31.961+0000][12720][safepoint   ] Safepoint "Cleanup", Time since last: 2017630800 ns, Reaching safepoint: 122000 ns, At safepoint: 4800 ns, Total: 126800 ns
[2022-04-08T18:21:34.605+0000][12720][safepoint   ] Safepoint "Cleanup", Time since last: 2649121600 ns, Reaching safepoint: 47600 ns, At safepoint: 11100 ns, Total: 58700 ns
[2022-04-08T18:21:36.608+0000][12720][safepoint   ] Safepoint "Cleanup", Time since last: 1997592900 ns, Reaching safepoint: 72100 ns, At safepoint: 9500 ns, Total: 81600 ns
[2022-04-08T18:21:38.154+0000][12720][safepoint   ] Safepoint "Cleanup", Time since last: 1546629200 ns, Reaching safepoint: 70900 ns, At safepoint: 9100 ns, Total: 80000 ns
[2022-04-08T18:21:40.170+0000][12720][safepoint   ] Safepoint "Cleanup", Time since last: 2015900300 ns, Reaching safepoint: 47100 ns, At safepoint: 33400 ns, Total: 80500 ns
[2022-04-08T18:21:41.172+0000][12720][safepoint   ] Safepoint "Cleanup", Time since last: 1002120000 ns, Reaching safepoint: 45300 ns, At safepoint: 4900 ns, Total: 50200 ns
[2022-04-08T18:21:42.172+0000][12720][safepoint   ] Safepoint "Cleanup", Time since last: 1000026700 ns, Reaching safepoint: 53900 ns, At safepoint: 6700 ns, Total: 60600 ns
[2022-04-08T18:21:43.188+0000][12720][safepoint   ] Safepoint "Cleanup", Time since last: 1015351100 ns, Reaching safepoint: 73100 ns, At safepoint: 10400 ns, Total: 83500 ns
[2022-04-08T18:21:45.204+0000][12720][safepoint   ] Safepoint "Cleanup", Time since last: 2016408400 ns, Reaching safepoint: 50100 ns, At safepoint: 8600 ns, Total: 58700 ns
[2022-04-08T18:21:46.205+0000][12720][safepoint   ] Safepoint "Cleanup", Time since last: 1000746700 ns, Reaching safepoint: 40000 ns, At safepoint: 7200 ns, Total: 47200 ns
[2022-04-08T18:21:47.221+0000][12720][safepoint   ] Safepoint "Cleanup", Time since last: 1015332000 ns, Reaching safepoint: 54700 ns, At safepoint: 5400 ns, Total: 60100 ns
[2022-04-08T18:21:49.226+0000][12720][safepoint   ] Safepoint "Cleanup", Time since last: 2005462900 ns, Reaching safepoint: 48600 ns, At safepoint: 5600 ns, Total: 54200 ns
[2022-04-08T18:21:50.241+0000][12720][safepoint   ] Safepoint "Cleanup", Time since last: 1015283600 ns, Reaching safepoint: 48400 ns, At safepoint: 8200 ns, Total: 56600 ns
[2022-04-08T18:21:52.259+0000][12720][safepoint   ] Safepoint "Cleanup", Time since last: 2017659700 ns, Reaching safepoint: 68800 ns, At safepoint: 11100 ns, Total: 79900 ns
[2022-04-08T18:21:53.260+0000][12720][safepoint   ] Safepoint "Cleanup", Time since last: 1000691100 ns, Reaching safepoint: 51200 ns, At safepoint: 7000 ns, Total: 58200 ns
[2022-04-08T18:21:54.263+0000][12720][safepoint   ] Safepoint "Cleanup", Time since last: 1003419500 ns, Reaching safepoint: 50700 ns, At safepoint: 15900 ns, Total: 66600 ns
[2022-04-08T18:21:55.279+0000][12720][safepoint   ] Safepoint "Cleanup", Time since last: 1015264900 ns, Reaching safepoint: 96100 ns, At safepoint: 5300 ns, Total: 101400 ns
[2022-04-08T18:21:56.281+0000][12720][safepoint   ] Safepoint "Cleanup", Time since last: 1002368200 ns, Reaching safepoint: 117600 ns, At safepoint: 5000 ns, Total: 122600 ns
[2022-04-08T18:21:57.296+0000][12720][safepoint   ] Safepoint "Cleanup", Time since last: 1014867700 ns, Reaching safepoint: 56400 ns, At safepoint: 7700 ns, Total: 64100 ns
[2022-04-08T18:21:58.306+0000][12720][safepoint   ] Safepoint "Cleanup", Time since last: 1009258700 ns, Reaching safepoint: 55000 ns, At safepoint: 12400 ns, Total: 67400 ns
[2022-04-08T18:21:59.315+0000][12720][safepoint   ] Safepoint "Cleanup", Time since last: 1009235100 ns, Reaching safepoint: 107000 ns, At safepoint: 72700 ns, Total: 179700 ns
[2022-04-08T18:22:00.315+0000][12720][safepoint   ] Safepoint "Cleanup", Time since last: 1000135700 ns, Reaching safepoint: 50600 ns, At safepoint: 15200 ns, Total: 65800 ns
[2022-04-08T18:22:01.333+0000][12720][safepoint   ] Safepoint "Cleanup", Time since last: 1018317300 ns, Reaching safepoint: 45100 ns, At safepoint: 6600 ns, Total: 51700 ns
[2022-04-08T18:22:02.349+0000][12720][safepoint   ] Safepoint "Cleanup", Time since last: 1015206100 ns, Reaching safepoint: 50500 ns, At safepoint: 7400 ns, Total: 57900 ns
[2022-04-08T18:22:04.365+0000][12720][safepoint   ] Safepoint "Cleanup", Time since last: 2016364700 ns, Reaching safepoint: 50500 ns, At safepoint: 8300 ns, Total: 58800 ns
[2022-04-08T18:22:05.381+0000][12720][safepoint   ] Safepoint "Cleanup", Time since last: 1015300500 ns, Reaching safepoint: 51200 ns, At safepoint: 14500 ns, Total: 65700 ns
[2022-04-08T18:22:07.397+0000][12720][safepoint   ] Safepoint "Cleanup", Time since last: 2016549900 ns, Reaching safepoint: 57000 ns, At safepoint: 15700 ns, Total: 72700 ns
[2022-04-08T18:22:09.413+0000][12720][safepoint   ] Safepoint "Cleanup", Time since last: 2016143700 ns, Reaching safepoint: 44400 ns, At safepoint: 7000 ns, Total: 51400 ns
[2022-04-08T18:22:10.429+0000][12720][safepoint   ] Safepoint "Cleanup", Time since last: 1015202000 ns, Reaching safepoint: 78000 ns, At safepoint: 17200 ns, Total: 95200 ns
[2022-04-08T18:22:11.431+0000][12720][safepoint   ] Safepoint "Cleanup", Time since last: 1002470600 ns, Reaching safepoint: 46700 ns, At safepoint: 13100 ns, Total: 59800 ns
[2022-04-08T18:22:12.446+0000][12720][safepoint   ] Safepoint "Cleanup", Time since last: 1014922600 ns, Reaching safepoint: 112700 ns, At safepoint: 17900 ns, Total: 130600 ns
[2022-04-08T18:22:13.447+0000][12720][safepoint   ] Safepoint "Cleanup", Time since last: 1000575200 ns, Reaching safepoint: 55500 ns, At safepoint: 7300 ns, Total: 62800 ns
[2022-04-08T18:22:14.448+0000][12720][safepoint   ] Safepoint "Cleanup", Time since last: 1001017400 ns, Reaching safepoint: 52800 ns, At safepoint: 7900 ns, Total: 60700 ns
[2022-04-08T18:22:16.449+0000][12720][safepoint   ] Safepoint "Cleanup", Time since last: 2001075200 ns, Reaching safepoint: 56700 ns, At safepoint: 19400 ns, Total: 76100 ns
[2022-04-08T18:22:17.465+0000][12720][safepoint   ] Safepoint "Cleanup", Time since last: 1015384000 ns, Reaching safepoint: 38500 ns, At safepoint: 9000 ns, Total: 47500 ns
[2022-04-08T18:22:19.481+0000][12720][safepoint   ] Safepoint "Cleanup", Time since last: 2016552300 ns, Reaching safepoint: 49700 ns, At safepoint: 9500 ns, Total: 59200 ns
[2022-04-08T18:22:20.497+0000][12720][safepoint   ] Safepoint "Cleanup", Time since last: 1015311800 ns, Reaching safepoint: 491800 ns, At safepoint: 57000 ns, Total: 548800 ns
[2022-04-08T18:22:22.514+0000][12720][safepoint   ] Safepoint "Cleanup", Time since last: 2017218500 ns, Reaching safepoint: 52500 ns, At safepoint: 14300 ns, Total: 66800 ns
[2022-04-08T18:22:23.515+0000][12720][safepoint   ] Safepoint "Cleanup", Time since last: 1000210700 ns, Reaching safepoint: 45300 ns, At safepoint: 13900 ns, Total: 59200 ns
[2022-04-08T18:22:24.519+0000][12720][safepoint   ] Safepoint "Cleanup", Time since last: 1004550400 ns, Reaching safepoint: 53600 ns, At safepoint: 10800 ns, Total: 64400 ns
[2022-04-08T18:22:25.535+0000][12720][safepoint   ] Safepoint "Cleanup", Time since last: 1015244400 ns, Reaching safepoint: 50200 ns, At safepoint: 15900 ns, Total: 66100 ns
[2022-04-08T18:22:26.536+0000][12720][safepoint   ] Safepoint "Cleanup", Time since last: 1001461300 ns, Reaching safepoint: 48500 ns, At safepoint: 8000 ns, Total: 56500 ns
[2022-04-08T18:22:27.551+0000][12720][safepoint   ] Safepoint "Cleanup", Time since last: 1015307300 ns, Reaching safepoint: 47800 ns, At safepoint: 16500 ns, Total: 64300 ns
[2022-04-08T18:22:28.567+0000][12720][safepoint   ] Safepoint "Cleanup", Time since last: 1015320300 ns, Reaching safepoint: 62800 ns, At safepoint: 15200 ns, Total: 78000 ns
[2022-04-08T18:22:29.568+0000][12720][safepoint   ] Safepoint "Cleanup", Time since last: 1001145400 ns, Reaching safepoint: 47500 ns, At safepoint: 8200 ns, Total: 55700 ns
[2022-04-08T18:22:31.585+0000][12720][safepoint   ] Safepoint "Cleanup", Time since last: 2017184200 ns, Reaching safepoint: 48400 ns, At safepoint: 6100 ns, Total: 54500 ns
[2022-04-08T18:22:32.601+0000][12720][safepoint   ] Safepoint "Cleanup", Time since last: 1015534200 ns, Reaching safepoint: 114300 ns, At safepoint: 20100 ns, Total: 134400 ns
[2022-04-08T18:22:34.612+0000][12720][safepoint   ] Safepoint "Cleanup", Time since last: 2011172100 ns, Reaching safepoint: 52600 ns, At safepoint: 13000 ns, Total: 65600 ns
[2022-04-08T18:22:35.628+0000][12720][safepoint   ] Safepoint "Cleanup", Time since last: 1015294600 ns, Reaching safepoint: 48500 ns, At safepoint: 7400 ns, Total: 55900 ns
[2022-04-08T18:22:37.644+0000][12720][safepoint   ] Safepoint "Cleanup", Time since last: 2016728200 ns, Reaching safepoint: 53100 ns, At safepoint: 17900 ns, Total: 71000 ns
[2022-04-08T18:22:39.649+0000][12720][safepoint   ] Safepoint "Cleanup", Time since last: 2004573900 ns, Reaching safepoint: 45000 ns, At safepoint: 7300 ns, Total: 52300 ns
[2022-04-08T18:22:40.650+0000][12720][safepoint   ] Safepoint "Cleanup", Time since last: 1001171500 ns, Reaching safepoint: 56800 ns, At safepoint: 15900 ns, Total: 72700 ns
[2022-04-08T18:22:42.667+0000][12720][safepoint   ] Safepoint "Cleanup", Time since last: 2016628700 ns, Reaching safepoint: 55900 ns, At safepoint: 18000 ns, Total: 73900 ns
[2022-04-08T18:22:43.682+0000][12720][safepoint   ] Safepoint "Cleanup", Time since last: 1015200500 ns, Reaching safepoint: 53900 ns, At safepoint: 9000 ns, Total: 62900 ns
[2022-04-08T18:22:44.683+0000][12720][safepoint   ] Safepoint "Cleanup", Time since last: 1000820700 ns, Reaching safepoint: 51000 ns, At safepoint: 10300 ns, Total: 61300 ns
[2022-04-08T18:22:46.700+0000][12720][safepoint   ] Safepoint "Cleanup", Time since last: 2016439300 ns, Reaching safepoint: 51600 ns, At safepoint: 13900 ns, Total: 65500 ns
[2022-04-08T18:22:47.715+0000][12720][safepoint   ] Safepoint "Cleanup", Time since last: 1015381400 ns, Reaching safepoint: 54500 ns, At safepoint: 7800 ns, Total: 62300 ns
[2022-04-08T18:22:49.732+0000][12720][safepoint   ] Safepoint "Cleanup", Time since last: 2016625500 ns, Reaching safepoint: 53100 ns, At safepoint: 8300 ns, Total: 61400 ns
[2022-04-08T18:22:52.755+0000][12720][safepoint   ] Safepoint "Cleanup", Time since last: 3022894100 ns, Reaching safepoint: 52100 ns, At safepoint: 8000 ns, Total: 60100 ns
[2022-04-08T18:22:54.776+0000][12720][safepoint   ] Safepoint "Cleanup", Time since last: 2020945600 ns, Reaching safepoint: 52900 ns, At safepoint: 9800 ns, Total: 62700 ns
[2022-04-08T18:22:55.781+0000][12720][safepoint   ] Safepoint "Cleanup", Time since last: 1005655700 ns, Reaching safepoint: 50600 ns, At safepoint: 7100 ns, Total: 57700 ns
[2022-04-08T18:22:57.812+0000][12720][safepoint   ] Safepoint "Cleanup", Time since last: 2030804500 ns, Reaching safepoint: 51800 ns, At safepoint: 7600 ns, Total: 59400 ns
[2022-04-08T18:22:58.825+0000][12720][safepoint   ] Safepoint "Cleanup", Time since last: 1012276300 ns, Reaching safepoint: 67000 ns, At safepoint: 6500 ns, Total: 73500 ns
[2022-04-08T18:22:59.840+0000][12720][safepoint   ] Safepoint "Cleanup", Time since last: 1015307600 ns, Reaching safepoint: 63200 ns, At safepoint: 5600 ns, Total: 68800 ns
[2022-04-08T18:23:01.856+0000][12720][safepoint   ] Safepoint "Cleanup", Time since last: 2015837800 ns, Reaching safepoint: 69500 ns, At safepoint: 7500 ns, Total: 77000 ns
[2022-04-08T18:23:02.871+0000][12720][safepoint   ] Safepoint "Cleanup", Time since last: 1015283500 ns, Reaching safepoint: 66700 ns, At safepoint: 5900 ns, Total: 72600 ns
[2022-04-08T18:23:04.890+0000][12720][safepoint   ] Safepoint "Cleanup", Time since last: 2018356700 ns, Reaching safepoint: 55300 ns, At safepoint: 7200 ns, Total: 62500 ns
[2022-04-08T18:23:07.920+0000][12720][safepoint   ] Safepoint "Cleanup", Time since last: 3030666400 ns, Reaching safepoint: 53100 ns, At safepoint: 7200 ns, Total: 60300 ns
[2022-04-08T18:23:09.946+0000][12720][safepoint   ] Safepoint "Cleanup", Time since last: 2025393300 ns, Reaching safepoint: 46300 ns, At safepoint: 7600 ns, Total: 53900 ns
[2022-04-08T18:23:10.946+0000][12720][safepoint   ] Safepoint "Cleanup", Time since last: 1000430100 ns, Reaching safepoint: 54200 ns, At safepoint: 8900 ns, Total: 63100 ns
[2022-04-08T18:23:11.961+0000][12720][safepoint   ] Safepoint "Cleanup", Time since last: 1014910100 ns, Reaching safepoint: 47700 ns, At safepoint: 7500 ns, Total: 55200 ns
[2022-04-08T18:23:12.961+0000][12720][safepoint   ] Safepoint "Cleanup", Time since last: 1000094100 ns, Reaching safepoint: 44100 ns, At safepoint: 14000 ns, Total: 58100 ns
[2022-04-08T18:23:13.972+0000][12720][safepoint   ] Safepoint "Cleanup", Time since last: 1010199600 ns, Reaching safepoint: 74000 ns, At safepoint: 18000 ns, Total: 92000 ns
[2022-04-08T18:23:14.987+0000][12720][safepoint   ] Safepoint "Cleanup", Time since last: 1015297700 ns, Reaching safepoint: 46900 ns, At safepoint: 17500 ns, Total: 64400 ns
[2022-04-08T18:23:17.013+0000][12720][safepoint   ] Safepoint "Cleanup", Time since last: 2026188300 ns, Reaching safepoint: 140000 ns, At safepoint: 52400 ns, Total: 192400 ns
[2022-04-08T18:23:18.029+0000][12720][safepoint   ] Safepoint "Cleanup", Time since last: 1015228300 ns, Reaching safepoint: 46600 ns, At safepoint: 16900 ns, Total: 63500 ns
[2022-04-08T18:23:20.054+0000][12720][safepoint   ] Safepoint "Cleanup", Time since last: 2024822500 ns, Reaching safepoint: 60900 ns, At safepoint: 18900 ns, Total: 79800 ns
[2022-04-08T18:23:21.054+0000][12720][safepoint   ] Safepoint "Cleanup", Time since last: 1000827400 ns, Reaching safepoint: 63300 ns, At safepoint: 9100 ns, Total: 72400 ns
[2022-04-08T18:23:22.070+0000][12720][safepoint   ] Safepoint "Cleanup", Time since last: 1015232900 ns, Reaching safepoint: 59200 ns, At safepoint: 59000 ns, Total: 118200 ns
[2022-04-08T18:23:23.073+0000][12720][safepoint   ] Safepoint "Cleanup", Time since last: 1003279200 ns, Reaching safepoint: 105400 ns, At safepoint: 18000 ns, Total: 123400 ns
[2022-04-08T18:23:25.101+0000][12720][safepoint   ] Safepoint "Cleanup", Time since last: 2028073900 ns, Reaching safepoint: 63700 ns, At safepoint: 18800 ns, Total: 82500 ns
[2022-04-08T18:23:26.103+0000][12720][safepoint   ] Safepoint "Cleanup", Time since last: 1001050900 ns, Reaching safepoint: 61900 ns, At safepoint: 16000 ns, Total: 77900 ns
[2022-04-08T18:23:27.118+0000][12720][safepoint   ] Safepoint "Cleanup", Time since last: 1015301100 ns, Reaching safepoint: 60900 ns, At safepoint: 57200 ns, Total: 118100 ns
[2022-04-08T18:23:29.136+0000][12720][safepoint   ] Safepoint "Cleanup", Time since last: 2017533100 ns, Reaching safepoint: 43100 ns, At safepoint: 15900 ns, Total: 59000 ns
[2022-04-08T18:23:30.151+0000][12720][safepoint   ] Safepoint "Cleanup", Time since last: 1015238700 ns, Reaching safepoint: 41600 ns, At safepoint: 18100 ns, Total: 59700 ns
[2022-04-08T18:23:32.168+0000][12720][safepoint   ] Safepoint "Cleanup", Time since last: 2017314200 ns, Reaching safepoint: 42300 ns, At safepoint: 16100 ns, Total: 58400 ns
[2022-04-08T18:23:35.197+0000][12720][safepoint   ] Safepoint "Cleanup", Time since last: 3028452800 ns, Reaching safepoint: 123700 ns, At safepoint: 20800 ns, Total: 144500 ns
[2022-04-08T18:23:38.229+0000][12720][safepoint   ] Safepoint "Cleanup", Time since last: 3031807600 ns, Reaching safepoint: 45100 ns, At safepoint: 13200 ns, Total: 58300 ns
[2022-04-08T18:23:40.245+0000][12720][safepoint   ] Safepoint "Cleanup", Time since last: 2016388500 ns, Reaching safepoint: 46700 ns, At safepoint: 13500 ns, Total: 60200 ns
[2022-04-08T18:23:41.247+0000][12720][safepoint   ] Safepoint "Cleanup", Time since last: 1001284300 ns, Reaching safepoint: 60500 ns, At safepoint: 24800 ns, Total: 85300 ns
[2022-04-08T18:23:42.262+0000][12720][safepoint   ] Safepoint "Cleanup", Time since last: 1014885900 ns, Reaching safepoint: 101100 ns, At safepoint: 17500 ns, Total: 118600 ns
[2022-04-08T18:23:44.263+0000][12720][safepoint   ] Safepoint "Cleanup", Time since last: 2001309400 ns, Reaching safepoint: 54700 ns, At safepoint: 19900 ns, Total: 74600 ns
[2022-04-08T18:23:45.278+0000][12720][safepoint   ] Safepoint "Cleanup", Time since last: 1015300600 ns, Reaching safepoint: 50500 ns, At safepoint: 15800 ns, Total: 66300 ns
[2022-04-08T18:23:47.283+0000][12720][safepoint   ] Safepoint "Cleanup", Time since last: 2004433900 ns, Reaching safepoint: 46700 ns, At safepoint: 16900 ns, Total: 63600 ns
[2022-04-08T18:23:50.300+0000][12720][safepoint   ] Safepoint "Cleanup", Time since last: 3016659700 ns, Reaching safepoint: 44100 ns, At safepoint: 15700 ns, Total: 59800 ns
[2022-04-08T18:23:53.333+0000][12720][safepoint   ] Safepoint "Cleanup", Time since last: 3033088600 ns, Reaching safepoint: 56400 ns, At safepoint: 18000 ns, Total: 74400 ns
[2022-04-08T18:23:54.334+0000][12720][safepoint   ] Safepoint "Cleanup", Time since last: 1001419300 ns, Reaching safepoint: 65000 ns, At safepoint: 18700 ns, Total: 83700 ns
[2022-04-08T18:23:55.343+0000][12720][safepoint   ] Safepoint "Cleanup", Time since last: 1008977700 ns, Reaching safepoint: 65800 ns, At safepoint: 14300 ns, Total: 80100 ns
[2022-04-08T18:23:57.361+0000][12720][safepoint   ] Safepoint "Cleanup", Time since last: 2018128900 ns, Reaching safepoint: 44600 ns, At safepoint: 12600 ns, Total: 57200 ns
[2022-04-08T18:23:58.375+0000][12720][safepoint   ] Safepoint "Cleanup", Time since last: 1013469300 ns, Reaching safepoint: 69200 ns, At safepoint: 11200 ns, Total: 80400 ns
[2022-04-08T18:23:59.376+0000][12720][safepoint   ] Safepoint "Cleanup", Time since last: 1001142000 ns, Reaching safepoint: 50000 ns, At safepoint: 4300 ns, Total: 54300 ns
[2022-04-08T18:24:00.376+0000][12720][safepoint   ] Safepoint "Cleanup", Time since last: 1000261200 ns, Reaching safepoint: 57900 ns, At safepoint: 8200 ns, Total: 66100 ns
[2022-04-08T18:24:01.394+0000][12720][safepoint   ] Safepoint "Cleanup", Time since last: 1017720700 ns, Reaching safepoint: 51300 ns, At safepoint: 8500 ns, Total: 59800 ns
[2022-04-08T18:24:02.410+0000][12720][safepoint   ] Safepoint "Cleanup", Time since last: 1015313400 ns, Reaching safepoint: 37400 ns, At safepoint: 4200 ns, Total: 41600 ns
[2022-04-08T18:24:04.412+0000][12720][safepoint   ] Safepoint "Cleanup", Time since last: 2002747900 ns, Reaching safepoint: 57000 ns, At safepoint: 7700 ns, Total: 64700 ns
[2022-04-08T18:24:05.428+0000][12720][safepoint   ] Safepoint "Cleanup", Time since last: 1015299200 ns, Reaching safepoint: 73700 ns, At safepoint: 19900 ns, Total: 93600 ns
[2022-04-08T18:24:07.444+0000][12720][safepoint   ] Safepoint "Cleanup", Time since last: 2016316200 ns, Reaching safepoint: 63300 ns, At safepoint: 15800 ns, Total: 79100 ns
[2022-04-08T18:24:10.463+0000][12720][safepoint   ] Safepoint "Cleanup", Time since last: 3018391900 ns, Reaching safepoint: 39200 ns, At safepoint: 185700 ns, Total: 224900 ns
[2022-04-08T18:24:11.465+0000][12720][safepoint   ] Safepoint "Cleanup", Time since last: 1002484000 ns, Reaching safepoint: 51100 ns, At safepoint: 19200 ns, Total: 70300 ns
[2022-04-08T18:24:12.481+0000][12720][safepoint   ] Safepoint "Cleanup", Time since last: 1015297000 ns, Reaching safepoint: 48200 ns, At safepoint: 18200 ns, Total: 66400 ns
[2022-04-08T18:24:13.496+0000][12720][safepoint   ] Safepoint "Cleanup", Time since last: 1014976000 ns, Reaching safepoint: 85300 ns, At safepoint: 11600 ns, Total: 96900 ns
[2022-04-08T18:24:15.497+0000][12720][safepoint   ] Safepoint "Cleanup", Time since last: 2001412900 ns, Reaching safepoint: 57200 ns, At safepoint: 18400 ns, Total: 75600 ns
[2022-04-08T18:24:16.506+0000][12720][safepoint   ] Safepoint "Cleanup", Time since last: 1008792000 ns, Reaching safepoint: 55300 ns, At safepoint: 16800 ns, Total: 72100 ns
[2022-04-08T18:24:17.509+0000][12720][safepoint   ] Safepoint "Cleanup", Time since last: 1002333700 ns, Reaching safepoint: 41000 ns, At safepoint: 18000 ns, Total: 59000 ns
[2022-04-08T18:24:19.529+0000][12720][safepoint   ] Safepoint "Cleanup", Time since last: 2019975700 ns, Reaching safepoint: 49600 ns, At safepoint: 14100 ns, Total: 63700 ns
[2022-04-08T18:24:20.540+0000][12720][safepoint   ] Safepoint "Cleanup", Time since last: 1010976100 ns, Reaching safepoint: 57900 ns, At safepoint: 44300 ns, Total: 102200 ns
[2022-04-08T18:24:22.556+0000][12720][safepoint   ] Safepoint "Cleanup", Time since last: 2016341600 ns, Reaching safepoint: 47000 ns, At safepoint: 12100 ns, Total: 59100 ns
[2022-04-08T18:24:24.559+0000][12720][safepoint   ] Safepoint "Cleanup", Time since last: 2002442300 ns, Reaching safepoint: 48200 ns, At safepoint: 50900 ns, Total: 99100 ns
[2022-04-08T18:24:25.559+0000][12720][safepoint   ] Safepoint "Cleanup", Time since last: 1000237700 ns, Reaching safepoint: 54500 ns, At safepoint: 13600 ns, Total: 68100 ns
[2022-04-08T18:24:26.561+0000][12720][safepoint   ] Safepoint "Cleanup", Time since last: 1001725200 ns, Reaching safepoint: 43500 ns, At safepoint: 17300 ns, Total: 60800 ns
[2022-04-08T18:24:27.576+0000][12720][safepoint   ] Safepoint "Cleanup", Time since last: 1015356800 ns, Reaching safepoint: 43000 ns, At safepoint: 4900 ns, Total: 47900 ns
[2022-04-08T18:24:28.592+0000][12720][safepoint   ] Safepoint "Cleanup", Time since last: 1015265200 ns, Reaching safepoint: 85100 ns, At safepoint: 16700 ns, Total: 101800 ns
[2022-04-08T18:24:29.592+0000][12720][safepoint   ] Safepoint "Cleanup", Time since last: 1000405000 ns, Reaching safepoint: 48100 ns, At safepoint: 8400 ns, Total: 56500 ns
[2022-04-08T18:24:30.608+0000][12720][safepoint   ] Safepoint "Cleanup", Time since last: 1015685100 ns, Reaching safepoint: 58400 ns, At safepoint: 13600 ns, Total: 72000 ns
[2022-04-08T18:24:31.610+0000][12720][safepoint   ] Safepoint "Cleanup", Time since last: 1002566600 ns, Reaching safepoint: 45000 ns, At safepoint: 15000 ns, Total: 60000 ns
[2022-04-08T18:24:32.626+0000][12720][safepoint   ] Safepoint "Cleanup", Time since last: 1015308900 ns, Reaching safepoint: 50300 ns, At safepoint: 14100 ns, Total: 64400 ns
[2022-04-08T18:24:34.637+0000][12720][safepoint   ] Safepoint "Cleanup", Time since last: 2010740800 ns, Reaching safepoint: 48100 ns, At safepoint: 13600 ns, Total: 61700 ns
[2022-04-08T18:24:35.638+0000][12720][safepoint   ] Safepoint "Cleanup", Time since last: 1001380100 ns, Reaching safepoint: 58600 ns, At safepoint: 18800 ns, Total: 77400 ns
[2022-04-08T18:24:37.639+0000][12720][safepoint   ] Safepoint "Cleanup", Time since last: 2001372000 ns, Reaching safepoint: 50600 ns, At safepoint: 18900 ns, Total: 69500 ns
[2022-04-08T18:24:39.641+0000][12720][safepoint   ] Safepoint "Cleanup", Time since last: 2001201800 ns, Reaching safepoint: 111800 ns, At safepoint: 41800 ns, Total: 153600 ns
[2022-04-08T18:24:40.642+0000][12720][safepoint   ] Safepoint "Cleanup", Time since last: 1000895400 ns, Reaching safepoint: 59700 ns, At safepoint: 82900 ns, Total: 142600 ns
[2022-04-08T18:24:42.658+0000][12720][safepoint   ] Safepoint "Cleanup", Time since last: 2016327800 ns, Reaching safepoint: 53900 ns, At safepoint: 21500 ns, Total: 75400 ns
[2022-04-08T18:24:43.674+0000][12720][safepoint   ] Safepoint "Cleanup", Time since last: 1015310500 ns, Reaching safepoint: 60800 ns, At safepoint: 14200 ns, Total: 75000 ns
[2022-04-08T18:24:44.674+0000][12720][safepoint   ] Safepoint "Cleanup", Time since last: 1000799600 ns, Reaching safepoint: 42600 ns, At safepoint: 58100 ns, Total: 100700 ns
[2022-04-08T18:24:46.695+0000][12720][safepoint   ] Safepoint "Cleanup", Time since last: 2020646300 ns, Reaching safepoint: 69600 ns, At safepoint: 58600 ns, Total: 128200 ns
[2022-04-08T18:24:47.711+0000][12720][safepoint   ] Safepoint "Cleanup", Time since last: 1015198900 ns, Reaching safepoint: 46000 ns, At safepoint: 56700 ns, Total: 102700 ns
[2022-04-08T18:24:49.727+0000][12720][safepoint   ] Safepoint "Cleanup", Time since last: 2016574600 ns, Reaching safepoint: 46000 ns, At safepoint: 9600 ns, Total: 55600 ns
[2022-04-08T18:24:52.756+0000][12720][safepoint   ] Safepoint "Cleanup", Time since last: 3028520500 ns, Reaching safepoint: 52000 ns, At safepoint: 6200 ns, Total: 58200 ns
[2022-04-08T18:24:54.771+0000][12720][safepoint   ] Safepoint "Cleanup", Time since last: 2015605400 ns, Reaching safepoint: 43700 ns, At safepoint: 8900 ns, Total: 52600 ns
[2022-04-08T18:24:55.782+0000][12720][safepoint   ] Safepoint "Cleanup", Time since last: 1010767200 ns, Reaching safepoint: 44700 ns, At safepoint: 8300 ns, Total: 53000 ns
[2022-04-08T18:24:57.813+0000][12720][safepoint   ] Safepoint "Cleanup", Time since last: 2030560700 ns, Reaching safepoint: 46000 ns, At safepoint: 13200 ns, Total: 59200 ns
[2022-04-08T18:24:58.823+0000][12720][safepoint   ] Safepoint "Cleanup", Time since last: 1009967200 ns, Reaching safepoint: 54600 ns, At safepoint: 5700 ns, Total: 60300 ns
[2022-04-08T18:24:59.823+0000][12720][safepoint   ] Safepoint "Cleanup", Time since last: 1000194500 ns, Reaching safepoint: 40300 ns, At safepoint: 12300 ns, Total: 52600 ns
[2022-04-08T18:25:01.834+0000][12720][safepoint   ] Safepoint "Cleanup", Time since last: 2010799000 ns, Reaching safepoint: 46900 ns, At safepoint: 7500 ns, Total: 54400 ns
[2022-04-08T18:25:02.849+0000][12720][safepoint   ] Safepoint "Cleanup", Time since last: 1015375600 ns, Reaching safepoint: 63300 ns, At safepoint: 6200 ns, Total: 69500 ns
[2022-04-08T18:25:04.875+0000][12720][safepoint   ] Safepoint "Cleanup", Time since last: 2025657400 ns, Reaching safepoint: 58000 ns, At safepoint: 7400 ns, Total: 65400 ns
[2022-04-08T18:25:07.921+0000][12720][safepoint   ] Safepoint "Cleanup", Time since last: 3045570300 ns, Reaching safepoint: 42600 ns, At safepoint: 8900 ns, Total: 51500 ns
[2022-04-08T18:25:09.931+0000][12720][safepoint   ] Safepoint "Cleanup", Time since last: 2010252600 ns, Reaching safepoint: 42700 ns, At safepoint: 11300 ns, Total: 54000 ns
[2022-04-08T18:25:10.945+0000][12720][safepoint   ] Safepoint "Cleanup", Time since last: 1014182800 ns, Reaching safepoint: 55100 ns, At safepoint: 5300 ns, Total: 60400 ns
[2022-04-08T18:25:12.961+0000][12720][safepoint   ] Safepoint "Cleanup", Time since last: 2015545100 ns, Reaching safepoint: 100300 ns, At safepoint: 9300 ns, Total: 109600 ns
[2022-04-08T18:25:13.972+0000][12720][safepoint   ] Safepoint "Cleanup", Time since last: 1010616600 ns, Reaching safepoint: 47000 ns, At safepoint: 11900 ns, Total: 58900 ns
[2022-04-08T18:25:14.987+0000][12720][safepoint   ] Safepoint "Cleanup", Time since last: 1015295000 ns, Reaching safepoint: 43800 ns, At safepoint: 7700 ns, Total: 51500 ns
[2022-04-08T18:25:17.013+0000][12720][safepoint   ] Safepoint "Cleanup", Time since last: 2025952100 ns, Reaching safepoint: 55900 ns, At safepoint: 9300 ns, Total: 65200 ns
[2022-04-08T18:25:18.028+0000][12720][safepoint   ] Safepoint "Cleanup", Time since last: 1015203600 ns, Reaching safepoint: 53900 ns, At safepoint: 7200 ns, Total: 61100 ns
[2022-04-08T18:25:20.055+0000][12720][safepoint   ] Safepoint "Cleanup", Time since last: 2026186100 ns, Reaching safepoint: 47500 ns, At safepoint: 7400 ns, Total: 54900 ns
[2022-04-08T18:25:21.055+0000][12720][safepoint   ] Safepoint "Cleanup", Time since last: 1000109200 ns, Reaching safepoint: 58300 ns, At safepoint: 6400 ns, Total: 64700 ns
[2022-04-08T18:25:23.072+0000][12720][safepoint   ] Safepoint "Cleanup", Time since last: 2017203200 ns, Reaching safepoint: 46200 ns, At safepoint: 84600 ns, Total: 130800 ns
[2022-04-08T18:25:25.078+0000][12720][safepoint   ] Safepoint "Cleanup", Time since last: 2005759800 ns, Reaching safepoint: 54000 ns, At safepoint: 11300 ns, Total: 65300 ns
[2022-04-08T18:25:26.079+0000][12720][safepoint   ] Safepoint "Cleanup", Time since last: 1000692000 ns, Reaching safepoint: 38000 ns, At safepoint: 7600 ns, Total: 45600 ns
[2022-04-08T18:25:28.103+0000][12720][safepoint   ] Safepoint "Cleanup", Time since last: 2024287300 ns, Reaching safepoint: 48000 ns, At safepoint: 7600 ns, Total: 55600 ns
[2022-04-08T18:25:29.114+0000][12720][safepoint   ] Safepoint "Cleanup", Time since last: 1010565200 ns, Reaching safepoint: 58600 ns, At safepoint: 8900 ns, Total: 67500 ns
[2022-04-08T18:25:30.129+0000][12720][safepoint   ] Safepoint "Cleanup", Time since last: 1015426500 ns, Reaching safepoint: 70900 ns, At safepoint: 8200 ns, Total: 79100 ns
[2022-04-08T18:25:32.145+0000][12720][safepoint   ] Safepoint "Cleanup", Time since last: 2015704700 ns, Reaching safepoint: 51500 ns, At safepoint: 7400 ns, Total: 58900 ns
[2022-04-08T18:25:33.160+0000][12720][safepoint   ] Safepoint "Cleanup", Time since last: 1015295400 ns, Reaching safepoint: 58400 ns, At safepoint: 9000 ns, Total: 67400 ns
[2022-04-08T18:25:35.169+0000][12720][safepoint   ] Safepoint "Cleanup", Time since last: 2009080100 ns, Reaching safepoint: 68400 ns, At safepoint: 11100 ns, Total: 79500 ns
[2022-04-08T18:25:36.176+0000][12720][safepoint   ] Safepoint "Cleanup", Time since last: 1006084900 ns, Reaching safepoint: 44100 ns, At safepoint: 5400 ns, Total: 49500 ns
[2022-04-08T18:25:38.206+0000][12720][safepoint   ] Safepoint "Cleanup", Time since last: 2030261900 ns, Reaching safepoint: 72100 ns, At safepoint: 6800 ns, Total: 78900 ns
[2022-04-08T18:25:40.232+0000][12720][safepoint   ] Safepoint "Cleanup", Time since last: 2026198800 ns, Reaching safepoint: 41900 ns, At safepoint: 4400 ns, Total: 46300 ns
[2022-04-08T18:25:41.247+0000][12720][safepoint   ] Safepoint "Cleanup", Time since last: 1014722600 ns, Reaching safepoint: 58500 ns, At safepoint: 10500 ns, Total: 69000 ns
[2022-04-08T18:25:42.262+0000][12720][safepoint   ] Safepoint "Cleanup", Time since last: 1015420900 ns, Reaching safepoint: 53400 ns, At safepoint: 10300 ns, Total: 63700 ns
[2022-04-08T18:25:43.278+0000][12720][safepoint   ] Safepoint "Cleanup", Time since last: 1015301100 ns, Reaching safepoint: 42300 ns, At safepoint: 5200 ns, Total: 47500 ns
[2022-04-08T18:25:44.289+0000][12720][safepoint   ] Safepoint "Cleanup", Time since last: 1010864400 ns, Reaching safepoint: 43500 ns, At safepoint: 16400 ns, Total: 59900 ns
[2022-04-08T18:25:45.304+0000][12720][safepoint   ] Safepoint "Cleanup", Time since last: 1015257900 ns, Reaching safepoint: 61700 ns, At safepoint: 9000 ns, Total: 70700 ns
[2022-04-08T18:25:47.330+0000][12720][safepoint   ] Safepoint "Cleanup", Time since last: 2025740000 ns, Reaching safepoint: 66500 ns, At safepoint: 11100 ns, Total: 77600 ns
[2022-04-08T18:25:48.345+0000][12720][safepoint   ] Safepoint "Cleanup", Time since last: 1015303100 ns, Reaching safepoint: 53700 ns, At safepoint: 6500 ns, Total: 60200 ns
[2022-04-08T18:25:50.371+0000][12720][safepoint   ] Safepoint "Cleanup", Time since last: 2025546800 ns, Reaching safepoint: 48100 ns, At safepoint: 8000 ns, Total: 56100 ns
[2022-04-08T18:25:52.386+0000][12720][safepoint   ] Safepoint "Cleanup", Time since last: 2015637800 ns, Reaching safepoint: 46800 ns, At safepoint: 6100 ns, Total: 52900 ns
[2022-04-08T18:25:54.392+0000][12720][safepoint   ] Safepoint "Cleanup", Time since last: 2005770200 ns, Reaching safepoint: 54700 ns, At safepoint: 12500 ns, Total: 67200 ns
[2022-04-08T18:25:55.408+0000][12720][safepoint   ] Safepoint "Cleanup", Time since last: 1015473000 ns, Reaching safepoint: 78800 ns, At safepoint: 7900 ns, Total: 86700 ns
[2022-04-08T18:25:56.419+0000][12720][safepoint   ] Safepoint "Cleanup", Time since last: 1011178500 ns, Reaching safepoint: 56200 ns, At safepoint: 7100 ns, Total: 63300 ns
[2022-04-08T18:25:57.434+0000][12720][safepoint   ] Safepoint "Cleanup", Time since last: 1015305600 ns, Reaching safepoint: 45900 ns, At safepoint: 7300 ns, Total: 53200 ns
[2022-04-08T18:25:59.452+0000][12720][safepoint   ] Safepoint "Cleanup", Time since last: 2017278700 ns, Reaching safepoint: 58300 ns, At safepoint: 7000 ns, Total: 65300 ns
[2022-04-08T18:26:00.457+0000][12720][safepoint   ] Safepoint "Cleanup", Time since last: 1004622200 ns, Reaching safepoint: 40000 ns, At safepoint: 9700 ns, Total: 49700 ns
[2022-04-08T18:26:02.487+0000][12720][safepoint   ] Safepoint "Cleanup", Time since last: 2030221100 ns, Reaching safepoint: 64400 ns, At safepoint: 7400 ns, Total: 71800 ns
[2022-04-08T18:26:05.521+0000][12720][safepoint   ] Safepoint "Cleanup", Time since last: 3033722000 ns, Reaching safepoint: 49300 ns, At safepoint: 6500 ns, Total: 55800 ns
[2022-04-08T18:26:07.534+0000][12720][safepoint   ] Safepoint "Cleanup", Time since last: 2013068200 ns, Reaching safepoint: 68200 ns, At safepoint: 15300 ns, Total: 83500 ns
[2022-04-08T18:26:08.549+0000][12720][safepoint   ] Safepoint "Cleanup", Time since last: 1015271400 ns, Reaching safepoint: 50600 ns, At safepoint: 6400 ns, Total: 57000 ns
[2022-04-08T18:26:10.561+0000][12720][safepoint   ] Safepoint "Cleanup", Time since last: 2012408600 ns, Reaching safepoint: 118300 ns, At safepoint: 4900 ns, Total: 123200 ns
[2022-04-08T18:26:11.576+0000][12720][safepoint   ] Safepoint "Cleanup", Time since last: 1014216600 ns, Reaching safepoint: 71000 ns, At safepoint: 9800 ns, Total: 80800 ns
[2022-04-08T18:26:12.591+0000][12720][safepoint   ] Safepoint "Cleanup", Time since last: 1015502300 ns, Reaching safepoint: 55900 ns, At safepoint: 6200 ns, Total: 62100 ns
[2022-04-08T18:26:14.617+0000][12720][safepoint   ] Safepoint "Cleanup", Time since last: 2025560000 ns, Reaching safepoint: 52900 ns, At safepoint: 9200 ns, Total: 62100 ns
[2022-04-08T18:26:15.617+0000][12720][safepoint   ] Safepoint "Cleanup", Time since last: 1000047600 ns, Reaching safepoint: 48200 ns, At safepoint: 5600 ns, Total: 53800 ns
[2022-04-08T18:26:16.628+0000][12720][safepoint   ] Safepoint "Cleanup", Time since last: 1010585800 ns, Reaching safepoint: 98800 ns, At safepoint: 5000 ns, Total: 103800 ns
[2022-04-08T18:26:17.643+0000][12720][safepoint   ] Safepoint "Cleanup", Time since last: 1015424600 ns, Reaching safepoint: 49600 ns, At safepoint: 9800 ns, Total: 59400 ns
[2022-04-08T18:26:19.669+0000][12720][safepoint   ] Safepoint "Cleanup", Time since last: 2025881500 ns, Reaching safepoint: 47100 ns, At safepoint: 9300 ns, Total: 56400 ns
[2022-04-08T18:26:21.419+0000][12720][safepoint   ] Safepoint "Cleanup", Time since last: 1750102700 ns, Reaching safepoint: 105100 ns, At safepoint: 7000 ns, Total: 112100 ns
[2022-04-08T18:26:23.450+0000][12720][safepoint   ] Safepoint "Cleanup", Time since last: 2030633900 ns, Reaching safepoint: 68000 ns, At safepoint: 9800 ns, Total: 77800 ns
[2022-04-08T18:26:24.456+0000][12720][safepoint   ] Safepoint "Cleanup", Time since last: 1005700700 ns, Reaching safepoint: 66000 ns, At safepoint: 9600 ns, Total: 75600 ns
[2022-04-08T18:26:25.471+0000][12720][safepoint   ] Safepoint "Cleanup", Time since last: 1015328500 ns, Reaching safepoint: 47000 ns, At safepoint: 14300 ns, Total: 61300 ns
[2022-04-08T18:26:26.484+0000][12720][safepoint   ] Safepoint "Cleanup", Time since last: 1012177600 ns, Reaching safepoint: 49200 ns, At safepoint: 8300 ns, Total: 57500 ns
[2022-04-08T18:26:27.499+0000][12720][safepoint   ] Safepoint "Cleanup", Time since last: 1015244800 ns, Reaching safepoint: 47500 ns, At safepoint: 4200 ns, Total: 51700 ns
[2022-04-08T18:26:29.519+0000][12720][safepoint   ] Safepoint "Cleanup", Time since last: 2019617000 ns, Reaching safepoint: 48100 ns, At safepoint: 4800 ns, Total: 52900 ns
[2022-04-08T18:26:30.534+0000][12720][safepoint   ] Safepoint "Cleanup", Time since last: 1015340900 ns, Reaching safepoint: 48800 ns, At safepoint: 5700 ns, Total: 54500 ns
[2022-04-08T18:26:32.553+0000][12720][safepoint   ] Safepoint "Cleanup", Time since last: 2018538600 ns, Reaching safepoint: 126900 ns, At safepoint: 5100 ns, Total: 132000 ns
[2022-04-08T18:26:35.580+0000][12720][safepoint   ] Safepoint "Cleanup", Time since last: 3027459800 ns, Reaching safepoint: 64400 ns, At safepoint: 19100 ns, Total: 83500 ns
[2022-04-08T18:26:38.606+0000][12720][safepoint   ] Safepoint "Cleanup", Time since last: 3025430800 ns, Reaching safepoint: 56900 ns, At safepoint: 9800 ns, Total: 66700 ns
[2022-04-08T18:26:40.632+0000][12720][safepoint   ] Safepoint "Cleanup", Time since last: 2025442900 ns, Reaching safepoint: 495000 ns, At safepoint: 8700 ns, Total: 503700 ns
[2022-04-08T18:26:41.632+0000][12720][safepoint   ] Safepoint "Cleanup", Time since last: 1000150000 ns, Reaching safepoint: 114800 ns, At safepoint: 4900 ns, Total: 119700 ns
[2022-04-08T18:26:42.647+0000][12720][safepoint   ] Safepoint "Cleanup", Time since last: 1015223600 ns, Reaching safepoint: 62400 ns, At safepoint: 6600 ns, Total: 69000 ns
[2022-04-08T18:26:44.674+0000][12720][safepoint   ] Safepoint "Cleanup", Time since last: 2026347700 ns, Reaching safepoint: 52500 ns, At safepoint: 7600 ns, Total: 60100 ns
[2022-04-08T18:26:45.684+0000][12720][safepoint   ] Safepoint "Cleanup", Time since last: 1010650100 ns, Reaching safepoint: 76400 ns, At safepoint: 6600 ns, Total: 83000 ns
[2022-04-08T18:26:47.715+0000][12720][safepoint   ] Safepoint "Cleanup", Time since last: 2030226200 ns, Reaching safepoint: 62100 ns, At safepoint: 10700 ns, Total: 72800 ns
[2022-04-08T18:26:49.725+0000][12720][safepoint   ] Safepoint "Cleanup", Time since last: 2010549000 ns, Reaching safepoint: 45200 ns, At safepoint: 9500 ns, Total: 54700 ns
[2022-04-08T18:26:50.726+0000][12720][safepoint   ] Safepoint "Cleanup", Time since last: 1001057900 ns, Reaching safepoint: 115400 ns, At safepoint: 4900 ns, Total: 120300 ns
[2022-04-08T18:26:52.744+0000][12720][safepoint   ] Safepoint "Cleanup", Time since last: 2017779500 ns, Reaching safepoint: 112100 ns, At safepoint: 12500 ns, Total: 124600 ns
[2022-04-08T18:26:54.765+0000][12720][safepoint   ] Safepoint "Cleanup", Time since last: 2020901900 ns, Reaching safepoint: 45700 ns, At safepoint: 17200 ns, Total: 62900 ns
[2022-04-08T18:26:55.767+0000][12720][safepoint   ] Safepoint "Cleanup", Time since last: 1001221900 ns, Reaching safepoint: 45200 ns, At safepoint: 5200 ns, Total: 50400 ns
[2022-04-08T18:26:57.797+0000][12720][safepoint   ] Safepoint "Cleanup", Time since last: 2030674300 ns, Reaching safepoint: 44600 ns, At safepoint: 6900 ns, Total: 51500 ns
[2022-04-08T18:26:58.806+0000][12720][safepoint   ] Safepoint "Cleanup", Time since last: 1008500700 ns, Reaching safepoint: 42800 ns, At safepoint: 10100 ns, Total: 52900 ns
[2022-04-08T18:26:59.821+0000][12720][safepoint   ] Safepoint "Cleanup", Time since last: 1015331200 ns, Reaching safepoint: 61700 ns, At safepoint: 8400 ns, Total: 70100 ns
[2022-04-08T18:27:00.822+0000][12720][safepoint   ] Safepoint "Cleanup", Time since last: 1001021900 ns, Reaching safepoint: 42500 ns, At safepoint: 7400 ns, Total: 49900 ns
[2022-04-08T18:27:01.838+0000][12720][safepoint   ] Safepoint "Cleanup", Time since last: 1015292900 ns, Reaching safepoint: 52000 ns, At safepoint: 9400 ns, Total: 61400 ns
[2022-04-08T18:27:02.853+0000][12720][safepoint   ] Safepoint "Cleanup", Time since last: 1015278100 ns, Reaching safepoint: 52400 ns, At safepoint: 5800 ns, Total: 58200 ns
[2022-04-08T18:27:04.895+0000][12720][safepoint   ] Safepoint "Cleanup", Time since last: 2041692900 ns, Reaching safepoint: 43900 ns, At safepoint: 7400 ns, Total: 51300 ns
[2022-04-08T18:27:05.905+0000][12720][safepoint   ] Safepoint "Cleanup", Time since last: 1010301000 ns, Reaching safepoint: 115200 ns, At safepoint: 4800 ns, Total: 120000 ns
[2022-04-08T18:27:07.920+0000][12720][safepoint   ] Safepoint "Cleanup", Time since last: 2015266200 ns, Reaching safepoint: 57300 ns, At safepoint: 6400 ns, Total: 63700 ns
[2022-04-08T18:27:10.931+0000][12720][safepoint   ] Safepoint "Cleanup", Time since last: 3010260500 ns, Reaching safepoint: 40300 ns, At safepoint: 5000 ns, Total: 45300 ns
[2022-04-08T18:27:12.961+0000][12720][safepoint   ] Safepoint "Cleanup", Time since last: 2030513800 ns, Reaching safepoint: 56400 ns, At safepoint: 6000 ns, Total: 62400 ns
[2022-04-08T18:27:13.972+0000][12720][safepoint   ] Safepoint "Cleanup", Time since last: 1011037100 ns, Reaching safepoint: 53700 ns, At safepoint: 9400 ns, Total: 63100 ns
[2022-04-08T18:27:15.998+0000][12720][safepoint   ] Safepoint "Cleanup", Time since last: 2025889200 ns, Reaching safepoint: 55800 ns, At safepoint: 6800 ns, Total: 62600 ns
[2022-04-08T18:27:17.002+0000][12720][safepoint   ] Safepoint "Cleanup", Time since last: 1003096500 ns, Reaching safepoint: 53000 ns, At safepoint: 6100 ns, Total: 59100 ns
[2022-04-08T18:27:18.017+0000][12720][safepoint   ] Safepoint "Cleanup", Time since last: 1014866500 ns, Reaching safepoint: 78300 ns, At safepoint: 6000 ns, Total: 84300 ns
[2022-04-08T18:27:20.043+0000][12720][safepoint   ] Safepoint "Cleanup", Time since last: 2026020400 ns, Reaching safepoint: 51300 ns, At safepoint: 6400 ns, Total: 57700 ns
[2022-04-08T18:27:21.058+0000][12720][safepoint   ] Safepoint "Cleanup", Time since last: 1015579400 ns, Reaching safepoint: 69700 ns, At safepoint: 8000 ns, Total: 77700 ns
[2022-04-08T18:27:23.089+0000][12720][safepoint   ] Safepoint "Cleanup", Time since last: 2030562100 ns, Reaching safepoint: 52300 ns, At safepoint: 10000 ns, Total: 62300 ns
[2022-04-08T18:27:25.097+0000][12720][safepoint   ] Safepoint "Cleanup", Time since last: 2007711800 ns, Reaching safepoint: 125600 ns, At safepoint: 5400 ns, Total: 131000 ns
[2022-04-08T18:27:26.098+0000][12720][safepoint   ] Safepoint "Cleanup", Time since last: 1001671900 ns, Reaching safepoint: 51400 ns, At safepoint: 5100 ns, Total: 56500 ns
[2022-04-08T18:27:28.129+0000][12720][safepoint   ] Safepoint "Cleanup", Time since last: 2030579000 ns, Reaching safepoint: 113800 ns, At safepoint: 4800 ns, Total: 118600 ns
[2022-04-08T18:27:29.130+0000][12720][safepoint   ] Safepoint "Cleanup", Time since last: 1000908100 ns, Reaching safepoint: 53800 ns, At safepoint: 6700 ns, Total: 60500 ns
[2022-04-08T18:27:30.146+0000][12720][safepoint   ] Safepoint "Cleanup", Time since last: 1015594800 ns, Reaching safepoint: 55300 ns, At safepoint: 9300 ns, Total: 64600 ns
[2022-04-08T18:27:32.148+0000][12720][safepoint   ] Safepoint "Cleanup", Time since last: 2001936100 ns, Reaching safepoint: 57400 ns, At safepoint: 13900 ns, Total: 71300 ns
[2022-04-08T18:27:33.163+0000][12720][safepoint   ] Safepoint "Cleanup", Time since last: 1015245400 ns, Reaching safepoint: 113400 ns, At safepoint: 4800 ns, Total: 118200 ns
[2022-04-08T18:27:35.190+0000][12720][safepoint   ] Safepoint "Cleanup", Time since last: 2027170400 ns, Reaching safepoint: 78600 ns, At safepoint: 7200 ns, Total: 85800 ns
[2022-04-08T18:27:38.222+0000][12720][safepoint   ] Safepoint "Cleanup", Time since last: 3031844100 ns, Reaching safepoint: 51900 ns, At safepoint: 6800 ns, Total: 58700 ns
[2022-04-08T18:27:40.224+0000][12720][safepoint   ] Safepoint "Cleanup", Time since last: 2001217000 ns, Reaching safepoint: 43700 ns, At safepoint: 6700 ns, Total: 50400 ns
[2022-04-08T18:27:41.225+0000][12720][safepoint   ] Safepoint "Cleanup", Time since last: 1001803200 ns, Reaching safepoint: 59900 ns, At safepoint: 13600 ns, Total: 73500 ns
[2022-04-08T18:27:42.235+0000][12720][safepoint   ] Safepoint "Cleanup", Time since last: 1009461100 ns, Reaching safepoint: 45200 ns, At safepoint: 17400 ns, Total: 62600 ns
[2022-04-08T18:27:43.250+0000][12720][safepoint   ] Safepoint "Cleanup", Time since last: 1015245700 ns, Reaching safepoint: 50300 ns, At safepoint: 11900 ns, Total: 62200 ns
[2022-04-08T18:27:44.251+0000][12720][safepoint   ] Safepoint "Cleanup", Time since last: 1000779500 ns, Reaching safepoint: 48000 ns, At safepoint: 14600 ns, Total: 62600 ns
[2022-04-08T18:27:45.266+0000][12720][safepoint   ] Safepoint "Cleanup", Time since last: 1015286300 ns, Reaching safepoint: 46300 ns, At safepoint: 14300 ns, Total: 60600 ns
[2022-04-08T18:27:47.285+0000][12720][safepoint   ] Safepoint "Cleanup", Time since last: 2018263300 ns, Reaching safepoint: 41700 ns, At safepoint: 17800 ns, Total: 59500 ns
[2022-04-08T18:27:48.293+0000][12720][safepoint   ] Safepoint "Cleanup", Time since last: 1008543300 ns, Reaching safepoint: 56600 ns, At safepoint: 7300 ns, Total: 63900 ns
[2022-04-08T18:27:50.315+0000][12720][safepoint   ] Safepoint "Cleanup", Time since last: 2021616500 ns, Reaching safepoint: 63900 ns, At safepoint: 6200 ns, Total: 70100 ns
[2022-04-08T18:27:52.332+0000][12720][safepoint   ] Safepoint "Cleanup", Time since last: 2016547900 ns, Reaching safepoint: 47500 ns, At safepoint: 7500 ns, Total: 55000 ns
[2022-04-08T18:27:53.347+0000][12720][safepoint   ] Safepoint "Cleanup", Time since last: 1015290700 ns, Reaching safepoint: 53000 ns, At safepoint: 10200 ns, Total: 63200 ns
[2022-04-08T18:27:55.369+0000][12720][safepoint   ] Safepoint "Cleanup", Time since last: 2021560100 ns, Reaching safepoint: 49400 ns, At safepoint: 6400 ns, Total: 55800 ns
[2022-04-08T18:27:56.380+0000][12720][safepoint   ] Safepoint "Cleanup", Time since last: 1011223600 ns, Reaching safepoint: 60400 ns, At safepoint: 9500 ns, Total: 69900 ns
[2022-04-08T18:27:57.395+0000][12720][safepoint   ] Safepoint "Cleanup", Time since last: 1015310100 ns, Reaching safepoint: 48800 ns, At safepoint: 6600 ns, Total: 55400 ns
[2022-04-08T18:27:58.403+0000][12720][safepoint   ] Safepoint "Cleanup", Time since last: 1007811300 ns, Reaching safepoint: 49700 ns, At safepoint: 6900 ns, Total: 56600 ns
[2022-04-08T18:27:59.414+0000][12720][safepoint   ] Safepoint "Cleanup", Time since last: 1010652900 ns, Reaching safepoint: 49800 ns, At safepoint: 5400 ns, Total: 55200 ns
[2022-04-08T18:28:00.429+0000][12720][safepoint   ] Safepoint "Cleanup", Time since last: 1015098400 ns, Reaching safepoint: 81500 ns, At safepoint: 10700 ns, Total: 92200 ns
[2022-04-08T18:28:02.454+0000][12720][safepoint   ] Safepoint "Cleanup", Time since last: 2025291300 ns, Reaching safepoint: 68400 ns, At safepoint: 9800 ns, Total: 78200 ns
[2022-04-08T18:28:03.470+0000][12720][safepoint   ] Safepoint "Cleanup", Time since last: 1015262100 ns, Reaching safepoint: 58000 ns, At safepoint: 8800 ns, Total: 66800 ns
[2022-04-08T18:28:05.496+0000][12720][safepoint   ] Safepoint "Cleanup", Time since last: 2026099300 ns, Reaching safepoint: 47500 ns, At safepoint: 7200 ns, Total: 54700 ns
[2022-04-08T18:28:08.527+0000][12720][safepoint   ] Safepoint "Cleanup", Time since last: 3031225800 ns, Reaching safepoint: 48000 ns, At safepoint: 6000 ns, Total: 54000 ns
[2022-04-08T18:28:10.553+0000][12720][safepoint   ] Safepoint "Cleanup", Time since last: 2026036900 ns, Reaching safepoint: 50100 ns, At safepoint: 6300 ns, Total: 56400 ns
[2022-04-08T18:28:11.554+0000][12720][safepoint   ] Safepoint "Cleanup", Time since last: 1000487700 ns, Reaching safepoint: 51400 ns, At safepoint: 6100 ns, Total: 57500 ns
[2022-04-08T18:28:12.569+0000][12720][safepoint   ] Safepoint "Cleanup", Time since last: 1015544600 ns, Reaching safepoint: 47400 ns, At safepoint: 9000 ns, Total: 56400 ns
[2022-04-08T18:28:13.585+0000][12720][safepoint   ] Safepoint "Cleanup", Time since last: 1015318600 ns, Reaching safepoint: 49300 ns, At safepoint: 14900 ns, Total: 64200 ns
[2022-04-08T18:28:14.595+0000][12720][safepoint   ] Safepoint "Cleanup", Time since last: 1010338900 ns, Reaching safepoint: 41200 ns, At safepoint: 6800 ns, Total: 48000 ns
[2022-04-08T18:28:15.611+0000][12720][safepoint   ] Safepoint "Cleanup", Time since last: 1015758200 ns, Reaching safepoint: 55600 ns, At safepoint: 8100 ns, Total: 63700 ns
[2022-04-08T18:28:17.637+0000][12720][safepoint   ] Safepoint "Cleanup", Time since last: 2026346200 ns, Reaching safepoint: 55500 ns, At safepoint: 5900 ns, Total: 61400 ns
[2022-04-08T18:28:18.653+0000][12720][safepoint   ] Safepoint "Cleanup", Time since last: 1015279400 ns, Reaching safepoint: 43600 ns, At safepoint: 8800 ns, Total: 52400 ns
[2022-04-08T18:28:20.680+0000][12720][safepoint   ] Safepoint "Cleanup", Time since last: 2027104600 ns, Reaching safepoint: 49000 ns, At safepoint: 13700 ns, Total: 62700 ns
[2022-04-08T18:28:23.726+0000][12720][safepoint   ] Safepoint "Cleanup", Time since last: 3046052500 ns, Reaching safepoint: 54400 ns, At safepoint: 6100 ns, Total: 60500 ns
[2022-04-08T18:28:24.733+0000][12720][safepoint   ] Safepoint "Cleanup", Time since last: 1006427100 ns, Reaching safepoint: 55400 ns, At safepoint: 6600 ns, Total: 62000 ns
[2022-04-08T18:28:26.749+0000][12720][safepoint   ] Safepoint "Cleanup", Time since last: 2016419400 ns, Reaching safepoint: 57900 ns, At safepoint: 6200 ns, Total: 64100 ns
[2022-04-08T18:28:28.775+0000][12720][safepoint   ] Safepoint "Cleanup", Time since last: 2026210400 ns, Reaching safepoint: 70800 ns, At safepoint: 10400 ns, Total: 81200 ns
[2022-04-08T18:28:29.791+0000][12720][safepoint   ] Safepoint "Cleanup", Time since last: 1015292800 ns, Reaching safepoint: 50000 ns, At safepoint: 7600 ns, Total: 57600 ns
[2022-04-08T18:28:30.791+0000][12720][safepoint   ] Safepoint "Cleanup", Time since last: 1000505900 ns, Reaching safepoint: 45800 ns, At safepoint: 4500 ns, Total: 50300 ns
[2022-04-08T18:28:32.818+0000][12720][safepoint   ] Safepoint "Cleanup", Time since last: 2027040300 ns, Reaching safepoint: 42800 ns, At safepoint: 7600 ns, Total: 50400 ns
[2022-04-08T18:28:35.841+0000][12720][safepoint   ] Safepoint "Cleanup", Time since last: 3022262100 ns, Reaching safepoint: 117400 ns, At safepoint: 4700 ns, Total: 122100 ns
[2022-04-08T18:28:38.882+0000][12720][safepoint   ] Safepoint "Cleanup", Time since last: 3041425000 ns, Reaching safepoint: 47700 ns, At safepoint: 7200 ns, Total: 54900 ns
[2022-04-08T18:28:40.899+0000][12720][safepoint   ] Safepoint "Cleanup", Time since last: 2016339700 ns, Reaching safepoint: 47100 ns, At safepoint: 4200 ns, Total: 51300 ns
[2022-04-08T18:28:41.905+0000][12720][safepoint   ] Safepoint "Cleanup", Time since last: 1006689000 ns, Reaching safepoint: 45100 ns, At safepoint: 9700 ns, Total: 54800 ns
[2022-04-08T18:28:42.905+0000][12720][safepoint   ] Safepoint "Cleanup", Time since last: 1000019700 ns, Reaching safepoint: 51500 ns, At safepoint: 8300 ns, Total: 59800 ns
[2022-04-08T18:28:44.931+0000][12720][safepoint   ] Safepoint "Cleanup", Time since last: 2025904300 ns, Reaching safepoint: 46600 ns, At safepoint: 4600 ns, Total: 51200 ns
[2022-04-08T18:28:45.942+0000][12720][safepoint   ] Safepoint "Cleanup", Time since last: 1011040000 ns, Reaching safepoint: 45000 ns, At safepoint: 8500 ns, Total: 53500 ns
[2022-04-08T18:28:47.961+0000][12720][safepoint   ] Safepoint "Cleanup", Time since last: 2018337500 ns, Reaching safepoint: 50100 ns, At safepoint: 8300 ns, Total: 58400 ns
[2022-04-08T18:28:48.969+0000][12720][safepoint   ] Safepoint "Cleanup", Time since last: 1008301500 ns, Reaching safepoint: 49800 ns, At safepoint: 8500 ns, Total: 58300 ns
[2022-04-08T18:28:50.985+0000][12720][safepoint   ] Safepoint "Cleanup", Time since last: 2015464600 ns, Reaching safepoint: 53900 ns, At safepoint: 10600 ns, Total: 64500 ns
[2022-04-08T18:28:53.000+0000][12720][safepoint   ] Safepoint "Cleanup", Time since last: 2015504300 ns, Reaching safepoint: 129200 ns, At safepoint: 10400 ns, Total: 139600 ns
[2022-04-08T18:28:54.013+0000][12720][safepoint   ] Safepoint "Cleanup", Time since last: 1012752100 ns, Reaching safepoint: 45300 ns, At safepoint: 6800 ns, Total: 52100 ns
[2022-04-08T18:28:55.029+0000][12720][safepoint   ] Safepoint "Cleanup", Time since last: 1015335900 ns, Reaching safepoint: 61300 ns, At safepoint: 9900 ns, Total: 71200 ns
[2022-04-08T18:28:56.032+0000][12720][safepoint   ] Safepoint "Cleanup", Time since last: 1003733200 ns, Reaching safepoint: 42000 ns, At safepoint: 6700 ns, Total: 48700 ns
[2022-04-08T18:28:58.048+0000][12720][safepoint   ] Safepoint "Cleanup", Time since last: 2015968400 ns, Reaching safepoint: 49700 ns, At safepoint: 6400 ns, Total: 56100 ns
[2022-04-08T18:28:59.062+0000][12720][safepoint   ] Safepoint "Cleanup", Time since last: 1013975100 ns, Reaching safepoint: 35700 ns, At safepoint: 5800 ns, Total: 41500 ns
[2022-04-08T18:29:01.080+0000][12720][safepoint   ] Safepoint "Cleanup", Time since last: 2017716400 ns, Reaching safepoint: 42900 ns, At safepoint: 5400 ns, Total: 48300 ns
[2022-04-08T18:29:02.080+0000][12720][safepoint   ] Safepoint "Cleanup", Time since last: 1000121600 ns, Reaching safepoint: 78800 ns, At safepoint: 9600 ns, Total: 88400 ns
[2022-04-08T18:29:03.096+0000][12720][safepoint   ] Safepoint "Cleanup", Time since last: 1015398200 ns, Reaching safepoint: 46200 ns, At safepoint: 6200 ns, Total: 52400 ns
[2022-04-08T18:29:05.112+0000][12720][safepoint   ] Safepoint "Cleanup", Time since last: 2016292700 ns, Reaching safepoint: 73300 ns, At safepoint: 7300 ns, Total: 80600 ns
[2022-04-08T18:29:06.128+0000][12720][safepoint   ] Safepoint "Cleanup", Time since last: 1015471400 ns, Reaching safepoint: 60300 ns, At safepoint: 4600 ns, Total: 64900 ns
[2022-04-08T18:29:08.159+0000][12720][safepoint   ] Safepoint "Cleanup", Time since last: 2031146800 ns, Reaching safepoint: 64500 ns, At safepoint: 14100 ns, Total: 78600 ns
[2022-04-08T18:29:11.178+0000][12720][safepoint   ] Safepoint "Cleanup", Time since last: 3018986700 ns, Reaching safepoint: 50400 ns, At safepoint: 10200 ns, Total: 60600 ns
[2022-04-08T18:29:13.209+0000][12720][safepoint   ] Safepoint "Cleanup", Time since last: 2030929900 ns, Reaching safepoint: 53800 ns, At safepoint: 9700 ns, Total: 63500 ns
[2022-04-08T18:29:14.210+0000][12720][safepoint   ] Safepoint "Cleanup", Time since last: 1001310600 ns, Reaching safepoint: 48100 ns, At safepoint: 10000 ns, Total: 58100 ns
[2022-04-08T18:29:16.227+0000][12720][safepoint   ] Safepoint "Cleanup", Time since last: 2016223100 ns, Reaching safepoint: 47400 ns, At safepoint: 6900 ns, Total: 54300 ns
[2022-04-08T18:29:17.242+0000][12720][safepoint   ] Safepoint "Cleanup", Time since last: 1015270600 ns, Reaching safepoint: 75300 ns, At safepoint: 8200 ns, Total: 83500 ns
[2022-04-08T18:29:18.257+0000][12720][safepoint   ] Safepoint "Cleanup", Time since last: 1015416900 ns, Reaching safepoint: 43800 ns, At safepoint: 7700 ns, Total: 51500 ns
[2022-04-08T18:29:20.274+0000][12720][safepoint   ] Safepoint "Cleanup", Time since last: 2016488300 ns, Reaching safepoint: 41600 ns, At safepoint: 6700 ns, Total: 48300 ns
[2022-04-08T18:29:21.276+0000][12720][safepoint   ] Safepoint "Cleanup", Time since last: 1001467700 ns, Reaching safepoint: 49000 ns, At safepoint: 17600 ns, Total: 66600 ns
[2022-04-08T18:29:23.294+0000][12720][safepoint   ] Safepoint "Cleanup", Time since last: 2018338900 ns, Reaching safepoint: 69600 ns, At safepoint: 8600 ns, Total: 78200 ns
[2022-04-08T18:29:25.312+0000][12720][safepoint   ] Safepoint "Cleanup", Time since last: 2018282400 ns, Reaching safepoint: 52200 ns, At safepoint: 9800 ns, Total: 62000 ns
[2022-04-08T18:29:26.315+0000][12720][safepoint   ] Safepoint "Cleanup", Time since last: 1002408900 ns, Reaching safepoint: 49000 ns, At safepoint: 8200 ns, Total: 57200 ns
[2022-04-08T18:29:28.345+0000][12720][safepoint   ] Safepoint "Cleanup", Time since last: 2030618400 ns, Reaching safepoint: 46900 ns, At safepoint: 6100 ns, Total: 53000 ns
[2022-04-08T18:29:29.347+0000][12720][safepoint   ] Safepoint "Cleanup", Time since last: 1001098700 ns, Reaching safepoint: 48200 ns, At safepoint: 5800 ns, Total: 54000 ns
[2022-04-08T18:29:31.364+0000][12720][safepoint   ] Safepoint "Cleanup", Time since last: 2017208300 ns, Reaching safepoint: 54700 ns, At safepoint: 6900 ns, Total: 61600 ns
[2022-04-08T18:29:32.379+0000][12720][safepoint   ] Safepoint "Cleanup", Time since last: 1015324100 ns, Reaching safepoint: 49200 ns, At safepoint: 10500 ns, Total: 59700 ns
[2022-04-08T18:29:33.395+0000][12720][safepoint   ] Safepoint "Cleanup", Time since last: 1015283700 ns, Reaching safepoint: 39500 ns, At safepoint: 8800 ns, Total: 48300 ns
[2022-04-08T18:29:35.422+0000][12720][safepoint   ] Safepoint "Cleanup", Time since last: 2027204200 ns, Reaching safepoint: 60700 ns, At safepoint: 7100 ns, Total: 67800 ns
[2022-04-08T18:29:36.424+0000][12720][safepoint   ] Safepoint "Cleanup", Time since last: 1002087400 ns, Reaching safepoint: 45100 ns, At safepoint: 8700 ns, Total: 53800 ns
[2022-04-08T18:29:38.455+0000][12720][safepoint   ] Safepoint "Cleanup", Time since last: 2030669800 ns, Reaching safepoint: 56300 ns, At safepoint: 6500 ns, Total: 62800 ns
[2022-04-08T18:29:40.471+0000][12720][safepoint   ] Safepoint "Cleanup", Time since last: 2016162900 ns, Reaching safepoint: 50100 ns, At safepoint: 8800 ns, Total: 58900 ns
[2022-04-08T18:29:41.474+0000][12720][safepoint   ] Safepoint "Cleanup", Time since last: 1002601400 ns, Reaching safepoint: 80700 ns, At safepoint: 8100 ns, Total: 88800 ns
[2022-04-08T18:29:43.489+0000][12720][safepoint   ] Safepoint "Cleanup", Time since last: 2015394800 ns, Reaching safepoint: 51800 ns, At safepoint: 7100 ns, Total: 58900 ns
[2022-04-08T18:29:44.490+0000][12720][safepoint   ] Safepoint "Cleanup", Time since last: 1001123200 ns, Reaching safepoint: 48500 ns, At safepoint: 10300 ns, Total: 58800 ns
[2022-04-08T18:29:45.506+0000][12720][safepoint   ] Safepoint "Cleanup", Time since last: 1015307800 ns, Reaching safepoint: 56900 ns, At safepoint: 9500 ns, Total: 66400 ns
[2022-04-08T18:29:47.522+0000][12720][safepoint   ] Safepoint "Cleanup", Time since last: 2016410200 ns, Reaching safepoint: 46700 ns, At safepoint: 5800 ns, Total: 52500 ns
[2022-04-08T18:29:48.523+0000][12720][safepoint   ] Safepoint "Cleanup", Time since last: 1000691800 ns, Reaching safepoint: 42800 ns, At safepoint: 7600 ns, Total: 50400 ns
[2022-04-08T18:29:50.533+0000][12720][safepoint   ] Safepoint "Cleanup", Time since last: 2009916300 ns, Reaching safepoint: 41500 ns, At safepoint: 8600 ns, Total: 50100 ns
[2022-04-08T18:29:53.549+0000][12720][safepoint   ] Safepoint "Cleanup", Time since last: 3015932100 ns, Reaching safepoint: 40000 ns, At safepoint: 5200 ns, Total: 45200 ns
[2022-04-08T18:29:54.559+0000][12720][safepoint   ] Safepoint "Cleanup", Time since last: 1010630100 ns, Reaching safepoint: 53100 ns, At safepoint: 7100 ns, Total: 60200 ns
[2022-04-08T18:29:55.575+0000][12720][safepoint   ] Safepoint "Cleanup", Time since last: 1015322800 ns, Reaching safepoint: 51100 ns, At safepoint: 17200 ns, Total: 68300 ns
[2022-04-08T18:29:56.586+0000][12720][safepoint   ] Safepoint "Cleanup", Time since last: 1010726300 ns, Reaching safepoint: 53000 ns, At safepoint: 17200 ns, Total: 70200 ns
[2022-04-08T18:29:58.607+0000][12720][safepoint   ] Safepoint "Cleanup", Time since last: 2020848100 ns, Reaching safepoint: 61000 ns, At safepoint: 7300 ns, Total: 68300 ns
[2022-04-08T18:29:59.608+0000][12720][safepoint   ] Safepoint "Cleanup", Time since last: 1001190700 ns, Reaching safepoint: 51300 ns, At safepoint: 9900 ns, Total: 61200 ns
[2022-04-08T18:30:00.623+0000][12720][safepoint   ] Safepoint "Cleanup", Time since last: 1015276700 ns, Reaching safepoint: 81700 ns, At safepoint: 7800 ns, Total: 89500 ns
[2022-04-08T18:30:02.641+0000][12720][safepoint   ] Safepoint "Cleanup", Time since last: 2017262600 ns, Reaching safepoint: 73900 ns, At safepoint: 6300 ns, Total: 80200 ns
[2022-04-08T18:30:03.656+0000][12720][safepoint   ] Safepoint "Cleanup", Time since last: 1014871100 ns, Reaching safepoint: 39900 ns, At safepoint: 5400 ns, Total: 45300 ns
[2022-04-08T18:30:05.676+0000][12720][safepoint   ] Safepoint "Cleanup", Time since last: 2020232800 ns, Reaching safepoint: 47600 ns, At safepoint: 7700 ns, Total: 55300 ns
[2022-04-08T18:30:08.721+0000][12720][safepoint   ] Safepoint "Cleanup", Time since last: 3045522900 ns, Reaching safepoint: 53700 ns, At safepoint: 6000 ns, Total: 59700 ns
[2022-04-08T18:30:10.724+0000][12720][safepoint   ] Safepoint "Cleanup", Time since last: 2002474300 ns, Reaching safepoint: 43700 ns, At safepoint: 9800 ns, Total: 53500 ns
[2022-04-08T18:30:11.740+0000][12720][safepoint   ] Safepoint "Cleanup", Time since last: 1015552100 ns, Reaching safepoint: 62100 ns, At safepoint: 9100 ns, Total: 71200 ns
[2022-04-08T18:30:13.768+0000][12720][safepoint   ] Safepoint "Cleanup", Time since last: 2028622800 ns, Reaching safepoint: 59000 ns, At safepoint: 15300 ns, Total: 74300 ns
[2022-04-08T18:30:14.774+0000][12720][safepoint   ] Safepoint "Cleanup", Time since last: 1005871100 ns, Reaching safepoint: 54900 ns, At safepoint: 8700 ns, Total: 63600 ns
[2022-04-08T18:30:15.777+0000][12720][safepoint   ] Safepoint "Cleanup", Time since last: 1002751500 ns, Reaching safepoint: 48000 ns, At safepoint: 6600 ns, Total: 54600 ns
[2022-04-08T18:30:17.808+0000][12720][safepoint   ] Safepoint "Cleanup", Time since last: 2030705200 ns, Reaching safepoint: 55700 ns, At safepoint: 7900 ns, Total: 63600 ns
[2022-04-08T18:30:18.809+0000][12720][safepoint   ] Safepoint "Cleanup", Time since last: 1001200200 ns, Reaching safepoint: 51700 ns, At safepoint: 9400 ns, Total: 61100 ns
[2022-04-08T18:30:20.828+0000][12720][safepoint   ] Safepoint "Cleanup", Time since last: 2019002000 ns, Reaching safepoint: 60100 ns, At safepoint: 10300 ns, Total: 70400 ns
[2022-04-08T18:30:23.862+0000][12720][safepoint   ] Safepoint "Cleanup", Time since last: 3033752500 ns, Reaching safepoint: 55200 ns, At safepoint: 8600 ns, Total: 63800 ns
[2022-04-08T18:30:24.877+0000][12720][safepoint   ] Safepoint "Cleanup", Time since last: 1015291000 ns, Reaching safepoint: 53500 ns, At safepoint: 7700 ns, Total: 61200 ns
[2022-04-08T18:30:26.894+0000][12720][safepoint   ] Safepoint "Cleanup", Time since last: 2016825600 ns, Reaching safepoint: 49200 ns, At safepoint: 9800 ns, Total: 59000 ns
[2022-04-08T18:30:28.911+0000][12720][safepoint   ] Safepoint "Cleanup", Time since last: 2016439800 ns, Reaching safepoint: 58800 ns, At safepoint: 5500 ns, Total: 64300 ns
[2022-04-08T18:30:29.926+0000][12720][safepoint   ] Safepoint "Cleanup", Time since last: 1015618800 ns, Reaching safepoint: 51000 ns, At safepoint: 6600 ns, Total: 57600 ns
[2022-04-08T18:30:30.928+0000][12720][safepoint   ] Safepoint "Cleanup", Time since last: 1001524700 ns, Reaching safepoint: 591700 ns, At safepoint: 11600 ns, Total: 603300 ns
[2022-04-08T18:30:32.958+0000][12720][safepoint   ] Safepoint "Cleanup", Time since last: 2029879400 ns, Reaching safepoint: 41400 ns, At safepoint: 6600 ns, Total: 48000 ns
[2022-04-08T18:30:33.971+0000][12720][safepoint   ] Safepoint "Cleanup", Time since last: 1013138300 ns, Reaching safepoint: 103100 ns, At safepoint: 6100 ns, Total: 109200 ns
[2022-04-08T18:30:35.988+0000][12720][safepoint   ] Safepoint "Cleanup", Time since last: 2015905100 ns, Reaching safepoint: 120700 ns, At safepoint: 5100 ns, Total: 125800 ns
[2022-04-08T18:30:38.018+0000][12720][safepoint   ] Safepoint "Cleanup", Time since last: 2030221300 ns, Reaching safepoint: 39100 ns, At safepoint: 2000 ns, Total: 41100 ns
[2022-04-08T18:30:39.024+0000][12720][safepoint   ] Safepoint "Cleanup", Time since last: 1006257600 ns, Reaching safepoint: 48200 ns, At safepoint: 17000 ns, Total: 65200 ns
[2022-04-08T18:30:41.035+0000][12720][safepoint   ] Safepoint "Cleanup", Time since last: 2011152000 ns, Reaching safepoint: 44700 ns, At safepoint: 6200 ns, Total: 50900 ns
[2022-04-08T18:30:42.050+0000][12720][safepoint   ] Safepoint "Cleanup", Time since last: 1014985800 ns, Reaching safepoint: 54900 ns, At safepoint: 6700 ns, Total: 61600 ns
[2022-04-08T18:30:43.051+0000][12720][safepoint   ] Safepoint "Cleanup", Time since last: 1000016200 ns, Reaching safepoint: 53000 ns, At safepoint: 6100 ns, Total: 59100 ns
[2022-04-08T18:30:45.067+0000][12720][safepoint   ] Safepoint "Cleanup", Time since last: 2016750900 ns, Reaching safepoint: 45400 ns, At safepoint: 4700 ns, Total: 50100 ns
[2022-04-08T18:30:46.068+0000][12720][safepoint   ] Safepoint "Cleanup", Time since last: 1000943000 ns, Reaching safepoint: 121200 ns, At safepoint: 5300 ns, Total: 126500 ns
[2022-04-08T18:30:48.099+0000][12720][safepoint   ] Safepoint "Cleanup", Time since last: 2030522200 ns, Reaching safepoint: 58200 ns, At safepoint: 7800 ns, Total: 66000 ns
[2022-04-08T18:30:51.118+0000][12720][safepoint   ] Safepoint "Cleanup", Time since last: 3019087300 ns, Reaching safepoint: 48000 ns, At safepoint: 8400 ns, Total: 56400 ns
[2022-04-08T18:30:53.149+0000][12720][safepoint   ] Safepoint "Cleanup", Time since last: 2030718000 ns, Reaching safepoint: 53600 ns, At safepoint: 5300 ns, Total: 58900 ns
[2022-04-08T18:30:55.168+0000][12720][safepoint   ] Safepoint "Cleanup", Time since last: 2019182600 ns, Reaching safepoint: 53100 ns, At safepoint: 7600 ns, Total: 60700 ns
[2022-04-08T18:30:56.179+0000][12720][safepoint   ] Safepoint "Cleanup", Time since last: 1011084500 ns, Reaching safepoint: 60300 ns, At safepoint: 5500 ns, Total: 65800 ns
[2022-04-08T18:30:58.210+0000][12720][safepoint   ] Safepoint "Cleanup", Time since last: 2030201900 ns, Reaching safepoint: 36300 ns, At safepoint: 7200 ns, Total: 43500 ns
[2022-04-08T18:30:59.210+0000][12720][safepoint   ] Safepoint "Cleanup", Time since last: 1000199200 ns, Reaching safepoint: 45000 ns, At safepoint: 71000 ns, Total: 116000 ns
[2022-04-08T18:31:00.223+0000][12720][safepoint   ] Safepoint "Cleanup", Time since last: 1012749800 ns, Reaching safepoint: 40700 ns, At safepoint: 4700 ns, Total: 45400 ns
[2022-04-08T18:31:01.238+0000][12720][safepoint   ] Safepoint "Cleanup", Time since last: 1014841900 ns, Reaching safepoint: 56700 ns, At safepoint: 14800 ns, Total: 71500 ns
[2022-04-08T18:31:02.253+0000][12720][safepoint   ] Safepoint "Cleanup", Time since last: 1015241800 ns, Reaching safepoint: 46700 ns, At safepoint: 11100 ns, Total: 57800 ns
[2022-04-08T18:31:03.253+0000][12720][safepoint   ] Safepoint "Cleanup", Time since last: 1000083300 ns, Reaching safepoint: 48900 ns, At safepoint: 9600 ns, Total: 58500 ns
[2022-04-08T18:31:05.272+0000][12720][safepoint   ] Safepoint "Cleanup", Time since last: 2019056500 ns, Reaching safepoint: 64500 ns, At safepoint: 18500 ns, Total: 83000 ns
[2022-04-08T18:31:06.282+0000][12720][safepoint   ] Safepoint "Cleanup", Time since last: 1009812800 ns, Reaching safepoint: 43800 ns, At safepoint: 4900 ns, Total: 48700 ns
[2022-04-08T18:31:08.313+0000][12720][safepoint   ] Safepoint "Cleanup", Time since last: 2030688000 ns, Reaching safepoint: 44800 ns, At safepoint: 6000 ns, Total: 50800 ns
[2022-04-08T18:31:11.352+0000][12720][safepoint   ] Safepoint "Cleanup", Time since last: 3038689200 ns, Reaching safepoint: 47200 ns, At safepoint: 5300 ns, Total: 52500 ns
[2022-04-08T18:31:12.367+0000][12720][safepoint   ] Safepoint "Cleanup", Time since last: 1015331300 ns, Reaching safepoint: 45300 ns, At safepoint: 5200 ns, Total: 50500 ns
[2022-04-08T18:31:13.382+0000][12720][safepoint   ] Safepoint "Cleanup", Time since last: 1015302300 ns, Reaching safepoint: 67200 ns, At safepoint: 5100 ns, Total: 72300 ns
[2022-04-08T18:31:14.392+0000][12720][safepoint   ] Safepoint "Cleanup", Time since last: 1009806700 ns, Reaching safepoint: 108700 ns, At safepoint: 33700 ns, Total: 142400 ns
[2022-04-08T18:31:16.418+0000][12720][safepoint   ] Safepoint "Cleanup", Time since last: 2025359500 ns, Reaching safepoint: 55200 ns, At safepoint: 5700 ns, Total: 60900 ns
[2022-04-08T18:31:17.424+0000][12720][safepoint   ] Safepoint "Cleanup", Time since last: 1005883500 ns, Reaching safepoint: 81100 ns, At safepoint: 11200 ns, Total: 92300 ns
[2022-04-08T18:31:18.439+0000][12720][safepoint   ] Safepoint "Cleanup", Time since last: 1015232900 ns, Reaching safepoint: 60800 ns, At safepoint: 12300 ns, Total: 73100 ns
[2022-04-08T18:31:20.464+0000][12720][safepoint   ] Safepoint "Cleanup", Time since last: 2025164700 ns, Reaching safepoint: 42100 ns, At safepoint: 7600 ns, Total: 49700 ns
[2022-04-08T18:31:21.470+0000][12720][safepoint   ] Safepoint "Cleanup", Time since last: 1006232800 ns, Reaching safepoint: 54100 ns, At safepoint: 5300 ns, Total: 59400 ns
[2022-04-08T18:31:23.486+0000][12720][safepoint   ] Safepoint "Cleanup", Time since last: 2015571200 ns, Reaching safepoint: 81400 ns, At safepoint: 9500 ns, Total: 90900 ns
[2022-04-08T18:31:24.492+0000][12720][safepoint   ] Safepoint "Cleanup", Time since last: 1005807400 ns, Reaching safepoint: 65300 ns, At safepoint: 7900 ns, Total: 73200 ns
[2022-04-08T18:31:25.494+0000][12720][safepoint   ] Safepoint "Cleanup", Time since last: 1001712600 ns, Reaching safepoint: 58800 ns, At safepoint: 8200 ns, Total: 67000 ns
[2022-04-08T18:31:26.505+0000][12720][safepoint   ] Safepoint "Cleanup", Time since last: 1011297200 ns, Reaching safepoint: 41200 ns, At safepoint: 6700 ns, Total: 47900 ns
[2022-04-08T18:31:28.536+0000][12720][safepoint   ] Safepoint "Cleanup", Time since last: 2030701800 ns, Reaching safepoint: 49900 ns, At safepoint: 7800 ns, Total: 57700 ns
[2022-04-08T18:31:29.549+0000][12720][safepoint   ] Safepoint "Cleanup", Time since last: 1013417200 ns, Reaching safepoint: 58300 ns, At safepoint: 14200 ns, Total: 72500 ns
[2022-04-08T18:31:31.553+0000][12720][safepoint   ] Safepoint "Cleanup", Time since last: 2003164400 ns, Reaching safepoint: 54900 ns, At safepoint: 7900 ns, Total: 62800 ns
[2022-04-08T18:31:32.568+0000][12720][safepoint   ] Safepoint "Cleanup", Time since last: 1015282100 ns, Reaching safepoint: 43300 ns, At safepoint: 5700 ns, Total: 49000 ns
[2022-04-08T18:31:33.579+0000][12720][safepoint   ] Safepoint "Cleanup", Time since last: 1010678100 ns, Reaching safepoint: 39900 ns, At safepoint: 10700 ns, Total: 50600 ns
[2022-04-08T18:31:35.596+0000][12720][safepoint   ] Safepoint "Cleanup", Time since last: 2017069000 ns, Reaching safepoint: 57700 ns, At safepoint: 9100 ns, Total: 66800 ns
[2022-04-08T18:31:36.606+0000][12720][safepoint   ] Safepoint "Cleanup", Time since last: 1010635100 ns, Reaching safepoint: 45100 ns, At safepoint: 7700 ns, Total: 52800 ns
[2022-04-08T18:31:38.637+0000][12720][safepoint   ] Safepoint "Cleanup", Time since last: 2030620200 ns, Reaching safepoint: 55100 ns, At safepoint: 9800 ns, Total: 64900 ns
[2022-04-08T18:31:41.666+0000][12720][safepoint   ] Safepoint "Cleanup", Time since last: 3028583800 ns, Reaching safepoint: 58400 ns, At safepoint: 10600 ns, Total: 69000 ns
[2022-04-08T18:31:43.681+0000][12720][safepoint   ] Safepoint "Cleanup", Time since last: 2015073500 ns, Reaching safepoint: 42500 ns, At safepoint: 8400 ns, Total: 50900 ns
[2022-04-08T18:31:44.692+0000][12720][safepoint   ] Safepoint "Cleanup", Time since last: 1010913700 ns, Reaching safepoint: 75500 ns, At safepoint: 8500 ns, Total: 84000 ns
[2022-04-08T18:31:46.718+0000][12720][safepoint   ] Safepoint "Cleanup", Time since last: 2025966000 ns, Reaching safepoint: 49600 ns, At safepoint: 5900 ns, Total: 55500 ns
[2022-04-08T18:31:47.733+0000][12720][safepoint   ] Safepoint "Cleanup", Time since last: 1015291500 ns, Reaching safepoint: 57400 ns, At safepoint: 8000 ns, Total: 65400 ns
[2022-04-08T18:31:48.748+0000][12720][safepoint   ] Safepoint "Cleanup", Time since last: 1015212000 ns, Reaching safepoint: 39100 ns, At safepoint: 8200 ns, Total: 47300 ns
[2022-04-08T18:31:50.760+0000][12720][safepoint   ] Safepoint "Cleanup", Time since last: 2011025200 ns, Reaching safepoint: 53700 ns, At safepoint: 9300 ns, Total: 63000 ns
[2022-04-08T18:31:53.802+0000][12720][safepoint   ] Safepoint "Cleanup", Time since last: 3041996800 ns, Reaching safepoint: 47300 ns, At safepoint: 6500 ns, Total: 53800 ns
[2022-04-08T18:31:54.802+0000][12720][safepoint   ] Safepoint "Cleanup", Time since last: 1000240200 ns, Reaching safepoint: 48400 ns, At safepoint: 7600 ns, Total: 56000 ns
[2022-04-08T18:31:55.804+0000][12720][safepoint   ] Safepoint "Cleanup", Time since last: 1001899200 ns, Reaching safepoint: 38400 ns, At safepoint: 19400 ns, Total: 57800 ns
[2022-04-08T18:31:56.819+0000][12720][safepoint   ] Safepoint "Cleanup", Time since last: 1015326800 ns, Reaching safepoint: 48000 ns, At safepoint: 14900 ns, Total: 62900 ns
[2022-04-08T18:31:58.837+0000][12720][safepoint   ] Safepoint "Cleanup", Time since last: 2017453900 ns, Reaching safepoint: 48900 ns, At safepoint: 7400 ns, Total: 56300 ns
[2022-04-08T18:31:59.838+0000][12720][safepoint   ] Safepoint "Cleanup", Time since last: 1001132300 ns, Reaching safepoint: 70800 ns, At safepoint: 14000 ns, Total: 84800 ns
[2022-04-08T18:32:00.838+0000][12720][safepoint   ] Safepoint "Cleanup", Time since last: 1000335900 ns, Reaching safepoint: 64100 ns, At safepoint: 8800 ns, Total: 72900 ns
[2022-04-08T18:32:02.858+0000][12720][safepoint   ] Safepoint "Cleanup", Time since last: 2019824600 ns, Reaching safepoint: 48500 ns, At safepoint: 10200 ns, Total: 58700 ns
[2022-04-08T18:32:03.868+0000][12720][safepoint   ] Safepoint "Cleanup", Time since last: 1010116500 ns, Reaching safepoint: 46500 ns, At safepoint: 8300 ns, Total: 54800 ns
[2022-04-08T18:32:05.894+0000][12720][safepoint   ] Safepoint "Cleanup", Time since last: 2025019200 ns, Reaching safepoint: 48200 ns, At safepoint: 6800 ns, Total: 55000 ns
[2022-04-08T18:32:08.936+0000][12720][safepoint   ] Safepoint "Cleanup", Time since last: 3042133100 ns, Reaching safepoint: 52300 ns, At safepoint: 8600 ns, Total: 60900 ns
[2022-04-08T18:32:10.951+0000][12720][safepoint   ] Safepoint "Cleanup", Time since last: 2015541400 ns, Reaching safepoint: 48800 ns, At safepoint: 7800 ns, Total: 56600 ns
[2022-04-08T18:32:11.967+0000][12720][safepoint   ] Safepoint "Cleanup", Time since last: 1015473600 ns, Reaching safepoint: 53800 ns, At safepoint: 7200 ns, Total: 61000 ns
[2022-04-08T18:32:13.993+0000][12720][safepoint   ] Safepoint "Cleanup", Time since last: 2025777300 ns, Reaching safepoint: 49500 ns, At safepoint: 7800 ns, Total: 57300 ns
[2022-04-08T18:32:15.008+0000][12720][safepoint   ] Safepoint "Cleanup", Time since last: 1015408000 ns, Reaching safepoint: 48900 ns, At safepoint: 8600 ns, Total: 57500 ns
[2022-04-08T18:32:16.018+0000][12720][safepoint   ] Safepoint "Cleanup", Time since last: 1010050300 ns, Reaching safepoint: 45400 ns, At safepoint: 5800 ns, Total: 51200 ns
[2022-04-08T18:32:18.034+0000][12720][safepoint   ] Safepoint "Cleanup", Time since last: 2015400300 ns, Reaching safepoint: 46700 ns, At safepoint: 11200 ns, Total: 57900 ns
[2022-04-08T18:32:19.059+0000][12720][safepoint   ] Safepoint "Cleanup", Time since last: 1025620300 ns, Reaching safepoint: 45200 ns, At safepoint: 11000 ns, Total: 56200 ns
[2022-04-08T18:32:21.066+0000][12720][safepoint   ] Safepoint "Cleanup", Time since last: 2006232900 ns, Reaching safepoint: 68400 ns, At safepoint: 9600 ns, Total: 78000 ns
[2022-04-08T18:32:23.643+0000][12720][safepoint   ] Safepoint "Cleanup", Time since last: 2577030100 ns, Reaching safepoint: 37200 ns, At safepoint: 7100 ns, Total: 44300 ns
[2022-04-08T18:32:24.649+0000][12720][safepoint   ] Safepoint "Cleanup", Time since last: 1005911000 ns, Reaching safepoint: 95100 ns, At safepoint: 63000 ns, Total: 158100 ns
[2022-04-08T18:32:26.660+0000][12720][safepoint   ] Safepoint "Cleanup", Time since last: 2010809000 ns, Reaching safepoint: 58200 ns, At safepoint: 11900 ns, Total: 70100 ns
[2022-04-08T18:32:27.675+0000][12720][safepoint   ] Safepoint "Cleanup", Time since last: 1014948700 ns, Reaching safepoint: 117000 ns, At safepoint: 4800 ns, Total: 121800 ns
[2022-04-08T18:32:28.675+0000][12720][safepoint   ] Safepoint "Cleanup", Time since last: 1000065400 ns, Reaching safepoint: 41200 ns, At safepoint: 8600 ns, Total: 49800 ns
[2022-04-08T18:32:29.686+0000][12720][safepoint   ] Safepoint "Cleanup", Time since last: 1011042200 ns, Reaching safepoint: 48900 ns, At safepoint: 5300 ns, Total: 54200 ns
[2022-04-08T18:32:31.701+0000][12720][safepoint   ] Safepoint "Cleanup", Time since last: 2015352100 ns, Reaching safepoint: 48500 ns, At safepoint: 6100 ns, Total: 54600 ns
[2022-04-08T18:32:32.717+0000][12720][safepoint   ] Safepoint "Cleanup", Time since last: 1015263300 ns, Reaching safepoint: 492200 ns, At safepoint: 8300 ns, Total: 500500 ns
[2022-04-08T18:32:33.728+0000][12720][safepoint   ] Safepoint "Cleanup", Time since last: 1010408100 ns, Reaching safepoint: 54000 ns, At safepoint: 5800 ns, Total: 59800 ns
[2022-04-08T18:32:35.749+0000][12720][safepoint   ] Safepoint "Cleanup", Time since last: 2021300900 ns, Reaching safepoint: 74700 ns, At safepoint: 10000 ns, Total: 84700 ns
[2022-04-08T18:32:37.764+0000][12720][safepoint   ] Safepoint "Cleanup", Time since last: 2015329300 ns, Reaching safepoint: 124100 ns, At safepoint: 5000 ns, Total: 129100 ns
[2022-04-08T18:32:38.775+0000][12720][safepoint   ] Safepoint "Cleanup", Time since last: 1010573900 ns, Reaching safepoint: 47100 ns, At safepoint: 6800 ns, Total: 53900 ns
[2022-04-08T18:32:41.806+0000][12720][safepoint   ] Safepoint "Cleanup", Time since last: 3031131800 ns, Reaching safepoint: 104300 ns, At safepoint: 5300 ns, Total: 109600 ns
[2022-04-08T18:32:43.819+0000][12720][safepoint   ] Safepoint "Cleanup", Time since last: 2012882300 ns, Reaching safepoint: 58600 ns, At safepoint: 24900 ns, Total: 83500 ns
[2022-04-08T18:32:44.835+0000][12720][safepoint   ] Safepoint "Cleanup", Time since last: 1015280700 ns, Reaching safepoint: 50100 ns, At safepoint: 12500 ns, Total: 62600 ns
[2022-04-08T18:32:46.856+0000][12720][safepoint   ] Safepoint "Cleanup", Time since last: 2020797800 ns, Reaching safepoint: 48200 ns, At safepoint: 5000 ns, Total: 53200 ns
[2022-04-08T18:32:47.871+0000][12720][safepoint   ] Safepoint "Cleanup", Time since last: 1015255700 ns, Reaching safepoint: 49800 ns, At safepoint: 9000 ns, Total: 58800 ns
[2022-04-08T18:32:48.882+0000][12720][safepoint   ] Safepoint "Cleanup", Time since last: 1010701200 ns, Reaching safepoint: 37900 ns, At safepoint: 7800 ns, Total: 45700 ns
[2022-04-08T18:32:50.898+0000][12720][safepoint   ] Safepoint "Cleanup", Time since last: 2016343900 ns, Reaching safepoint: 59200 ns, At safepoint: 9100 ns, Total: 68300 ns
[2022-04-08T18:32:51.913+0000][12720][safepoint   ] Safepoint "Cleanup", Time since last: 1015356000 ns, Reaching safepoint: 48500 ns, At safepoint: 10200 ns, Total: 58700 ns
[2022-04-08T18:32:53.957+0000][12720][safepoint   ] Safepoint "Cleanup", Time since last: 2043822200 ns, Reaching safepoint: 95900 ns, At safepoint: 19500 ns, Total: 115400 ns
[2022-04-08T18:32:54.973+0000][12720][safepoint   ] Safepoint "Cleanup", Time since last: 1015185700 ns, Reaching safepoint: 46600 ns, At safepoint: 5000 ns, Total: 51600 ns
[2022-04-08T18:32:56.974+0000][12720][safepoint   ] Safepoint "Cleanup", Time since last: 2001531500 ns, Reaching safepoint: 51500 ns, At safepoint: 9900 ns, Total: 61400 ns
[2022-04-08T18:32:58.997+0000][12720][safepoint   ] Safepoint "Cleanup", Time since last: 2022522000 ns, Reaching safepoint: 37600 ns, At safepoint: 13900 ns, Total: 51500 ns
[2022-04-08T18:33:00.012+0000][12720][safepoint   ] Safepoint "Cleanup", Time since last: 1014891900 ns, Reaching safepoint: 57900 ns, At safepoint: 11200 ns, Total: 69100 ns
[2022-04-08T18:33:01.015+0000][12720][safepoint   ] Safepoint "Cleanup", Time since last: 1003093000 ns, Reaching safepoint: 53600 ns, At safepoint: 7700 ns, Total: 61300 ns
[2022-04-08T18:33:03.046+0000][12720][safepoint   ] Safepoint "Cleanup", Time since last: 2030626700 ns, Reaching safepoint: 79000 ns, At safepoint: 9000 ns, Total: 88000 ns
[2022-04-08T18:33:04.047+0000][12720][safepoint   ] Safepoint "Cleanup", Time since last: 1001133400 ns, Reaching safepoint: 46500 ns, At safepoint: 7700 ns, Total: 54200 ns
[2022-04-08T18:33:06.065+0000][12720][safepoint   ] Safepoint "Cleanup", Time since last: 2018089500 ns, Reaching safepoint: 51200 ns, At safepoint: 5800 ns, Total: 57000 ns
[2022-04-08T18:33:09.097+0000][12720][safepoint   ] Safepoint "Cleanup", Time since last: 3032173700 ns, Reaching safepoint: 48500 ns, At safepoint: 8900 ns, Total: 57400 ns
[2022-04-08T18:33:11.116+0000][12720][safepoint   ] Safepoint "Cleanup", Time since last: 2018561400 ns, Reaching safepoint: 54200 ns, At safepoint: 7000 ns, Total: 61200 ns
[2022-04-08T18:33:12.131+0000][12720][safepoint   ] Safepoint "Cleanup", Time since last: 1015323900 ns, Reaching safepoint: 41500 ns, At safepoint: 15800 ns, Total: 57300 ns
[2022-04-08T18:33:13.147+0000][12720][safepoint   ] Safepoint "Cleanup", Time since last: 1015311600 ns, Reaching safepoint: 48800 ns, At safepoint: 17300 ns, Total: 66100 ns
[2022-04-08T18:33:14.147+0000][12720][safepoint   ] Safepoint "Cleanup", Time since last: 1000708800 ns, Reaching safepoint: 100200 ns, At safepoint: 7100 ns, Total: 107300 ns
[2022-04-08T18:33:15.163+0000][12720][safepoint   ] Safepoint "Cleanup", Time since last: 1015213000 ns, Reaching safepoint: 58100 ns, At safepoint: 7700 ns, Total: 65800 ns
[2022-04-08T18:33:16.166+0000][12720][safepoint   ] Safepoint "Cleanup", Time since last: 1002772900 ns, Reaching safepoint: 56900 ns, At safepoint: 9800 ns, Total: 66700 ns
[2022-04-08T18:33:18.196+0000][12720][safepoint   ] Safepoint "Cleanup", Time since last: 2030266200 ns, Reaching safepoint: 70900 ns, At safepoint: 8900 ns, Total: 79800 ns
[2022-04-08T18:33:19.197+0000][12720][safepoint   ] Safepoint "Cleanup", Time since last: 1000970900 ns, Reaching safepoint: 70600 ns, At safepoint: 10500 ns, Total: 81100 ns
[2022-04-08T18:33:21.199+0000][12720][safepoint   ] Safepoint "Cleanup", Time since last: 2002099900 ns, Reaching safepoint: 59500 ns, At safepoint: 8800 ns, Total: 68300 ns
[2022-04-08T18:33:24.218+0000][12720][safepoint   ] Safepoint "Cleanup", Time since last: 3018461100 ns, Reaching safepoint: 44700 ns, At safepoint: 9500 ns, Total: 54200 ns
[2022-04-08T18:33:25.233+0000][12720][safepoint   ] Safepoint "Cleanup", Time since last: 1015330500 ns, Reaching safepoint: 45600 ns, At safepoint: 6400 ns, Total: 52000 ns
[2022-04-08T18:33:27.251+0000][12720][safepoint   ] Safepoint "Cleanup", Time since last: 2018128400 ns, Reaching safepoint: 43100 ns, At safepoint: 6300 ns, Total: 49400 ns
[2022-04-08T18:33:29.268+0000][12720][safepoint   ] Safepoint "Cleanup", Time since last: 2016558200 ns, Reaching safepoint: 51400 ns, At safepoint: 8800 ns, Total: 60200 ns
[2022-04-08T18:33:30.283+0000][12720][safepoint   ] Safepoint "Cleanup", Time since last: 1015254000 ns, Reaching safepoint: 70000 ns, At safepoint: 9100 ns, Total: 79100 ns
[2022-04-08T18:33:31.285+0000][12720][safepoint   ] Safepoint "Cleanup", Time since last: 1001765400 ns, Reaching safepoint: 43000 ns, At safepoint: 7100 ns, Total: 50100 ns
[2022-04-08T18:33:33.316+0000][12720][safepoint   ] Safepoint "Cleanup", Time since last: 2030615300 ns, Reaching safepoint: 66800 ns, At safepoint: 9500 ns, Total: 76300 ns
[2022-04-08T18:33:34.328+0000][12720][safepoint   ] Safepoint "Cleanup", Time since last: 1012380700 ns, Reaching safepoint: 47500 ns, At safepoint: 8300 ns, Total: 55800 ns
[2022-04-08T18:33:36.352+0000][12720][safepoint   ] Safepoint "Cleanup", Time since last: 2023951900 ns, Reaching safepoint: 61400 ns, At safepoint: 7700 ns, Total: 69100 ns
[2022-04-08T18:33:39.368+0000][12720][safepoint   ] Safepoint "Cleanup", Time since last: 3016327300 ns, Reaching safepoint: 139100 ns, At safepoint: 10700 ns, Total: 149800 ns
[2022-04-08T18:33:41.387+0000][12720][safepoint   ] Safepoint "Cleanup", Time since last: 2018178800 ns, Reaching safepoint: 55400 ns, At safepoint: 6200 ns, Total: 61600 ns
[2022-04-08T18:33:42.402+0000][12720][safepoint   ] Safepoint "Cleanup", Time since last: 1015263000 ns, Reaching safepoint: 73400 ns, At safepoint: 9500 ns, Total: 82900 ns
[2022-04-08T18:33:44.419+0000][12720][safepoint   ] Safepoint "Cleanup", Time since last: 2016540700 ns, Reaching safepoint: 57200 ns, At safepoint: 9300 ns, Total: 66500 ns
[2022-04-08T18:33:45.434+0000][12720][safepoint   ] Safepoint "Cleanup", Time since last: 1015237100 ns, Reaching safepoint: 54400 ns, At safepoint: 8600 ns, Total: 63000 ns
[2022-04-08T18:33:46.437+0000][12720][safepoint   ] Safepoint "Cleanup", Time since last: 1002817100 ns, Reaching safepoint: 44800 ns, At safepoint: 7600 ns, Total: 52400 ns
[2022-04-08T18:33:48.468+0000][12720][safepoint   ] Safepoint "Cleanup", Time since last: 2030649300 ns, Reaching safepoint: 61800 ns, At safepoint: 7000 ns, Total: 68800 ns
[2022-04-08T18:33:49.469+0000][12720][safepoint   ] Safepoint "Cleanup", Time since last: 1001031900 ns, Reaching safepoint: 39000 ns, At safepoint: 8000 ns, Total: 47000 ns
[2022-04-08T18:33:51.487+0000][12720][safepoint   ] Safepoint "Cleanup", Time since last: 2017884400 ns, Reaching safepoint: 38000 ns, At safepoint: 14000 ns, Total: 52000 ns
[2022-04-08T18:33:54.519+0000][12720][safepoint   ] Safepoint "Cleanup", Time since last: 3032459700 ns, Reaching safepoint: 55100 ns, At safepoint: 10400 ns, Total: 65500 ns
[2022-04-08T18:33:55.519+0000][12720][safepoint   ] Safepoint "Cleanup", Time since last: 1000153100 ns, Reaching safepoint: 93400 ns, At safepoint: 59400 ns, Total: 152800 ns
[2022-04-08T18:33:57.537+0000][12720][safepoint   ] Safepoint "Cleanup", Time since last: 2017090800 ns, Reaching safepoint: 42100 ns, At safepoint: 5300 ns, Total: 47400 ns
[2022-04-08T18:33:58.543+0000][12720][safepoint   ] Safepoint "Cleanup", Time since last: 1006802100 ns, Reaching safepoint: 51900 ns, At safepoint: 8600 ns, Total: 60500 ns
[2022-04-08T18:33:59.544+0000][12720][safepoint   ] Safepoint "Cleanup", Time since last: 1000982900 ns, Reaching safepoint: 45200 ns, At safepoint: 7500 ns, Total: 52700 ns
[2022-04-08T18:34:00.559+0000][12720][safepoint   ] Safepoint "Cleanup", Time since last: 1014864000 ns, Reaching safepoint: 51400 ns, At safepoint: 5200 ns, Total: 56600 ns
[2022-04-08T18:34:01.560+0000][12720][safepoint   ] Safepoint "Cleanup", Time since last: 1000532500 ns, Reaching safepoint: 42200 ns, At safepoint: 7700 ns, Total: 49900 ns
[2022-04-08T18:34:02.561+0000][12720][safepoint   ] Safepoint "Cleanup", Time since last: 1001148800 ns, Reaching safepoint: 51700 ns, At safepoint: 9400 ns, Total: 61100 ns
[2022-04-08T18:34:03.561+0000][12720][safepoint   ] Safepoint "Cleanup", Time since last: 1000096900 ns, Reaching safepoint: 44200 ns, At safepoint: 7600 ns, Total: 51800 ns
[2022-04-08T18:34:05.577+0000][12720][safepoint   ] Safepoint "Cleanup", Time since last: 2015955500 ns, Reaching safepoint: 48300 ns, At safepoint: 5800 ns, Total: 54100 ns
[2022-04-08T18:34:06.579+0000][12720][safepoint   ] Safepoint "Cleanup", Time since last: 1001112400 ns, Reaching safepoint: 543900 ns, At safepoint: 4200 ns, Total: 548100 ns
[2022-04-08T18:34:08.594+0000][12720][safepoint   ] Safepoint "Cleanup", Time since last: 2015067800 ns, Reaching safepoint: 44200 ns, At safepoint: 7600 ns, Total: 51800 ns
[2022-04-08T18:34:11.614+0000][12720][safepoint   ] Safepoint "Cleanup", Time since last: 3020002400 ns, Reaching safepoint: 51600 ns, At safepoint: 8500 ns, Total: 60100 ns
[2022-04-08T18:34:13.645+0000][12720][safepoint   ] Safepoint "Cleanup", Time since last: 2030533100 ns, Reaching safepoint: 51300 ns, At safepoint: 10800 ns, Total: 62100 ns
[2022-04-08T18:34:14.646+0000][12720][safepoint   ] Safepoint "Cleanup", Time since last: 1001218200 ns, Reaching safepoint: 45400 ns, At safepoint: 7200 ns, Total: 52600 ns
[2022-04-08T18:34:16.663+0000][12720][safepoint   ] Safepoint "Cleanup", Time since last: 2016402700 ns, Reaching safepoint: 77600 ns, At safepoint: 8200 ns, Total: 85800 ns
[2022-04-08T18:34:17.664+0000][12720][safepoint   ] Safepoint "Cleanup", Time since last: 1000852200 ns, Reaching safepoint: 57400 ns, At safepoint: 12300 ns, Total: 69700 ns
[2022-04-08T18:34:18.664+0000][12720][safepoint   ] Safepoint "Cleanup", Time since last: 1000035900 ns, Reaching safepoint: 49500 ns, At safepoint: 6800 ns, Total: 56300 ns
[2022-04-08T18:34:20.667+0000][12720][safepoint   ] Safepoint "Cleanup", Time since last: 2002889700 ns, Reaching safepoint: 50600 ns, At safepoint: 9200 ns, Total: 59800 ns
[2022-04-08T18:34:21.807+0000][12720][safepoint   ] Safepoint "Cleanup", Time since last: 1140770100 ns, Reaching safepoint: 82000 ns, At safepoint: 8400 ns, Total: 90400 ns
[2022-04-08T18:34:23.541+0000][12720][safepoint   ] Safepoint "Cleanup", Time since last: 1744586500 ns, Reaching safepoint: 25600 ns, At safepoint: 12400 ns, Total: 38000 ns
[2022-04-08T18:34:25.563+0000][12720][safepoint   ] Safepoint "Cleanup", Time since last: 2010920900 ns, Reaching safepoint: 60300 ns, At safepoint: 8400 ns, Total: 68700 ns
[2022-04-08T18:34:26.574+0000][12720][safepoint   ] Safepoint "Cleanup", Time since last: 1011052100 ns, Reaching safepoint: 54600 ns, At safepoint: 10600 ns, Total: 65200 ns
[2022-04-08T18:34:29.612+0000][12720][safepoint   ] Safepoint "Cleanup", Time since last: 3037973300 ns, Reaching safepoint: 58600 ns, At safepoint: 6200 ns, Total: 64800 ns
[2022-04-08T18:34:30.628+0000][12720][safepoint   ] Safepoint "Cleanup", Time since last: 1015202100 ns, Reaching safepoint: 54700 ns, At safepoint: 6000 ns, Total: 60700 ns
[2022-04-08T18:34:31.628+0000][12720][safepoint   ] Safepoint "Cleanup", Time since last: 1000277200 ns, Reaching safepoint: 50100 ns, At safepoint: 8700 ns, Total: 58800 ns
[2022-04-08T18:34:32.643+0000][12720][safepoint   ] Safepoint "Cleanup", Time since last: 1014961900 ns, Reaching safepoint: 52600 ns, At safepoint: 5900 ns, Total: 58500 ns
[2022-04-08T18:34:33.654+0000][12720][safepoint   ] Safepoint "Cleanup", Time since last: 1011209700 ns, Reaching safepoint: 47700 ns, At safepoint: 9100 ns, Total: 56800 ns
[2022-04-08T18:34:35.676+0000][12720][safepoint   ] Safepoint "Cleanup", Time since last: 2021415000 ns, Reaching safepoint: 48300 ns, At safepoint: 6400 ns, Total: 54700 ns
[2022-04-08T18:34:36.691+0000][12720][safepoint   ] Safepoint "Cleanup", Time since last: 1015300700 ns, Reaching safepoint: 48100 ns, At safepoint: 7400 ns, Total: 55500 ns
[2022-04-08T18:34:38.722+0000][12720][safepoint   ] Safepoint "Cleanup", Time since last: 2030628300 ns, Reaching safepoint: 54900 ns, At safepoint: 15100 ns, Total: 70000 ns
[2022-04-08T18:34:41.741+0000][12720][safepoint   ] Safepoint "Cleanup", Time since last: 3019195100 ns, Reaching safepoint: 50500 ns, At safepoint: 7400 ns, Total: 57900 ns
[2022-04-08T18:34:43.767+0000][12720][safepoint   ] Safepoint "Cleanup", Time since last: 2025863300 ns, Reaching safepoint: 56900 ns, At safepoint: 15800 ns, Total: 72700 ns
[2022-04-08T18:34:44.768+0000][12720][safepoint   ] Safepoint "Cleanup", Time since last: 1001484600 ns, Reaching safepoint: 49600 ns, At safepoint: 5700 ns, Total: 55300 ns
[2022-04-08T18:34:46.794+0000][12720][safepoint   ] Safepoint "Cleanup", Time since last: 2025401700 ns, Reaching safepoint: 48000 ns, At safepoint: 8000 ns, Total: 56000 ns
[2022-04-08T18:34:47.794+0000][12720][safepoint   ] Safepoint "Cleanup", Time since last: 1000252300 ns, Reaching safepoint: 82400 ns, At safepoint: 7500 ns, Total: 89900 ns
[2022-04-08T18:34:48.805+0000][12720][safepoint   ] Safepoint "Cleanup", Time since last: 1010463900 ns, Reaching safepoint: 51300 ns, At safepoint: 5200 ns, Total: 56500 ns
[2022-04-08T18:34:50.820+0000][12720][safepoint   ] Safepoint "Cleanup", Time since last: 2015683100 ns, Reaching safepoint: 62500 ns, At safepoint: 13800 ns, Total: 76300 ns
[2022-04-08T18:34:51.829+0000][12720][safepoint   ] Safepoint "Cleanup", Time since last: 1008575800 ns, Reaching safepoint: 47300 ns, At safepoint: 6200 ns, Total: 53500 ns
[2022-04-08T18:34:53.840+0000][12720][safepoint   ] Safepoint "Cleanup", Time since last: 2010482100 ns, Reaching safepoint: 53000 ns, At safepoint: 8400 ns, Total: 61400 ns
[2022-04-08T18:34:54.845+0000][12720][safepoint   ] Safepoint "Cleanup", Time since last: 1005826700 ns, Reaching safepoint: 52600 ns, At safepoint: 6000 ns, Total: 58600 ns
[2022-04-08T18:34:56.857+0000][12720][safepoint   ] Safepoint "Cleanup", Time since last: 2011471700 ns, Reaching safepoint: 62100 ns, At safepoint: 20300 ns, Total: 82400 ns
[2022-04-08T18:34:58.882+0000][12720][safepoint   ] Safepoint "Cleanup", Time since last: 2024899100 ns, Reaching safepoint: 111000 ns, At safepoint: 4900 ns, Total: 115900 ns
[2022-04-08T18:34:59.884+0000][12720][safepoint   ] Safepoint "Cleanup", Time since last: 1001695500 ns, Reaching safepoint: 50000 ns, At safepoint: 5400 ns, Total: 55400 ns
[2022-04-08T18:35:01.900+0000][12720][safepoint   ] Safepoint "Cleanup", Time since last: 2015988800 ns, Reaching safepoint: 51700 ns, At safepoint: 5800 ns, Total: 57500 ns
[2022-04-08T18:35:02.915+0000][12720][safepoint   ] Safepoint "Cleanup", Time since last: 1015297000 ns, Reaching safepoint: 55300 ns, At safepoint: 6300 ns, Total: 61600 ns
[2022-04-08T18:35:03.926+0000][12720][safepoint   ] Safepoint "Cleanup", Time since last: 1010771000 ns, Reaching safepoint: 50100 ns, At safepoint: 7200 ns, Total: 57300 ns
[2022-04-08T18:35:05.952+0000][12720][safepoint   ] Safepoint "Cleanup", Time since last: 2026141100 ns, Reaching safepoint: 46200 ns, At safepoint: 11400 ns, Total: 57600 ns
[2022-04-08T18:35:06.967+0000][12720][safepoint   ] Safepoint "Cleanup", Time since last: 1015164300 ns, Reaching safepoint: 58500 ns, At safepoint: 9200 ns, Total: 67700 ns
[2022-04-08T18:35:08.994+0000][12720][safepoint   ] Safepoint "Cleanup", Time since last: 2026482300 ns, Reaching safepoint: 50300 ns, At safepoint: 5900 ns, Total: 56200 ns
[2022-04-08T18:35:12.025+0000][12720][safepoint   ] Safepoint "Cleanup", Time since last: 3030873400 ns, Reaching safepoint: 60100 ns, At safepoint: 7700 ns, Total: 67800 ns
[2022-04-08T18:35:14.051+0000][12720][safepoint   ] Safepoint "Cleanup", Time since last: 2026346100 ns, Reaching safepoint: 128900 ns, At safepoint: 4600 ns, Total: 133500 ns
[2022-04-08T18:35:15.067+0000][12720][safepoint   ] Safepoint "Cleanup", Time since last: 1015215200 ns, Reaching safepoint: 51600 ns, At safepoint: 7500 ns, Total: 59100 ns
[2022-04-08T18:35:17.084+0000][12720][safepoint   ] Safepoint "Cleanup", Time since last: 2017468300 ns, Reaching safepoint: 45900 ns, At safepoint: 4600 ns, Total: 50500 ns
[2022-04-08T18:35:18.090+0000][12720][safepoint   ] Safepoint "Cleanup", Time since last: 1006181800 ns, Reaching safepoint: 57600 ns, At safepoint: 6000 ns, Total: 63600 ns
[2022-04-08T18:35:19.100+0000][12720][safepoint   ] Safepoint "Cleanup", Time since last: 1009839900 ns, Reaching safepoint: 48200 ns, At safepoint: 5800 ns, Total: 54000 ns
[2022-04-08T18:35:21.131+0000][12720][safepoint   ] Safepoint "Cleanup", Time since last: 2030784000 ns, Reaching safepoint: 51300 ns, At safepoint: 6700 ns, Total: 58000 ns
[2022-04-08T18:35:22.146+0000][12720][safepoint   ] Safepoint "Cleanup", Time since last: 1015259300 ns, Reaching safepoint: 51600 ns, At safepoint: 4400 ns, Total: 56000 ns
[2022-04-08T18:35:24.159+0000][12720][safepoint   ] Safepoint "Cleanup", Time since last: 2012236100 ns, Reaching safepoint: 47900 ns, At safepoint: 6100 ns, Total: 54000 ns
[2022-04-08T18:35:25.159+0000][12720][safepoint   ] Safepoint "Cleanup", Time since last: 1000249100 ns, Reaching safepoint: 54200 ns, At safepoint: 7000 ns, Total: 61200 ns
[2022-04-08T18:35:27.163+0000][12720][safepoint   ] Safepoint "Cleanup", Time since last: 2003540300 ns, Reaching safepoint: 49700 ns, At safepoint: 8500 ns, Total: 58200 ns
[2022-04-08T18:35:29.178+0000][12720][safepoint   ] Safepoint "Cleanup", Time since last: 2015667100 ns, Reaching safepoint: 63500 ns, At safepoint: 9900 ns, Total: 73400 ns
[2022-04-08T18:35:30.194+0000][12720][safepoint   ] Safepoint "Cleanup", Time since last: 1015031000 ns, Reaching safepoint: 61500 ns, At safepoint: 14600 ns, Total: 76100 ns
[2022-04-08T18:35:32.197+0000][12720][safepoint   ] Safepoint "Cleanup", Time since last: 2003309100 ns, Reaching safepoint: 45300 ns, At safepoint: 9300 ns, Total: 54600 ns
[2022-04-08T18:35:33.212+0000][12720][safepoint   ] Safepoint "Cleanup", Time since last: 1015012900 ns, Reaching safepoint: 158300 ns, At safepoint: 27300 ns, Total: 185600 ns
[2022-04-08T18:35:34.223+0000][12720][safepoint   ] Safepoint "Cleanup", Time since last: 1011066400 ns, Reaching safepoint: 51000 ns, At safepoint: 12500 ns, Total: 63500 ns
[2022-04-08T18:35:36.230+0000][12720][safepoint   ] Safepoint "Cleanup", Time since last: 2006377300 ns, Reaching safepoint: 68200 ns, At safepoint: 9800 ns, Total: 78000 ns
[2022-04-08T18:35:37.239+0000][12720][safepoint   ] Safepoint "Cleanup", Time since last: 1009057100 ns, Reaching safepoint: 54400 ns, At safepoint: 10200 ns, Total: 64600 ns
[2022-04-08T18:35:39.254+0000][12720][safepoint   ] Safepoint "Cleanup", Time since last: 2015632200 ns, Reaching safepoint: 48400 ns, At safepoint: 10900 ns, Total: 59300 ns
[2022-04-08T18:35:42.274+0000][12720][safepoint   ] Safepoint "Cleanup", Time since last: 3019260700 ns, Reaching safepoint: 48800 ns, At safepoint: 7100 ns, Total: 55900 ns
[2022-04-08T18:35:43.281+0000][12720][safepoint   ] Safepoint "Cleanup", Time since last: 1007010100 ns, Reaching safepoint: 53700 ns, At safepoint: 13500 ns, Total: 67200 ns
[2022-04-08T18:35:44.282+0000][12720][safepoint   ] Safepoint "Cleanup", Time since last: 1001191600 ns, Reaching safepoint: 51700 ns, At safepoint: 23300 ns, Total: 75000 ns
[2022-04-08T18:35:45.297+0000][12720][safepoint   ] Safepoint "Cleanup", Time since last: 1015259900 ns, Reaching safepoint: 47000 ns, At safepoint: 15600 ns, Total: 62600 ns
[2022-04-08T18:35:47.315+0000][12720][safepoint   ] Safepoint "Cleanup", Time since last: 2017066100 ns, Reaching safepoint: 49500 ns, At safepoint: 5300 ns, Total: 54800 ns
[2022-04-08T18:35:48.330+0000][12720][safepoint   ] Safepoint "Cleanup", Time since last: 1015230100 ns, Reaching safepoint: 53000 ns, At safepoint: 6100 ns, Total: 59100 ns
[2022-04-08T18:35:49.331+0000][12720][safepoint   ] Safepoint "Cleanup", Time since last: 1001134900 ns, Reaching safepoint: 52800 ns, At safepoint: 10700 ns, Total: 63500 ns
[2022-04-08T18:35:51.349+0000][12720][safepoint   ] Safepoint "Cleanup", Time since last: 2017887200 ns, Reaching safepoint: 45400 ns, At safepoint: 8700 ns, Total: 54100 ns
[2022-04-08T18:35:52.364+0000][12720][safepoint   ] Safepoint "Cleanup", Time since last: 1015338100 ns, Reaching safepoint: 45800 ns, At safepoint: 7400 ns, Total: 53200 ns
[2022-04-08T18:35:54.391+0000][12720][safepoint   ] Safepoint "Cleanup", Time since last: 2026436400 ns, Reaching safepoint: 115900 ns, At safepoint: 5700 ns, Total: 121600 ns
[2022-04-08T18:35:55.406+0000][12720][safepoint   ] Safepoint "Cleanup", Time since last: 1015201600 ns, Reaching safepoint: 66200 ns, At safepoint: 6900 ns, Total: 73100 ns
[2022-04-08T18:35:56.409+0000][12720][safepoint   ] Safepoint "Cleanup", Time since last: 1002993600 ns, Reaching safepoint: 56500 ns, At safepoint: 10500 ns, Total: 67000 ns
[2022-04-08T18:35:57.425+0000][12720][safepoint   ] Safepoint "Cleanup", Time since last: 1015447000 ns, Reaching safepoint: 57000 ns, At safepoint: 8100 ns, Total: 65100 ns
[2022-04-08T18:35:59.433+0000][12720][safepoint   ] Safepoint "Cleanup", Time since last: 2007685100 ns, Reaching safepoint: 49500 ns, At safepoint: 8200 ns, Total: 57700 ns
[2022-04-08T18:36:00.448+0000][12720][safepoint   ] Safepoint "Cleanup", Time since last: 1015280000 ns, Reaching safepoint: 130900 ns, At safepoint: 5500 ns, Total: 136400 ns
[2022-04-08T18:36:01.450+0000][12720][safepoint   ] Safepoint "Cleanup", Time since last: 1001893000 ns, Reaching safepoint: 50900 ns, At safepoint: 11300 ns, Total: 62200 ns
[2022-04-08T18:36:03.481+0000][12720][safepoint   ] Safepoint "Cleanup", Time since last: 2030603500 ns, Reaching safepoint: 41700 ns, At safepoint: 7800 ns, Total: 49500 ns
[2022-04-08T18:36:04.482+0000][12720][safepoint   ] Safepoint "Cleanup", Time since last: 1000964600 ns, Reaching safepoint: 50800 ns, At safepoint: 5200 ns, Total: 56000 ns
[2022-04-08T18:36:06.500+0000][12720][safepoint   ] Safepoint "Cleanup", Time since last: 2017844800 ns, Reaching safepoint: 50100 ns, At safepoint: 8100 ns, Total: 58200 ns
[2022-04-08T18:36:09.526+0000][12720][safepoint   ] Safepoint "Cleanup", Time since last: 3026008800 ns, Reaching safepoint: 56100 ns, At safepoint: 5000 ns, Total: 61100 ns
[2022-04-08T18:36:12.544+0000][12720][safepoint   ] Safepoint "Cleanup", Time since last: 3018355500 ns, Reaching safepoint: 112300 ns, At safepoint: 4900 ns, Total: 117200 ns
[2022-04-08T18:36:14.560+0000][12720][safepoint   ] Safepoint "Cleanup", Time since last: 2015959200 ns, Reaching safepoint: 48300 ns, At safepoint: 10900 ns, Total: 59200 ns
[2022-04-08T18:36:16.563+0000][12720][safepoint   ] Safepoint "Cleanup", Time since last: 2002844400 ns, Reaching safepoint: 52100 ns, At safepoint: 4500 ns, Total: 56600 ns
[2022-04-08T18:36:18.590+0000][12720][safepoint   ] Safepoint "Cleanup", Time since last: 2026484700 ns, Reaching safepoint: 50100 ns, At safepoint: 8100 ns, Total: 58200 ns
[2022-04-08T18:36:19.590+0000][12720][safepoint   ] Safepoint "Cleanup", Time since last: 1000772100 ns, Reaching safepoint: 52700 ns, At safepoint: 8700 ns, Total: 61400 ns
[2022-04-08T18:36:20.606+0000][12720][safepoint   ] Safepoint "Cleanup", Time since last: 1015344100 ns, Reaching safepoint: 59600 ns, At safepoint: 6400 ns, Total: 66000 ns
[2022-04-08T18:36:21.609+0000][12720][safepoint   ] Safepoint "Cleanup", Time since last: 1003001600 ns, Reaching safepoint: 49800 ns, At safepoint: 5500 ns, Total: 55300 ns
[2022-04-08T18:36:24.648+0000][12720][safepoint   ] Safepoint "Cleanup", Time since last: 3038968700 ns, Reaching safepoint: 56500 ns, At safepoint: 5800 ns, Total: 62300 ns
[2022-04-08T18:36:25.649+0000][12720][safepoint   ] Safepoint "Cleanup", Time since last: 1001247100 ns, Reaching safepoint: 55900 ns, At safepoint: 10000 ns, Total: 65900 ns
[2022-04-08T18:36:26.650+0000][12720][safepoint   ] Safepoint "Cleanup", Time since last: 1000367200 ns, Reaching safepoint: 47800 ns, At safepoint: 8700 ns, Total: 56500 ns
[2022-04-08T18:36:27.665+0000][12720][safepoint   ] Safepoint "Cleanup", Time since last: 1015399200 ns, Reaching safepoint: 51400 ns, At safepoint: 8500 ns, Total: 59900 ns
[2022-04-08T18:36:29.681+0000][12720][safepoint   ] Safepoint "Cleanup", Time since last: 2016242100 ns, Reaching safepoint: 47600 ns, At safepoint: 7700 ns, Total: 55300 ns
[2022-04-08T18:36:30.684+0000][12720][safepoint   ] Safepoint "Cleanup", Time since last: 1002731100 ns, Reaching safepoint: 65700 ns, At safepoint: 11900 ns, Total: 77600 ns
[2022-04-08T18:36:31.700+0000][12720][safepoint   ] Safepoint "Cleanup", Time since last: 1015310600 ns, Reaching safepoint: 47700 ns, At safepoint: 7400 ns, Total: 55100 ns
[2022-04-08T18:36:33.716+0000][12720][safepoint   ] Safepoint "Cleanup", Time since last: 2017118100 ns, Reaching safepoint: 113700 ns, At safepoint: 4800 ns, Total: 118500 ns
[2022-04-08T18:36:34.717+0000][12720][safepoint   ] Safepoint "Cleanup", Time since last: 1000520600 ns, Reaching safepoint: 55700 ns, At safepoint: 10500 ns, Total: 66200 ns
[2022-04-08T18:36:36.731+0000][12720][safepoint   ] Safepoint "Cleanup", Time since last: 2013657100 ns, Reaching safepoint: 61800 ns, At safepoint: 11000 ns, Total: 72800 ns
[2022-04-08T18:36:39.734+0000][12720][safepoint   ] Safepoint "Cleanup", Time since last: 3002726100 ns, Reaching safepoint: 40000 ns, At safepoint: 4900 ns, Total: 44900 ns
[2022-04-08T18:36:41.736+0000][12720][safepoint   ] Safepoint "Cleanup", Time since last: 2002259900 ns, Reaching safepoint: 101200 ns, At safepoint: 10900 ns, Total: 112100 ns
[2022-04-08T18:36:44.784+0000][12720][safepoint   ] Safepoint "Cleanup", Time since last: 3047461000 ns, Reaching safepoint: 44000 ns, At safepoint: 8500 ns, Total: 52500 ns
[2022-04-08T18:36:45.785+0000][12720][safepoint   ] Safepoint "Cleanup", Time since last: 1000779200 ns, Reaching safepoint: 70600 ns, At safepoint: 8600 ns, Total: 79200 ns
[2022-04-08T18:36:46.800+0000][12720][safepoint   ] Safepoint "Cleanup", Time since last: 1015394700 ns, Reaching safepoint: 50900 ns, At safepoint: 6600 ns, Total: 57500 ns
[2022-04-08T18:36:48.817+0000][12720][safepoint   ] Safepoint "Cleanup", Time since last: 2016737300 ns, Reaching safepoint: 43200 ns, At safepoint: 8200 ns, Total: 51400 ns
[2022-04-08T18:36:49.832+0000][12720][safepoint   ] Safepoint "Cleanup", Time since last: 1015296900 ns, Reaching safepoint: 53000 ns, At safepoint: 6800 ns, Total: 59800 ns
[2022-04-08T18:36:51.849+0000][12720][safepoint   ] Safepoint "Cleanup", Time since last: 2017173600 ns, Reaching safepoint: 46600 ns, At safepoint: 5200 ns, Total: 51800 ns
[2022-04-08T18:36:54.855+0000][12720][safepoint   ] Safepoint "Cleanup", Time since last: 3005768300 ns, Reaching safepoint: 54900 ns, At safepoint: 15000 ns, Total: 69900 ns
[2022-04-08T18:36:56.872+0000][12720][safepoint   ] Safepoint "Cleanup", Time since last: 2016627200 ns, Reaching safepoint: 43800 ns, At safepoint: 5200 ns, Total: 49000 ns
[2022-04-08T18:36:59.893+0000][12720][safepoint   ] Safepoint "Cleanup", Time since last: 3021012000 ns, Reaching safepoint: 51400 ns, At safepoint: 9900 ns, Total: 61300 ns
[2022-04-08T18:37:01.906+0000][12720][safepoint   ] Safepoint "Cleanup", Time since last: 2013418400 ns, Reaching safepoint: 46800 ns, At safepoint: 7100 ns, Total: 53900 ns
[2022-04-08T18:37:02.922+0000][12720][safepoint   ] Safepoint "Cleanup", Time since last: 1015295500 ns, Reaching safepoint: 50300 ns, At safepoint: 6600 ns, Total: 56900 ns
[2022-04-08T18:37:04.938+0000][12720][safepoint   ] Safepoint "Cleanup", Time since last: 2016333600 ns, Reaching safepoint: 49500 ns, At safepoint: 6100 ns, Total: 55600 ns
[2022-04-08T18:37:05.946+0000][12720][safepoint   ] Safepoint "Cleanup", Time since last: 1007829700 ns, Reaching safepoint: 79000 ns, At safepoint: 12500 ns, Total: 91500 ns
[2022-04-08T18:37:06.961+0000][12720][safepoint   ] Safepoint "Cleanup", Time since last: 1015315200 ns, Reaching safepoint: 44400 ns, At safepoint: 5600 ns, Total: 50000 ns
[2022-04-08T18:37:08.988+0000][12720][safepoint   ] Safepoint "Cleanup", Time since last: 2025992800 ns, Reaching safepoint: 46900 ns, At safepoint: 7900 ns, Total: 54800 ns
[2022-04-08T18:37:10.003+0000][12720][safepoint   ] Safepoint "Cleanup", Time since last: 1015207700 ns, Reaching safepoint: 44000 ns, At safepoint: 58300 ns, Total: 102300 ns
[2022-04-08T18:37:12.019+0000][12720][safepoint   ] Safepoint "Cleanup", Time since last: 2015725200 ns, Reaching safepoint: 51800 ns, At safepoint: 17600 ns, Total: 69400 ns
[2022-04-08T18:37:15.045+0000][12720][safepoint   ] Safepoint "Cleanup", Time since last: 3026417300 ns, Reaching safepoint: 124500 ns, At safepoint: 5100 ns, Total: 129600 ns
[2022-04-08T18:37:17.061+0000][12720][safepoint   ] Safepoint "Cleanup", Time since last: 2016172300 ns, Reaching safepoint: 43400 ns, At safepoint: 5100 ns, Total: 48500 ns
[2022-04-08T18:37:18.077+0000][12720][safepoint   ] Safepoint "Cleanup", Time since last: 1015112500 ns, Reaching safepoint: 48700 ns, At safepoint: 8300 ns, Total: 57000 ns
[2022-04-08T18:37:19.087+0000][12720][safepoint   ] Safepoint "Cleanup", Time since last: 1010616900 ns, Reaching safepoint: 46600 ns, At safepoint: 5500 ns, Total: 52100 ns
[2022-04-08T18:37:21.088+0000][12720][safepoint   ] Safepoint "Cleanup", Time since last: 2000448000 ns, Reaching safepoint: 54800 ns, At safepoint: 10200 ns, Total: 65000 ns
[2022-04-08T18:37:22.103+0000][12720][safepoint   ] Safepoint "Cleanup", Time since last: 1015335600 ns, Reaching safepoint: 485100 ns, At safepoint: 8800 ns, Total: 493900 ns
[2022-04-08T18:37:24.120+0000][12720][safepoint   ] Safepoint "Cleanup", Time since last: 2016129300 ns, Reaching safepoint: 59700 ns, At safepoint: 10600 ns, Total: 70300 ns
[2022-04-08T18:37:25.135+0000][12720][safepoint   ] Safepoint "Cleanup", Time since last: 1014874300 ns, Reaching safepoint: 47400 ns, At safepoint: 5000 ns, Total: 52400 ns
[2022-04-08T18:37:27.161+0000][12720][safepoint   ] Safepoint "Cleanup", Time since last: 2026287500 ns, Reaching safepoint: 50200 ns, At safepoint: 5200 ns, Total: 55400 ns
[2022-04-08T18:37:29.187+0000][12720][safepoint   ] Safepoint "Cleanup", Time since last: 2026292300 ns, Reaching safepoint: 79000 ns, At safepoint: 10600 ns, Total: 89600 ns
[2022-04-08T18:37:30.203+0000][12720][safepoint   ] Safepoint "Cleanup", Time since last: 1015266400 ns, Reaching safepoint: 47700 ns, At safepoint: 7300 ns, Total: 55000 ns
[2022-04-08T18:37:32.218+0000][12720][safepoint   ] Safepoint "Cleanup", Time since last: 2015592000 ns, Reaching safepoint: 46000 ns, At safepoint: 15400 ns, Total: 61400 ns
[2022-04-08T18:37:33.234+0000][12720][safepoint   ] Safepoint "Cleanup", Time since last: 1015276700 ns, Reaching safepoint: 56400 ns, At safepoint: 13100 ns, Total: 69500 ns
[2022-04-08T18:37:34.240+0000][12720][safepoint   ] Safepoint "Cleanup", Time since last: 1006331600 ns, Reaching safepoint: 54500 ns, At safepoint: 6400 ns, Total: 60900 ns
[2022-04-08T18:37:36.266+0000][12720][safepoint   ] Safepoint "Cleanup", Time since last: 2025811800 ns, Reaching safepoint: 46700 ns, At safepoint: 17100 ns, Total: 63800 ns
[2022-04-08T18:37:37.281+0000][12720][safepoint   ] Safepoint "Cleanup", Time since last: 1015032700 ns, Reaching safepoint: 44800 ns, At safepoint: 16800 ns, Total: 61600 ns
[2022-04-08T18:37:39.292+0000][12720][safepoint   ] Safepoint "Cleanup", Time since last: 2010482200 ns, Reaching safepoint: 111800 ns, At safepoint: 4400 ns, Total: 116200 ns
[2022-04-08T18:37:42.323+0000][12720][safepoint   ] Safepoint "Cleanup", Time since last: 3031089600 ns, Reaching safepoint: 52100 ns, At safepoint: 9600 ns, Total: 61700 ns
[2022-04-08T18:37:44.349+0000][12720][safepoint   ] Safepoint "Cleanup", Time since last: 2025551800 ns, Reaching safepoint: 39700 ns, At safepoint: 6200 ns, Total: 45900 ns
[2022-04-08T18:37:45.349+0000][12720][safepoint   ] Safepoint "Cleanup", Time since last: 1000028800 ns, Reaching safepoint: 50900 ns, At safepoint: 7600 ns, Total: 58500 ns
[2022-04-08T18:37:47.359+0000][12720][safepoint   ] Safepoint "Cleanup", Time since last: 2010360500 ns, Reaching safepoint: 46100 ns, At safepoint: 6400 ns, Total: 52500 ns
[2022-04-08T18:37:49.370+0000][12720][safepoint   ] Safepoint "Cleanup", Time since last: 2010825200 ns, Reaching safepoint: 53900 ns, At safepoint: 7800 ns, Total: 61700 ns
[2022-04-08T18:37:51.386+0000][12720][safepoint   ] Safepoint "Cleanup", Time since last: 2016050000 ns, Reaching safepoint: 42900 ns, At safepoint: 6600 ns, Total: 49500 ns
[2022-04-08T18:37:52.401+0000][12720][safepoint   ] Safepoint "Cleanup", Time since last: 1015276000 ns, Reaching safepoint: 45900 ns, At safepoint: 9000 ns, Total: 54900 ns
[2022-04-08T18:37:54.409+0000][12720][safepoint   ] Safepoint "Cleanup", Time since last: 2007623900 ns, Reaching safepoint: 50900 ns, At safepoint: 19000 ns, Total: 69900 ns
[2022-04-08T18:37:55.424+0000][12720][safepoint   ] Safepoint "Cleanup", Time since last: 1015311200 ns, Reaching safepoint: 50000 ns, At safepoint: 4900 ns, Total: 54900 ns
[2022-04-08T18:37:57.436+0000][12720][safepoint   ] Safepoint "Cleanup", Time since last: 2011466500 ns, Reaching safepoint: 42100 ns, At safepoint: 15000 ns, Total: 57100 ns
[2022-04-08T18:37:59.458+0000][12720][safepoint   ] Safepoint "Cleanup", Time since last: 2022414600 ns, Reaching safepoint: 62300 ns, At safepoint: 16700 ns, Total: 79000 ns
[2022-04-08T18:38:00.473+0000][12720][safepoint   ] Safepoint "Cleanup", Time since last: 1014896700 ns, Reaching safepoint: 58300 ns, At safepoint: 20100 ns, Total: 78400 ns
[2022-04-08T18:38:02.495+0000][12720][safepoint   ] Safepoint "Cleanup", Time since last: 2021995200 ns, Reaching safepoint: 122000 ns, At safepoint: 56500 ns, Total: 178500 ns
[2022-04-08T18:38:06.578+0000][12720][gc,start    ] GC(16) Pause Young (Normal) (G1 Evacuation Pause)
[2022-04-08T18:38:06.578+0000][12720][gc,task     ] GC(16) Using 4 workers of 4 for evacuation
[2022-04-08T18:38:06.578+0000][12720][gc,age      ] GC(16) Desired survivor size 320864256 bytes, new threshold 15 (max threshold 15)
[2022-04-08T18:38:06.610+0000][12720][gc,age      ] GC(16) Age table with threshold 15 (max threshold 15)
[2022-04-08T18:38:06.610+0000][12720][gc,age      ] GC(16) - age   1:    2489448 bytes,    2489448 total
[2022-04-08T18:38:06.610+0000][12720][gc,age      ] GC(16) - age   2:    2015520 bytes,    4504968 total
[2022-04-08T18:38:06.610+0000][12720][gc,age      ] GC(16) - age   3:    4686992 bytes,    9191960 total
[2022-04-08T18:38:06.610+0000][12720][gc,age      ] GC(16) - age   4:   22911048 bytes,   32103008 total
[2022-04-08T18:38:06.610+0000][12720][gc,phases   ] GC(16)   Pre Evacuate Collection Set: 0.1ms
[2022-04-08T18:38:06.610+0000][12720][gc,phases   ] GC(16)   Merge Heap Roots: 0.1ms
[2022-04-08T18:38:06.610+0000][12720][gc,phases   ] GC(16)   Evacuate Collection Set: 21.4ms
[2022-04-08T18:38:06.610+0000][12720][gc,phases   ] GC(16)   Post Evacuate Collection Set: 4.5ms
[2022-04-08T18:38:06.610+0000][12720][gc,phases   ] GC(16)   Other: 0.5ms
[2022-04-08T18:38:06.610+0000][12720][gc,heap     ] GC(16) Eden regions: 1211->0(1211)
[2022-04-08T18:38:06.610+0000][12720][gc,heap     ] GC(16) Survivor regions: 9->9(153)
[2022-04-08T18:38:06.610+0000][12720][gc,heap     ] GC(16) Old regions: 17->17
[2022-04-08T18:38:06.610+0000][12720][gc,heap     ] GC(16) Archive regions: 0->0
[2022-04-08T18:38:06.610+0000][12720][gc,heap     ] GC(16) Humongous regions: 5->5
[2022-04-08T18:38:06.610+0000][12720][gc,metaspace] GC(16) Metaspace: 126427K(128512K)->126427K(128512K) NonClass: 109511K(110720K)->109511K(110720K) Class: 16915K(17792K)->16915K(17792K)
[2022-04-08T18:38:06.610+0000][12720][gc          ] GC(16) Pause Young (Normal) (G1 Evacuation Pause) 4965M->120M(8136M) 26.792ms
[2022-04-08T18:38:06.610+0000][12720][gc,cpu      ] GC(16) User=0.09s Sys=0.03s Real=0.03s
[2022-04-08T18:38:06.610+0000][12720][safepoint   ] Safepoint "G1CollectForAllocation", Time since last: 4092675100 ns, Reaching safepoint: 113900 ns, At safepoint: 26881200 ns, Total: 26995100 ns
[2022-04-08T18:38:18.723+0000][12720][safepoint   ] Safepoint "Cleanup", Time since last: 12107936400 ns, Reaching safepoint: 51300 ns, At safepoint: 4700 ns, Total: 56000 ns
[2022-04-08T18:38:20.733+0000][12720][safepoint   ] Safepoint "Cleanup", Time since last: 2010178600 ns, Reaching safepoint: 38500 ns, At safepoint: 6100 ns, Total: 44600 ns
[2022-04-08T18:38:29.836+0000][12720][safepoint   ] Safepoint "Cleanup", Time since last: 9102786000 ns, Reaching safepoint: 56500 ns, At safepoint: 14600 ns, Total: 71100 ns
[2022-04-08T18:38:31.852+0000][12720][safepoint   ] Safepoint "Cleanup", Time since last: 2016065800 ns, Reaching safepoint: 47200 ns, At safepoint: 18900 ns, Total: 66100 ns
[2022-04-08T18:38:36.905+0000][12720][safepoint   ] Safepoint "Cleanup", Time since last: 5052657200 ns, Reaching safepoint: 61200 ns, At safepoint: 57500 ns, Total: 118700 ns
[2022-04-08T18:38:42.965+0000][12720][safepoint   ] Safepoint "Cleanup", Time since last: 6059589300 ns, Reaching safepoint: 59100 ns, At safepoint: 10700 ns, Total: 69800 ns
[2022-04-08T18:38:46.002+0000][12720][safepoint   ] Safepoint "Cleanup", Time since last: 3037196500 ns, Reaching safepoint: 51100 ns, At safepoint: 14600 ns, Total: 65700 ns
[2022-04-08T18:38:49.043+0000][12720][safepoint   ] Safepoint "Cleanup", Time since last: 3041198800 ns, Reaching safepoint: 52900 ns, At safepoint: 9600 ns, Total: 62500 ns
[2022-04-08T18:38:56.094+0000][12720][safepoint   ] Safepoint "Cleanup", Time since last: 7050803800 ns, Reaching safepoint: 51800 ns, At safepoint: 9100 ns, Total: 60900 ns
[2022-04-08T18:38:58.125+0000][12720][safepoint   ] Safepoint "Cleanup", Time since last: 2030631900 ns, Reaching safepoint: 62500 ns, At safepoint: 16600 ns, Total: 79100 ns
[2022-04-08T18:39:01.145+0000][12720][safepoint   ] Safepoint "Cleanup", Time since last: 3020261700 ns, Reaching safepoint: 47900 ns, At safepoint: 18200 ns, Total: 66100 ns
[2022-04-08T18:39:07.218+0000][12720][safepoint   ] Safepoint "Cleanup", Time since last: 6072930300 ns, Reaching safepoint: 61900 ns, At safepoint: 56800 ns, Total: 118700 ns
[2022-04-08T18:39:12.275+0000][12720][safepoint   ] Safepoint "Cleanup", Time since last: 5056719800 ns, Reaching safepoint: 54800 ns, At safepoint: 14400 ns, Total: 69200 ns
[2022-04-08T18:39:13.290+0000][12720][safepoint   ] Safepoint "Cleanup", Time since last: 1014874900 ns, Reaching safepoint: 35600 ns, At safepoint: 2700 ns, Total: 38300 ns
[2022-04-08T18:39:15.316+0000][12720][safepoint   ] Safepoint "Cleanup", Time since last: 2026434500 ns, Reaching safepoint: 92700 ns, At safepoint: 16700 ns, Total: 109400 ns
[2022-04-08T18:39:16.327+0000][12720][safepoint   ] Safepoint "Cleanup", Time since last: 1010488900 ns, Reaching safepoint: 47700 ns, At safepoint: 7000 ns, Total: 54700 ns
[2022-04-08T18:39:21.366+0000][12720][safepoint   ] Safepoint "Cleanup", Time since last: 5038737400 ns, Reaching safepoint: 66200 ns, At safepoint: 43500 ns, Total: 109700 ns
[2022-04-08T18:39:27.421+0000][12720][safepoint   ] Safepoint "Cleanup", Time since last: 6054718600 ns, Reaching safepoint: 43700 ns, At safepoint: 16900 ns, Total: 60600 ns
[2022-04-08T18:39:30.465+0000][12720][safepoint   ] Safepoint "Cleanup", Time since last: 3043778000 ns, Reaching safepoint: 49700 ns, At safepoint: 22400 ns, Total: 72100 ns
[2022-04-08T18:39:31.465+0000][12720][safepoint   ] Safepoint "Cleanup", Time since last: 1000109500 ns, Reaching safepoint: 51400 ns, At safepoint: 15500 ns, Total: 66900 ns
[2022-04-08T18:39:36.531+0000][12720][safepoint   ] Safepoint "Cleanup", Time since last: 5066298100 ns, Reaching safepoint: 63000 ns, At safepoint: 12300 ns, Total: 75300 ns
[2022-04-08T18:39:37.531+0000][12720][safepoint   ] Safepoint "Cleanup", Time since last: 1000055700 ns, Reaching safepoint: 54900 ns, At safepoint: 14700 ns, Total: 69600 ns
[2022-04-08T18:39:39.557+0000][12720][safepoint   ] Safepoint "Cleanup", Time since last: 2026152300 ns, Reaching safepoint: 45000 ns, At safepoint: 57700 ns, Total: 102700 ns
[2022-04-08T18:39:42.579+0000][12720][safepoint   ] Safepoint "Cleanup", Time since last: 3021148900 ns, Reaching safepoint: 51900 ns, At safepoint: 7600 ns, Total: 59500 ns
[2022-04-08T18:39:43.587+0000][12720][safepoint   ] Safepoint "Cleanup", Time since last: 1008247400 ns, Reaching safepoint: 51400 ns, At safepoint: 9700 ns, Total: 61100 ns
[2022-04-08T18:39:48.624+0000][12720][safepoint   ] Safepoint "Cleanup", Time since last: 5037035300 ns, Reaching safepoint: 76300 ns, At safepoint: 7600 ns, Total: 83900 ns
[2022-04-08T18:39:49.635+0000][12720][safepoint   ] Safepoint "Cleanup", Time since last: 1010436100 ns, Reaching safepoint: 63500 ns, At safepoint: 9800 ns, Total: 73300 ns
[2022-04-08T18:39:54.692+0000][12720][safepoint   ] Safepoint "Cleanup", Time since last: 5057787100 ns, Reaching safepoint: 63200 ns, At safepoint: 8800 ns, Total: 72000 ns
[2022-04-08T18:39:55.703+0000][12720][safepoint   ] Safepoint "Cleanup", Time since last: 1010796400 ns, Reaching safepoint: 50300 ns, At safepoint: 7300 ns, Total: 57600 ns
[2022-04-08T18:40:00.737+0000][12720][safepoint   ] Safepoint "Cleanup", Time since last: 5033933500 ns, Reaching safepoint: 41300 ns, At safepoint: 4300 ns, Total: 45600 ns
[2022-04-08T18:40:11.883+0000][12720][safepoint   ] Safepoint "Cleanup", Time since last: 11145940800 ns, Reaching safepoint: 37000 ns, At safepoint: 14200 ns, Total: 51200 ns
[2022-04-08T18:40:12.896+0000][12720][safepoint   ] Safepoint "Cleanup", Time since last: 1012967600 ns, Reaching safepoint: 50900 ns, At safepoint: 6800 ns, Total: 57700 ns
[2022-04-08T18:40:13.908+0000][12720][safepoint   ] Safepoint "Cleanup", Time since last: 1011235900 ns, Reaching safepoint: 57800 ns, At safepoint: 9300 ns, Total: 67100 ns
[2022-04-08T18:40:18.951+0000][12720][safepoint   ] Safepoint "Cleanup", Time since last: 5043790600 ns, Reaching safepoint: 43800 ns, At safepoint: 18100 ns, Total: 61900 ns
[2022-04-08T18:40:20.968+0000][12720][safepoint   ] Safepoint "Cleanup", Time since last: 2016171700 ns, Reaching safepoint: 66900 ns, At safepoint: 16000 ns, Total: 82900 ns
[2022-04-08T18:40:25.006+0000][12720][safepoint   ] Safepoint "Cleanup", Time since last: 4037730200 ns, Reaching safepoint: 92000 ns, At safepoint: 20100 ns, Total: 112100 ns
[2022-04-08T18:40:28.048+0000][12720][safepoint   ] Safepoint "Cleanup", Time since last: 3042117300 ns, Reaching safepoint: 39900 ns, At safepoint: 17900 ns, Total: 57800 ns
[2022-04-08T18:40:37.138+0000][12720][safepoint   ] Safepoint "Cleanup", Time since last: 9090300500 ns, Reaching safepoint: 48300 ns, At safepoint: 14900 ns, Total: 63200 ns
[2022-04-08T18:40:42.180+0000][12720][safepoint   ] Safepoint "Cleanup", Time since last: 5042138900 ns, Reaching safepoint: 60000 ns, At safepoint: 15100 ns, Total: 75100 ns
[2022-04-08T18:40:46.217+0000][12720][safepoint   ] Safepoint "Cleanup", Time since last: 4036216400 ns, Reaching safepoint: 47300 ns, At safepoint: 8800 ns, Total: 56100 ns
[2022-04-08T18:40:49.242+0000][12720][safepoint   ] Safepoint "Cleanup", Time since last: 3025733400 ns, Reaching safepoint: 40900 ns, At safepoint: 4700 ns, Total: 45600 ns
[2022-04-08T18:40:55.279+0000][12720][safepoint   ] Safepoint "Cleanup", Time since last: 6036900800 ns, Reaching safepoint: 45300 ns, At safepoint: 8700 ns, Total: 54000 ns
[2022-04-08T18:40:58.287+0000][12720][safepoint   ] Safepoint "Cleanup", Time since last: 3007526500 ns, Reaching safepoint: 137100 ns, At safepoint: 86000 ns, Total: 223100 ns
[2022-04-08T18:41:07.376+0000][12720][safepoint   ] Safepoint "Cleanup", Time since last: 9088616800 ns, Reaching safepoint: 70500 ns, At safepoint: 8600 ns, Total: 79100 ns
[2022-04-08T18:41:13.419+0000][12720][safepoint   ] Safepoint "Cleanup", Time since last: 6043190700 ns, Reaching safepoint: 42900 ns, At safepoint: 5400 ns, Total: 48300 ns
[2022-04-08T18:41:14.420+0000][12720][safepoint   ] Safepoint "Cleanup", Time since last: 1001219600 ns, Reaching safepoint: 37100 ns, At safepoint: 23900 ns, Total: 61000 ns
[2022-04-08T18:41:19.464+0000][12720][safepoint   ] Safepoint "Cleanup", Time since last: 5043618200 ns, Reaching safepoint: 48900 ns, At safepoint: 7500 ns, Total: 56400 ns
[2022-04-08T18:41:21.486+0000][12720][safepoint   ] Safepoint "Cleanup", Time since last: 2022128700 ns, Reaching safepoint: 72200 ns, At safepoint: 11300 ns, Total: 83500 ns
[2022-04-08T18:41:22.501+0000][12720][safepoint   ] Safepoint "Cleanup", Time since last: 1014803200 ns, Reaching safepoint: 609400 ns, At safepoint: 6700 ns, Total: 616100 ns
[2022-04-08T18:41:24.510+0000][12720][safepoint   ] Safepoint "Cleanup", Time since last: 2008411500 ns, Reaching safepoint: 44800 ns, At safepoint: 21700 ns, Total: 66500 ns
[2022-04-08T18:41:25.514+0000][12720][safepoint   ] Safepoint "Cleanup", Time since last: 1003418000 ns, Reaching safepoint: 44800 ns, At safepoint: 14000 ns, Total: 58800 ns
[2022-04-08T18:41:31.585+0000][12720][safepoint   ] Safepoint "Cleanup", Time since last: 6071270900 ns, Reaching safepoint: 53300 ns, At safepoint: 5700 ns, Total: 59000 ns
[2022-04-08T18:41:36.622+0000][12720][safepoint   ] Safepoint "Cleanup", Time since last: 5037185200 ns, Reaching safepoint: 34300 ns, At safepoint: 2400 ns, Total: 36700 ns
[2022-04-08T18:41:37.622+0000][12720][safepoint   ] Safepoint "Cleanup", Time since last: 1000271600 ns, Reaching safepoint: 54900 ns, At safepoint: 5900 ns, Total: 60800 ns
[2022-04-08T18:41:42.675+0000][12720][safepoint   ] Safepoint "Cleanup", Time since last: 5052654000 ns, Reaching safepoint: 59300 ns, At safepoint: 7900 ns, Total: 67200 ns
[2022-04-08T18:41:48.727+0000][12720][safepoint   ] Safepoint "Cleanup", Time since last: 6051420900 ns, Reaching safepoint: 54100 ns, At safepoint: 10100 ns, Total: 64200 ns
[2022-04-08T18:41:52.757+0000][12720][safepoint   ] Safepoint "Cleanup", Time since last: 4030074100 ns, Reaching safepoint: 40800 ns, At safepoint: 5400 ns, Total: 46200 ns
[2022-04-08T18:42:14.925+0000][12720][safepoint   ] Safepoint "Cleanup", Time since last: 22168462400 ns, Reaching safepoint: 48400 ns, At safepoint: 6600 ns, Total: 55000 ns
[2022-04-08T18:42:20.972+0000][12720][safepoint   ] Safepoint "Cleanup", Time since last: 6046954300 ns, Reaching safepoint: 51300 ns, At safepoint: 8400 ns, Total: 59700 ns
[2022-04-08T18:42:31.055+0000][12720][safepoint   ] Safepoint "Cleanup", Time since last: 10083041800 ns, Reaching safepoint: 49300 ns, At safepoint: 6400 ns, Total: 55700 ns
[2022-04-08T18:42:32.061+0000][12720][safepoint   ] Safepoint "Cleanup", Time since last: 1005607700 ns, Reaching safepoint: 63600 ns, At safepoint: 7600 ns, Total: 71200 ns
[2022-04-08T18:42:37.102+0000][12720][safepoint   ] Safepoint "Cleanup", Time since last: 5040814000 ns, Reaching safepoint: 54800 ns, At safepoint: 6900 ns, Total: 61700 ns
[2022-04-08T18:42:38.109+0000][12720][safepoint   ] Safepoint "Cleanup", Time since last: 1006809600 ns, Reaching safepoint: 50300 ns, At safepoint: 8200 ns, Total: 58500 ns
[2022-04-08T18:42:39.114+0000][12720][safepoint   ] Safepoint "Cleanup", Time since last: 1005483500 ns, Reaching safepoint: 46400 ns, At safepoint: 6000 ns, Total: 52400 ns
[2022-04-08T18:42:43.142+0000][12720][safepoint   ] Safepoint "Cleanup", Time since last: 4027686100 ns, Reaching safepoint: 54200 ns, At safepoint: 19100 ns, Total: 73300 ns
[2022-04-08T18:42:44.149+0000][12720][safepoint   ] Safepoint "Cleanup", Time since last: 1006481800 ns, Reaching safepoint: 50800 ns, At safepoint: 9200 ns, Total: 60000 ns
[2022-04-08T18:42:55.228+0000][12720][safepoint   ] Safepoint "Cleanup", Time since last: 11079525300 ns, Reaching safepoint: 42100 ns, At safepoint: 14700 ns, Total: 56800 ns
[2022-04-08T18:43:07.318+0000][12720][safepoint   ] Safepoint "Cleanup", Time since last: 12089791600 ns, Reaching safepoint: 42800 ns, At safepoint: 4700 ns, Total: 47500 ns
[2022-04-08T18:43:08.331+0000][12720][safepoint   ] Safepoint "Cleanup", Time since last: 1013168500 ns, Reaching safepoint: 60400 ns, At safepoint: 6300 ns, Total: 66700 ns
[2022-04-08T18:43:13.370+0000][12720][safepoint   ] Safepoint "Cleanup", Time since last: 5038339400 ns, Reaching safepoint: 49500 ns, At safepoint: 10200 ns, Total: 59700 ns
[2022-04-08T18:43:17.399+0000][12720][safepoint   ] Safepoint "Cleanup", Time since last: 4028704200 ns, Reaching safepoint: 35800 ns, At safepoint: 11900 ns, Total: 47700 ns
[2022-04-08T18:43:19.403+0000][12720][safepoint   ] Safepoint "Cleanup", Time since last: 2004356600 ns, Reaching safepoint: 54300 ns, At safepoint: 6900 ns, Total: 61200 ns
[2022-04-08T18:43:21.420+0000][12720][safepoint   ] Safepoint "Cleanup", Time since last: 2017381500 ns, Reaching safepoint: 47900 ns, At safepoint: 9000 ns, Total: 56900 ns
[2022-04-08T18:43:25.443+0000][12720][safepoint   ] Safepoint "Cleanup", Time since last: 4022508700 ns, Reaching safepoint: 73200 ns, At safepoint: 6700 ns, Total: 79900 ns
[2022-04-08T18:43:37.544+0000][12720][safepoint   ] Safepoint "Cleanup", Time since last: 12100881100 ns, Reaching safepoint: 59100 ns, At safepoint: 7500 ns, Total: 66600 ns
[2022-04-08T18:43:55.673+0000][12720][safepoint   ] Safepoint "Cleanup", Time since last: 18129485700 ns, Reaching safepoint: 69100 ns, At safepoint: 13800 ns, Total: 82900 ns
[2022-04-08T18:44:01.728+0000][12720][safepoint   ] Safepoint "Cleanup", Time since last: 6053990100 ns, Reaching safepoint: 50300 ns, At safepoint: 10100 ns, Total: 60400 ns
[2022-04-08T18:44:04.751+0000][12720][safepoint   ] Safepoint "Cleanup", Time since last: 3023639100 ns, Reaching safepoint: 50300 ns, At safepoint: 6900 ns, Total: 57200 ns
[2022-04-08T18:44:07.776+0000][12720][safepoint   ] Safepoint "Cleanup", Time since last: 3024955100 ns, Reaching safepoint: 47000 ns, At safepoint: 10900 ns, Total: 57900 ns
[2022-04-08T18:44:12.805+0000][12720][safepoint   ] Safepoint "Cleanup", Time since last: 5028726600 ns, Reaching safepoint: 109400 ns, At safepoint: 4200 ns, Total: 113600 ns
[2022-04-08T18:44:13.815+0000][12720][safepoint   ] Safepoint "Cleanup", Time since last: 1010052700 ns, Reaching safepoint: 54300 ns, At safepoint: 6500 ns, Total: 60800 ns
[2022-04-08T18:44:19.866+0000][12720][safepoint   ] Safepoint "Cleanup", Time since last: 6050622000 ns, Reaching safepoint: 82500 ns, At safepoint: 13900 ns, Total: 96400 ns
[2022-04-08T18:44:20.877+0000][12720][safepoint   ] Safepoint "Cleanup", Time since last: 1011355800 ns, Reaching safepoint: 41600 ns, At safepoint: 11600 ns, Total: 53200 ns
[2022-04-08T18:44:25.935+0000][12720][safepoint   ] Safepoint "Cleanup", Time since last: 5057550500 ns, Reaching safepoint: 43600 ns, At safepoint: 6000 ns, Total: 49600 ns
[2022-04-08T18:44:37.043+0000][12720][safepoint   ] Safepoint "Cleanup", Time since last: 11108033900 ns, Reaching safepoint: 37100 ns, At safepoint: 6000 ns, Total: 43100 ns
[2022-04-08T18:44:50.164+0000][12720][safepoint   ] Safepoint "Cleanup", Time since last: 13121286500 ns, Reaching safepoint: 46500 ns, At safepoint: 10400 ns, Total: 56900 ns
[2022-04-08T18:44:55.211+0000][12720][safepoint   ] Safepoint "Cleanup", Time since last: 5046408300 ns, Reaching safepoint: 38000 ns, At safepoint: 6200 ns, Total: 44200 ns
[2022-04-08T18:45:01.283+0000][12720][safepoint   ] Safepoint "Cleanup", Time since last: 6072246100 ns, Reaching safepoint: 61500 ns, At safepoint: 8400 ns, Total: 69900 ns
[2022-04-08T18:45:07.345+0000][12720][safepoint   ] Safepoint "Cleanup", Time since last: 6061397800 ns, Reaching safepoint: 52900 ns, At safepoint: 11100 ns, Total: 64000 ns
[2022-04-08T18:45:13.383+0000][12720][safepoint   ] Safepoint "Cleanup", Time since last: 6038512200 ns, Reaching safepoint: 49800 ns, At safepoint: 4300 ns, Total: 54100 ns
[2022-04-08T18:45:21.415+0000][12720][safepoint   ] Safepoint "Cleanup", Time since last: 8031948300 ns, Reaching safepoint: 60000 ns, At safepoint: 6100 ns, Total: 66100 ns
[2022-04-08T18:45:23.441+0000][12720][safepoint   ] Safepoint "Cleanup", Time since last: 2025455900 ns, Reaching safepoint: 44000 ns, At safepoint: 16200 ns, Total: 60200 ns
[2022-04-08T18:45:25.472+0000][12720][safepoint   ] Safepoint "Cleanup", Time since last: 2030842900 ns, Reaching safepoint: 55800 ns, At safepoint: 4900 ns, Total: 60700 ns
[2022-04-08T18:45:31.529+0000][12720][safepoint   ] Safepoint "Cleanup", Time since last: 6057367000 ns, Reaching safepoint: 101900 ns, At safepoint: 12200 ns, Total: 114100 ns
[2022-04-08T18:45:32.535+0000][12720][safepoint   ] Safepoint "Cleanup", Time since last: 1006210600 ns, Reaching safepoint: 49100 ns, At safepoint: 8100 ns, Total: 57200 ns
[2022-04-08T18:45:38.622+0000][12720][safepoint   ] Safepoint "Cleanup", Time since last: 6086983300 ns, Reaching safepoint: 41900 ns, At safepoint: 6600 ns, Total: 48500 ns
[2022-04-08T18:45:40.645+0000][12720][safepoint   ] Safepoint "Cleanup", Time since last: 2022128200 ns, Reaching safepoint: 47700 ns, At safepoint: 11100 ns, Total: 58800 ns
[2022-04-08T18:45:57.768+0000][12720][safepoint   ] Safepoint "Cleanup", Time since last: 17123379300 ns, Reaching safepoint: 36500 ns, At safepoint: 11900 ns, Total: 48400 ns
[2022-04-08T18:46:01.793+0000][12720][safepoint   ] Safepoint "Cleanup", Time since last: 4025120600 ns, Reaching safepoint: 49000 ns, At safepoint: 9700 ns, Total: 58700 ns
[2022-04-08T18:46:05.826+0000][12720][safepoint   ] Safepoint "Cleanup", Time since last: 4032633200 ns, Reaching safepoint: 54900 ns, At safepoint: 7100 ns, Total: 62000 ns
[2022-04-08T18:46:06.841+0000][12720][safepoint   ] Safepoint "Cleanup", Time since last: 1015667100 ns, Reaching safepoint: 123500 ns, At safepoint: 5400 ns, Total: 128900 ns
[2022-04-08T18:46:43.305+0000][12720][safepoint   ] Safepoint "Cleanup", Time since last: 36463681700 ns, Reaching safepoint: 58700 ns, At safepoint: 8000 ns, Total: 66700 ns
[2022-04-08T18:47:38.817+0000][12720][safepoint   ] Safepoint "Cleanup", Time since last: 55511936100 ns, Reaching safepoint: 50700 ns, At safepoint: 5700 ns, Total: 56400 ns
[2022-04-08T18:47:39.833+0000][12720][safepoint   ] Safepoint "Cleanup", Time since last: 1015297300 ns, Reaching safepoint: 98800 ns, At safepoint: 5600 ns, Total: 104400 ns
[2022-04-08T18:47:40.298+0000][12720][safepoint   ] Safepoint "ICBufferFull", Time since last: 471561800 ns, Reaching safepoint: 175300 ns, At safepoint: 11000 ns, Total: 186300 ns
[2022-04-08T18:47:41.310+0000][12720][safepoint   ] Safepoint "Cleanup", Time since last: 1005626300 ns, Reaching safepoint: 156200 ns, At safepoint: 12700 ns, Total: 168900 ns
[2022-04-08T18:47:43.329+0000][12720][safepoint   ] Safepoint "Cleanup", Time since last: 2018644200 ns, Reaching safepoint: 63300 ns, At safepoint: 5800 ns, Total: 69100 ns
[2022-04-08T18:47:44.191+0000][12720][safepoint   ] Safepoint "ICBufferFull", Time since last: 874425600 ns, Reaching safepoint: 137700 ns, At safepoint: 7000 ns, Total: 144700 ns
[2022-04-08T18:47:44.403+0000][12720][safepoint   ] Safepoint "ICBufferFull", Time since last: 199153500 ns, Reaching safepoint: 129200 ns, At safepoint: 5600 ns, Total: 134800 ns
[2022-04-08T18:47:44.842+0000][12720][safepoint   ] Safepoint "ICBufferFull", Time since last: 445548300 ns, Reaching safepoint: 140500 ns, At safepoint: 6200 ns, Total: 146700 ns
[2022-04-08T18:47:45.852+0000][12720][safepoint   ] Safepoint "Cleanup", Time since last: 1003073300 ns, Reaching safepoint: 76900 ns, At safepoint: 9900 ns, Total: 86800 ns
[2022-04-08T18:47:47.867+0000][12720][safepoint   ] Safepoint "Cleanup", Time since last: 2015373200 ns, Reaching safepoint: 102700 ns, At safepoint: 12600 ns, Total: 115300 ns
[2022-04-08T18:47:50.886+0000][12720][safepoint   ] Safepoint "Cleanup", Time since last: 3018828900 ns, Reaching safepoint: 84100 ns, At safepoint: 10800 ns, Total: 94900 ns
[2022-04-08T18:47:53.917+0000][12720][safepoint   ] Safepoint "Cleanup", Time since last: 3030421700 ns, Reaching safepoint: 156500 ns, At safepoint: 10200 ns, Total: 166700 ns
[2022-04-08T18:47:55.933+0000][12720][safepoint   ] Safepoint "Cleanup", Time since last: 2016254700 ns, Reaching safepoint: 42800 ns, At safepoint: 17400 ns, Total: 60200 ns
[2022-04-08T18:47:58.950+0000][12720][safepoint   ] Safepoint "Cleanup", Time since last: 3016696800 ns, Reaching safepoint: 64400 ns, At safepoint: 12300 ns, Total: 76700 ns
[2022-04-08T18:47:59.950+0000][12720][safepoint   ] Safepoint "Cleanup", Time since last: 1000251800 ns, Reaching safepoint: 60700 ns, At safepoint: 8900 ns, Total: 69600 ns
[2022-04-08T18:48:01.968+0000][12720][safepoint   ] Safepoint "Cleanup", Time since last: 2017767400 ns, Reaching safepoint: 59500 ns, At safepoint: 63900 ns, Total: 123400 ns
[2022-04-08T18:48:04.999+0000][12720][safepoint   ] Safepoint "Cleanup", Time since last: 3031364700 ns, Reaching safepoint: 59400 ns, At safepoint: 10400 ns, Total: 69800 ns
[2022-04-08T18:48:06.002+0000][12720][safepoint   ] Safepoint "Cleanup", Time since last: 1002313600 ns, Reaching safepoint: 51200 ns, At safepoint: 6300 ns, Total: 57500 ns
[2022-04-08T18:48:08.017+0000][12720][safepoint   ] Safepoint "Cleanup", Time since last: 2015606900 ns, Reaching safepoint: 54300 ns, At safepoint: 8800 ns, Total: 63100 ns
[2022-04-08T18:48:12.048+0000][12720][safepoint   ] Safepoint "Cleanup", Time since last: 4030290900 ns, Reaching safepoint: 52100 ns, At safepoint: 8400 ns, Total: 60500 ns
[2022-04-08T18:48:17.096+0000][12720][safepoint   ] Safepoint "Cleanup", Time since last: 5047962800 ns, Reaching safepoint: 42900 ns, At safepoint: 7500 ns, Total: 50400 ns
[2022-04-08T18:48:18.107+0000][12720][safepoint   ] Safepoint "Cleanup", Time since last: 1011685700 ns, Reaching safepoint: 62100 ns, At safepoint: 4700 ns, Total: 66800 ns
[2022-04-08T18:48:19.110+0000][12720][safepoint   ] Safepoint "Cleanup", Time since last: 1002109400 ns, Reaching safepoint: 51400 ns, At safepoint: 17200 ns, Total: 68600 ns
[2022-04-08T18:48:23.158+0000][12720][safepoint   ] Safepoint "Cleanup", Time since last: 4047959800 ns, Reaching safepoint: 69800 ns, At safepoint: 8400 ns, Total: 78200 ns
[2022-04-08T18:48:24.161+0000][12720][safepoint   ] Safepoint "Cleanup", Time since last: 1003238800 ns, Reaching safepoint: 56700 ns, At safepoint: 8700 ns, Total: 65400 ns
[2022-04-08T18:48:25.163+0000][12720][safepoint   ] Safepoint "Cleanup", Time since last: 1001591400 ns, Reaching safepoint: 51900 ns, At safepoint: 5700 ns, Total: 57600 ns
[2022-04-08T18:48:26.166+0000][12720][safepoint   ] Safepoint "Cleanup", Time since last: 1003007200 ns, Reaching safepoint: 68700 ns, At safepoint: 7900 ns, Total: 76600 ns
[2022-04-08T18:48:29.200+0000][12720][safepoint   ] Safepoint "Cleanup", Time since last: 3034409200 ns, Reaching safepoint: 72200 ns, At safepoint: 8700 ns, Total: 80900 ns
[2022-04-08T18:48:33.258+0000][12720][safepoint   ] Safepoint "Cleanup", Time since last: 4057878000 ns, Reaching safepoint: 57800 ns, At safepoint: 9500 ns, Total: 67300 ns
[2022-04-08T18:48:35.279+0000][12720][safepoint   ] Safepoint "Cleanup", Time since last: 2020963900 ns, Reaching safepoint: 43300 ns, At safepoint: 7300 ns, Total: 50600 ns
[2022-04-08T18:48:38.310+0000][12720][safepoint   ] Safepoint "Cleanup", Time since last: 3031109800 ns, Reaching safepoint: 45500 ns, At safepoint: 25900 ns, Total: 71400 ns
[2022-04-08T18:48:41.349+0000][12720][safepoint   ] Safepoint "Cleanup", Time since last: 3038146300 ns, Reaching safepoint: 81100 ns, At safepoint: 14900 ns, Total: 96000 ns
[2022-04-08T18:48:42.364+0000][12720][safepoint   ] Safepoint "Cleanup", Time since last: 1014912600 ns, Reaching safepoint: 56400 ns, At safepoint: 5700 ns, Total: 62100 ns
[2022-04-08T18:48:44.375+0000][12720][safepoint   ] Safepoint "Cleanup", Time since last: 2010920400 ns, Reaching safepoint: 64200 ns, At safepoint: 10300 ns, Total: 74500 ns
[2022-04-08T18:48:47.394+0000][12720][safepoint   ] Safepoint "Cleanup", Time since last: 3019417900 ns, Reaching safepoint: 64100 ns, At safepoint: 6400 ns, Total: 70500 ns
[2022-04-08T18:48:50.436+0000][12720][safepoint   ] Safepoint "Cleanup", Time since last: 3041327400 ns, Reaching safepoint: 55600 ns, At safepoint: 8200 ns, Total: 63800 ns
[2022-04-08T18:48:54.473+0000][12720][safepoint   ] Safepoint "Cleanup", Time since last: 4037151500 ns, Reaching safepoint: 73700 ns, At safepoint: 7300 ns, Total: 81000 ns
[2022-04-08T18:48:56.499+0000][12720][safepoint   ] Safepoint "Cleanup", Time since last: 2026214600 ns, Reaching safepoint: 47400 ns, At safepoint: 6800 ns, Total: 54200 ns
[2022-04-08T18:48:59.541+0000][12720][safepoint   ] Safepoint "Cleanup", Time since last: 3041471500 ns, Reaching safepoint: 62500 ns, At safepoint: 6900 ns, Total: 69400 ns
[2022-04-08T18:49:02.572+0000][12720][safepoint   ] Safepoint "Cleanup", Time since last: 3031075000 ns, Reaching safepoint: 51800 ns, At safepoint: 7300 ns, Total: 59100 ns
[2022-04-08T18:49:05.613+0000][12720][safepoint   ] Safepoint "Cleanup", Time since last: 3041465200 ns, Reaching safepoint: 68300 ns, At safepoint: 10300 ns, Total: 78600 ns
[2022-04-08T18:49:08.639+0000][12720][safepoint   ] Safepoint "Cleanup", Time since last: 3025479300 ns, Reaching safepoint: 65600 ns, At safepoint: 10400 ns, Total: 76000 ns
[2022-04-08T18:49:11.665+0000][12720][safepoint   ] Safepoint "Cleanup", Time since last: 3026416200 ns, Reaching safepoint: 56900 ns, At safepoint: 9000 ns, Total: 65900 ns
[2022-04-08T18:49:17.735+0000][12720][safepoint   ] Safepoint "Cleanup", Time since last: 6069502100 ns, Reaching safepoint: 51300 ns, At safepoint: 9100 ns, Total: 60400 ns
[2022-04-08T18:49:23.803+0000][12720][safepoint   ] Safepoint "Cleanup", Time since last: 6068185600 ns, Reaching safepoint: 62800 ns, At safepoint: 24200 ns, Total: 87000 ns
[2022-04-08T18:49:25.824+0000][12720][safepoint   ] Safepoint "Cleanup", Time since last: 2021226500 ns, Reaching safepoint: 59000 ns, At safepoint: 8400 ns, Total: 67400 ns
[2022-04-08T18:49:30.867+0000][12720][safepoint   ] Safepoint "Cleanup", Time since last: 5042337200 ns, Reaching safepoint: 53100 ns, At safepoint: 8800 ns, Total: 61900 ns
[2022-04-08T18:49:35.904+0000][12720][safepoint   ] Safepoint "Cleanup", Time since last: 5037530400 ns, Reaching safepoint: 53600 ns, At safepoint: 7700 ns, Total: 61300 ns
[2022-04-08T18:49:36.920+0000][12720][safepoint   ] Safepoint "Cleanup", Time since last: 1015304600 ns, Reaching safepoint: 53500 ns, At safepoint: 10400 ns, Total: 63900 ns
[2022-04-08T18:49:43.978+0000][12720][safepoint   ] Safepoint "Cleanup", Time since last: 7058540300 ns, Reaching safepoint: 59700 ns, At safepoint: 13100 ns, Total: 72800 ns
[2022-04-08T18:49:48.035+0000][12720][safepoint   ] Safepoint "Cleanup", Time since last: 4056212900 ns, Reaching safepoint: 53800 ns, At safepoint: 15500 ns, Total: 69300 ns
[2022-04-08T18:49:51.061+0000][12720][safepoint   ] Safepoint "Cleanup", Time since last: 3026307400 ns, Reaching safepoint: 79800 ns, At safepoint: 61300 ns, Total: 141100 ns
[2022-04-08T18:49:54.104+0000][12720][safepoint   ] Safepoint "Cleanup", Time since last: 3042416700 ns, Reaching safepoint: 59100 ns, At safepoint: 13000 ns, Total: 72100 ns
[2022-04-08T18:50:17.343+0000][12720][safepoint   ] Safepoint "Cleanup", Time since last: 23239275000 ns, Reaching safepoint: 50900 ns, At safepoint: 7000 ns, Total: 57900 ns
[2022-04-08T18:50:18.358+0000][12720][safepoint   ] Safepoint "Cleanup", Time since last: 1015464300 ns, Reaching safepoint: 45700 ns, At safepoint: 17600 ns, Total: 63300 ns
[2022-04-08T18:50:20.385+0000][12720][safepoint   ] Safepoint "Cleanup", Time since last: 2026693300 ns, Reaching safepoint: 47600 ns, At safepoint: 15900 ns, Total: 63500 ns
[2022-04-08T18:50:41.621+0000][12720][safepoint   ] Safepoint "Cleanup", Time since last: 21235608300 ns, Reaching safepoint: 65500 ns, At safepoint: 9500 ns, Total: 75000 ns
[2022-04-08T18:50:42.636+0000][12720][safepoint   ] Safepoint "Cleanup", Time since last: 1014972700 ns, Reaching safepoint: 81800 ns, At safepoint: 25600 ns, Total: 107400 ns
[2022-04-08T18:50:44.665+0000][12720][safepoint   ] Safepoint "Cleanup", Time since last: 2028803100 ns, Reaching safepoint: 79400 ns, At safepoint: 8100 ns, Total: 87500 ns
[2022-04-08T18:50:47.706+0000][12720][safepoint   ] Safepoint "Cleanup", Time since last: 3040831500 ns, Reaching safepoint: 58100 ns, At safepoint: 17800 ns, Total: 75900 ns
[2022-04-08T18:50:50.731+0000][12720][safepoint   ] Safepoint "Cleanup", Time since last: 3025586200 ns, Reaching safepoint: 44300 ns, At safepoint: 16400 ns, Total: 60700 ns
[2022-04-08T18:50:51.747+0000][12720][safepoint   ] Safepoint "Cleanup", Time since last: 1015303000 ns, Reaching safepoint: 48600 ns, At safepoint: 14400 ns, Total: 63000 ns
[2022-04-08T18:50:52.762+0000][12720][safepoint   ] Safepoint "Cleanup", Time since last: 1015246800 ns, Reaching safepoint: 76300 ns, At safepoint: 13300 ns, Total: 89600 ns
[2022-04-08T18:50:59.836+0000][12720][safepoint   ] Safepoint "Cleanup", Time since last: 7073759000 ns, Reaching safepoint: 47900 ns, At safepoint: 14000 ns, Total: 61900 ns
[2022-04-08T18:51:00.837+0000][12720][safepoint   ] Safepoint "Cleanup", Time since last: 1000570900 ns, Reaching safepoint: 53900 ns, At safepoint: 17900 ns, Total: 71800 ns
[2022-04-08T18:51:05.904+0000][12720][safepoint   ] Safepoint "Cleanup", Time since last: 5066898300 ns, Reaching safepoint: 53200 ns, At safepoint: 7500 ns, Total: 60700 ns
[2022-04-08T18:51:15.018+0000][12720][safepoint   ] Safepoint "Cleanup", Time since last: 9114434100 ns, Reaching safepoint: 49300 ns, At safepoint: 19200 ns, Total: 68500 ns
[2022-04-08T18:51:18.060+0000][12720][safepoint   ] Safepoint "Cleanup", Time since last: 3041520900 ns, Reaching safepoint: 59500 ns, At safepoint: 16500 ns, Total: 76000 ns
[2022-04-08T18:51:24.107+0000][12720][safepoint   ] Safepoint "Cleanup", Time since last: 6047654300 ns, Reaching safepoint: 50700 ns, At safepoint: 15600 ns, Total: 66300 ns
[2022-04-08T18:51:25.123+0000][12720][safepoint   ] Safepoint "Cleanup", Time since last: 1015305100 ns, Reaching safepoint: 51800 ns, At safepoint: 9300 ns, Total: 61100 ns
[2022-04-08T18:51:26.124+0000][12720][safepoint   ] Safepoint "Cleanup", Time since last: 1000873200 ns, Reaching safepoint: 59400 ns, At safepoint: 7800 ns, Total: 67200 ns
[2022-04-08T18:51:30.181+0000][12720][safepoint   ] Safepoint "Cleanup", Time since last: 4056715200 ns, Reaching safepoint: 63800 ns, At safepoint: 18500 ns, Total: 82300 ns
[2022-04-08T18:51:36.234+0000][12720][safepoint   ] Safepoint "Cleanup", Time since last: 6053322900 ns, Reaching safepoint: 50700 ns, At safepoint: 17500 ns, Total: 68200 ns
[2022-04-08T18:51:42.304+0000][12720][safepoint   ] Safepoint "Cleanup", Time since last: 6069841100 ns, Reaching safepoint: 55400 ns, At safepoint: 8000 ns, Total: 63400 ns
[2022-04-08T18:51:44.324+0000][12720][safepoint   ] Safepoint "Cleanup", Time since last: 2019983400 ns, Reaching safepoint: 64800 ns, At safepoint: 8900 ns, Total: 73700 ns
[2022-04-08T18:51:48.357+0000][12720][safepoint   ] Safepoint "Cleanup", Time since last: 4033558500 ns, Reaching safepoint: 54600 ns, At safepoint: 17000 ns, Total: 71600 ns
[2022-04-08T18:51:56.434+0000][12720][safepoint   ] Safepoint "Cleanup", Time since last: 8076736700 ns, Reaching safepoint: 78700 ns, At safepoint: 8900 ns, Total: 87600 ns
[2022-04-08T18:51:57.440+0000][12720][safepoint   ] Safepoint "Cleanup", Time since last: 1005498500 ns, Reaching safepoint: 50500 ns, At safepoint: 5800 ns, Total: 56300 ns
[2022-04-08T18:52:00.466+0000][12720][safepoint   ] Safepoint "Cleanup", Time since last: 3026437000 ns, Reaching safepoint: 61700 ns, At safepoint: 16200 ns, Total: 77900 ns
[2022-04-08T18:52:02.479+0000][12720][safepoint   ] Safepoint "Cleanup", Time since last: 2012574700 ns, Reaching safepoint: 113600 ns, At safepoint: 6600 ns, Total: 120200 ns
[2022-04-08T18:52:04.407+0000][12720][safepoint   ] Safepoint "Cleanup", Time since last: 1927675500 ns, Reaching safepoint: 67100 ns, At safepoint: 7900 ns, Total: 75000 ns
[2022-04-08T18:52:05.864+0000][12720][safepoint   ] Safepoint "Cleanup", Time since last: 1456661300 ns, Reaching safepoint: 76600 ns, At safepoint: 5400 ns, Total: 82000 ns
[2022-04-08T18:52:06.870+0000][12720][safepoint   ] Safepoint "Cleanup", Time since last: 1006796800 ns, Reaching safepoint: 42800 ns, At safepoint: 5900 ns, Total: 48700 ns
[2022-04-08T18:52:07.877+0000][12720][safepoint   ] Safepoint "Cleanup", Time since last: 1006738700 ns, Reaching safepoint: 43400 ns, At safepoint: 5000 ns, Total: 48400 ns
[2022-04-08T18:52:18.971+0000][12720][safepoint   ] Safepoint "Cleanup", Time since last: 11094128400 ns, Reaching safepoint: 69500 ns, At safepoint: 9900 ns, Total: 79400 ns
[2022-04-08T18:52:24.000+0000][12720][safepoint   ] Safepoint "Cleanup", Time since last: 5028092000 ns, Reaching safepoint: 46800 ns, At safepoint: 5200 ns, Total: 52000 ns
[2022-04-08T18:52:25.002+0000][12720][safepoint   ] Safepoint "Cleanup", Time since last: 1002246500 ns, Reaching safepoint: 69900 ns, At safepoint: 9100 ns, Total: 79000 ns
[2022-04-08T18:52:26.006+0000][12720][safepoint   ] Safepoint "Cleanup", Time since last: 1004359500 ns, Reaching safepoint: 43900 ns, At safepoint: 8100 ns, Total: 52000 ns
[2022-04-08T18:52:27.010+0000][12720][safepoint   ] Safepoint "Cleanup", Time since last: 1003960900 ns, Reaching safepoint: 44500 ns, At safepoint: 14100 ns, Total: 58600 ns
[2022-04-08T18:52:28.016+0000][12720][safepoint   ] Safepoint "Cleanup", Time since last: 1005341400 ns, Reaching safepoint: 51600 ns, At safepoint: 8500 ns, Total: 60100 ns
[2022-04-08T18:52:30.025+0000][12720][safepoint   ] Safepoint "Cleanup", Time since last: 2008987000 ns, Reaching safepoint: 46900 ns, At safepoint: 6300 ns, Total: 53200 ns
[2022-04-08T18:52:31.033+0000][12720][safepoint   ] Safepoint "Cleanup", Time since last: 1008389000 ns, Reaching safepoint: 52500 ns, At safepoint: 4100 ns, Total: 56600 ns
[2022-04-08T18:52:36.087+0000][12720][safepoint   ] Safepoint "Cleanup", Time since last: 5053915200 ns, Reaching safepoint: 39400 ns, At safepoint: 6800 ns, Total: 46200 ns
[2022-04-08T18:52:38.105+0000][12720][safepoint   ] Safepoint "Cleanup", Time since last: 2017831900 ns, Reaching safepoint: 51500 ns, At safepoint: 9900 ns, Total: 61400 ns
[2022-04-08T18:52:44.170+0000][12720][safepoint   ] Safepoint "Cleanup", Time since last: 6065180600 ns, Reaching safepoint: 68300 ns, At safepoint: 10400 ns, Total: 78700 ns
[2022-04-08T18:52:48.207+0000][12720][safepoint   ] Safepoint "Cleanup", Time since last: 4036429900 ns, Reaching safepoint: 49500 ns, At safepoint: 8900 ns, Total: 58400 ns
[2022-04-08T18:52:54.257+0000][12720][safepoint   ] Safepoint "Cleanup", Time since last: 6050245600 ns, Reaching safepoint: 47500 ns, At safepoint: 7200 ns, Total: 54700 ns
[2022-04-08T18:53:00.333+0000][12720][safepoint   ] Safepoint "Cleanup", Time since last: 6075809600 ns, Reaching safepoint: 63300 ns, At safepoint: 6300 ns, Total: 69600 ns
[2022-04-08T18:53:09.439+0000][12720][safepoint   ] Safepoint "Cleanup", Time since last: 9105578100 ns, Reaching safepoint: 43000 ns, At safepoint: 6500 ns, Total: 49500 ns
[2022-04-08T18:53:18.511+0000][12720][safepoint   ] Safepoint "Cleanup", Time since last: 9072701100 ns, Reaching safepoint: 47400 ns, At safepoint: 6300 ns, Total: 53700 ns
[2022-04-08T18:53:19.536+0000][12720][safepoint   ] Safepoint "Cleanup", Time since last: 1024721100 ns, Reaching safepoint: 120300 ns, At safepoint: 8900 ns, Total: 129200 ns
[2022-04-08T18:53:21.547+0000][12720][safepoint   ] Safepoint "Cleanup", Time since last: 2011105400 ns, Reaching safepoint: 54800 ns, At safepoint: 7100 ns, Total: 61900 ns
[2022-04-08T18:53:24.586+0000][12720][safepoint   ] Safepoint "Cleanup", Time since last: 3038497100 ns, Reaching safepoint: 61100 ns, At safepoint: 5200 ns, Total: 66300 ns
[2022-04-08T18:53:25.601+0000][12720][safepoint   ] Safepoint "Cleanup", Time since last: 1015111100 ns, Reaching safepoint: 51600 ns, At safepoint: 5300 ns, Total: 56900 ns
[2022-04-08T18:53:26.612+0000][12720][safepoint   ] Safepoint "Cleanup", Time since last: 1010728500 ns, Reaching safepoint: 53200 ns, At safepoint: 7300 ns, Total: 60500 ns
[2022-04-08T18:53:30.644+0000][12720][safepoint   ] Safepoint "Cleanup", Time since last: 4031594100 ns, Reaching safepoint: 47500 ns, At safepoint: 25600 ns, Total: 73100 ns
[2022-04-08T18:53:33.685+0000][12720][safepoint   ] Safepoint "Cleanup", Time since last: 3041165300 ns, Reaching safepoint: 69400 ns, At safepoint: 15800 ns, Total: 85200 ns
[2022-04-08T18:53:35.704+0000][12720][safepoint   ] Safepoint "Cleanup", Time since last: 2018636300 ns, Reaching safepoint: 69800 ns, At safepoint: 14100 ns, Total: 83900 ns
[2022-04-08T18:53:43.782+0000][12720][safepoint   ] Safepoint "Cleanup", Time since last: 8078237900 ns, Reaching safepoint: 47200 ns, At safepoint: 7300 ns, Total: 54500 ns
[2022-04-08T18:53:44.796+0000][12720][safepoint   ] Safepoint "Cleanup", Time since last: 1013747500 ns, Reaching safepoint: 58500 ns, At safepoint: 6900 ns, Total: 65400 ns
[2022-04-08T18:53:48.846+0000][12720][safepoint   ] Safepoint "Cleanup", Time since last: 4049850500 ns, Reaching safepoint: 48000 ns, At safepoint: 14300 ns, Total: 62300 ns
[2022-04-08T18:53:51.863+0000][12720][safepoint   ] Safepoint "Cleanup", Time since last: 3017683100 ns, Reaching safepoint: 51000 ns, At safepoint: 13300 ns, Total: 64300 ns
[2022-04-08T18:53:54.892+0000][12720][safepoint   ] Safepoint "Cleanup", Time since last: 3029009300 ns, Reaching safepoint: 39800 ns, At safepoint: 5800 ns, Total: 45600 ns
[2022-04-08T18:53:55.903+0000][12720][safepoint   ] Safepoint "Cleanup", Time since last: 1010938600 ns, Reaching safepoint: 71500 ns, At safepoint: 24300 ns, Total: 95800 ns
[2022-04-08T18:53:57.920+0000][12720][safepoint   ] Safepoint "Cleanup", Time since last: 2016725000 ns, Reaching safepoint: 80300 ns, At safepoint: 14800 ns, Total: 95100 ns
[2022-04-08T18:53:58.929+0000][12720][safepoint   ] Safepoint "Cleanup", Time since last: 1008992300 ns, Reaching safepoint: 73400 ns, At safepoint: 4900 ns, Total: 78300 ns
[2022-04-08T18:54:00.151+0000][12720][gc,heap,exit] Heap
[2022-04-08T18:54:00.151+0000][12720][gc,heap,exit]  garbage-first heap   total 8331264K, used 3664841K [0x0000000603800000, 0x0000000800000000)
[2022-04-08T18:54:00.151+0000][12720][gc,heap,exit]   region size 4096K, 874 young (3579904K), 9 survivors (36864K)
[2022-04-08T18:54:00.151+0000][12720][gc,heap,exit]  Metaspace       used 128251K, committed 130368K, reserved 1163264K
[2022-04-08T18:54:00.151+0000][12720][gc,heap,exit]   class space    used 17155K, committed 18048K, reserved 1048576K
