[2022-04-08T18:54:14.076+0000][9408][gc] Using G1
[2022-04-08T18:54:15.527+0000][9408][gc,init] Version: 17.0.2+8 (release)
[2022-04-08T18:54:15.527+0000][9408][gc,init] CPUs: 4 total, 4 available
[2022-04-08T18:54:15.527+0000][9408][gc,init] Memory: 16268M
[2022-04-08T18:54:15.527+0000][9408][gc,init] Large Page Support: Disabled
[2022-04-08T18:54:15.527+0000][9408][gc,init] NUMA Support: Disabled
[2022-04-08T18:54:15.527+0000][9408][gc,init] Compressed Oops: Enabled (Zero based)
[2022-04-08T18:54:15.527+0000][9408][gc,init] Heap Region Size: 4M
[2022-04-08T18:54:15.527+0000][9408][gc,init] Heap Min Capacity: 8136M
[2022-04-08T18:54:15.527+0000][9408][gc,init] Heap Initial Capacity: 8136M
[2022-04-08T18:54:15.527+0000][9408][gc,init] Heap Max Capacity: 8136M
[2022-04-08T18:54:15.527+0000][9408][gc,init] Pre-touch: Enabled
[2022-04-08T18:54:15.527+0000][9408][gc,init] Parallel Workers: 4
[2022-04-08T18:54:15.527+0000][9408][gc,init] Concurrent Workers: 1
[2022-04-08T18:54:15.527+0000][9408][gc,init] Concurrent Refinement Workers: 4
[2022-04-08T18:54:15.527+0000][9408][gc,init] Periodic GC: Disabled
[2022-04-08T18:54:15.527+0000][9408][gc,metaspace] CDS archive(s) mapped at: [0x0000000800000000-0x0000000800bc0000-0x0000000800bc0000), size 12320768, SharedBaseAddress: 0x0000000800000000, ArchiveRelocationMode: 0.
[2022-04-08T18:54:15.527+0000][9408][gc,metaspace] Compressed class space mapped at: 0x0000000800c00000-0x0000000840c00000, reserved size: 1073741824
[2022-04-08T18:54:15.527+0000][9408][gc,metaspace] Narrow klass base: 0x0000000800000000, Narrow klass shift: 0, Narrow klass range: 0x100000000
[2022-04-08T18:54:15.787+0000][9408][safepoint   ] Safepoint "ICBufferFull", Time since last: 256989800 ns, Reaching safepoint: 60100 ns, At safepoint: 54700 ns, Total: 114800 ns
[2022-04-08T18:54:15.787+0000][9408][safepoint   ] Safepoint "ICBufferFull", Time since last: 1210000 ns, Reaching safepoint: 28800 ns, At safepoint: 7900 ns, Total: 36700 ns
[2022-04-08T18:54:15.787+0000][9408][safepoint   ] Safepoint "ICBufferFull", Time since last: 1020200 ns, Reaching safepoint: 64600 ns, At safepoint: 8900 ns, Total: 73500 ns
[2022-04-08T18:54:16.122+0000][9408][safepoint   ] Safepoint "ICBufferFull", Time since last: 328872700 ns, Reaching safepoint: 69100 ns, At safepoint: 10700 ns, Total: 79800 ns
[2022-04-08T18:54:16.841+0000][9408][safepoint   ] Safepoint "ICBufferFull", Time since last: 730665400 ns, Reaching safepoint: 91900 ns, At safepoint: 7100 ns, Total: 99000 ns
[2022-04-08T18:54:17.747+0000][9408][safepoint   ] Safepoint "ICBufferFull", Time since last: 891391400 ns, Reaching safepoint: 95700 ns, At safepoint: 8300 ns, Total: 104000 ns
[2022-04-08T18:54:18.528+0000][9408][safepoint   ] Safepoint "ICBufferFull", Time since last: 792784400 ns, Reaching safepoint: 118900 ns, At safepoint: 9200 ns, Total: 128100 ns
[2022-04-08T18:54:19.421+0000][9408][safepoint   ] Safepoint "ICBufferFull", Time since last: 884486500 ns, Reaching safepoint: 155200 ns, At safepoint: 3700 ns, Total: 158900 ns
[2022-04-08T18:54:19.437+0000][9408][gc,start    ] GC(0) Pause Young (Normal) (G1 Evacuation Pause)
[2022-04-08T18:54:19.437+0000][9408][gc,task     ] GC(0) Using 4 workers of 4 for evacuation
[2022-04-08T18:54:19.437+0000][9408][gc,age      ] GC(0) Desired survivor size 27262976 bytes, new threshold 15 (max threshold 15)
[2022-04-08T18:54:19.437+0000][9408][gc,age      ] GC(0) Age table with threshold 15 (max threshold 15)
[2022-04-08T18:54:19.437+0000][9408][gc,age      ] GC(0) - age   1:   13466872 bytes,   13466872 total
[2022-04-08T18:54:19.437+0000][9408][gc,phases   ] GC(0)   Pre Evacuate Collection Set: 0.1ms
[2022-04-08T18:54:19.437+0000][9408][gc,phases   ] GC(0)   Merge Heap Roots: 0.1ms
[2022-04-08T18:54:19.437+0000][9408][gc,phases   ] GC(0)   Evacuate Collection Set: 9.0ms
[2022-04-08T18:54:19.437+0000][9408][gc,phases   ] GC(0)   Post Evacuate Collection Set: 0.7ms
[2022-04-08T18:54:19.437+0000][9408][gc,phases   ] GC(0)   Other: 0.3ms
[2022-04-08T18:54:19.437+0000][9408][gc,heap     ] GC(0) Eden regions: 101->0(97)
[2022-04-08T18:54:19.437+0000][9408][gc,heap     ] GC(0) Survivor regions: 0->4(13)
[2022-04-08T18:54:19.437+0000][9408][gc,heap     ] GC(0) Old regions: 0->0
[2022-04-08T18:54:19.437+0000][9408][gc,heap     ] GC(0) Archive regions: 0->0
[2022-04-08T18:54:19.437+0000][9408][gc,heap     ] GC(0) Humongous regions: 0->0
[2022-04-08T18:54:19.437+0000][9408][gc,metaspace] GC(0) Metaspace: 20427K(20800K)->20427K(20800K) NonClass: 17999K(18176K)->17999K(18176K) Class: 2428K(2624K)->2428K(2624K)
[2022-04-08T18:54:19.437+0000][9408][gc          ] GC(0) Pause Young (Normal) (G1 Evacuation Pause) 404M->12M(8136M) 10.333ms
[2022-04-08T18:54:19.437+0000][9408][gc,cpu      ] GC(0) User=0.00s Sys=0.00s Real=0.00s
[2022-04-08T18:54:19.437+0000][9408][safepoint   ] Safepoint "G1CollectForAllocation", Time since last: 15075300 ns, Reaching safepoint: 35600 ns, At safepoint: 10458300 ns, Total: 10493900 ns
[2022-04-08T18:54:19.687+0000][9408][gc,start    ] GC(1) Pause Young (Concurrent Start) (Metadata GC Threshold)
[2022-04-08T18:54:19.687+0000][9408][gc,task     ] GC(1) Using 4 workers of 4 for evacuation
[2022-04-08T18:54:19.687+0000][9408][gc,age      ] GC(1) Desired survivor size 27262976 bytes, new threshold 15 (max threshold 15)
[2022-04-08T18:54:19.703+0000][9408][gc,age      ] GC(1) Age table with threshold 15 (max threshold 15)
[2022-04-08T18:54:19.703+0000][9408][gc,age      ] GC(1) - age   1:     808448 bytes,     808448 total
[2022-04-08T18:54:19.703+0000][9408][gc,age      ] GC(1) - age   2:   12632112 bytes,   13440560 total
[2022-04-08T18:54:19.703+0000][9408][gc,phases   ] GC(1)   Pre Evacuate Collection Set: 0.2ms
[2022-04-08T18:54:19.703+0000][9408][gc,phases   ] GC(1)   Merge Heap Roots: 0.0ms
[2022-04-08T18:54:19.703+0000][9408][gc,phases   ] GC(1)   Evacuate Collection Set: 15.8ms
[2022-04-08T18:54:19.703+0000][9408][gc,phases   ] GC(1)   Post Evacuate Collection Set: 0.8ms
[2022-04-08T18:54:19.703+0000][9408][gc,phases   ] GC(1)   Other: 0.3ms
[2022-04-08T18:54:19.703+0000][9408][gc,heap     ] GC(1) Eden regions: 35->0(97)
[2022-04-08T18:54:19.703+0000][9408][gc,heap     ] GC(1) Survivor regions: 4->4(13)
[2022-04-08T18:54:19.703+0000][9408][gc,heap     ] GC(1) Old regions: 0->0
[2022-04-08T18:54:19.703+0000][9408][gc,heap     ] GC(1) Archive regions: 0->0
[2022-04-08T18:54:19.703+0000][9408][gc,heap     ] GC(1) Humongous regions: 0->0
[2022-04-08T18:54:19.703+0000][9408][gc,metaspace] GC(1) Metaspace: 21072K(21504K)->21072K(21504K) NonClass: 18549K(18752K)->18549K(18752K) Class: 2523K(2752K)->2523K(2752K)
[2022-04-08T18:54:19.703+0000][9408][gc          ] GC(1) Pause Young (Concurrent Start) (Metadata GC Threshold) 152M->13M(8136M) 17.249ms
[2022-04-08T18:54:19.703+0000][9408][gc,cpu      ] GC(1) User=0.06s Sys=0.00s Real=0.02s
[2022-04-08T18:54:19.703+0000][9408][gc          ] GC(2) Concurrent Mark Cycle
[2022-04-08T18:54:19.703+0000][9408][gc,marking  ] GC(2) Concurrent Clear Claimed Marks
[2022-04-08T18:54:19.703+0000][9408][safepoint   ] Safepoint "CollectForMetadataAllocation", Time since last: 248760000 ns, Reaching safepoint: 47300 ns, At safepoint: 17385600 ns, Total: 17432900 ns
[2022-04-08T18:54:19.703+0000][9408][gc,marking  ] GC(2) Concurrent Clear Claimed Marks 0.040ms
[2022-04-08T18:54:19.703+0000][9408][gc,marking  ] GC(2) Concurrent Scan Root Regions
[2022-04-08T18:54:19.718+0000][9408][gc,marking  ] GC(2) Concurrent Scan Root Regions 8.085ms
[2022-04-08T18:54:19.718+0000][9408][gc,marking  ] GC(2) Concurrent Mark
[2022-04-08T18:54:19.718+0000][9408][gc,marking  ] GC(2) Concurrent Mark From Roots
[2022-04-08T18:54:19.718+0000][9408][gc,task     ] GC(2) Using 1 workers of 1 for marking
[2022-04-08T18:54:19.718+0000][9408][gc,marking  ] GC(2) Concurrent Mark From Roots 1.866ms
[2022-04-08T18:54:19.718+0000][9408][gc,marking  ] GC(2) Concurrent Preclean
[2022-04-08T18:54:19.718+0000][9408][gc,marking  ] GC(2) Concurrent Preclean 0.080ms
[2022-04-08T18:54:19.718+0000][9408][gc,start    ] GC(2) Pause Remark
[2022-04-08T18:54:19.718+0000][9408][gc          ] GC(2) Pause Remark 16M->16M(8136M) 3.348ms
[2022-04-08T18:54:19.718+0000][9408][gc,cpu      ] GC(2) User=0.00s Sys=0.00s Real=0.00s
[2022-04-08T18:54:19.718+0000][9408][safepoint   ] Safepoint "G1Concurrent", Time since last: 10280100 ns, Reaching safepoint: 35000 ns, At safepoint: 3654300 ns, Total: 3689300 ns
[2022-04-08T18:54:19.718+0000][9408][gc,marking  ] GC(2) Concurrent Mark 5.778ms
[2022-04-08T18:54:19.718+0000][9408][gc,marking  ] GC(2) Concurrent Rebuild Remembered Sets
[2022-04-08T18:54:19.718+0000][9408][gc,marking  ] GC(2) Concurrent Rebuild Remembered Sets 0.021ms
[2022-04-08T18:54:19.718+0000][9408][gc,start    ] GC(2) Pause Cleanup
[2022-04-08T18:54:19.718+0000][9408][gc          ] GC(2) Pause Cleanup 16M->16M(8136M) 0.030ms
[2022-04-08T18:54:19.718+0000][9408][gc,cpu      ] GC(2) User=0.00s Sys=0.00s Real=0.00s
[2022-04-08T18:54:19.718+0000][9408][safepoint   ] Safepoint "G1Concurrent", Time since last: 119100 ns, Reaching safepoint: 25700 ns, At safepoint: 1105100 ns, Total: 1130800 ns
[2022-04-08T18:54:19.718+0000][9408][gc,marking  ] GC(2) Concurrent Cleanup for Next Mark
[2022-04-08T18:54:19.734+0000][9408][gc,marking  ] GC(2) Concurrent Cleanup for Next Mark 9.034ms
[2022-04-08T18:54:19.734+0000][9408][gc          ] GC(2) Concurrent Mark Cycle 24.480ms
[2022-04-08T18:54:19.796+0000][9408][safepoint   ] Safepoint "ICBufferFull", Time since last: 64343200 ns, Reaching safepoint: 43000 ns, At safepoint: 6400 ns, Total: 49400 ns
[2022-04-08T18:54:19.796+0000][9408][safepoint   ] Safepoint "ICBufferFull", Time since last: 1703200 ns, Reaching safepoint: 31300 ns, At safepoint: 9700 ns, Total: 41000 ns
[2022-04-08T18:54:19.796+0000][9408][safepoint   ] Safepoint "ICBufferFull", Time since last: 6457800 ns, Reaching safepoint: 23600 ns, At safepoint: 1500 ns, Total: 25100 ns
[2022-04-08T18:54:19.796+0000][9408][safepoint   ] Safepoint "ICBufferFull", Time since last: 852300 ns, Reaching safepoint: 24700 ns, At safepoint: 9400 ns, Total: 34100 ns
[2022-04-08T18:54:19.796+0000][9408][safepoint   ] Safepoint "ICBufferFull", Time since last: 629900 ns, Reaching safepoint: 22300 ns, At safepoint: 1500 ns, Total: 23800 ns
[2022-04-08T18:54:20.390+0000][9408][gc,start    ] GC(3) Pause Young (Normal) (G1 Evacuation Pause)
[2022-04-08T18:54:20.390+0000][9408][gc,task     ] GC(3) Using 4 workers of 4 for evacuation
[2022-04-08T18:54:20.390+0000][9408][gc,age      ] GC(3) Desired survivor size 27262976 bytes, new threshold 15 (max threshold 15)
[2022-04-08T18:54:20.390+0000][9408][gc,age      ] GC(3) Age table with threshold 15 (max threshold 15)
[2022-04-08T18:54:20.390+0000][9408][gc,age      ] GC(3) - age   1:    4595592 bytes,    4595592 total
[2022-04-08T18:54:20.390+0000][9408][gc,age      ] GC(3) - age   2:     803936 bytes,    5399528 total
[2022-04-08T18:54:20.390+0000][9408][gc,age      ] GC(3) - age   3:   12627256 bytes,   18026784 total
[2022-04-08T18:54:20.390+0000][9408][gc,phases   ] GC(3)   Pre Evacuate Collection Set: 0.1ms
[2022-04-08T18:54:20.390+0000][9408][gc,phases   ] GC(3)   Merge Heap Roots: 0.0ms
[2022-04-08T18:54:20.390+0000][9408][gc,phases   ] GC(3)   Evacuate Collection Set: 8.2ms
[2022-04-08T18:54:20.390+0000][9408][gc,phases   ] GC(3)   Post Evacuate Collection Set: 0.7ms
[2022-04-08T18:54:20.390+0000][9408][gc,phases   ] GC(3)   Other: 0.3ms
[2022-04-08T18:54:20.390+0000][9408][gc,heap     ] GC(3) Eden regions: 97->0(96)
[2022-04-08T18:54:20.390+0000][9408][gc,heap     ] GC(3) Survivor regions: 4->5(13)
[2022-04-08T18:54:20.390+0000][9408][gc,heap     ] GC(3) Old regions: 0->0
[2022-04-08T18:54:20.390+0000][9408][gc,heap     ] GC(3) Archive regions: 0->0
[2022-04-08T18:54:20.390+0000][9408][gc,heap     ] GC(3) Humongous regions: 0->0
[2022-04-08T18:54:20.390+0000][9408][gc,metaspace] GC(3) Metaspace: 22691K(23168K)->22691K(23168K) NonClass: 19958K(20224K)->19958K(20224K) Class: 2733K(2944K)->2733K(2944K)
[2022-04-08T18:54:20.390+0000][9408][gc          ] GC(3) Pause Young (Normal) (G1 Evacuation Pause) 401M->18M(8136M) 9.464ms
[2022-04-08T18:54:20.390+0000][9408][gc,cpu      ] GC(3) User=0.00s Sys=0.00s Real=0.00s
[2022-04-08T18:54:20.390+0000][9408][safepoint   ] Safepoint "G1CollectForAllocation", Time since last: 586777100 ns, Reaching safepoint: 73700 ns, At safepoint: 9538200 ns, Total: 9611900 ns
[2022-04-08T18:54:21.108+0000][9408][safepoint   ] Safepoint "ICBufferFull", Time since last: 710188500 ns, Reaching safepoint: 139000 ns, At safepoint: 1800 ns, Total: 140800 ns
[2022-04-08T18:54:21.209+0000][9408][gc,start    ] GC(4) Pause Young (Normal) (G1 Evacuation Pause)
[2022-04-08T18:54:21.209+0000][9408][gc,task     ] GC(4) Using 4 workers of 4 for evacuation
[2022-04-08T18:54:21.209+0000][9408][gc,age      ] GC(4) Desired survivor size 27262976 bytes, new threshold 15 (max threshold 15)
[2022-04-08T18:54:21.225+0000][9408][gc,age      ] GC(4) Age table with threshold 15 (max threshold 15)
[2022-04-08T18:54:21.225+0000][9408][gc,age      ] GC(4) - age   1:    4431208 bytes,    4431208 total
[2022-04-08T18:54:21.225+0000][9408][gc,age      ] GC(4) - age   2:    2985520 bytes,    7416728 total
[2022-04-08T18:54:21.225+0000][9408][gc,age      ] GC(4) - age   3:     800720 bytes,    8217448 total
[2022-04-08T18:54:21.225+0000][9408][gc,age      ] GC(4) - age   4:   12587504 bytes,   20804952 total
[2022-04-08T18:54:21.225+0000][9408][gc,phases   ] GC(4)   Pre Evacuate Collection Set: 0.1ms
[2022-04-08T18:54:21.225+0000][9408][gc,phases   ] GC(4)   Merge Heap Roots: 0.0ms
[2022-04-08T18:54:21.225+0000][9408][gc,phases   ] GC(4)   Evacuate Collection Set: 9.9ms
[2022-04-08T18:54:21.225+0000][9408][gc,phases   ] GC(4)   Post Evacuate Collection Set: 0.7ms
[2022-04-08T18:54:21.225+0000][9408][gc,phases   ] GC(4)   Other: 0.3ms
[2022-04-08T18:54:21.225+0000][9408][gc,heap     ] GC(4) Eden regions: 96->0(95)
[2022-04-08T18:54:21.225+0000][9408][gc,heap     ] GC(4) Survivor regions: 5->6(13)
[2022-04-08T18:54:21.225+0000][9408][gc,heap     ] GC(4) Old regions: 0->0
[2022-04-08T18:54:21.225+0000][9408][gc,heap     ] GC(4) Archive regions: 0->0
[2022-04-08T18:54:21.225+0000][9408][gc,heap     ] GC(4) Humongous regions: 0->0
[2022-04-08T18:54:21.225+0000][9408][gc,metaspace] GC(4) Metaspace: 27871K(28480K)->27871K(28480K) NonClass: 24536K(24896K)->24536K(24896K) Class: 3334K(3584K)->3334K(3584K)
[2022-04-08T18:54:21.225+0000][9408][gc          ] GC(4) Pause Young (Normal) (G1 Evacuation Pause) 402M->22M(8136M) 11.210ms
[2022-04-08T18:54:21.225+0000][9408][gc,cpu      ] GC(4) User=0.06s Sys=0.00s Real=0.02s
[2022-04-08T18:54:21.225+0000][9408][safepoint   ] Safepoint "G1CollectForAllocation", Time since last: 103055900 ns, Reaching safepoint: 35500 ns, At safepoint: 11287000 ns, Total: 11322500 ns
[2022-04-08T18:54:21.865+0000][9408][gc,start    ] GC(5) Pause Young (Normal) (G1 Evacuation Pause)
[2022-04-08T18:54:21.865+0000][9408][gc,task     ] GC(5) Using 4 workers of 4 for evacuation
[2022-04-08T18:54:21.865+0000][9408][gc,age      ] GC(5) Desired survivor size 27262976 bytes, new threshold 15 (max threshold 15)
[2022-04-08T18:54:21.881+0000][9408][gc,age      ] GC(5) Age table with threshold 15 (max threshold 15)
[2022-04-08T18:54:21.881+0000][9408][gc,age      ] GC(5) - age   1:    2685424 bytes,    2685424 total
[2022-04-08T18:54:21.881+0000][9408][gc,age      ] GC(5) - age   2:    3080304 bytes,    5765728 total
[2022-04-08T18:54:21.881+0000][9408][gc,age      ] GC(5) - age   3:    2984368 bytes,    8750096 total
[2022-04-08T18:54:21.881+0000][9408][gc,age      ] GC(5) - age   4:     800408 bytes,    9550504 total
[2022-04-08T18:54:21.881+0000][9408][gc,age      ] GC(5) - age   5:   12548344 bytes,   22098848 total
[2022-04-08T18:54:21.881+0000][9408][gc,phases   ] GC(5)   Pre Evacuate Collection Set: 0.1ms
[2022-04-08T18:54:21.881+0000][9408][gc,phases   ] GC(5)   Merge Heap Roots: 0.0ms
[2022-04-08T18:54:21.881+0000][9408][gc,phases   ] GC(5)   Evacuate Collection Set: 12.7ms
[2022-04-08T18:54:21.881+0000][9408][gc,phases   ] GC(5)   Post Evacuate Collection Set: 0.8ms
[2022-04-08T18:54:21.881+0000][9408][gc,phases   ] GC(5)   Other: 0.3ms
[2022-04-08T18:54:21.881+0000][9408][gc,heap     ] GC(5) Eden regions: 95->0(102)
[2022-04-08T18:54:21.881+0000][9408][gc,heap     ] GC(5) Survivor regions: 6->6(13)
[2022-04-08T18:54:21.881+0000][9408][gc,heap     ] GC(5) Old regions: 0->0
[2022-04-08T18:54:21.881+0000][9408][gc,heap     ] GC(5) Archive regions: 0->0
[2022-04-08T18:54:21.881+0000][9408][gc,heap     ] GC(5) Humongous regions: 0->0
[2022-04-08T18:54:21.881+0000][9408][gc,metaspace] GC(5) Metaspace: 29304K(29952K)->29304K(29952K) NonClass: 25765K(26176K)->25765K(26176K) Class: 3538K(3776K)->3538K(3776K)
[2022-04-08T18:54:21.881+0000][9408][gc          ] GC(5) Pause Young (Normal) (G1 Evacuation Pause) 402M->22M(8136M) 14.161ms
[2022-04-08T18:54:21.881+0000][9408][gc,cpu      ] GC(5) User=0.05s Sys=0.00s Real=0.02s
[2022-04-08T18:54:21.881+0000][9408][safepoint   ] Safepoint "G1CollectForAllocation", Time since last: 639784600 ns, Reaching safepoint: 52500 ns, At safepoint: 14233000 ns, Total: 14285500 ns
[2022-04-08T18:54:22.443+0000][9408][gc,start    ] GC(6) Pause Young (Normal) (G1 Evacuation Pause)
[2022-04-08T18:54:22.443+0000][9408][gc,task     ] GC(6) Using 4 workers of 4 for evacuation
[2022-04-08T18:54:22.443+0000][9408][gc,age      ] GC(6) Desired survivor size 29360128 bytes, new threshold 15 (max threshold 15)
[2022-04-08T18:54:22.459+0000][9408][gc,age      ] GC(6) Age table with threshold 15 (max threshold 15)
[2022-04-08T18:54:22.459+0000][9408][gc,age      ] GC(6) - age   1:    1124320 bytes,    1124320 total
[2022-04-08T18:54:22.459+0000][9408][gc,age      ] GC(6) - age   2:    2351688 bytes,    3476008 total
[2022-04-08T18:54:22.459+0000][9408][gc,age      ] GC(6) - age   3:    3079000 bytes,    6555008 total
[2022-04-08T18:54:22.459+0000][9408][gc,age      ] GC(6) - age   4:    2984000 bytes,    9539008 total
[2022-04-08T18:54:22.459+0000][9408][gc,age      ] GC(6) - age   5:     800408 bytes,   10339416 total
[2022-04-08T18:54:22.459+0000][9408][gc,age      ] GC(6) - age   6:   12548152 bytes,   22887568 total
[2022-04-08T18:54:22.459+0000][9408][gc,phases   ] GC(6)   Pre Evacuate Collection Set: 0.1ms
[2022-04-08T18:54:22.459+0000][9408][gc,phases   ] GC(6)   Merge Heap Roots: 0.1ms
[2022-04-08T18:54:22.459+0000][9408][gc,phases   ] GC(6)   Evacuate Collection Set: 9.8ms
[2022-04-08T18:54:22.459+0000][9408][gc,phases   ] GC(6)   Post Evacuate Collection Set: 0.8ms
[2022-04-08T18:54:22.459+0000][9408][gc,phases   ] GC(6)   Other: 0.3ms
[2022-04-08T18:54:22.459+0000][9408][gc,heap     ] GC(6) Eden regions: 102->0(1214)
[2022-04-08T18:54:22.459+0000][9408][gc,heap     ] GC(6) Survivor regions: 6->6(14)
[2022-04-08T18:54:22.459+0000][9408][gc,heap     ] GC(6) Old regions: 0->0
[2022-04-08T18:54:22.459+0000][9408][gc,heap     ] GC(6) Archive regions: 0->0
[2022-04-08T18:54:22.459+0000][9408][gc,heap     ] GC(6) Humongous regions: 0->0
[2022-04-08T18:54:22.459+0000][9408][gc,metaspace] GC(6) Metaspace: 29940K(30656K)->29940K(30656K) NonClass: 26306K(26752K)->26306K(26752K) Class: 3633K(3904K)->3633K(3904K)
[2022-04-08T18:54:22.459+0000][9408][gc          ] GC(6) Pause Young (Normal) (G1 Evacuation Pause) 430M->23M(8136M) 11.289ms
[2022-04-08T18:54:22.459+0000][9408][gc,cpu      ] GC(6) User=0.06s Sys=0.00s Real=0.02s
[2022-04-08T18:54:22.459+0000][9408][safepoint   ] Safepoint "G1CollectForAllocation", Time since last: 574199200 ns, Reaching safepoint: 39100 ns, At safepoint: 11364600 ns, Total: 11403700 ns
[2022-04-08T18:54:23.365+0000][9408][safepoint   ] Safepoint "ICBufferFull", Time since last: 901556100 ns, Reaching safepoint: 95300 ns, At safepoint: 7600 ns, Total: 102900 ns
[2022-04-08T18:54:23.472+0000][9408][safepoint   ] Safepoint "ICBufferFull", Time since last: 110418600 ns, Reaching safepoint: 124500 ns, At safepoint: 2100 ns, Total: 126600 ns
[2022-04-08T18:54:23.472+0000][9408][safepoint   ] Safepoint "ICBufferFull", Time since last: 739700 ns, Reaching safepoint: 25200 ns, At safepoint: 2400 ns, Total: 27600 ns
[2022-04-08T18:54:23.472+0000][9408][safepoint   ] Safepoint "ICBufferFull", Time since last: 579100 ns, Reaching safepoint: 20500 ns, At safepoint: 2100 ns, Total: 22600 ns
[2022-04-08T18:54:23.503+0000][9408][safepoint   ] Safepoint "ICBufferFull", Time since last: 34760300 ns, Reaching safepoint: 34500 ns, At safepoint: 8700 ns, Total: 43200 ns
[2022-04-08T18:54:23.519+0000][9408][safepoint   ] Safepoint "ICBufferFull", Time since last: 14974500 ns, Reaching safepoint: 36300 ns, At safepoint: 7600 ns, Total: 43900 ns
[2022-04-08T18:54:23.535+0000][9408][gc,start    ] GC(7) Pause Young (Concurrent Start) (Metadata GC Threshold)
[2022-04-08T18:54:23.535+0000][9408][gc,task     ] GC(7) Using 4 workers of 4 for evacuation
[2022-04-08T18:54:23.535+0000][9408][gc,age      ] GC(7) Desired survivor size 320864256 bytes, new threshold 15 (max threshold 15)
[2022-04-08T18:54:23.535+0000][9408][gc,age      ] GC(7) Age table with threshold 15 (max threshold 15)
[2022-04-08T18:54:23.535+0000][9408][gc,age      ] GC(7) - age   1:    1878480 bytes,    1878480 total
[2022-04-08T18:54:23.535+0000][9408][gc,age      ] GC(7) - age   2:    1075056 bytes,    2953536 total
[2022-04-08T18:54:23.535+0000][9408][gc,age      ] GC(7) - age   3:    2332872 bytes,    5286408 total
[2022-04-08T18:54:23.535+0000][9408][gc,age      ] GC(7) - age   4:    3063424 bytes,    8349832 total
[2022-04-08T18:54:23.535+0000][9408][gc,age      ] GC(7) - age   5:    2970528 bytes,   11320360 total
[2022-04-08T18:54:23.535+0000][9408][gc,age      ] GC(7) - age   6:     794856 bytes,   12115216 total
[2022-04-08T18:54:23.535+0000][9408][gc,age      ] GC(7) - age   7:   12476336 bytes,   24591552 total
[2022-04-08T18:54:23.535+0000][9408][gc,phases   ] GC(7)   Pre Evacuate Collection Set: 0.2ms
[2022-04-08T18:54:23.535+0000][9408][gc,phases   ] GC(7)   Merge Heap Roots: 0.0ms
[2022-04-08T18:54:23.535+0000][9408][gc,phases   ] GC(7)   Evacuate Collection Set: 12.8ms
[2022-04-08T18:54:23.535+0000][9408][gc,phases   ] GC(7)   Post Evacuate Collection Set: 0.8ms
[2022-04-08T18:54:23.535+0000][9408][gc,phases   ] GC(7)   Other: 0.3ms
[2022-04-08T18:54:23.535+0000][9408][gc,heap     ] GC(7) Eden regions: 44->0(1213)
[2022-04-08T18:54:23.535+0000][9408][gc,heap     ] GC(7) Survivor regions: 6->7(153)
[2022-04-08T18:54:23.535+0000][9408][gc,heap     ] GC(7) Old regions: 0->0
[2022-04-08T18:54:23.535+0000][9408][gc,heap     ] GC(7) Archive regions: 0->0
[2022-04-08T18:54:23.535+0000][9408][gc,heap     ] GC(7) Humongous regions: 0->0
[2022-04-08T18:54:23.535+0000][9408][gc,metaspace] GC(7) Metaspace: 35155K(35968K)->35155K(35968K) NonClass: 30818K(31296K)->30818K(31296K) Class: 4336K(4672K)->4336K(4672K)
[2022-04-08T18:54:23.535+0000][9408][gc          ] GC(7) Pause Young (Concurrent Start) (Metadata GC Threshold) 199M->24M(8136M) 14.311ms
[2022-04-08T18:54:23.535+0000][9408][gc,cpu      ] GC(7) User=0.00s Sys=0.00s Real=0.00s
[2022-04-08T18:54:23.535+0000][9408][gc          ] GC(8) Concurrent Mark Cycle
[2022-04-08T18:54:23.535+0000][9408][gc,marking  ] GC(8) Concurrent Clear Claimed Marks
[2022-04-08T18:54:23.535+0000][9408][safepoint   ] Safepoint "CollectForMetadataAllocation", Time since last: 4405500 ns, Reaching safepoint: 31300 ns, At safepoint: 14446100 ns, Total: 14477400 ns
[2022-04-08T18:54:23.535+0000][9408][gc,marking  ] GC(8) Concurrent Clear Claimed Marks 0.042ms
[2022-04-08T18:54:23.535+0000][9408][gc,marking  ] GC(8) Concurrent Scan Root Regions
[2022-04-08T18:54:23.550+0000][9408][gc,marking  ] GC(8) Concurrent Scan Root Regions 11.685ms
[2022-04-08T18:54:23.550+0000][9408][gc,marking  ] GC(8) Concurrent Mark
[2022-04-08T18:54:23.550+0000][9408][gc,marking  ] GC(8) Concurrent Mark From Roots
[2022-04-08T18:54:23.550+0000][9408][gc,task     ] GC(8) Using 1 workers of 1 for marking
[2022-04-08T18:54:23.550+0000][9408][gc,marking  ] GC(8) Concurrent Mark From Roots 1.705ms
[2022-04-08T18:54:23.550+0000][9408][gc,marking  ] GC(8) Concurrent Preclean
[2022-04-08T18:54:23.550+0000][9408][gc,marking  ] GC(8) Concurrent Preclean 0.084ms
[2022-04-08T18:54:23.550+0000][9408][gc,start    ] GC(8) Pause Remark
[2022-04-08T18:54:23.550+0000][9408][gc          ] GC(8) Pause Remark 26M->26M(8136M) 2.117ms
[2022-04-08T18:54:23.550+0000][9408][gc,cpu      ] GC(8) User=0.00s Sys=0.00s Real=0.00s
[2022-04-08T18:54:23.550+0000][9408][safepoint   ] Safepoint "G1Concurrent", Time since last: 13705400 ns, Reaching safepoint: 37400 ns, At safepoint: 2204000 ns, Total: 2241400 ns
[2022-04-08T18:54:23.550+0000][9408][gc,marking  ] GC(8) Concurrent Mark 4.180ms
[2022-04-08T18:54:23.550+0000][9408][gc,marking  ] GC(8) Concurrent Rebuild Remembered Sets
[2022-04-08T18:54:23.550+0000][9408][gc,marking  ] GC(8) Concurrent Rebuild Remembered Sets 0.023ms
[2022-04-08T18:54:23.566+0000][9408][gc,start    ] GC(8) Pause Cleanup
[2022-04-08T18:54:23.566+0000][9408][gc          ] GC(8) Pause Cleanup 26M->26M(8136M) 0.038ms
[2022-04-08T18:54:23.566+0000][9408][gc,cpu      ] GC(8) User=0.00s Sys=0.00s Real=0.00s
[2022-04-08T18:54:23.566+0000][9408][safepoint   ] Safepoint "G1Concurrent", Time since last: 128600 ns, Reaching safepoint: 571600 ns, At safepoint: 104400 ns, Total: 676000 ns
[2022-04-08T18:54:23.566+0000][9408][gc,marking  ] GC(8) Concurrent Cleanup for Next Mark
[2022-04-08T18:54:23.566+0000][9408][gc,marking  ] GC(8) Concurrent Cleanup for Next Mark 9.735ms
[2022-04-08T18:54:23.566+0000][9408][gc          ] GC(8) Concurrent Mark Cycle 26.640ms
[2022-04-08T18:54:23.613+0000][9408][safepoint   ] Safepoint "ICBufferFull", Time since last: 50253700 ns, Reaching safepoint: 29500 ns, At safepoint: 2500 ns, Total: 32000 ns
[2022-04-08T18:54:24.305+0000][9408][safepoint   ] Safepoint "ICBufferFull", Time since last: 688816300 ns, Reaching safepoint: 97000 ns, At safepoint: 2600 ns, Total: 99600 ns
[2022-04-08T18:54:25.258+0000][9408][safepoint   ] Safepoint "ICBufferFull", Time since last: 953739900 ns, Reaching safepoint: 125900 ns, At safepoint: 9600 ns, Total: 135500 ns
[2022-04-08T18:54:25.987+0000][9408][safepoint   ] Safepoint "ICBufferFull", Time since last: 732045700 ns, Reaching safepoint: 92000 ns, At safepoint: 2200 ns, Total: 94200 ns
[2022-04-08T18:54:26.929+0000][9408][safepoint   ] Safepoint "ICBufferFull", Time since last: 946856700 ns, Reaching safepoint: 117000 ns, At safepoint: 31400 ns, Total: 148400 ns
[2022-04-08T18:54:27.101+0000][9408][gc,start    ] GC(9) Pause Young (Concurrent Start) (Metadata GC Threshold)
[2022-04-08T18:54:27.101+0000][9408][gc,task     ] GC(9) Using 4 workers of 4 for evacuation
[2022-04-08T18:54:27.116+0000][9408][gc,age      ] GC(9) Desired survivor size 320864256 bytes, new threshold 15 (max threshold 15)
[2022-04-08T18:54:27.148+0000][9408][gc,age      ] GC(9) Age table with threshold 15 (max threshold 15)
[2022-04-08T18:54:27.148+0000][9408][gc,age      ] GC(9) - age   1:   24786400 bytes,   24786400 total
[2022-04-08T18:54:27.148+0000][9408][gc,age      ] GC(9) - age   2:    1774144 bytes,   26560544 total
[2022-04-08T18:54:27.148+0000][9408][gc,age      ] GC(9) - age   3:    1066560 bytes,   27627104 total
[2022-04-08T18:54:27.148+0000][9408][gc,age      ] GC(9) - age   4:    2274032 bytes,   29901136 total
[2022-04-08T18:54:27.148+0000][9408][gc,age      ] GC(9) - age   5:    3011136 bytes,   32912272 total
[2022-04-08T18:54:27.148+0000][9408][gc,age      ] GC(9) - age   6:    2960560 bytes,   35872832 total
[2022-04-08T18:54:27.148+0000][9408][gc,age      ] GC(9) - age   7:     785840 bytes,   36658672 total
[2022-04-08T18:54:27.148+0000][9408][gc,age      ] GC(9) - age   8:   12400848 bytes,   49059520 total
[2022-04-08T18:54:27.148+0000][9408][gc,phases   ] GC(9)   Pre Evacuate Collection Set: 0.2ms
[2022-04-08T18:54:27.148+0000][9408][gc,phases   ] GC(9)   Merge Heap Roots: 0.0ms
[2022-04-08T18:54:27.148+0000][9408][gc,phases   ] GC(9)   Evacuate Collection Set: 33.9ms
[2022-04-08T18:54:27.148+0000][9408][gc,phases   ] GC(9)   Post Evacuate Collection Set: 2.0ms
[2022-04-08T18:54:27.148+0000][9408][gc,phases   ] GC(9)   Other: 0.5ms
[2022-04-08T18:54:27.148+0000][9408][gc,heap     ] GC(9) Eden regions: 102->0(233)
[2022-04-08T18:54:27.148+0000][9408][gc,heap     ] GC(9) Survivor regions: 7->13(153)
[2022-04-08T18:54:27.148+0000][9408][gc,heap     ] GC(9) Old regions: 0->0
[2022-04-08T18:54:27.148+0000][9408][gc,heap     ] GC(9) Archive regions: 0->0
[2022-04-08T18:54:27.148+0000][9408][gc,heap     ] GC(9) Humongous regions: 0->0
[2022-04-08T18:54:27.148+0000][9408][gc,metaspace] GC(9) Metaspace: 58708K(60160K)->58708K(60160K) NonClass: 50812K(51648K)->50812K(51648K) Class: 7896K(8512K)->7896K(8512K)
[2022-04-08T18:54:27.148+0000][9408][gc          ] GC(9) Pause Young (Concurrent Start) (Metadata GC Threshold) 430M->49M(8136M) 36.762ms
[2022-04-08T18:54:27.148+0000][9408][gc,cpu      ] GC(9) User=0.17s Sys=0.00s Real=0.05s
[2022-04-08T18:54:27.148+0000][9408][gc          ] GC(10) Concurrent Mark Cycle
[2022-04-08T18:54:27.148+0000][9408][gc,marking  ] GC(10) Concurrent Clear Claimed Marks
[2022-04-08T18:54:27.148+0000][9408][gc,marking  ] GC(10) Concurrent Clear Claimed Marks 0.061ms
[2022-04-08T18:54:27.148+0000][9408][gc,marking  ] GC(10) Concurrent Scan Root Regions
[2022-04-08T18:54:27.148+0000][9408][safepoint   ] Safepoint "CollectForMetadataAllocation", Time since last: 177778800 ns, Reaching safepoint: 79700 ns, At safepoint: 36996400 ns, Total: 37076100 ns
[2022-04-08T18:54:27.179+0000][9408][gc,marking  ] GC(10) Concurrent Scan Root Regions 32.106ms
[2022-04-08T18:54:27.179+0000][9408][gc,marking  ] GC(10) Concurrent Mark
[2022-04-08T18:54:27.179+0000][9408][gc,marking  ] GC(10) Concurrent Mark From Roots
[2022-04-08T18:54:27.179+0000][9408][gc,task     ] GC(10) Using 1 workers of 1 for marking
[2022-04-08T18:54:27.179+0000][9408][gc,marking  ] GC(10) Concurrent Mark From Roots 1.693ms
[2022-04-08T18:54:27.179+0000][9408][gc,marking  ] GC(10) Concurrent Preclean
[2022-04-08T18:54:27.179+0000][9408][gc,marking  ] GC(10) Concurrent Preclean 0.083ms
[2022-04-08T18:54:27.179+0000][9408][gc,start    ] GC(10) Pause Remark
[2022-04-08T18:54:27.179+0000][9408][gc          ] GC(10) Pause Remark 55M->55M(8136M) 3.143ms
[2022-04-08T18:54:27.179+0000][9408][gc,cpu      ] GC(10) User=0.00s Sys=0.00s Real=0.00s
[2022-04-08T18:54:27.179+0000][9408][safepoint   ] Safepoint "G1Concurrent", Time since last: 34035200 ns, Reaching safepoint: 42400 ns, At safepoint: 4792300 ns, Total: 4834700 ns
[2022-04-08T18:54:27.179+0000][9408][gc,marking  ] GC(10) Concurrent Mark 6.802ms
[2022-04-08T18:54:27.179+0000][9408][gc,marking  ] GC(10) Concurrent Rebuild Remembered Sets
[2022-04-08T18:54:27.179+0000][9408][gc,marking  ] GC(10) Concurrent Rebuild Remembered Sets 0.023ms
[2022-04-08T18:54:27.210+0000][9408][gc,start    ] GC(10) Pause Cleanup
[2022-04-08T18:54:27.210+0000][9408][gc          ] GC(10) Pause Cleanup 55M->55M(8136M) 0.072ms
[2022-04-08T18:54:27.210+0000][9408][gc,cpu      ] GC(10) User=0.00s Sys=0.00s Real=0.00s
[2022-04-08T18:54:27.210+0000][9408][safepoint   ] Safepoint "G1Concurrent", Time since last: 167600 ns, Reaching safepoint: 17860200 ns, At safepoint: 711400 ns, Total: 18571600 ns
[2022-04-08T18:54:27.210+0000][9408][gc,marking  ] GC(10) Concurrent Cleanup for Next Mark
[2022-04-08T18:54:27.210+0000][9408][gc,marking  ] GC(10) Concurrent Cleanup for Next Mark 9.424ms
[2022-04-08T18:54:27.210+0000][9408][gc          ] GC(10) Concurrent Mark Cycle 67.319ms
[2022-04-08T18:54:28.257+0000][9408][safepoint   ] Safepoint "Cleanup", Time since last: 1054012600 ns, Reaching safepoint: 371700 ns, At safepoint: 23100 ns, Total: 394800 ns
[2022-04-08T18:54:29.352+0000][9408][safepoint   ] Safepoint "ICBufferFull", Time since last: 1101262900 ns, Reaching safepoint: 121800 ns, At safepoint: 3100 ns, Total: 124900 ns
[2022-04-08T18:54:29.946+0000][9408][safepoint   ] Safepoint "ICBufferFull", Time since last: 580145000 ns, Reaching safepoint: 122500 ns, At safepoint: 9800 ns, Total: 132300 ns
[2022-04-08T18:54:31.007+0000][9408][safepoint   ] Safepoint "Cleanup", Time since last: 1060215000 ns, Reaching safepoint: 170000 ns, At safepoint: 9300 ns, Total: 179300 ns
[2022-04-08T18:54:31.835+0000][9408][safepoint   ] Safepoint "ICBufferFull", Time since last: 840231900 ns, Reaching safepoint: 121300 ns, At safepoint: 9400 ns, Total: 130700 ns
[2022-04-08T18:54:32.674+0000][9408][safepoint   ] Safepoint "ICBufferFull", Time since last: 840783600 ns, Reaching safepoint: 119000 ns, At safepoint: 3300 ns, Total: 122300 ns
[2022-04-08T18:54:32.846+0000][9408][gc,start    ] GC(11) Pause Young (Concurrent Start) (Metadata GC Threshold)
[2022-04-08T18:54:32.846+0000][9408][gc,task     ] GC(11) Using 4 workers of 4 for evacuation
[2022-04-08T18:54:32.846+0000][9408][gc,age      ] GC(11) Desired survivor size 65011712 bytes, new threshold 15 (max threshold 15)
[2022-04-08T18:54:32.908+0000][9408][gc,age      ] GC(11) Age table with threshold 15 (max threshold 15)
[2022-04-08T18:54:32.908+0000][9408][gc,age      ] GC(11) - age   1:   19353016 bytes,   19353016 total
[2022-04-08T18:54:32.908+0000][9408][gc,age      ] GC(11) - age   2:   24288216 bytes,   43641232 total
[2022-04-08T18:54:32.908+0000][9408][gc,age      ] GC(11) - age   3:    1744208 bytes,   45385440 total
[2022-04-08T18:54:32.908+0000][9408][gc,age      ] GC(11) - age   4:    1057424 bytes,   46442864 total
[2022-04-08T18:54:32.908+0000][9408][gc,age      ] GC(11) - age   5:    2264688 bytes,   48707552 total
[2022-04-08T18:54:32.908+0000][9408][gc,age      ] GC(11) - age   6:    2985632 bytes,   51693184 total
[2022-04-08T18:54:32.908+0000][9408][gc,age      ] GC(11) - age   7:    2955696 bytes,   54648880 total
[2022-04-08T18:54:32.908+0000][9408][gc,age      ] GC(11) - age   8:     780152 bytes,   55429032 total
[2022-04-08T18:54:32.908+0000][9408][gc,age      ] GC(11) - age   9:   12372432 bytes,   67801464 total
[2022-04-08T18:54:32.908+0000][9408][gc,phases   ] GC(11)   Pre Evacuate Collection Set: 0.2ms
[2022-04-08T18:54:32.908+0000][9408][gc,phases   ] GC(11)   Merge Heap Roots: 0.0ms
[2022-04-08T18:54:32.908+0000][9408][gc,phases   ] GC(11)   Evacuate Collection Set: 59.3ms
[2022-04-08T18:54:32.908+0000][9408][gc,phases   ] GC(11)   Post Evacuate Collection Set: 3.1ms
[2022-04-08T18:54:32.908+0000][9408][gc,phases   ] GC(11)   Other: 0.5ms
[2022-04-08T18:54:32.908+0000][9408][gc,heap     ] GC(11) Eden regions: 151->0(95)
[2022-04-08T18:54:32.908+0000][9408][gc,heap     ] GC(11) Survivor regions: 13->17(31)
[2022-04-08T18:54:32.908+0000][9408][gc,heap     ] GC(11) Old regions: 0->0
[2022-04-08T18:54:32.908+0000][9408][gc,heap     ] GC(11) Archive regions: 0->0
[2022-04-08T18:54:32.908+0000][9408][gc,heap     ] GC(11) Humongous regions: 0->0
[2022-04-08T18:54:32.908+0000][9408][gc,metaspace] GC(11) Metaspace: 98706K(100416K)->98706K(100416K) NonClass: 85131K(86144K)->85131K(86144K) Class: 13574K(14272K)->13574K(14272K)
[2022-04-08T18:54:32.908+0000][9408][gc          ] GC(11) Pause Young (Concurrent Start) (Metadata GC Threshold) 652M->68M(8136M) 63.414ms
[2022-04-08T18:54:32.908+0000][9408][gc,cpu      ] GC(11) User=0.25s Sys=0.00s Real=0.06s
[2022-04-08T18:54:32.908+0000][9408][gc          ] GC(12) Concurrent Mark Cycle
[2022-04-08T18:54:32.908+0000][9408][gc,marking  ] GC(12) Concurrent Clear Claimed Marks
[2022-04-08T18:54:32.908+0000][9408][gc,marking  ] GC(12) Concurrent Clear Claimed Marks 0.072ms
[2022-04-08T18:54:32.908+0000][9408][gc,marking  ] GC(12) Concurrent Scan Root Regions
[2022-04-08T18:54:32.908+0000][9408][safepoint   ] Safepoint "CollectForMetadataAllocation", Time since last: 170113700 ns, Reaching safepoint: 101900 ns, At safepoint: 63681400 ns, Total: 63783300 ns
[2022-04-08T18:54:32.955+0000][9408][gc,marking  ] GC(12) Concurrent Scan Root Regions 46.205ms
[2022-04-08T18:54:32.955+0000][9408][gc,marking  ] GC(12) Concurrent Mark
[2022-04-08T18:54:32.955+0000][9408][gc,marking  ] GC(12) Concurrent Mark From Roots
[2022-04-08T18:54:32.955+0000][9408][gc,task     ] GC(12) Using 1 workers of 1 for marking
[2022-04-08T18:54:32.955+0000][9408][gc,marking  ] GC(12) Concurrent Mark From Roots 1.810ms
[2022-04-08T18:54:32.955+0000][9408][gc,marking  ] GC(12) Concurrent Preclean
[2022-04-08T18:54:32.955+0000][9408][gc,marking  ] GC(12) Concurrent Preclean 0.083ms
[2022-04-08T18:54:32.955+0000][9408][gc,start    ] GC(12) Pause Remark
[2022-04-08T18:54:32.971+0000][9408][gc          ] GC(12) Pause Remark 70M->70M(8136M) 4.625ms
[2022-04-08T18:54:32.971+0000][9408][gc,cpu      ] GC(12) User=0.03s Sys=0.00s Real=0.02s
[2022-04-08T18:54:32.971+0000][9408][safepoint   ] Safepoint "G1Concurrent", Time since last: 48252000 ns, Reaching safepoint: 37300 ns, At safepoint: 4734200 ns, Total: 4771500 ns
[2022-04-08T18:54:32.971+0000][9408][gc,marking  ] GC(12) Concurrent Mark 6.833ms
[2022-04-08T18:54:32.971+0000][9408][gc,marking  ] GC(12) Concurrent Rebuild Remembered Sets
[2022-04-08T18:54:32.971+0000][9408][gc,marking  ] GC(12) Concurrent Rebuild Remembered Sets 0.024ms
[2022-04-08T18:54:32.971+0000][9408][gc,start    ] GC(12) Pause Cleanup
[2022-04-08T18:54:32.971+0000][9408][gc          ] GC(12) Pause Cleanup 70M->70M(8136M) 0.032ms
[2022-04-08T18:54:32.971+0000][9408][gc,cpu      ] GC(12) User=0.00s Sys=0.00s Real=0.00s
[2022-04-08T18:54:32.971+0000][9408][safepoint   ] Safepoint "G1Concurrent", Time since last: 136400 ns, Reaching safepoint: 32300 ns, At safepoint: 95000 ns, Total: 127300 ns
[2022-04-08T18:54:32.971+0000][9408][gc,marking  ] GC(12) Concurrent Cleanup for Next Mark
[2022-04-08T18:54:32.971+0000][9408][gc,marking  ] GC(12) Concurrent Cleanup for Next Mark 9.935ms
[2022-04-08T18:54:32.971+0000][9408][gc          ] GC(12) Concurrent Mark Cycle 63.483ms
[2022-04-08T18:54:33.469+0000][9408][safepoint   ] Safepoint "ICBufferFull", Time since last: 506304700 ns, Reaching safepoint: 162500 ns, At safepoint: 11000 ns, Total: 173500 ns
[2022-04-08T18:54:33.897+0000][9408][safepoint   ] Safepoint "ICBufferFull", Time since last: 425539800 ns, Reaching safepoint: 118500 ns, At safepoint: 5100 ns, Total: 123600 ns
[2022-04-08T18:54:34.447+0000][9408][safepoint   ] Safepoint "ICBufferFull", Time since last: 540124100 ns, Reaching safepoint: 236700 ns, At safepoint: 306400 ns, Total: 543100 ns
[2022-04-08T18:54:34.897+0000][9408][safepoint   ] Safepoint "ICBufferFull", Time since last: 461991400 ns, Reaching safepoint: 135200 ns, At safepoint: 28900 ns, Total: 164100 ns
[2022-04-08T18:54:35.325+0000][9408][safepoint   ] Safepoint "ICBufferFull", Time since last: 423886600 ns, Reaching safepoint: 115300 ns, At safepoint: 333200 ns, Total: 448500 ns
[2022-04-08T18:54:35.781+0000][9408][safepoint   ] Safepoint "ICBufferFull", Time since last: 456335900 ns, Reaching safepoint: 128900 ns, At safepoint: 111200 ns, Total: 240100 ns
[2022-04-08T18:54:36.363+0000][9408][safepoint   ] Safepoint "ICBufferFull", Time since last: 585398800 ns, Reaching safepoint: 250500 ns, At safepoint: 66800 ns, Total: 317300 ns
[2022-04-08T18:54:37.369+0000][9408][safepoint   ] Safepoint "Cleanup", Time since last: 1001818800 ns, Reaching safepoint: 84300 ns, At safepoint: 13500 ns, Total: 97800 ns
[2022-04-08T18:54:38.384+0000][9408][safepoint   ] Safepoint "Cleanup", Time since last: 1004739100 ns, Reaching safepoint: 114900 ns, At safepoint: 5400 ns, Total: 120300 ns
[2022-04-08T18:54:40.206+0000][9408][safepoint   ] Safepoint "Cleanup", Time since last: 1821643900 ns, Reaching safepoint: 101900 ns, At safepoint: 6300 ns, Total: 108200 ns
[2022-04-08T18:54:41.215+0000][9408][safepoint   ] Safepoint "Cleanup", Time since last: 1008842200 ns, Reaching safepoint: 137300 ns, At safepoint: 7500 ns, Total: 144800 ns
[2022-04-08T18:54:42.393+0000][9408][safepoint   ] Safepoint "Cleanup", Time since last: 1192517900 ns, Reaching safepoint: 70900 ns, At safepoint: 33600 ns, Total: 104500 ns
[2022-04-08T18:54:42.424+0000][9408][gc,start    ] GC(13) Pause Young (Normal) (G1 Evacuation Pause)
[2022-04-08T18:54:42.424+0000][9408][gc,task     ] GC(13) Using 4 workers of 4 for evacuation
[2022-04-08T18:54:42.424+0000][9408][gc,age      ] GC(13) Desired survivor size 29360128 bytes, new threshold 2 (max threshold 15)
[2022-04-08T18:54:42.486+0000][9408][gc,age      ] GC(13) Age table with threshold 2 (max threshold 15)
[2022-04-08T18:54:42.486+0000][9408][gc,age      ] GC(13) - age   1:   23573840 bytes,   23573840 total
[2022-04-08T18:54:42.486+0000][9408][gc,age      ] GC(13) - age   2:   18635440 bytes,   42209280 total
[2022-04-08T18:54:42.486+0000][9408][gc,phases   ] GC(13)   Pre Evacuate Collection Set: 0.2ms
[2022-04-08T18:54:42.486+0000][9408][gc,phases   ] GC(13)   Merge Heap Roots: 0.1ms
[2022-04-08T18:54:42.486+0000][9408][gc,phases   ] GC(13)   Evacuate Collection Set: 60.5ms
[2022-04-08T18:54:42.486+0000][9408][gc,phases   ] GC(13)   Post Evacuate Collection Set: 2.1ms
[2022-04-08T18:54:42.486+0000][9408][gc,phases   ] GC(13)   Other: 0.2ms
[2022-04-08T18:54:42.486+0000][9408][gc,heap     ] GC(13) Eden regions: 95->0(422)
[2022-04-08T18:54:42.486+0000][9408][gc,heap     ] GC(13) Survivor regions: 17->11(14)
[2022-04-08T18:54:42.486+0000][9408][gc,heap     ] GC(13) Old regions: 0->12
[2022-04-08T18:54:42.486+0000][9408][gc,heap     ] GC(13) Archive regions: 0->0
[2022-04-08T18:54:42.486+0000][9408][gc,heap     ] GC(13) Humongous regions: 5->5
[2022-04-08T18:54:42.486+0000][9408][gc,metaspace] GC(13) Metaspace: 116582K(118592K)->116582K(118592K) NonClass: 100262K(101440K)->100262K(101440K) Class: 16319K(17152K)->16319K(17152K)
[2022-04-08T18:54:42.486+0000][9408][gc          ] GC(13) Pause Young (Normal) (G1 Evacuation Pause) 468M->110M(8136M) 63.193ms
[2022-04-08T18:54:42.486+0000][9408][gc,cpu      ] GC(13) User=0.23s Sys=0.00s Real=0.06s
[2022-04-08T18:54:42.486+0000][9408][safepoint   ] Safepoint "G1CollectForAllocation", Time since last: 28165300 ns, Reaching safepoint: 55400 ns, At safepoint: 63341000 ns, Total: 63396400 ns
[2022-04-08T18:54:42.748+0000][9408][safepoint   ] Safepoint "ICBufferFull", Time since last: 257692500 ns, Reaching safepoint: 140100 ns, At safepoint: 160100 ns, Total: 300200 ns
[2022-04-08T18:54:42.866+0000][9408][safepoint   ] Safepoint "ICBufferFull", Time since last: 124458000 ns, Reaching safepoint: 86800 ns, At safepoint: 11900 ns, Total: 98700 ns
[2022-04-08T18:54:44.872+0000][9408][safepoint   ] Safepoint "Cleanup", Time since last: 1990332500 ns, Reaching safepoint: 135900 ns, At safepoint: 6400 ns, Total: 142300 ns
[2022-04-08T18:54:45.873+0000][9408][safepoint   ] Safepoint "Cleanup", Time since last: 1000579500 ns, Reaching safepoint: 63100 ns, At safepoint: 12500 ns, Total: 75600 ns
[2022-04-08T18:54:46.888+0000][9408][safepoint   ] Safepoint "Cleanup", Time since last: 1015264000 ns, Reaching safepoint: 48800 ns, At safepoint: 13900 ns, Total: 62700 ns
[2022-04-08T18:54:47.903+0000][9408][safepoint   ] Safepoint "Cleanup", Time since last: 1015250900 ns, Reaching safepoint: 53600 ns, At safepoint: 5100 ns, Total: 58700 ns
[2022-04-08T18:54:48.434+0000][9408][safepoint   ] Safepoint "ICBufferFull", Time since last: 538784000 ns, Reaching safepoint: 90500 ns, At safepoint: 14000 ns, Total: 104500 ns
[2022-04-08T18:54:49.447+0000][9408][safepoint   ] Safepoint "Cleanup", Time since last: 1005268100 ns, Reaching safepoint: 129000 ns, At safepoint: 17700 ns, Total: 146700 ns
[2022-04-08T18:54:50.449+0000][9408][safepoint   ] Safepoint "Cleanup", Time since last: 1001735700 ns, Reaching safepoint: 57200 ns, At safepoint: 16400 ns, Total: 73600 ns
[2022-04-08T18:54:51.450+0000][9408][safepoint   ] Safepoint "Cleanup", Time since last: 1000480300 ns, Reaching safepoint: 78700 ns, At safepoint: 16000 ns, Total: 94700 ns
[2022-04-08T18:54:52.465+0000][9408][safepoint   ] Safepoint "Cleanup", Time since last: 1015318600 ns, Reaching safepoint: 51500 ns, At safepoint: 60800 ns, Total: 112300 ns
[2022-04-08T18:54:53.484+0000][9408][safepoint   ] Safepoint "Cleanup", Time since last: 1015923700 ns, Reaching safepoint: 67700 ns, At safepoint: 2679000 ns, Total: 2746700 ns
[2022-04-08T18:54:54.385+0000][9408][safepoint   ] Safepoint "ICBufferFull", Time since last: 901334400 ns, Reaching safepoint: 86800 ns, At safepoint: 5400 ns, Total: 92200 ns
[2022-04-08T18:54:54.615+0000][9408][safepoint   ] Safepoint "ICBufferFull", Time since last: 229598800 ns, Reaching safepoint: 121000 ns, At safepoint: 52600 ns, Total: 173600 ns
[2022-04-08T18:54:54.927+0000][9408][safepoint   ] Safepoint "ICBufferFull", Time since last: 311749600 ns, Reaching safepoint: 129600 ns, At safepoint: 5000 ns, Total: 134600 ns
[2022-04-08T18:54:55.929+0000][9408][safepoint   ] Safepoint "Cleanup", Time since last: 1002164900 ns, Reaching safepoint: 67500 ns, At safepoint: 15200 ns, Total: 82700 ns
[2022-04-08T18:54:57.367+0000][9408][safepoint   ] Safepoint "ICBufferFull", Time since last: 1437853500 ns, Reaching safepoint: 170400 ns, At safepoint: 12500 ns, Total: 182900 ns
[2022-04-08T18:54:58.377+0000][9408][safepoint   ] Safepoint "Cleanup", Time since last: 1009150700 ns, Reaching safepoint: 102700 ns, At safepoint: 17800 ns, Total: 120500 ns
[2022-04-08T18:54:58.896+0000][9408][safepoint   ] Safepoint "ICBufferFull", Time since last: 516379200 ns, Reaching safepoint: 541700 ns, At safepoint: 3216700 ns, Total: 3758400 ns
[2022-04-08T18:54:59.899+0000][9408][safepoint   ] Safepoint "Cleanup", Time since last: 1001916300 ns, Reaching safepoint: 103500 ns, At safepoint: 8600 ns, Total: 112100 ns
[2022-04-08T18:55:00.907+0000][9408][safepoint   ] Safepoint "Cleanup", Time since last: 1007766100 ns, Reaching safepoint: 131500 ns, At safepoint: 9200 ns, Total: 140700 ns
[2022-04-08T18:55:01.914+0000][9408][safepoint   ] Safepoint "Cleanup", Time since last: 1007178700 ns, Reaching safepoint: 60500 ns, At safepoint: 7100 ns, Total: 67600 ns
[2022-04-08T18:55:02.924+0000][9408][safepoint   ] Safepoint "Cleanup", Time since last: 1010322100 ns, Reaching safepoint: 66500 ns, At safepoint: 5900 ns, Total: 72400 ns
[2022-04-08T18:55:03.933+0000][9408][safepoint   ] Safepoint "Cleanup", Time since last: 1008893600 ns, Reaching safepoint: 119700 ns, At safepoint: 9900 ns, Total: 129600 ns
[2022-04-08T18:55:04.943+0000][9408][safepoint   ] Safepoint "Cleanup", Time since last: 1009943900 ns, Reaching safepoint: 58900 ns, At safepoint: 9200 ns, Total: 68100 ns
[2022-04-08T18:55:05.952+0000][9408][safepoint   ] Safepoint "Cleanup", Time since last: 1008540800 ns, Reaching safepoint: 68400 ns, At safepoint: 8400 ns, Total: 76800 ns
[2022-04-08T18:55:06.966+0000][9408][safepoint   ] Safepoint "Cleanup", Time since last: 1013740300 ns, Reaching safepoint: 169700 ns, At safepoint: 56700 ns, Total: 226400 ns
[2022-04-08T18:55:07.969+0000][9408][safepoint   ] Safepoint "Cleanup", Time since last: 1002559800 ns, Reaching safepoint: 135000 ns, At safepoint: 12000 ns, Total: 147000 ns
[2022-04-08T18:55:09.987+0000][9408][safepoint   ] Safepoint "Cleanup", Time since last: 2018616000 ns, Reaching safepoint: 124900 ns, At safepoint: 8100 ns, Total: 133000 ns
[2022-04-08T18:55:10.997+0000][9408][safepoint   ] Safepoint "Cleanup", Time since last: 1009705800 ns, Reaching safepoint: 58500 ns, At safepoint: 7200 ns, Total: 65700 ns
[2022-04-08T18:55:13.010+0000][9408][safepoint   ] Safepoint "Cleanup", Time since last: 2012366900 ns, Reaching safepoint: 111500 ns, At safepoint: 8600 ns, Total: 120100 ns
[2022-04-08T18:55:14.017+0000][9408][safepoint   ] Safepoint "Cleanup", Time since last: 1006977300 ns, Reaching safepoint: 70000 ns, At safepoint: 10400 ns, Total: 80400 ns
[2022-04-08T18:55:15.017+0000][9408][safepoint   ] Safepoint "Cleanup", Time since last: 1000081400 ns, Reaching safepoint: 50400 ns, At safepoint: 4000 ns, Total: 54400 ns
[2022-04-08T18:55:16.018+0000][9408][safepoint   ] Safepoint "Cleanup", Time since last: 1001126600 ns, Reaching safepoint: 115500 ns, At safepoint: 10700 ns, Total: 126200 ns
[2022-04-08T18:55:17.019+0000][9408][safepoint   ] Safepoint "Cleanup", Time since last: 1000537900 ns, Reaching safepoint: 49900 ns, At safepoint: 5600 ns, Total: 55500 ns
[2022-04-08T18:55:18.021+0000][9408][safepoint   ] Safepoint "Cleanup", Time since last: 1002265600 ns, Reaching safepoint: 51200 ns, At safepoint: 17800 ns, Total: 69000 ns
[2022-04-08T18:55:19.021+0000][9408][safepoint   ] Safepoint "Cleanup", Time since last: 1000225200 ns, Reaching safepoint: 115000 ns, At safepoint: 6600 ns, Total: 121600 ns
[2022-04-08T18:55:20.022+0000][9408][safepoint   ] Safepoint "Cleanup", Time since last: 1000407300 ns, Reaching safepoint: 66700 ns, At safepoint: 9100 ns, Total: 75800 ns
[2022-04-08T18:55:21.024+0000][9408][safepoint   ] Safepoint "Cleanup", Time since last: 1001738700 ns, Reaching safepoint: 46800 ns, At safepoint: 16900 ns, Total: 63700 ns
[2022-04-08T18:55:22.031+0000][9408][safepoint   ] Safepoint "Cleanup", Time since last: 1007291000 ns, Reaching safepoint: 120200 ns, At safepoint: 5900 ns, Total: 126100 ns
[2022-04-08T18:55:24.040+0000][9408][safepoint   ] Safepoint "Cleanup", Time since last: 2009022100 ns, Reaching safepoint: 46200 ns, At safepoint: 4600 ns, Total: 50800 ns
[2022-04-08T18:55:25.041+0000][9408][safepoint   ] Safepoint "Cleanup", Time since last: 1000988100 ns, Reaching safepoint: 75200 ns, At safepoint: 3900 ns, Total: 79100 ns
[2022-04-08T18:55:26.048+0000][9408][safepoint   ] Safepoint "Cleanup", Time since last: 1006572200 ns, Reaching safepoint: 104900 ns, At safepoint: 5200 ns, Total: 110100 ns
[2022-04-08T18:55:28.066+0000][9408][safepoint   ] Safepoint "Cleanup", Time since last: 2018103000 ns, Reaching safepoint: 68700 ns, At safepoint: 10600 ns, Total: 79300 ns
[2022-04-08T18:55:31.082+0000][9408][safepoint   ] Safepoint "Cleanup", Time since last: 3015353500 ns, Reaching safepoint: 136000 ns, At safepoint: 7700 ns, Total: 143700 ns
[2022-04-08T18:55:32.086+0000][9408][safepoint   ] Safepoint "Cleanup", Time since last: 1003788000 ns, Reaching safepoint: 72200 ns, At safepoint: 11800 ns, Total: 84000 ns
[2022-04-08T18:55:33.095+0000][9408][safepoint   ] Safepoint "Cleanup", Time since last: 1009785600 ns, Reaching safepoint: 63100 ns, At safepoint: 5500 ns, Total: 68600 ns
[2022-04-08T18:55:34.096+0000][9408][safepoint   ] Safepoint "Cleanup", Time since last: 1000298500 ns, Reaching safepoint: 97500 ns, At safepoint: 8000 ns, Total: 105500 ns
[2022-04-08T18:55:35.110+0000][9408][safepoint   ] Safepoint "Cleanup", Time since last: 1014444400 ns, Reaching safepoint: 44900 ns, At safepoint: 4800 ns, Total: 49700 ns
[2022-04-08T18:55:36.120+0000][9408][safepoint   ] Safepoint "Cleanup", Time since last: 1009198400 ns, Reaching safepoint: 48700 ns, At safepoint: 5300 ns, Total: 54000 ns
[2022-04-08T18:55:36.647+0000][9408][safepoint   ] Safepoint "ICBufferFull", Time since last: 527744000 ns, Reaching safepoint: 165400 ns, At safepoint: 14600 ns, Total: 180000 ns
[2022-04-08T18:55:37.656+0000][9408][safepoint   ] Safepoint "Cleanup", Time since last: 1008044600 ns, Reaching safepoint: 91500 ns, At safepoint: 7900 ns, Total: 99400 ns
[2022-04-08T18:55:39.673+0000][9408][safepoint   ] Safepoint "Cleanup", Time since last: 2017200800 ns, Reaching safepoint: 56500 ns, At safepoint: 3500 ns, Total: 60000 ns
[2022-04-08T18:55:40.674+0000][9408][safepoint   ] Safepoint "Cleanup", Time since last: 1000625500 ns, Reaching safepoint: 69100 ns, At safepoint: 6600 ns, Total: 75700 ns
[2022-04-08T18:55:42.703+0000][9408][safepoint   ] Safepoint "Cleanup", Time since last: 2029358900 ns, Reaching safepoint: 75400 ns, At safepoint: 279500 ns, Total: 354900 ns
[2022-04-08T18:55:43.711+0000][9408][safepoint   ] Safepoint "Cleanup", Time since last: 1007617000 ns, Reaching safepoint: 92200 ns, At safepoint: 15600 ns, Total: 107800 ns
[2022-04-08T18:55:44.720+0000][9408][safepoint   ] Safepoint "Cleanup", Time since last: 1008540500 ns, Reaching safepoint: 95100 ns, At safepoint: 8900 ns, Total: 104000 ns
[2022-04-08T18:55:45.725+0000][9408][safepoint   ] Safepoint "Cleanup", Time since last: 1004929000 ns, Reaching safepoint: 56300 ns, At safepoint: 7600 ns, Total: 63900 ns
[2022-04-08T18:55:46.733+0000][9408][safepoint   ] Safepoint "Cleanup", Time since last: 1008542300 ns, Reaching safepoint: 48100 ns, At safepoint: 8000 ns, Total: 56100 ns
[2022-04-08T18:55:47.744+0000][9408][safepoint   ] Safepoint "Cleanup", Time since last: 1010632200 ns, Reaching safepoint: 51900 ns, At safepoint: 11700 ns, Total: 63600 ns
[2022-04-08T18:55:48.751+0000][9408][safepoint   ] Safepoint "Cleanup", Time since last: 1007119000 ns, Reaching safepoint: 108500 ns, At safepoint: 10000 ns, Total: 118500 ns
[2022-04-08T18:55:49.761+0000][9408][safepoint   ] Safepoint "Cleanup", Time since last: 1009474300 ns, Reaching safepoint: 63800 ns, At safepoint: 6300 ns, Total: 70100 ns
[2022-04-08T18:55:50.769+0000][9408][safepoint   ] Safepoint "Cleanup", Time since last: 1008648600 ns, Reaching safepoint: 55400 ns, At safepoint: 10000 ns, Total: 65400 ns
[2022-04-08T18:55:51.781+0000][9408][safepoint   ] Safepoint "Cleanup", Time since last: 1010860700 ns, Reaching safepoint: 128500 ns, At safepoint: 4800 ns, Total: 133300 ns
[2022-04-08T18:55:52.787+0000][9408][safepoint   ] Safepoint "Cleanup", Time since last: 1006133400 ns, Reaching safepoint: 61800 ns, At safepoint: 16800 ns, Total: 78600 ns
[2022-04-08T18:55:54.587+0000][9408][safepoint   ] Safepoint "Cleanup", Time since last: 1801117600 ns, Reaching safepoint: 40700 ns, At safepoint: 11200 ns, Total: 51900 ns
[2022-04-08T18:55:55.603+0000][9408][safepoint   ] Safepoint "Cleanup", Time since last: 1014720500 ns, Reaching safepoint: 217500 ns, At safepoint: 9900 ns, Total: 227400 ns
[2022-04-08T18:55:57.628+0000][9408][safepoint   ] Safepoint "Cleanup", Time since last: 2025291300 ns, Reaching safepoint: 101400 ns, At safepoint: 21000 ns, Total: 122400 ns
[2022-04-08T18:55:58.638+0000][9408][safepoint   ] Safepoint "Cleanup", Time since last: 1010125100 ns, Reaching safepoint: 67900 ns, At safepoint: 5600 ns, Total: 73500 ns
[2022-04-08T18:56:00.657+0000][9408][safepoint   ] Safepoint "Cleanup", Time since last: 2018324700 ns, Reaching safepoint: 75900 ns, At safepoint: 4700 ns, Total: 80600 ns
[2022-04-08T18:56:01.667+0000][9408][safepoint   ] Safepoint "Cleanup", Time since last: 1010046000 ns, Reaching safepoint: 72600 ns, At safepoint: 8400 ns, Total: 81000 ns
[2022-04-08T18:56:02.677+0000][9408][safepoint   ] Safepoint "Cleanup", Time since last: 1009988300 ns, Reaching safepoint: 112800 ns, At safepoint: 5900 ns, Total: 118700 ns
[2022-04-08T18:56:03.682+0000][9408][safepoint   ] Safepoint "Cleanup", Time since last: 1005055200 ns, Reaching safepoint: 90900 ns, At safepoint: 9600 ns, Total: 100500 ns
[2022-04-08T18:56:04.697+0000][9408][safepoint   ] Safepoint "Cleanup", Time since last: 1014403700 ns, Reaching safepoint: 48300 ns, At safepoint: 10300 ns, Total: 58600 ns
[2022-04-08T18:56:05.710+0000][9408][safepoint   ] Safepoint "Cleanup", Time since last: 1013233500 ns, Reaching safepoint: 66100 ns, At safepoint: 8600 ns, Total: 74700 ns
[2022-04-08T18:56:06.722+0000][9408][safepoint   ] Safepoint "Cleanup", Time since last: 1011750400 ns, Reaching safepoint: 56500 ns, At safepoint: 6400 ns, Total: 62900 ns
[2022-04-08T18:56:07.735+0000][9408][safepoint   ] Safepoint "Cleanup", Time since last: 1012716000 ns, Reaching safepoint: 78100 ns, At safepoint: 7300 ns, Total: 85400 ns
[2022-04-08T18:56:09.754+0000][9408][safepoint   ] Safepoint "Cleanup", Time since last: 2019414000 ns, Reaching safepoint: 89000 ns, At safepoint: 5200 ns, Total: 94200 ns
[2022-04-08T18:56:10.763+0000][9408][safepoint   ] Safepoint "Cleanup", Time since last: 1009195000 ns, Reaching safepoint: 48600 ns, At safepoint: 8500 ns, Total: 57100 ns
[2022-04-08T18:56:12.781+0000][9408][safepoint   ] Safepoint "Cleanup", Time since last: 2017836500 ns, Reaching safepoint: 55800 ns, At safepoint: 6600 ns, Total: 62400 ns
[2022-04-08T18:56:13.794+0000][9408][safepoint   ] Safepoint "Cleanup", Time since last: 1012768500 ns, Reaching safepoint: 65100 ns, At safepoint: 9500 ns, Total: 74600 ns
[2022-04-08T18:56:15.797+0000][9408][safepoint   ] Safepoint "Cleanup", Time since last: 2003279400 ns, Reaching safepoint: 61900 ns, At safepoint: 8900 ns, Total: 70800 ns
[2022-04-08T18:56:16.806+0000][9408][safepoint   ] Safepoint "Cleanup", Time since last: 1008862000 ns, Reaching safepoint: 44000 ns, At safepoint: 16300 ns, Total: 60300 ns
[2022-04-08T18:56:17.814+0000][9408][safepoint   ] Safepoint "Cleanup", Time since last: 1007599400 ns, Reaching safepoint: 48500 ns, At safepoint: 9200 ns, Total: 57700 ns
[2022-04-08T18:56:18.824+0000][9408][safepoint   ] Safepoint "Cleanup", Time since last: 1009893300 ns, Reaching safepoint: 67700 ns, At safepoint: 10800 ns, Total: 78500 ns
[2022-04-08T18:56:19.831+0000][9408][safepoint   ] Safepoint "Cleanup", Time since last: 1007189200 ns, Reaching safepoint: 150500 ns, At safepoint: 7400 ns, Total: 157900 ns
[2022-04-08T18:56:20.838+0000][9408][safepoint   ] Safepoint "Cleanup", Time since last: 1007027200 ns, Reaching safepoint: 46500 ns, At safepoint: 10100 ns, Total: 56600 ns
[2022-04-08T18:56:21.851+0000][9408][safepoint   ] Safepoint "Cleanup", Time since last: 1012642900 ns, Reaching safepoint: 55100 ns, At safepoint: 9900 ns, Total: 65000 ns
[2022-04-08T18:56:22.858+0000][9408][safepoint   ] Safepoint "Cleanup", Time since last: 1006983500 ns, Reaching safepoint: 52400 ns, At safepoint: 7800 ns, Total: 60200 ns
[2022-04-08T18:56:23.869+0000][9408][safepoint   ] Safepoint "Cleanup", Time since last: 1010922200 ns, Reaching safepoint: 125600 ns, At safepoint: 4500 ns, Total: 130100 ns
[2022-04-08T18:56:24.881+0000][9408][safepoint   ] Safepoint "Cleanup", Time since last: 1012019200 ns, Reaching safepoint: 109500 ns, At safepoint: 5700 ns, Total: 115200 ns
[2022-04-08T18:56:25.886+0000][9408][safepoint   ] Safepoint "Cleanup", Time since last: 1004566200 ns, Reaching safepoint: 109300 ns, At safepoint: 9300 ns, Total: 118600 ns
[2022-04-08T18:56:27.891+0000][9408][safepoint   ] Safepoint "Cleanup", Time since last: 2005388400 ns, Reaching safepoint: 70300 ns, At safepoint: 8900 ns, Total: 79200 ns
[2022-04-08T18:56:29.911+0000][9408][safepoint   ] Safepoint "Cleanup", Time since last: 2019375000 ns, Reaching safepoint: 78600 ns, At safepoint: 17900 ns, Total: 96500 ns
[2022-04-08T18:56:30.916+0000][9408][safepoint   ] Safepoint "Cleanup", Time since last: 1005114100 ns, Reaching safepoint: 98100 ns, At safepoint: 6700 ns, Total: 104800 ns
[2022-04-08T18:56:31.931+0000][9408][safepoint   ] Safepoint "Cleanup", Time since last: 1014552400 ns, Reaching safepoint: 53400 ns, At safepoint: 8000 ns, Total: 61400 ns
[2022-04-08T18:56:32.946+0000][9408][safepoint   ] Safepoint "Cleanup", Time since last: 1014726000 ns, Reaching safepoint: 53700 ns, At safepoint: 8100 ns, Total: 61800 ns
[2022-04-08T18:56:33.957+0000][9408][safepoint   ] Safepoint "Cleanup", Time since last: 1010902100 ns, Reaching safepoint: 131700 ns, At safepoint: 5100 ns, Total: 136800 ns
[2022-04-08T18:56:34.961+0000][9408][safepoint   ] Safepoint "Cleanup", Time since last: 1004794100 ns, Reaching safepoint: 58500 ns, At safepoint: 7200 ns, Total: 65700 ns
[2022-04-08T18:56:35.971+0000][9408][safepoint   ] Safepoint "Cleanup", Time since last: 1009229600 ns, Reaching safepoint: 50900 ns, At safepoint: 8700 ns, Total: 59600 ns
[2022-04-08T18:56:36.975+0000][9408][safepoint   ] Safepoint "Cleanup", Time since last: 1004142800 ns, Reaching safepoint: 136800 ns, At safepoint: 15300 ns, Total: 152100 ns
[2022-04-08T18:56:37.985+0000][9408][safepoint   ] Safepoint "Cleanup", Time since last: 1010047800 ns, Reaching safepoint: 49600 ns, At safepoint: 7100 ns, Total: 56700 ns
[2022-04-08T18:56:40.009+0000][9408][safepoint   ] Safepoint "Cleanup", Time since last: 2023450000 ns, Reaching safepoint: 64100 ns, At safepoint: 9300 ns, Total: 73400 ns
[2022-04-08T18:56:41.021+0000][9408][safepoint   ] Safepoint "Cleanup", Time since last: 1012145900 ns, Reaching safepoint: 53500 ns, At safepoint: 9100 ns, Total: 62600 ns
[2022-04-08T18:56:43.042+0000][9408][safepoint   ] Safepoint "Cleanup", Time since last: 2020862500 ns, Reaching safepoint: 77600 ns, At safepoint: 21200 ns, Total: 98800 ns
[2022-04-08T18:56:44.049+0000][9408][safepoint   ] Safepoint "Cleanup", Time since last: 1006711700 ns, Reaching safepoint: 68300 ns, At safepoint: 11700 ns, Total: 80000 ns
[2022-04-08T18:56:45.058+0000][9408][safepoint   ] Safepoint "Cleanup", Time since last: 1008964500 ns, Reaching safepoint: 68000 ns, At safepoint: 5800 ns, Total: 73800 ns
[2022-04-08T18:56:46.064+0000][9408][safepoint   ] Safepoint "Cleanup", Time since last: 1006562700 ns, Reaching safepoint: 66100 ns, At safepoint: 7400 ns, Total: 73500 ns
[2022-04-08T18:56:47.077+0000][9408][safepoint   ] Safepoint "Cleanup", Time since last: 1012202200 ns, Reaching safepoint: 58300 ns, At safepoint: 9500 ns, Total: 67800 ns
[2022-04-08T18:56:48.089+0000][9408][safepoint   ] Safepoint "Cleanup", Time since last: 1012520700 ns, Reaching safepoint: 77300 ns, At safepoint: 11400 ns, Total: 88700 ns
[2022-04-08T18:56:49.101+0000][9408][safepoint   ] Safepoint "Cleanup", Time since last: 1011624100 ns, Reaching safepoint: 148000 ns, At safepoint: 7700 ns, Total: 155700 ns
[2022-04-08T18:56:51.116+0000][9408][safepoint   ] Safepoint "Cleanup", Time since last: 2014858700 ns, Reaching safepoint: 45500 ns, At safepoint: 8000 ns, Total: 53500 ns
[2022-04-08T18:56:52.126+0000][9408][safepoint   ] Safepoint "Cleanup", Time since last: 1010154700 ns, Reaching safepoint: 67900 ns, At safepoint: 9200 ns, Total: 77100 ns
[2022-04-08T18:56:53.129+0000][9408][safepoint   ] Safepoint "Cleanup", Time since last: 1003271600 ns, Reaching safepoint: 38700 ns, At safepoint: 5200 ns, Total: 43900 ns
[2022-04-08T18:56:55.144+0000][9408][safepoint   ] Safepoint "Cleanup", Time since last: 2014815300 ns, Reaching safepoint: 76700 ns, At safepoint: 15900 ns, Total: 92600 ns
[2022-04-08T18:56:56.152+0000][9408][safepoint   ] Safepoint "Cleanup", Time since last: 1007562400 ns, Reaching safepoint: 58500 ns, At safepoint: 7400 ns, Total: 65900 ns
[2022-04-08T18:56:58.168+0000][9408][safepoint   ] Safepoint "Cleanup", Time since last: 2015937500 ns, Reaching safepoint: 120900 ns, At safepoint: 5300 ns, Total: 126200 ns
[2022-04-08T18:56:59.180+0000][9408][safepoint   ] Safepoint "Cleanup", Time since last: 1012066900 ns, Reaching safepoint: 56700 ns, At safepoint: 7700 ns, Total: 64400 ns
[2022-04-08T18:57:01.195+0000][9408][safepoint   ] Safepoint "Cleanup", Time since last: 2014402100 ns, Reaching safepoint: 105500 ns, At safepoint: 18100 ns, Total: 123600 ns
[2022-04-08T18:57:02.204+0000][9408][safepoint   ] Safepoint "Cleanup", Time since last: 1009176500 ns, Reaching safepoint: 52000 ns, At safepoint: 6800 ns, Total: 58800 ns
[2022-04-08T18:57:03.213+0000][9408][safepoint   ] Safepoint "Cleanup", Time since last: 1009511300 ns, Reaching safepoint: 69000 ns, At safepoint: 5600 ns, Total: 74600 ns
[2022-04-08T18:57:04.226+0000][9408][safepoint   ] Safepoint "Cleanup", Time since last: 1011776600 ns, Reaching safepoint: 122100 ns, At safepoint: 5000 ns, Total: 127100 ns
[2022-04-08T18:57:05.240+0000][9408][safepoint   ] Safepoint "Cleanup", Time since last: 1014107900 ns, Reaching safepoint: 60400 ns, At safepoint: 9800 ns, Total: 70200 ns
[2022-04-08T18:57:06.253+0000][9408][safepoint   ] Safepoint "Cleanup", Time since last: 1012978500 ns, Reaching safepoint: 51600 ns, At safepoint: 4700 ns, Total: 56300 ns
[2022-04-08T18:57:07.264+0000][9408][safepoint   ] Safepoint "Cleanup", Time since last: 1011093600 ns, Reaching safepoint: 122800 ns, At safepoint: 5000 ns, Total: 127800 ns
[2022-04-08T18:57:08.273+0000][9408][safepoint   ] Safepoint "Cleanup", Time since last: 1009173800 ns, Reaching safepoint: 59000 ns, At safepoint: 5900 ns, Total: 64900 ns
[2022-04-08T18:57:10.288+0000][9408][safepoint   ] Safepoint "Cleanup", Time since last: 2014518900 ns, Reaching safepoint: 72600 ns, At safepoint: 7600 ns, Total: 80200 ns
[2022-04-08T18:57:11.293+0000][9408][safepoint   ] Safepoint "Cleanup", Time since last: 1005373500 ns, Reaching safepoint: 48200 ns, At safepoint: 6000 ns, Total: 54200 ns
[2022-04-08T18:57:13.309+0000][9408][safepoint   ] Safepoint "Cleanup", Time since last: 2015399900 ns, Reaching safepoint: 86000 ns, At safepoint: 7400 ns, Total: 93400 ns
[2022-04-08T18:57:14.309+0000][9408][safepoint   ] Safepoint "Cleanup", Time since last: 1000236600 ns, Reaching safepoint: 46600 ns, At safepoint: 8000 ns, Total: 54600 ns
[2022-04-08T18:57:16.326+0000][9408][safepoint   ] Safepoint "Cleanup", Time since last: 2016982500 ns, Reaching safepoint: 52300 ns, At safepoint: 8800 ns, Total: 61100 ns
[2022-04-08T18:57:17.335+0000][9408][safepoint   ] Safepoint "Cleanup", Time since last: 1009185100 ns, Reaching safepoint: 54100 ns, At safepoint: 5800 ns, Total: 59900 ns
[2022-04-08T18:57:18.343+0000][9408][safepoint   ] Safepoint "Cleanup", Time since last: 1007972100 ns, Reaching safepoint: 46700 ns, At safepoint: 5300 ns, Total: 52000 ns
[2022-04-08T18:57:19.349+0000][9408][safepoint   ] Safepoint "Cleanup", Time since last: 1005672400 ns, Reaching safepoint: 98500 ns, At safepoint: 56200 ns, Total: 154700 ns
[2022-04-08T18:57:20.356+0000][9408][safepoint   ] Safepoint "Cleanup", Time since last: 1006553900 ns, Reaching safepoint: 40700 ns, At safepoint: 7800 ns, Total: 48500 ns
[2022-04-08T18:57:22.381+0000][9408][safepoint   ] Safepoint "Cleanup", Time since last: 2025565500 ns, Reaching safepoint: 52800 ns, At safepoint: 5800 ns, Total: 58600 ns
[2022-04-08T18:57:23.383+0000][9408][safepoint   ] Safepoint "Cleanup", Time since last: 1001463300 ns, Reaching safepoint: 66600 ns, At safepoint: 7700 ns, Total: 74300 ns
[2022-04-08T18:57:25.402+0000][9408][safepoint   ] Safepoint "Cleanup", Time since last: 2019612000 ns, Reaching safepoint: 78400 ns, At safepoint: 8400 ns, Total: 86800 ns
[2022-04-08T18:57:27.417+0000][9408][safepoint   ] Safepoint "Cleanup", Time since last: 2014050100 ns, Reaching safepoint: 54100 ns, At safepoint: 6600 ns, Total: 60700 ns
[2022-04-08T18:57:28.424+0000][9408][safepoint   ] Safepoint "Cleanup", Time since last: 1007240900 ns, Reaching safepoint: 60700 ns, At safepoint: 6800 ns, Total: 67500 ns
[2022-04-08T18:57:30.431+0000][9408][safepoint   ] Safepoint "Cleanup", Time since last: 2007355900 ns, Reaching safepoint: 44900 ns, At safepoint: 5600 ns, Total: 50500 ns
[2022-04-08T18:57:31.437+0000][9408][safepoint   ] Safepoint "Cleanup", Time since last: 1005881300 ns, Reaching safepoint: 160900 ns, At safepoint: 4500 ns, Total: 165400 ns
[2022-04-08T18:57:32.447+0000][9408][safepoint   ] Safepoint "Cleanup", Time since last: 1009891200 ns, Reaching safepoint: 47900 ns, At safepoint: 7800 ns, Total: 55700 ns
[2022-04-08T18:57:33.458+0000][9408][safepoint   ] Safepoint "Cleanup", Time since last: 1010592200 ns, Reaching safepoint: 56000 ns, At safepoint: 5900 ns, Total: 61900 ns
[2022-04-08T18:57:34.465+0000][9408][safepoint   ] Safepoint "Cleanup", Time since last: 1006502200 ns, Reaching safepoint: 71200 ns, At safepoint: 6800 ns, Total: 78000 ns
[2022-04-08T18:57:35.469+0000][9408][safepoint   ] Safepoint "Cleanup", Time since last: 1004075900 ns, Reaching safepoint: 49700 ns, At safepoint: 55200 ns, Total: 104900 ns
[2022-04-08T18:57:37.483+0000][9408][safepoint   ] Safepoint "Cleanup", Time since last: 2013996400 ns, Reaching safepoint: 105600 ns, At safepoint: 5800 ns, Total: 111400 ns
[2022-04-08T18:57:38.495+0000][9408][safepoint   ] Safepoint "Cleanup", Time since last: 1012525500 ns, Reaching safepoint: 39600 ns, At safepoint: 9600 ns, Total: 49200 ns
[2022-04-08T18:57:40.512+0000][9408][safepoint   ] Safepoint "Cleanup", Time since last: 2016572300 ns, Reaching safepoint: 133500 ns, At safepoint: 52200 ns, Total: 185700 ns
[2022-04-08T18:57:43.535+0000][9408][safepoint   ] Safepoint "Cleanup", Time since last: 3022479100 ns, Reaching safepoint: 61800 ns, At safepoint: 6200 ns, Total: 68000 ns
[2022-04-08T18:57:44.543+0000][9408][safepoint   ] Safepoint "Cleanup", Time since last: 1008201100 ns, Reaching safepoint: 80900 ns, At safepoint: 9100 ns, Total: 90000 ns
[2022-04-08T18:57:45.550+0000][9408][safepoint   ] Safepoint "Cleanup", Time since last: 1006517200 ns, Reaching safepoint: 39600 ns, At safepoint: 7600 ns, Total: 47200 ns
[2022-04-08T18:57:46.561+0000][9408][safepoint   ] Safepoint "Cleanup", Time since last: 1011307700 ns, Reaching safepoint: 62700 ns, At safepoint: 6900 ns, Total: 69600 ns
[2022-04-08T18:57:48.576+0000][9408][safepoint   ] Safepoint "Cleanup", Time since last: 2014908700 ns, Reaching safepoint: 45600 ns, At safepoint: 52200 ns, Total: 97800 ns
[2022-04-08T18:57:49.586+0000][9408][safepoint   ] Safepoint "Cleanup", Time since last: 1010248600 ns, Reaching safepoint: 130800 ns, At safepoint: 54200 ns, Total: 185000 ns
[2022-04-08T18:57:50.595+0000][9408][safepoint   ] Safepoint "Cleanup", Time since last: 1008579100 ns, Reaching safepoint: 51500 ns, At safepoint: 17300 ns, Total: 68800 ns
[2022-04-08T18:57:52.613+0000][9408][safepoint   ] Safepoint "Cleanup", Time since last: 2018157900 ns, Reaching safepoint: 149800 ns, At safepoint: 5400 ns, Total: 155200 ns
[2022-04-08T18:57:53.622+0000][9408][safepoint   ] Safepoint "Cleanup", Time since last: 1008625400 ns, Reaching safepoint: 42700 ns, At safepoint: 18800 ns, Total: 61500 ns
[2022-04-08T18:57:54.633+0000][9408][safepoint   ] Safepoint "Cleanup", Time since last: 1011163400 ns, Reaching safepoint: 51900 ns, At safepoint: 58800 ns, Total: 110700 ns
[2022-04-08T18:57:55.646+0000][9408][safepoint   ] Safepoint "Cleanup", Time since last: 1012868700 ns, Reaching safepoint: 66500 ns, At safepoint: 5500 ns, Total: 72000 ns
[2022-04-08T18:57:56.723+0000][9408][safepoint   ] Safepoint "Cleanup", Time since last: 1077116300 ns, Reaching safepoint: 142200 ns, At safepoint: 12400 ns, Total: 154600 ns
[2022-04-08T18:57:58.741+0000][9408][safepoint   ] Safepoint "Cleanup", Time since last: 2017768900 ns, Reaching safepoint: 98300 ns, At safepoint: 7500 ns, Total: 105800 ns
[2022-04-08T18:58:00.757+0000][9408][safepoint   ] Safepoint "Cleanup", Time since last: 2015738300 ns, Reaching safepoint: 54300 ns, At safepoint: 8200 ns, Total: 62500 ns
[2022-04-08T18:58:01.987+0000][9408][safepoint   ] Safepoint "Cleanup", Time since last: 1229978900 ns, Reaching safepoint: 130600 ns, At safepoint: 7100 ns, Total: 137700 ns
[2022-04-08T18:58:02.997+0000][9408][safepoint   ] Safepoint "Cleanup", Time since last: 1009591500 ns, Reaching safepoint: 46400 ns, At safepoint: 9200 ns, Total: 55600 ns
[2022-04-08T18:58:04.010+0000][9408][safepoint   ] Safepoint "Cleanup", Time since last: 1013352100 ns, Reaching safepoint: 58700 ns, At safepoint: 9400 ns, Total: 68100 ns
[2022-04-08T18:58:06.022+0000][9408][safepoint   ] Safepoint "Cleanup", Time since last: 2012026600 ns, Reaching safepoint: 98700 ns, At safepoint: 4800 ns, Total: 103500 ns
[2022-04-08T18:58:07.031+0000][9408][safepoint   ] Safepoint "Cleanup", Time since last: 1008774200 ns, Reaching safepoint: 45800 ns, At safepoint: 4800 ns, Total: 50600 ns
[2022-04-08T18:58:08.039+0000][9408][safepoint   ] Safepoint "Cleanup", Time since last: 1007877100 ns, Reaching safepoint: 65500 ns, At safepoint: 6600 ns, Total: 72100 ns
[2022-04-08T18:58:10.058+0000][9408][safepoint   ] Safepoint "Cleanup", Time since last: 2018175500 ns, Reaching safepoint: 117400 ns, At safepoint: 5300 ns, Total: 122700 ns
[2022-04-08T18:58:11.067+0000][9408][safepoint   ] Safepoint "Cleanup", Time since last: 1009243700 ns, Reaching safepoint: 45800 ns, At safepoint: 6800 ns, Total: 52600 ns
[2022-04-08T18:58:13.089+0000][9408][safepoint   ] Safepoint "Cleanup", Time since last: 2021635800 ns, Reaching safepoint: 117700 ns, At safepoint: 5900 ns, Total: 123600 ns
[2022-04-08T18:58:14.096+0000][9408][safepoint   ] Safepoint "Cleanup", Time since last: 1007127700 ns, Reaching safepoint: 51000 ns, At safepoint: 5500 ns, Total: 56500 ns
[2022-04-08T18:58:16.116+0000][9408][safepoint   ] Safepoint "Cleanup", Time since last: 2020079600 ns, Reaching safepoint: 59200 ns, At safepoint: 9600 ns, Total: 68800 ns
[2022-04-08T18:58:17.119+0000][9408][safepoint   ] Safepoint "Cleanup", Time since last: 1002646900 ns, Reaching safepoint: 47700 ns, At safepoint: 6900 ns, Total: 54600 ns
[2022-04-08T18:58:18.127+0000][9408][safepoint   ] Safepoint "Cleanup", Time since last: 1008728400 ns, Reaching safepoint: 41100 ns, At safepoint: 4800 ns, Total: 45900 ns
[2022-04-08T18:58:19.130+0000][9408][safepoint   ] Safepoint "Cleanup", Time since last: 1002427700 ns, Reaching safepoint: 113800 ns, At safepoint: 5600 ns, Total: 119400 ns
[2022-04-08T18:58:20.140+0000][9408][safepoint   ] Safepoint "Cleanup", Time since last: 1010285300 ns, Reaching safepoint: 53600 ns, At safepoint: 9800 ns, Total: 63400 ns
[2022-04-08T18:58:21.155+0000][9408][safepoint   ] Safepoint "Cleanup", Time since last: 1014453000 ns, Reaching safepoint: 37300 ns, At safepoint: 6000 ns, Total: 43300 ns
[2022-04-08T18:58:22.168+0000][9408][safepoint   ] Safepoint "Cleanup", Time since last: 1012699300 ns, Reaching safepoint: 53100 ns, At safepoint: 9700 ns, Total: 62800 ns
[2022-04-08T18:58:23.181+0000][9408][safepoint   ] Safepoint "Cleanup", Time since last: 1013701100 ns, Reaching safepoint: 48400 ns, At safepoint: 6200 ns, Total: 54600 ns
[2022-04-08T18:58:25.202+0000][9408][safepoint   ] Safepoint "Cleanup", Time since last: 2020136400 ns, Reaching safepoint: 64000 ns, At safepoint: 18600 ns, Total: 82600 ns
[2022-04-08T18:58:26.208+0000][9408][safepoint   ] Safepoint "Cleanup", Time since last: 1006126300 ns, Reaching safepoint: 48500 ns, At safepoint: 6600 ns, Total: 55100 ns
[2022-04-08T18:58:28.225+0000][9408][safepoint   ] Safepoint "Cleanup", Time since last: 2016830700 ns, Reaching safepoint: 67100 ns, At safepoint: 7400 ns, Total: 74500 ns
[2022-04-08T18:58:29.238+0000][9408][safepoint   ] Safepoint "Cleanup", Time since last: 1013617800 ns, Reaching safepoint: 47400 ns, At safepoint: 16700 ns, Total: 64100 ns
[2022-04-08T18:58:31.259+0000][9408][safepoint   ] Safepoint "Cleanup", Time since last: 2020547500 ns, Reaching safepoint: 72800 ns, At safepoint: 9400 ns, Total: 82200 ns
[2022-04-08T18:58:33.274+0000][9408][safepoint   ] Safepoint "Cleanup", Time since last: 2015051700 ns, Reaching safepoint: 55600 ns, At safepoint: 8900 ns, Total: 64500 ns
[2022-04-08T18:58:34.282+0000][9408][safepoint   ] Safepoint "Cleanup", Time since last: 1007828600 ns, Reaching safepoint: 69000 ns, At safepoint: 7000 ns, Total: 76000 ns
[2022-04-08T18:58:35.287+0000][9408][safepoint   ] Safepoint "Cleanup", Time since last: 1005071100 ns, Reaching safepoint: 49700 ns, At safepoint: 8700 ns, Total: 58400 ns
[2022-04-08T18:58:36.297+0000][9408][safepoint   ] Safepoint "Cleanup", Time since last: 1010259900 ns, Reaching safepoint: 60300 ns, At safepoint: 8500 ns, Total: 68800 ns
[2022-04-08T18:58:37.310+0000][9408][safepoint   ] Safepoint "Cleanup", Time since last: 1012102300 ns, Reaching safepoint: 99600 ns, At safepoint: 5400 ns, Total: 105000 ns
[2022-04-08T18:58:38.314+0000][9408][safepoint   ] Safepoint "Cleanup", Time since last: 1004561800 ns, Reaching safepoint: 48100 ns, At safepoint: 4800 ns, Total: 52900 ns
[2022-04-08T18:58:40.335+0000][9408][safepoint   ] Safepoint "Cleanup", Time since last: 2020719200 ns, Reaching safepoint: 64800 ns, At safepoint: 8600 ns, Total: 73400 ns
[2022-04-08T18:58:41.345+0000][9408][safepoint   ] Safepoint "Cleanup", Time since last: 1010244100 ns, Reaching safepoint: 45900 ns, At safepoint: 8400 ns, Total: 54300 ns
[2022-04-08T18:58:43.369+0000][9408][safepoint   ] Safepoint "Cleanup", Time since last: 2023399700 ns, Reaching safepoint: 51200 ns, At safepoint: 8200 ns, Total: 59400 ns
[2022-04-08T18:58:44.374+0000][9408][safepoint   ] Safepoint "Cleanup", Time since last: 1005359800 ns, Reaching safepoint: 77900 ns, At safepoint: 10500 ns, Total: 88400 ns
[2022-04-08T18:58:46.397+0000][9408][safepoint   ] Safepoint "Cleanup", Time since last: 2022303600 ns, Reaching safepoint: 123500 ns, At safepoint: 8000 ns, Total: 131500 ns
[2022-04-08T18:58:48.419+0000][9408][safepoint   ] Safepoint "Cleanup", Time since last: 2022363100 ns, Reaching safepoint: 45200 ns, At safepoint: 5700 ns, Total: 50900 ns
[2022-04-08T18:58:49.427+0000][9408][safepoint   ] Safepoint "Cleanup", Time since last: 1007781300 ns, Reaching safepoint: 47800 ns, At safepoint: 5600 ns, Total: 53400 ns
[2022-04-08T18:58:50.436+0000][9408][safepoint   ] Safepoint "Cleanup", Time since last: 1009504900 ns, Reaching safepoint: 129700 ns, At safepoint: 4800 ns, Total: 134500 ns
[2022-04-08T18:58:51.445+0000][9408][safepoint   ] Safepoint "Cleanup", Time since last: 1008575200 ns, Reaching safepoint: 48000 ns, At safepoint: 6900 ns, Total: 54900 ns
[2022-04-08T18:58:52.454+0000][9408][safepoint   ] Safepoint "Cleanup", Time since last: 1008582600 ns, Reaching safepoint: 50800 ns, At safepoint: 6600 ns, Total: 57400 ns
[2022-04-08T18:58:53.463+0000][9408][safepoint   ] Safepoint "Cleanup", Time since last: 1009393400 ns, Reaching safepoint: 57200 ns, At safepoint: 5300 ns, Total: 62500 ns
[2022-04-08T18:58:55.476+0000][9408][safepoint   ] Safepoint "Cleanup", Time since last: 2012726100 ns, Reaching safepoint: 123900 ns, At safepoint: 4800 ns, Total: 128700 ns
[2022-04-08T18:58:56.488+0000][9408][safepoint   ] Safepoint "Cleanup", Time since last: 1011357000 ns, Reaching safepoint: 60600 ns, At safepoint: 7600 ns, Total: 68200 ns
[2022-04-08T18:58:58.508+0000][9408][safepoint   ] Safepoint "Cleanup", Time since last: 2020053900 ns, Reaching safepoint: 56900 ns, At safepoint: 8600 ns, Total: 65500 ns
[2022-04-08T18:59:01.529+0000][9408][safepoint   ] Safepoint "Cleanup", Time since last: 3020856200 ns, Reaching safepoint: 99100 ns, At safepoint: 10000 ns, Total: 109100 ns
[2022-04-08T18:59:03.555+0000][9408][safepoint   ] Safepoint "Cleanup", Time since last: 2025587700 ns, Reaching safepoint: 121900 ns, At safepoint: 7100 ns, Total: 129000 ns
[2022-04-08T18:59:04.568+0000][9408][safepoint   ] Safepoint "Cleanup", Time since last: 1013310400 ns, Reaching safepoint: 57000 ns, At safepoint: 6400 ns, Total: 63400 ns
[2022-04-08T18:59:06.581+0000][9408][safepoint   ] Safepoint "Cleanup", Time since last: 2013186000 ns, Reaching safepoint: 50800 ns, At safepoint: 6900 ns, Total: 57700 ns
[2022-04-08T18:59:07.589+0000][9408][safepoint   ] Safepoint "Cleanup", Time since last: 1007839700 ns, Reaching safepoint: 62900 ns, At safepoint: 7700 ns, Total: 70600 ns
[2022-04-08T18:59:08.597+0000][9408][safepoint   ] Safepoint "Cleanup", Time since last: 1008010700 ns, Reaching safepoint: 130800 ns, At safepoint: 5100 ns, Total: 135900 ns
[2022-04-08T18:59:10.619+0000][9408][safepoint   ] Safepoint "Cleanup", Time since last: 2021843600 ns, Reaching safepoint: 61600 ns, At safepoint: 15800 ns, Total: 77400 ns
[2022-04-08T18:59:11.632+0000][9408][safepoint   ] Safepoint "Cleanup", Time since last: 1012580300 ns, Reaching safepoint: 51500 ns, At safepoint: 10900 ns, Total: 62400 ns
[2022-04-08T18:59:13.369+0000][9408][gc,start    ] GC(14) Pause Young (Normal) (G1 Evacuation Pause)
[2022-04-08T18:59:13.369+0000][9408][gc,task     ] GC(14) Using 4 workers of 4 for evacuation
[2022-04-08T18:59:13.369+0000][9408][gc,age      ] GC(14) Desired survivor size 81788928 bytes, new threshold 15 (max threshold 15)
[2022-04-08T18:59:13.397+0000][9408][gc,age      ] GC(14) Age table with threshold 15 (max threshold 15)
[2022-04-08T18:59:13.397+0000][9408][gc,age      ] GC(14) - age   1:    5867576 bytes,    5867576 total
[2022-04-08T18:59:13.397+0000][9408][gc,age      ] GC(14) - age   2:   22038872 bytes,   27906448 total
[2022-04-08T18:59:13.397+0000][9408][gc,age      ] GC(14) - age   3:   18633104 bytes,   46539552 total
[2022-04-08T18:59:13.397+0000][9408][gc,phases   ] GC(14)   Pre Evacuate Collection Set: 0.1ms
[2022-04-08T18:59:13.397+0000][9408][gc,phases   ] GC(14)   Merge Heap Roots: 0.1ms
[2022-04-08T18:59:13.397+0000][9408][gc,phases   ] GC(14)   Evacuate Collection Set: 26.5ms
[2022-04-08T18:59:13.397+0000][9408][gc,phases   ] GC(14)   Post Evacuate Collection Set: 1.2ms
[2022-04-08T18:59:13.397+0000][9408][gc,phases   ] GC(14)   Other: 0.3ms
[2022-04-08T18:59:13.397+0000][9408][gc,heap     ] GC(14) Eden regions: 298->0(362)
[2022-04-08T18:59:13.397+0000][9408][gc,heap     ] GC(14) Survivor regions: 11->13(39)
[2022-04-08T18:59:13.397+0000][9408][gc,heap     ] GC(14) Old regions: 12->12
[2022-04-08T18:59:13.397+0000][9408][gc,heap     ] GC(14) Archive regions: 0->0
[2022-04-08T18:59:13.397+0000][9408][gc,heap     ] GC(14) Humongous regions: 5->5
[2022-04-08T18:59:13.397+0000][9408][gc,metaspace] GC(14) Metaspace: 123551K(125696K)->123551K(125696K) NonClass: 106779K(108032K)->106779K(108032K) Class: 16771K(17664K)->16771K(17664K)
[2022-04-08T18:59:13.397+0000][9408][gc          ] GC(14) Pause Young (Normal) (G1 Evacuation Pause) 1302M->116M(8136M) 28.374ms
[2022-04-08T18:59:13.397+0000][9408][gc,cpu      ] GC(14) User=0.06s Sys=0.00s Real=0.03s
[2022-04-08T18:59:13.397+0000][9408][safepoint   ] Safepoint "G1CollectForAllocation", Time since last: 1737143000 ns, Reaching safepoint: 56200 ns, At safepoint: 28533800 ns, Total: 28590000 ns
[2022-04-08T18:59:14.412+0000][9408][safepoint   ] Safepoint "Cleanup", Time since last: 1014669100 ns, Reaching safepoint: 65800 ns, At safepoint: 8000 ns, Total: 73800 ns
[2022-04-08T18:59:16.417+0000][9408][safepoint   ] Safepoint "Cleanup", Time since last: 2004654700 ns, Reaching safepoint: 61200 ns, At safepoint: 9300 ns, Total: 70500 ns
[2022-04-08T18:59:17.426+0000][9408][safepoint   ] Safepoint "Cleanup", Time since last: 1009536500 ns, Reaching safepoint: 57300 ns, At safepoint: 8600 ns, Total: 65900 ns
[2022-04-08T18:59:18.433+0000][9408][safepoint   ] Safepoint "Cleanup", Time since last: 1006680300 ns, Reaching safepoint: 50900 ns, At safepoint: 8900 ns, Total: 59800 ns
[2022-04-08T18:59:19.441+0000][9408][safepoint   ] Safepoint "Cleanup", Time since last: 1008197800 ns, Reaching safepoint: 73400 ns, At safepoint: 8100 ns, Total: 81500 ns
[2022-04-08T18:59:20.456+0000][9408][safepoint   ] Safepoint "Cleanup", Time since last: 1014707200 ns, Reaching safepoint: 49000 ns, At safepoint: 6200 ns, Total: 55200 ns
[2022-04-08T18:59:21.467+0000][9408][safepoint   ] Safepoint "Cleanup", Time since last: 1011014200 ns, Reaching safepoint: 48000 ns, At safepoint: 7900 ns, Total: 55900 ns
[2022-04-08T18:59:22.479+0000][9408][safepoint   ] Safepoint "Cleanup", Time since last: 1011954600 ns, Reaching safepoint: 55900 ns, At safepoint: 7000 ns, Total: 62900 ns
[2022-04-08T18:59:23.489+0000][9408][safepoint   ] Safepoint "Cleanup", Time since last: 1009258200 ns, Reaching safepoint: 45400 ns, At safepoint: 7500 ns, Total: 52900 ns
[2022-04-08T18:59:24.499+0000][9408][safepoint   ] Safepoint "Cleanup", Time since last: 1009997900 ns, Reaching safepoint: 51100 ns, At safepoint: 15000 ns, Total: 66100 ns
[2022-04-08T18:59:25.507+0000][9408][safepoint   ] Safepoint "Cleanup", Time since last: 1007783600 ns, Reaching safepoint: 69300 ns, At safepoint: 7000 ns, Total: 76300 ns
[2022-04-08T18:59:26.516+0000][9408][safepoint   ] Safepoint "Cleanup", Time since last: 1009084100 ns, Reaching safepoint: 61800 ns, At safepoint: 6200 ns, Total: 68000 ns
[2022-04-08T18:59:28.537+0000][9408][safepoint   ] Safepoint "Cleanup", Time since last: 2020871900 ns, Reaching safepoint: 49200 ns, At safepoint: 6000 ns, Total: 55200 ns
[2022-04-08T18:59:31.562+0000][9408][safepoint   ] Safepoint "Cleanup", Time since last: 3025209200 ns, Reaching safepoint: 81400 ns, At safepoint: 8500 ns, Total: 89900 ns
[2022-04-08T18:59:32.573+0000][9408][safepoint   ] Safepoint "Cleanup", Time since last: 1010955100 ns, Reaching safepoint: 66800 ns, At safepoint: 5800 ns, Total: 72600 ns
[2022-04-08T18:59:33.580+0000][9408][safepoint   ] Safepoint "Cleanup", Time since last: 1007012600 ns, Reaching safepoint: 49400 ns, At safepoint: 7400 ns, Total: 56800 ns
[2022-04-08T18:59:34.585+0000][9408][safepoint   ] Safepoint "Cleanup", Time since last: 1004670100 ns, Reaching safepoint: 47300 ns, At safepoint: 6000 ns, Total: 53300 ns
[2022-04-08T18:59:35.594+0000][9408][safepoint   ] Safepoint "Cleanup", Time since last: 1009349100 ns, Reaching safepoint: 118800 ns, At safepoint: 4300 ns, Total: 123100 ns
[2022-04-08T18:59:36.606+0000][9408][safepoint   ] Safepoint "Cleanup", Time since last: 1011480600 ns, Reaching safepoint: 45000 ns, At safepoint: 6200 ns, Total: 51200 ns
[2022-04-08T18:59:37.608+0000][9408][safepoint   ] Safepoint "Cleanup", Time since last: 1001939100 ns, Reaching safepoint: 57400 ns, At safepoint: 9000 ns, Total: 66400 ns
[2022-04-08T18:59:38.618+0000][9408][safepoint   ] Safepoint "Cleanup", Time since last: 1010650000 ns, Reaching safepoint: 61200 ns, At safepoint: 7300 ns, Total: 68500 ns
[2022-04-08T18:59:39.629+0000][9408][safepoint   ] Safepoint "Cleanup", Time since last: 1010637500 ns, Reaching safepoint: 49900 ns, At safepoint: 5800 ns, Total: 55700 ns
[2022-04-08T18:59:40.635+0000][9408][safepoint   ] Safepoint "Cleanup", Time since last: 1005698000 ns, Reaching safepoint: 53100 ns, At safepoint: 4700 ns, Total: 57800 ns
[2022-04-08T18:59:41.644+0000][9408][safepoint   ] Safepoint "Cleanup", Time since last: 1008656900 ns, Reaching safepoint: 43400 ns, At safepoint: 6300 ns, Total: 49700 ns
[2022-04-08T18:59:43.658+0000][9408][safepoint   ] Safepoint "Cleanup", Time since last: 2014142800 ns, Reaching safepoint: 67600 ns, At safepoint: 7000 ns, Total: 74600 ns
[2022-04-08T18:59:44.670+0000][9408][safepoint   ] Safepoint "Cleanup", Time since last: 1011620300 ns, Reaching safepoint: 115500 ns, At safepoint: 6300 ns, Total: 121800 ns
[2022-04-08T18:59:46.699+0000][9408][safepoint   ] Safepoint "Cleanup", Time since last: 2029807500 ns, Reaching safepoint: 50400 ns, At safepoint: 8100 ns, Total: 58500 ns
[2022-04-08T18:59:48.715+0000][9408][safepoint   ] Safepoint "Cleanup", Time since last: 2015490300 ns, Reaching safepoint: 49700 ns, At safepoint: 5500 ns, Total: 55200 ns
[2022-04-08T18:59:49.721+0000][9408][safepoint   ] Safepoint "Cleanup", Time since last: 1005633100 ns, Reaching safepoint: 66200 ns, At safepoint: 20000 ns, Total: 86200 ns
[2022-04-08T18:59:50.728+0000][9408][safepoint   ] Safepoint "Cleanup", Time since last: 1007071100 ns, Reaching safepoint: 42000 ns, At safepoint: 7900 ns, Total: 49900 ns
[2022-04-08T18:59:51.733+0000][9408][safepoint   ] Safepoint "Cleanup", Time since last: 1005213500 ns, Reaching safepoint: 45400 ns, At safepoint: 7000 ns, Total: 52400 ns
[2022-04-08T18:59:52.744+0000][9408][safepoint   ] Safepoint "Cleanup", Time since last: 1010624800 ns, Reaching safepoint: 53800 ns, At safepoint: 6200 ns, Total: 60000 ns
[2022-04-08T18:59:53.757+0000][9408][safepoint   ] Safepoint "Cleanup", Time since last: 1013535100 ns, Reaching safepoint: 52400 ns, At safepoint: 7000 ns, Total: 59400 ns
[2022-04-08T18:59:54.759+0000][9408][safepoint   ] Safepoint "Cleanup", Time since last: 1001172000 ns, Reaching safepoint: 55400 ns, At safepoint: 6800 ns, Total: 62200 ns
[2022-04-08T18:59:55.772+0000][9408][safepoint   ] Safepoint "Cleanup", Time since last: 1013131300 ns, Reaching safepoint: 73600 ns, At safepoint: 15400 ns, Total: 89000 ns
[2022-04-08T18:59:58.803+0000][9408][safepoint   ] Safepoint "Cleanup", Time since last: 3030964900 ns, Reaching safepoint: 58000 ns, At safepoint: 9300 ns, Total: 67300 ns
[2022-04-08T19:00:00.818+0000][9408][safepoint   ] Safepoint "Cleanup", Time since last: 2015079000 ns, Reaching safepoint: 50400 ns, At safepoint: 7400 ns, Total: 57800 ns
[2022-04-08T19:00:01.829+0000][9408][safepoint   ] Safepoint "Cleanup", Time since last: 1010576600 ns, Reaching safepoint: 93500 ns, At safepoint: 21100 ns, Total: 114600 ns
[2022-04-08T19:00:02.842+0000][9408][safepoint   ] Safepoint "Cleanup", Time since last: 1013781100 ns, Reaching safepoint: 55500 ns, At safepoint: 6400 ns, Total: 61900 ns
[2022-04-08T19:00:03.856+0000][9408][safepoint   ] Safepoint "Cleanup", Time since last: 1013548700 ns, Reaching safepoint: 54100 ns, At safepoint: 6900 ns, Total: 61000 ns
[2022-04-08T19:00:04.863+0000][9408][safepoint   ] Safepoint "Cleanup", Time since last: 1007160900 ns, Reaching safepoint: 57100 ns, At safepoint: 7100 ns, Total: 64200 ns
[2022-04-08T19:00:05.871+0000][9408][safepoint   ] Safepoint "Cleanup", Time since last: 1007445000 ns, Reaching safepoint: 53200 ns, At safepoint: 8700 ns, Total: 61900 ns
[2022-04-08T19:00:07.884+0000][9408][safepoint   ] Safepoint "Cleanup", Time since last: 2012747200 ns, Reaching safepoint: 68700 ns, At safepoint: 7700 ns, Total: 76400 ns
[2022-04-08T19:00:08.893+0000][9408][safepoint   ] Safepoint "Cleanup", Time since last: 1009156900 ns, Reaching safepoint: 37700 ns, At safepoint: 5400 ns, Total: 43100 ns
[2022-04-08T19:00:10.914+0000][9408][safepoint   ] Safepoint "Cleanup", Time since last: 2021206800 ns, Reaching safepoint: 52200 ns, At safepoint: 8200 ns, Total: 60400 ns
[2022-04-08T19:00:13.947+0000][9408][safepoint   ] Safepoint "Cleanup", Time since last: 3032494700 ns, Reaching safepoint: 56600 ns, At safepoint: 7800 ns, Total: 64400 ns
[2022-04-08T19:00:16.963+0000][9408][safepoint   ] Safepoint "Cleanup", Time since last: 3016427500 ns, Reaching safepoint: 50000 ns, At safepoint: 8800 ns, Total: 58800 ns
[2022-04-08T19:00:18.984+0000][9408][safepoint   ] Safepoint "Cleanup", Time since last: 2021059600 ns, Reaching safepoint: 53300 ns, At safepoint: 9300 ns, Total: 62600 ns
[2022-04-08T19:00:19.988+0000][9408][safepoint   ] Safepoint "Cleanup", Time since last: 1003407200 ns, Reaching safepoint: 66100 ns, At safepoint: 7500 ns, Total: 73600 ns
[2022-04-08T19:00:20.997+0000][9408][safepoint   ] Safepoint "Cleanup", Time since last: 1009064300 ns, Reaching safepoint: 47000 ns, At safepoint: 6900 ns, Total: 53900 ns
[2022-04-08T19:00:23.016+0000][9408][safepoint   ] Safepoint "Cleanup", Time since last: 2019453500 ns, Reaching safepoint: 55800 ns, At safepoint: 8700 ns, Total: 64500 ns
[2022-04-08T19:00:24.025+0000][9408][safepoint   ] Safepoint "Cleanup", Time since last: 1008036600 ns, Reaching safepoint: 50400 ns, At safepoint: 11200 ns, Total: 61600 ns
[2022-04-08T19:00:25.032+0000][9408][safepoint   ] Safepoint "Cleanup", Time since last: 1007733000 ns, Reaching safepoint: 65900 ns, At safepoint: 8200 ns, Total: 74100 ns
[2022-04-08T19:00:26.044+0000][9408][safepoint   ] Safepoint "Cleanup", Time since last: 1011238400 ns, Reaching safepoint: 52500 ns, At safepoint: 8000 ns, Total: 60500 ns
[2022-04-08T19:00:29.069+0000][9408][safepoint   ] Safepoint "Cleanup", Time since last: 3025197800 ns, Reaching safepoint: 61700 ns, At safepoint: 8700 ns, Total: 70400 ns
[2022-04-08T19:00:32.096+0000][9408][safepoint   ] Safepoint "Cleanup", Time since last: 3027416200 ns, Reaching safepoint: 69800 ns, At safepoint: 5700 ns, Total: 75500 ns
[2022-04-08T19:00:34.115+0000][9408][safepoint   ] Safepoint "Cleanup", Time since last: 2018964700 ns, Reaching safepoint: 49400 ns, At safepoint: 5300 ns, Total: 54700 ns
[2022-04-08T19:00:35.130+0000][9408][safepoint   ] Safepoint "Cleanup", Time since last: 1014385600 ns, Reaching safepoint: 101400 ns, At safepoint: 4500 ns, Total: 105900 ns
[2022-04-08T19:00:36.144+0000][9408][safepoint   ] Safepoint "Cleanup", Time since last: 1014275100 ns, Reaching safepoint: 48800 ns, At safepoint: 8000 ns, Total: 56800 ns
[2022-04-08T19:00:37.149+0000][9408][safepoint   ] Safepoint "Cleanup", Time since last: 1004365000 ns, Reaching safepoint: 53400 ns, At safepoint: 7200 ns, Total: 60600 ns
[2022-04-08T19:00:38.915+0000][9408][safepoint   ] Safepoint "Cleanup", Time since last: 1766041900 ns, Reaching safepoint: 109200 ns, At safepoint: 5200 ns, Total: 114400 ns
[2022-04-08T19:00:40.930+0000][9408][safepoint   ] Safepoint "Cleanup", Time since last: 2014625700 ns, Reaching safepoint: 46800 ns, At safepoint: 6800 ns, Total: 53600 ns
[2022-04-08T19:00:43.952+0000][9408][safepoint   ] Safepoint "Cleanup", Time since last: 3022491700 ns, Reaching safepoint: 64400 ns, At safepoint: 13200 ns, Total: 77600 ns
[2022-04-08T19:00:44.953+0000][9408][safepoint   ] Safepoint "Cleanup", Time since last: 1000587900 ns, Reaching safepoint: 119900 ns, At safepoint: 5000 ns, Total: 124900 ns
[2022-04-08T19:00:45.954+0000][9408][safepoint   ] Safepoint "Cleanup", Time since last: 1000758100 ns, Reaching safepoint: 43800 ns, At safepoint: 19300 ns, Total: 63100 ns
[2022-04-08T19:00:46.960+0000][9408][safepoint   ] Safepoint "Cleanup", Time since last: 1006428500 ns, Reaching safepoint: 52200 ns, At safepoint: 7600 ns, Total: 59800 ns
[2022-04-08T19:00:48.974+0000][9408][safepoint   ] Safepoint "Cleanup", Time since last: 2013533300 ns, Reaching safepoint: 48300 ns, At safepoint: 7300 ns, Total: 55600 ns
[2022-04-08T19:00:49.983+0000][9408][safepoint   ] Safepoint "Cleanup", Time since last: 1009174000 ns, Reaching safepoint: 53800 ns, At safepoint: 4400 ns, Total: 58200 ns
[2022-04-08T19:00:50.989+0000][9408][safepoint   ] Safepoint "Cleanup", Time since last: 1006466600 ns, Reaching safepoint: 58800 ns, At safepoint: 6700 ns, Total: 65500 ns
[2022-04-08T19:00:53.008+0000][9408][safepoint   ] Safepoint "Cleanup", Time since last: 2018216600 ns, Reaching safepoint: 46400 ns, At safepoint: 8900 ns, Total: 55300 ns
[2022-04-08T19:00:54.021+0000][9408][safepoint   ] Safepoint "Cleanup", Time since last: 1012798000 ns, Reaching safepoint: 42800 ns, At safepoint: 7800 ns, Total: 50600 ns
[2022-04-08T19:00:55.034+0000][9408][safepoint   ] Safepoint "Cleanup", Time since last: 1013284500 ns, Reaching safepoint: 52500 ns, At safepoint: 13900 ns, Total: 66400 ns
[2022-04-08T19:00:56.043+0000][9408][safepoint   ] Safepoint "Cleanup", Time since last: 1008676900 ns, Reaching safepoint: 69800 ns, At safepoint: 5500 ns, Total: 75300 ns
[2022-04-08T19:00:57.052+0000][9408][safepoint   ] Safepoint "Cleanup", Time since last: 1009597100 ns, Reaching safepoint: 65800 ns, At safepoint: 5800 ns, Total: 71600 ns
[2022-04-08T19:00:58.057+0000][9408][safepoint   ] Safepoint "Cleanup", Time since last: 1004152300 ns, Reaching safepoint: 84200 ns, At safepoint: 9900 ns, Total: 94100 ns
[2022-04-08T19:00:59.062+0000][9408][safepoint   ] Safepoint "Cleanup", Time since last: 1005042400 ns, Reaching safepoint: 46500 ns, At safepoint: 55100 ns, Total: 101600 ns
[2022-04-08T19:01:02.093+0000][9408][safepoint   ] Safepoint "Cleanup", Time since last: 3030887300 ns, Reaching safepoint: 65000 ns, At safepoint: 6700 ns, Total: 71700 ns
[2022-04-08T19:01:03.107+0000][9408][safepoint   ] Safepoint "Cleanup", Time since last: 1013909700 ns, Reaching safepoint: 51300 ns, At safepoint: 4500 ns, Total: 55800 ns
[2022-04-08T19:01:04.117+0000][9408][safepoint   ] Safepoint "Cleanup", Time since last: 1010562400 ns, Reaching safepoint: 50800 ns, At safepoint: 4500 ns, Total: 55300 ns
[2022-04-08T19:01:05.124+0000][9408][safepoint   ] Safepoint "Cleanup", Time since last: 1006424800 ns, Reaching safepoint: 69800 ns, At safepoint: 9100 ns, Total: 78900 ns
[2022-04-08T19:01:06.129+0000][9408][safepoint   ] Safepoint "Cleanup", Time since last: 1005422100 ns, Reaching safepoint: 56000 ns, At safepoint: 7000 ns, Total: 63000 ns
[2022-04-08T19:01:08.147+0000][9408][safepoint   ] Safepoint "Cleanup", Time since last: 2017205100 ns, Reaching safepoint: 60800 ns, At safepoint: 8400 ns, Total: 69200 ns
[2022-04-08T19:01:09.154+0000][9408][safepoint   ] Safepoint "Cleanup", Time since last: 1007365100 ns, Reaching safepoint: 45600 ns, At safepoint: 9000 ns, Total: 54600 ns
[2022-04-08T19:01:11.180+0000][9408][safepoint   ] Safepoint "Cleanup", Time since last: 2026404400 ns, Reaching safepoint: 52000 ns, At safepoint: 12700 ns, Total: 64700 ns
[2022-04-08T19:01:14.211+0000][9408][safepoint   ] Safepoint "Cleanup", Time since last: 3030595000 ns, Reaching safepoint: 128000 ns, At safepoint: 5000 ns, Total: 133000 ns
[2022-04-08T19:01:17.230+0000][9408][safepoint   ] Safepoint "Cleanup", Time since last: 3018954900 ns, Reaching safepoint: 53000 ns, At safepoint: 8500 ns, Total: 61500 ns
[2022-04-08T19:01:19.248+0000][9408][safepoint   ] Safepoint "Cleanup", Time since last: 2017505400 ns, Reaching safepoint: 37500 ns, At safepoint: 4300 ns, Total: 41800 ns
[2022-04-08T19:01:20.250+0000][9408][safepoint   ] Safepoint "Cleanup", Time since last: 1001879700 ns, Reaching safepoint: 65400 ns, At safepoint: 5600 ns, Total: 71000 ns
[2022-04-08T19:01:21.264+0000][9408][safepoint   ] Safepoint "Cleanup", Time since last: 1014225800 ns, Reaching safepoint: 45800 ns, At safepoint: 5700 ns, Total: 51500 ns
[2022-04-08T19:01:23.276+0000][9408][safepoint   ] Safepoint "Cleanup", Time since last: 2012301400 ns, Reaching safepoint: 46700 ns, At safepoint: 8100 ns, Total: 54800 ns
[2022-04-08T19:01:24.286+0000][9408][safepoint   ] Safepoint "Cleanup", Time since last: 1009711100 ns, Reaching safepoint: 73300 ns, At safepoint: 8100 ns, Total: 81400 ns
[2022-04-08T19:01:25.295+0000][9408][safepoint   ] Safepoint "Cleanup", Time since last: 1008987700 ns, Reaching safepoint: 41700 ns, At safepoint: 6000 ns, Total: 47700 ns
[2022-04-08T19:01:26.308+0000][9408][safepoint   ] Safepoint "Cleanup", Time since last: 1012449900 ns, Reaching safepoint: 64000 ns, At safepoint: 6700 ns, Total: 70700 ns
[2022-04-08T19:01:29.343+0000][9408][safepoint   ] Safepoint "Cleanup", Time since last: 3035055500 ns, Reaching safepoint: 61400 ns, At safepoint: 13100 ns, Total: 74500 ns
[2022-04-08T19:01:31.357+0000][9408][safepoint   ] Safepoint "Cleanup", Time since last: 2014042400 ns, Reaching safepoint: 44800 ns, At safepoint: 5900 ns, Total: 50700 ns
[2022-04-08T19:01:32.365+0000][9408][safepoint   ] Safepoint "Cleanup", Time since last: 1007882200 ns, Reaching safepoint: 49000 ns, At safepoint: 8000 ns, Total: 57000 ns
[2022-04-08T19:01:34.382+0000][9408][safepoint   ] Safepoint "Cleanup", Time since last: 2016916700 ns, Reaching safepoint: 76900 ns, At safepoint: 7500 ns, Total: 84400 ns
[2022-04-08T19:01:36.409+0000][9408][safepoint   ] Safepoint "Cleanup", Time since last: 2027013700 ns, Reaching safepoint: 45900 ns, At safepoint: 7900 ns, Total: 53800 ns
[2022-04-08T19:01:37.420+0000][9408][safepoint   ] Safepoint "Cleanup", Time since last: 1010507900 ns, Reaching safepoint: 32100 ns, At safepoint: 6200 ns, Total: 38300 ns
[2022-04-08T19:01:38.428+0000][9408][safepoint   ] Safepoint "Cleanup", Time since last: 1008935500 ns, Reaching safepoint: 45900 ns, At safepoint: 3800 ns, Total: 49700 ns
[2022-04-08T19:01:39.433+0000][9408][safepoint   ] Safepoint "Cleanup", Time since last: 1004959800 ns, Reaching safepoint: 55300 ns, At safepoint: 8700 ns, Total: 64000 ns
[2022-04-08T19:01:40.441+0000][9408][safepoint   ] Safepoint "Cleanup", Time since last: 1007529200 ns, Reaching safepoint: 52900 ns, At safepoint: 6200 ns, Total: 59100 ns
[2022-04-08T19:01:41.449+0000][9408][safepoint   ] Safepoint "Cleanup", Time since last: 1007878400 ns, Reaching safepoint: 48600 ns, At safepoint: 8000 ns, Total: 56600 ns
[2022-04-08T19:01:43.474+0000][9408][safepoint   ] Safepoint "Cleanup", Time since last: 2025075800 ns, Reaching safepoint: 51000 ns, At safepoint: 4400 ns, Total: 55400 ns
[2022-04-08T19:01:44.487+0000][9408][safepoint   ] Safepoint "Cleanup", Time since last: 1012702300 ns, Reaching safepoint: 61600 ns, At safepoint: 7200 ns, Total: 68800 ns
[2022-04-08T19:01:46.508+0000][9408][safepoint   ] Safepoint "Cleanup", Time since last: 2021196800 ns, Reaching safepoint: 43300 ns, At safepoint: 6600 ns, Total: 49900 ns
[2022-04-08T19:01:47.518+0000][9408][safepoint   ] Safepoint "Cleanup", Time since last: 1009327500 ns, Reaching safepoint: 44300 ns, At safepoint: 9000 ns, Total: 53300 ns
[2022-04-08T19:01:49.536+0000][9408][safepoint   ] Safepoint "Cleanup", Time since last: 2018204200 ns, Reaching safepoint: 45000 ns, At safepoint: 5300 ns, Total: 50300 ns
[2022-04-08T19:01:50.547+0000][9408][safepoint   ] Safepoint "Cleanup", Time since last: 1011067900 ns, Reaching safepoint: 57600 ns, At safepoint: 8800 ns, Total: 66400 ns
[2022-04-08T19:01:51.560+0000][9408][safepoint   ] Safepoint "Cleanup", Time since last: 1012838800 ns, Reaching safepoint: 45200 ns, At safepoint: 6600 ns, Total: 51800 ns
[2022-04-08T19:01:52.572+0000][9408][safepoint   ] Safepoint "Cleanup", Time since last: 1011856200 ns, Reaching safepoint: 49200 ns, At safepoint: 6700 ns, Total: 55900 ns
[2022-04-08T19:01:53.575+0000][9408][safepoint   ] Safepoint "Cleanup", Time since last: 1002824200 ns, Reaching safepoint: 59900 ns, At safepoint: 8400 ns, Total: 68300 ns
[2022-04-08T19:01:54.581+0000][9408][safepoint   ] Safepoint "Cleanup", Time since last: 1006631200 ns, Reaching safepoint: 63100 ns, At safepoint: 6200 ns, Total: 69300 ns
[2022-04-08T19:01:55.588+0000][9408][safepoint   ] Safepoint "Cleanup", Time since last: 1007111700 ns, Reaching safepoint: 49100 ns, At safepoint: 8500 ns, Total: 57600 ns
[2022-04-08T19:01:56.596+0000][9408][safepoint   ] Safepoint "Cleanup", Time since last: 1007726600 ns, Reaching safepoint: 50300 ns, At safepoint: 8900 ns, Total: 59200 ns
[2022-04-08T19:01:58.612+0000][9408][safepoint   ] Safepoint "Cleanup", Time since last: 2015282800 ns, Reaching safepoint: 49000 ns, At safepoint: 9000 ns, Total: 58000 ns
[2022-04-08T19:02:00.620+0000][9408][safepoint   ] Safepoint "Cleanup", Time since last: 2008187600 ns, Reaching safepoint: 44700 ns, At safepoint: 9400 ns, Total: 54100 ns
[2022-04-08T19:02:01.634+0000][9408][safepoint   ] Safepoint "Cleanup", Time since last: 1013783600 ns, Reaching safepoint: 75600 ns, At safepoint: 6500 ns, Total: 82100 ns
[2022-04-08T19:02:03.654+0000][9408][safepoint   ] Safepoint "Cleanup", Time since last: 2019771500 ns, Reaching safepoint: 49700 ns, At safepoint: 6300 ns, Total: 56000 ns
[2022-04-08T19:02:04.660+0000][9408][safepoint   ] Safepoint "Cleanup", Time since last: 1006410700 ns, Reaching safepoint: 60000 ns, At safepoint: 7300 ns, Total: 67300 ns
[2022-04-08T19:02:05.663+0000][9408][safepoint   ] Safepoint "Cleanup", Time since last: 1002800200 ns, Reaching safepoint: 63400 ns, At safepoint: 5400 ns, Total: 68800 ns
[2022-04-08T19:02:06.667+0000][9408][safepoint   ] Safepoint "Cleanup", Time since last: 1004504100 ns, Reaching safepoint: 47800 ns, At safepoint: 7100 ns, Total: 54900 ns
[2022-04-08T19:02:07.680+0000][9408][safepoint   ] Safepoint "Cleanup", Time since last: 1012676600 ns, Reaching safepoint: 70100 ns, At safepoint: 6800 ns, Total: 76900 ns
[2022-04-08T19:02:08.691+0000][9408][safepoint   ] Safepoint "Cleanup", Time since last: 1010549300 ns, Reaching safepoint: 48300 ns, At safepoint: 6900 ns, Total: 55200 ns
[2022-04-08T19:02:10.717+0000][9408][safepoint   ] Safepoint "Cleanup", Time since last: 2026410700 ns, Reaching safepoint: 40400 ns, At safepoint: 8000 ns, Total: 48400 ns
[2022-04-08T19:02:11.726+0000][9408][safepoint   ] Safepoint "Cleanup", Time since last: 1008711200 ns, Reaching safepoint: 51700 ns, At safepoint: 5000 ns, Total: 56700 ns
[2022-04-08T19:02:13.740+0000][9408][safepoint   ] Safepoint "Cleanup", Time since last: 2013488500 ns, Reaching safepoint: 45400 ns, At safepoint: 4800 ns, Total: 50200 ns
[2022-04-08T19:02:14.747+0000][9408][safepoint   ] Safepoint "Cleanup", Time since last: 1007495300 ns, Reaching safepoint: 45800 ns, At safepoint: 6300 ns, Total: 52100 ns
[2022-04-08T19:02:16.763+0000][9408][safepoint   ] Safepoint "Cleanup", Time since last: 2015773900 ns, Reaching safepoint: 53200 ns, At safepoint: 8200 ns, Total: 61400 ns
[2022-04-08T19:02:18.790+0000][9408][safepoint   ] Safepoint "Cleanup", Time since last: 2026818500 ns, Reaching safepoint: 57200 ns, At safepoint: 7400 ns, Total: 64600 ns
[2022-04-08T19:02:19.800+0000][9408][safepoint   ] Safepoint "Cleanup", Time since last: 1010041400 ns, Reaching safepoint: 51000 ns, At safepoint: 5200 ns, Total: 56200 ns
[2022-04-08T19:02:21.815+0000][9408][safepoint   ] Safepoint "Cleanup", Time since last: 2014849100 ns, Reaching safepoint: 61000 ns, At safepoint: 7700 ns, Total: 68700 ns
[2022-04-08T19:02:22.823+0000][9408][safepoint   ] Safepoint "Cleanup", Time since last: 1007748700 ns, Reaching safepoint: 54900 ns, At safepoint: 7400 ns, Total: 62300 ns
[2022-04-08T19:02:23.829+0000][9408][safepoint   ] Safepoint "Cleanup", Time since last: 1005943600 ns, Reaching safepoint: 53100 ns, At safepoint: 7200 ns, Total: 60300 ns
[2022-04-08T19:02:24.836+0000][9408][safepoint   ] Safepoint "Cleanup", Time since last: 1006945600 ns, Reaching safepoint: 52700 ns, At safepoint: 6400 ns, Total: 59100 ns
[2022-04-08T19:02:25.846+0000][9408][safepoint   ] Safepoint "Cleanup", Time since last: 1010477000 ns, Reaching safepoint: 49700 ns, At safepoint: 15100 ns, Total: 64800 ns
[2022-04-08T19:02:26.859+0000][9408][safepoint   ] Safepoint "Cleanup", Time since last: 1012499900 ns, Reaching safepoint: 49400 ns, At safepoint: 6100 ns, Total: 55500 ns
[2022-04-08T19:02:28.883+0000][9408][safepoint   ] Safepoint "Cleanup", Time since last: 2023794500 ns, Reaching safepoint: 131500 ns, At safepoint: 8000 ns, Total: 139500 ns
[2022-04-08T19:02:30.899+0000][9408][safepoint   ] Safepoint "Cleanup", Time since last: 2016432200 ns, Reaching safepoint: 487600 ns, At safepoint: 9400 ns, Total: 497000 ns
[2022-04-08T19:02:31.908+0000][9408][safepoint   ] Safepoint "Cleanup", Time since last: 1008120600 ns, Reaching safepoint: 122700 ns, At safepoint: 6300 ns, Total: 129000 ns
[2022-04-08T19:02:32.917+0000][9408][safepoint   ] Safepoint "Cleanup", Time since last: 1009409100 ns, Reaching safepoint: 57200 ns, At safepoint: 6800 ns, Total: 64000 ns
[2022-04-08T19:02:33.927+0000][9408][safepoint   ] Safepoint "Cleanup", Time since last: 1009196400 ns, Reaching safepoint: 46600 ns, At safepoint: 6500 ns, Total: 53100 ns
[2022-04-08T19:02:34.938+0000][9408][safepoint   ] Safepoint "Cleanup", Time since last: 1011288100 ns, Reaching safepoint: 54500 ns, At safepoint: 7500 ns, Total: 62000 ns
[2022-04-08T19:02:35.951+0000][9408][safepoint   ] Safepoint "Cleanup", Time since last: 1012938900 ns, Reaching safepoint: 120800 ns, At safepoint: 4300 ns, Total: 125100 ns
[2022-04-08T19:02:36.960+0000][9408][safepoint   ] Safepoint "Cleanup", Time since last: 1009252600 ns, Reaching safepoint: 59000 ns, At safepoint: 9800 ns, Total: 68800 ns
[2022-04-08T19:02:37.968+0000][9408][safepoint   ] Safepoint "Cleanup", Time since last: 1008070800 ns, Reaching safepoint: 58200 ns, At safepoint: 5400 ns, Total: 63600 ns
[2022-04-08T19:02:38.975+0000][9408][safepoint   ] Safepoint "Cleanup", Time since last: 1006654600 ns, Reaching safepoint: 42900 ns, At safepoint: 15400 ns, Total: 58300 ns
[2022-04-08T19:02:40.992+0000][9408][safepoint   ] Safepoint "Cleanup", Time since last: 2016431400 ns, Reaching safepoint: 53500 ns, At safepoint: 6000 ns, Total: 59500 ns
[2022-04-08T19:02:42.003+0000][9408][safepoint   ] Safepoint "Cleanup", Time since last: 1011494700 ns, Reaching safepoint: 51000 ns, At safepoint: 4700 ns, Total: 55700 ns
[2022-04-08T19:02:44.025+0000][9408][safepoint   ] Safepoint "Cleanup", Time since last: 2021839600 ns, Reaching safepoint: 110600 ns, At safepoint: 4500 ns, Total: 115100 ns
[2022-04-08T19:02:47.051+0000][9408][safepoint   ] Safepoint "Cleanup", Time since last: 3026087500 ns, Reaching safepoint: 49700 ns, At safepoint: 8200 ns, Total: 57900 ns
[2022-04-08T19:02:49.067+0000][9408][safepoint   ] Safepoint "Cleanup", Time since last: 2015864100 ns, Reaching safepoint: 55900 ns, At safepoint: 6100 ns, Total: 62000 ns
[2022-04-08T19:02:50.078+0000][9408][safepoint   ] Safepoint "Cleanup", Time since last: 1010432500 ns, Reaching safepoint: 60200 ns, At safepoint: 5600 ns, Total: 65800 ns
[2022-04-08T19:02:52.095+0000][9408][safepoint   ] Safepoint "Cleanup", Time since last: 2016847200 ns, Reaching safepoint: 49800 ns, At safepoint: 7900 ns, Total: 57700 ns
[2022-04-08T19:02:53.095+0000][9408][safepoint   ] Safepoint "Cleanup", Time since last: 1000581500 ns, Reaching safepoint: 66200 ns, At safepoint: 11300 ns, Total: 77500 ns
[2022-04-08T19:02:54.107+0000][9408][safepoint   ] Safepoint "Cleanup", Time since last: 1011651700 ns, Reaching safepoint: 49600 ns, At safepoint: 7400 ns, Total: 57000 ns
[2022-04-08T19:02:55.117+0000][9408][safepoint   ] Safepoint "Cleanup", Time since last: 1010005000 ns, Reaching safepoint: 50000 ns, At safepoint: 5400 ns, Total: 55400 ns
[2022-04-08T19:02:56.127+0000][9408][safepoint   ] Safepoint "Cleanup", Time since last: 1010268600 ns, Reaching safepoint: 80300 ns, At safepoint: 7800 ns, Total: 88100 ns
[2022-04-08T19:02:57.134+0000][9408][safepoint   ] Safepoint "Cleanup", Time since last: 1006478800 ns, Reaching safepoint: 47300 ns, At safepoint: 7000 ns, Total: 54300 ns
[2022-04-08T19:02:59.154+0000][9408][safepoint   ] Safepoint "Cleanup", Time since last: 2019863200 ns, Reaching safepoint: 47400 ns, At safepoint: 5200 ns, Total: 52600 ns
[2022-04-08T19:03:02.184+0000][9408][safepoint   ] Safepoint "Cleanup", Time since last: 3029836200 ns, Reaching safepoint: 70100 ns, At safepoint: 9200 ns, Total: 79300 ns
[2022-04-08T19:03:04.200+0000][9408][safepoint   ] Safepoint "Cleanup", Time since last: 2015664000 ns, Reaching safepoint: 55700 ns, At safepoint: 6100 ns, Total: 61800 ns
[2022-04-08T19:03:05.209+0000][9408][safepoint   ] Safepoint "Cleanup", Time since last: 1009420600 ns, Reaching safepoint: 53300 ns, At safepoint: 5600 ns, Total: 58900 ns
[2022-04-08T19:03:07.231+0000][9408][safepoint   ] Safepoint "Cleanup", Time since last: 2021912100 ns, Reaching safepoint: 43800 ns, At safepoint: 6400 ns, Total: 50200 ns
[2022-04-08T19:03:08.244+0000][9408][safepoint   ] Safepoint "Cleanup", Time since last: 1012967200 ns, Reaching safepoint: 62300 ns, At safepoint: 7500 ns, Total: 69800 ns
[2022-04-08T19:03:09.245+0000][9408][safepoint   ] Safepoint "Cleanup", Time since last: 1001057700 ns, Reaching safepoint: 40100 ns, At safepoint: 6000 ns, Total: 46100 ns
[2022-04-08T19:03:11.272+0000][9408][safepoint   ] Safepoint "Cleanup", Time since last: 2026764900 ns, Reaching safepoint: 55200 ns, At safepoint: 12600 ns, Total: 67800 ns
[2022-04-08T19:03:14.296+0000][9408][safepoint   ] Safepoint "Cleanup", Time since last: 3024044900 ns, Reaching safepoint: 60600 ns, At safepoint: 14400 ns, Total: 75000 ns
[2022-04-08T19:03:17.321+0000][9408][safepoint   ] Safepoint "Cleanup", Time since last: 3025239900 ns, Reaching safepoint: 59400 ns, At safepoint: 11800 ns, Total: 71200 ns
[2022-04-08T19:03:19.326+0000][9408][safepoint   ] Safepoint "Cleanup", Time since last: 2004463700 ns, Reaching safepoint: 45800 ns, At safepoint: 7900 ns, Total: 53700 ns
[2022-04-08T19:03:20.341+0000][9408][safepoint   ] Safepoint "Cleanup", Time since last: 1014932100 ns, Reaching safepoint: 86700 ns, At safepoint: 6200 ns, Total: 92900 ns
[2022-04-08T19:03:21.343+0000][9408][safepoint   ] Safepoint "Cleanup", Time since last: 1002070300 ns, Reaching safepoint: 49200 ns, At safepoint: 10300 ns, Total: 59500 ns
[2022-04-08T19:03:23.357+0000][9408][safepoint   ] Safepoint "Cleanup", Time since last: 2013733300 ns, Reaching safepoint: 53600 ns, At safepoint: 8500 ns, Total: 62100 ns
[2022-04-08T19:03:24.367+0000][9408][safepoint   ] Safepoint "Cleanup", Time since last: 1009785300 ns, Reaching safepoint: 57800 ns, At safepoint: 6200 ns, Total: 64000 ns
[2022-04-08T19:03:25.379+0000][9408][safepoint   ] Safepoint "Cleanup", Time since last: 1012613000 ns, Reaching safepoint: 49300 ns, At safepoint: 4600 ns, Total: 53900 ns
[2022-04-08T19:03:26.394+0000][9408][safepoint   ] Safepoint "Cleanup", Time since last: 1014810600 ns, Reaching safepoint: 56000 ns, At safepoint: 13600 ns, Total: 69600 ns
[2022-04-08T19:03:29.418+0000][9408][safepoint   ] Safepoint "Cleanup", Time since last: 3024029700 ns, Reaching safepoint: 53100 ns, At safepoint: 10800 ns, Total: 63900 ns
[2022-04-08T19:03:31.431+0000][9408][safepoint   ] Safepoint "Cleanup", Time since last: 2012613400 ns, Reaching safepoint: 60900 ns, At safepoint: 15200 ns, Total: 76100 ns
[2022-04-08T19:03:32.444+0000][9408][safepoint   ] Safepoint "Cleanup", Time since last: 1012774300 ns, Reaching safepoint: 88000 ns, At safepoint: 16600 ns, Total: 104600 ns
[2022-04-08T19:03:33.458+0000][9408][safepoint   ] Safepoint "Cleanup", Time since last: 1014252700 ns, Reaching safepoint: 53900 ns, At safepoint: 8500 ns, Total: 62400 ns
[2022-04-08T19:03:34.473+0000][9408][safepoint   ] Safepoint "Cleanup", Time since last: 1014996200 ns, Reaching safepoint: 38100 ns, At safepoint: 7800 ns, Total: 45900 ns
[2022-04-08T19:03:35.485+0000][9408][safepoint   ] Safepoint "Cleanup", Time since last: 1012101900 ns, Reaching safepoint: 50000 ns, At safepoint: 5000 ns, Total: 55000 ns
[2022-04-08T19:03:36.495+0000][9408][safepoint   ] Safepoint "Cleanup", Time since last: 1009897100 ns, Reaching safepoint: 51500 ns, At safepoint: 10000 ns, Total: 61500 ns
[2022-04-08T19:03:38.509+0000][9408][safepoint   ] Safepoint "Cleanup", Time since last: 2013613300 ns, Reaching safepoint: 47700 ns, At safepoint: 7000 ns, Total: 54700 ns
[2022-04-08T19:03:39.516+0000][9408][safepoint   ] Safepoint "Cleanup", Time since last: 1006623300 ns, Reaching safepoint: 43100 ns, At safepoint: 20100 ns, Total: 63200 ns
[2022-04-08T19:03:41.536+0000][9408][safepoint   ] Safepoint "Cleanup", Time since last: 2019808700 ns, Reaching safepoint: 53200 ns, At safepoint: 6900 ns, Total: 60100 ns
[2022-04-08T19:03:44.561+0000][9408][safepoint   ] Safepoint "Cleanup", Time since last: 3024917800 ns, Reaching safepoint: 119300 ns, At safepoint: 5800 ns, Total: 125100 ns
[2022-04-08T19:03:46.576+0000][9408][safepoint   ] Safepoint "Cleanup", Time since last: 2015439600 ns, Reaching safepoint: 44000 ns, At safepoint: 9000 ns, Total: 53000 ns
[2022-04-08T19:03:47.583+0000][9408][safepoint   ] Safepoint "Cleanup", Time since last: 1006509900 ns, Reaching safepoint: 49100 ns, At safepoint: 4800 ns, Total: 53900 ns
[2022-04-08T19:03:49.599+0000][9408][safepoint   ] Safepoint "Cleanup", Time since last: 2015784500 ns, Reaching safepoint: 44100 ns, At safepoint: 7600 ns, Total: 51700 ns
[2022-04-08T19:03:50.611+0000][9408][safepoint   ] Safepoint "Cleanup", Time since last: 1012336700 ns, Reaching safepoint: 58700 ns, At safepoint: 7900 ns, Total: 66600 ns
[2022-04-08T19:03:51.622+0000][9408][safepoint   ] Safepoint "Cleanup", Time since last: 1011448700 ns, Reaching safepoint: 55600 ns, At safepoint: 8800 ns, Total: 64400 ns
[2022-04-08T19:03:53.642+0000][9408][safepoint   ] Safepoint "Cleanup", Time since last: 2019411100 ns, Reaching safepoint: 44600 ns, At safepoint: 11900 ns, Total: 56500 ns
[2022-04-08T19:03:54.646+0000][9408][safepoint   ] Safepoint "Cleanup", Time since last: 1004326600 ns, Reaching safepoint: 47400 ns, At safepoint: 16600 ns, Total: 64000 ns
[2022-04-08T19:03:56.663+0000][9408][safepoint   ] Safepoint "Cleanup", Time since last: 2016927200 ns, Reaching safepoint: 56800 ns, At safepoint: 8400 ns, Total: 65200 ns
[2022-04-08T19:03:59.683+0000][9408][safepoint   ] Safepoint "Cleanup", Time since last: 3019439700 ns, Reaching safepoint: 68400 ns, At safepoint: 6800 ns, Total: 75200 ns
[2022-04-08T19:04:02.705+0000][9408][safepoint   ] Safepoint "Cleanup", Time since last: 3021772800 ns, Reaching safepoint: 50800 ns, At safepoint: 7500 ns, Total: 58300 ns
[2022-04-08T19:04:04.722+0000][9408][safepoint   ] Safepoint "Cleanup", Time since last: 2016800200 ns, Reaching safepoint: 53200 ns, At safepoint: 10300 ns, Total: 63500 ns
[2022-04-08T19:04:06.744+0000][9408][safepoint   ] Safepoint "Cleanup", Time since last: 2021990900 ns, Reaching safepoint: 47400 ns, At safepoint: 6500 ns, Total: 53900 ns
[2022-04-08T19:04:07.758+0000][9408][safepoint   ] Safepoint "Cleanup", Time since last: 1014330400 ns, Reaching safepoint: 38800 ns, At safepoint: 5200 ns, Total: 44000 ns
[2022-04-08T19:04:08.771+0000][9408][safepoint   ] Safepoint "Cleanup", Time since last: 1012451700 ns, Reaching safepoint: 102800 ns, At safepoint: 4600 ns, Total: 107400 ns
[2022-04-08T19:04:09.875+0000][9408][safepoint   ] Safepoint "Cleanup", Time since last: 1104724000 ns, Reaching safepoint: 79300 ns, At safepoint: 12900 ns, Total: 92200 ns
[2022-04-08T19:04:10.885+0000][9408][safepoint   ] Safepoint "Cleanup", Time since last: 1009963900 ns, Reaching safepoint: 55400 ns, At safepoint: 8000 ns, Total: 63400 ns
[2022-04-08T19:04:11.894+0000][9408][safepoint   ] Safepoint "Cleanup", Time since last: 1009068800 ns, Reaching safepoint: 64000 ns, At safepoint: 6100 ns, Total: 70100 ns
[2022-04-08T19:04:13.903+0000][9408][safepoint   ] Safepoint "Cleanup", Time since last: 2008344500 ns, Reaching safepoint: 70700 ns, At safepoint: 11000 ns, Total: 81700 ns
[2022-04-08T19:04:14.913+0000][9408][safepoint   ] Safepoint "Cleanup", Time since last: 1010022000 ns, Reaching safepoint: 67300 ns, At safepoint: 16200 ns, Total: 83500 ns
[2022-04-08T19:04:16.923+0000][9408][safepoint   ] Safepoint "Cleanup", Time since last: 2010327000 ns, Reaching safepoint: 54700 ns, At safepoint: 10200 ns, Total: 64900 ns
[2022-04-08T19:04:18.945+0000][9408][safepoint   ] Safepoint "Cleanup", Time since last: 2021629000 ns, Reaching safepoint: 88700 ns, At safepoint: 8100 ns, Total: 96800 ns
[2022-04-08T19:04:19.950+0000][9408][safepoint   ] Safepoint "Cleanup", Time since last: 1004750000 ns, Reaching safepoint: 54700 ns, At safepoint: 4400 ns, Total: 59100 ns
[2022-04-08T19:04:21.964+0000][9408][safepoint   ] Safepoint "Cleanup", Time since last: 2013788300 ns, Reaching safepoint: 45300 ns, At safepoint: 15200 ns, Total: 60500 ns
[2022-04-08T19:04:22.975+0000][9408][safepoint   ] Safepoint "Cleanup", Time since last: 1010847600 ns, Reaching safepoint: 48400 ns, At safepoint: 5400 ns, Total: 53800 ns
[2022-04-08T19:04:23.990+0000][9408][safepoint   ] Safepoint "Cleanup", Time since last: 1015604700 ns, Reaching safepoint: 58700 ns, At safepoint: 7200 ns, Total: 65900 ns
[2022-04-08T19:04:25.002+0000][9408][safepoint   ] Safepoint "Cleanup", Time since last: 1011326500 ns, Reaching safepoint: 45500 ns, At safepoint: 6900 ns, Total: 52400 ns
[2022-04-08T19:04:26.015+0000][9408][safepoint   ] Safepoint "Cleanup", Time since last: 1013457000 ns, Reaching safepoint: 69900 ns, At safepoint: 7400 ns, Total: 77300 ns
[2022-04-08T19:04:27.026+0000][9408][safepoint   ] Safepoint "Cleanup", Time since last: 1011152800 ns, Reaching safepoint: 37400 ns, At safepoint: 4800 ns, Total: 42200 ns
[2022-04-08T19:04:29.044+0000][9408][safepoint   ] Safepoint "Cleanup", Time since last: 2017780900 ns, Reaching safepoint: 49700 ns, At safepoint: 5000 ns, Total: 54700 ns
[2022-04-08T19:04:32.068+0000][9408][safepoint   ] Safepoint "Cleanup", Time since last: 3023384300 ns, Reaching safepoint: 62300 ns, At safepoint: 8300 ns, Total: 70600 ns
[2022-04-08T19:04:33.775+0000][9408][safepoint   ] Safepoint "Cleanup", Time since last: 1707046100 ns, Reaching safepoint: 34200 ns, At safepoint: 10200 ns, Total: 44400 ns
[2022-04-08T19:04:34.987+0000][9408][safepoint   ] Safepoint "Cleanup", Time since last: 1211874900 ns, Reaching safepoint: 115500 ns, At safepoint: 7900 ns, Total: 123400 ns
[2022-04-08T19:04:37.001+0000][9408][safepoint   ] Safepoint "Cleanup", Time since last: 2013900500 ns, Reaching safepoint: 48600 ns, At safepoint: 6400 ns, Total: 55000 ns
[2022-04-08T19:04:38.009+0000][9408][safepoint   ] Safepoint "Cleanup", Time since last: 1008181700 ns, Reaching safepoint: 51100 ns, At safepoint: 8200 ns, Total: 59300 ns
[2022-04-08T19:04:39.019+0000][9408][safepoint   ] Safepoint "Cleanup", Time since last: 1009420600 ns, Reaching safepoint: 102700 ns, At safepoint: 9100 ns, Total: 111800 ns
[2022-04-08T19:04:40.025+0000][9408][safepoint   ] Safepoint "Cleanup", Time since last: 1006754700 ns, Reaching safepoint: 47500 ns, At safepoint: 11700 ns, Total: 59200 ns
[2022-04-08T19:04:41.035+0000][9408][safepoint   ] Safepoint "Cleanup", Time since last: 1009168700 ns, Reaching safepoint: 54300 ns, At safepoint: 14300 ns, Total: 68600 ns
[2022-04-08T19:04:42.041+0000][9408][safepoint   ] Safepoint "Cleanup", Time since last: 1005945800 ns, Reaching safepoint: 49800 ns, At safepoint: 6100 ns, Total: 55900 ns
[2022-04-08T19:04:43.829+0000][9408][gc,start    ] GC(15) Pause Young (Normal) (G1 Evacuation Pause)
[2022-04-08T19:04:43.829+0000][9408][gc,task     ] GC(15) Using 4 workers of 4 for evacuation
[2022-04-08T19:04:43.829+0000][9408][gc,age      ] GC(15) Desired survivor size 83886080 bytes, new threshold 15 (max threshold 15)
[2022-04-08T19:04:43.863+0000][9408][gc,age      ] GC(15) Age table with threshold 15 (max threshold 15)
[2022-04-08T19:04:43.863+0000][9408][gc,age      ] GC(15) - age   1:     794832 bytes,     794832 total
[2022-04-08T19:04:43.863+0000][9408][gc,age      ] GC(15) - age   2:    4234776 bytes,    5029608 total
[2022-04-08T19:04:43.863+0000][9408][gc,age      ] GC(15) - age   3:   21896400 bytes,   26926008 total
[2022-04-08T19:04:43.863+0000][9408][gc,age      ] GC(15) - age   4:   18633008 bytes,   45559016 total
[2022-04-08T19:04:43.863+0000][9408][gc,phases   ] GC(15)   Pre Evacuate Collection Set: 0.1ms
[2022-04-08T19:04:43.863+0000][9408][gc,phases   ] GC(15)   Merge Heap Roots: 0.1ms
[2022-04-08T19:04:43.863+0000][9408][gc,phases   ] GC(15)   Evacuate Collection Set: 30.8ms
[2022-04-08T19:04:43.863+0000][9408][gc,phases   ] GC(15)   Post Evacuate Collection Set: 2.2ms
[2022-04-08T19:04:43.863+0000][9408][gc,phases   ] GC(15)   Other: 0.3ms
[2022-04-08T19:04:43.863+0000][9408][gc,heap     ] GC(15) Eden regions: 305->0(1208)
[2022-04-08T19:04:43.863+0000][9408][gc,heap     ] GC(15) Survivor regions: 13->12(40)
[2022-04-08T19:04:43.863+0000][9408][gc,heap     ] GC(15) Old regions: 12->12
[2022-04-08T19:04:43.863+0000][9408][gc,heap     ] GC(15) Archive regions: 0->0
[2022-04-08T19:04:43.863+0000][9408][gc,heap     ] GC(15) Humongous regions: 5->5
[2022-04-08T19:04:43.863+0000][9408][gc,metaspace] GC(15) Metaspace: 124963K(127104K)->124963K(127104K) NonClass: 108141K(109376K)->108141K(109376K) Class: 16821K(17728K)->16821K(17728K)
[2022-04-08T19:04:43.863+0000][9408][gc          ] GC(15) Pause Young (Normal) (G1 Evacuation Pause) 1336M->114M(8136M) 33.653ms
[2022-04-08T19:04:43.863+0000][9408][gc,cpu      ] GC(15) User=0.09s Sys=0.03s Real=0.03s
[2022-04-08T19:04:43.863+0000][9408][safepoint   ] Safepoint "G1CollectForAllocation", Time since last: 1788588400 ns, Reaching safepoint: 110300 ns, At safepoint: 33781000 ns, Total: 33891300 ns
[2022-04-08T19:04:44.872+0000][9408][safepoint   ] Safepoint "Cleanup", Time since last: 1008847700 ns, Reaching safepoint: 65400 ns, At safepoint: 19200 ns, Total: 84600 ns
[2022-04-08T19:04:46.884+0000][9408][safepoint   ] Safepoint "Cleanup", Time since last: 2011962600 ns, Reaching safepoint: 44400 ns, At safepoint: 12900 ns, Total: 57300 ns
[2022-04-08T19:04:49.912+0000][9408][safepoint   ] Safepoint "Cleanup", Time since last: 3028239500 ns, Reaching safepoint: 53600 ns, At safepoint: 7700 ns, Total: 61300 ns
[2022-04-08T19:04:50.926+0000][9408][safepoint   ] Safepoint "Cleanup", Time since last: 1013450800 ns, Reaching safepoint: 48400 ns, At safepoint: 6800 ns, Total: 55200 ns
[2022-04-08T19:04:51.934+0000][9408][safepoint   ] Safepoint "Cleanup", Time since last: 1007768700 ns, Reaching safepoint: 47800 ns, At safepoint: 8000 ns, Total: 55800 ns
[2022-04-08T19:04:52.943+0000][9408][safepoint   ] Safepoint "Cleanup", Time since last: 1009195200 ns, Reaching safepoint: 51500 ns, At safepoint: 11800 ns, Total: 63300 ns
[2022-04-08T19:04:54.960+0000][9408][safepoint   ] Safepoint "Cleanup", Time since last: 2017337400 ns, Reaching safepoint: 44000 ns, At safepoint: 13700 ns, Total: 57700 ns
[2022-04-08T19:04:55.966+0000][9408][safepoint   ] Safepoint "Cleanup", Time since last: 1005265700 ns, Reaching safepoint: 63300 ns, At safepoint: 12600 ns, Total: 75900 ns
[2022-04-08T19:04:56.975+0000][9408][safepoint   ] Safepoint "Cleanup", Time since last: 1009464200 ns, Reaching safepoint: 64700 ns, At safepoint: 8400 ns, Total: 73100 ns
[2022-04-08T19:04:58.996+0000][9408][safepoint   ] Safepoint "Cleanup", Time since last: 2021084900 ns, Reaching safepoint: 43000 ns, At safepoint: 12500 ns, Total: 55500 ns
[2022-04-08T19:05:00.006+0000][9408][safepoint   ] Safepoint "Cleanup", Time since last: 1009606400 ns, Reaching safepoint: 48400 ns, At safepoint: 17900 ns, Total: 66300 ns
[2022-04-08T19:05:01.019+0000][9408][safepoint   ] Safepoint "Cleanup", Time since last: 1012947700 ns, Reaching safepoint: 44300 ns, At safepoint: 6200 ns, Total: 50500 ns
[2022-04-08T19:05:02.029+0000][9408][safepoint   ] Safepoint "Cleanup", Time since last: 1009656200 ns, Reaching safepoint: 166700 ns, At safepoint: 54800 ns, Total: 221500 ns
[2022-04-08T19:05:03.038+0000][9408][safepoint   ] Safepoint "Cleanup", Time since last: 1009451900 ns, Reaching safepoint: 57300 ns, At safepoint: 14100 ns, Total: 71400 ns
[2022-04-08T19:05:04.045+0000][9408][safepoint   ] Safepoint "Cleanup", Time since last: 1006274300 ns, Reaching safepoint: 66500 ns, At safepoint: 6900 ns, Total: 73400 ns
[2022-04-08T19:05:05.055+0000][9408][safepoint   ] Safepoint "Cleanup", Time since last: 1010487700 ns, Reaching safepoint: 49500 ns, At safepoint: 9800 ns, Total: 59300 ns
[2022-04-08T19:05:07.079+0000][9408][safepoint   ] Safepoint "Cleanup", Time since last: 2023112900 ns, Reaching safepoint: 45200 ns, At safepoint: 18400 ns, Total: 63600 ns
[2022-04-08T19:05:08.093+0000][9408][safepoint   ] Safepoint "Cleanup", Time since last: 1014378700 ns, Reaching safepoint: 72300 ns, At safepoint: 18800 ns, Total: 91100 ns
[2022-04-08T19:05:09.099+0000][9408][safepoint   ] Safepoint "Cleanup", Time since last: 1006147000 ns, Reaching safepoint: 53800 ns, At safepoint: 50600 ns, Total: 104400 ns
[2022-04-08T19:05:11.113+0000][9408][safepoint   ] Safepoint "Cleanup", Time since last: 2013479600 ns, Reaching safepoint: 481100 ns, At safepoint: 17200 ns, Total: 498300 ns
[2022-04-08T19:05:12.118+0000][9408][safepoint   ] Safepoint "Cleanup", Time since last: 1004900200 ns, Reaching safepoint: 46700 ns, At safepoint: 7000 ns, Total: 53700 ns
[2022-04-08T19:05:14.134+0000][9408][safepoint   ] Safepoint "Cleanup", Time since last: 2015650500 ns, Reaching safepoint: 49100 ns, At safepoint: 14500 ns, Total: 63600 ns
[2022-04-08T19:05:15.144+0000][9408][safepoint   ] Safepoint "Cleanup", Time since last: 1009732800 ns, Reaching safepoint: 49600 ns, At safepoint: 15900 ns, Total: 65500 ns
[2022-04-08T19:05:17.164+0000][9408][safepoint   ] Safepoint "Cleanup", Time since last: 2020270700 ns, Reaching safepoint: 45600 ns, At safepoint: 7800 ns, Total: 53400 ns
[2022-04-08T19:05:19.166+0000][9408][safepoint   ] Safepoint "Cleanup", Time since last: 2002080700 ns, Reaching safepoint: 40400 ns, At safepoint: 5400 ns, Total: 45800 ns
[2022-04-08T19:05:20.176+0000][9408][safepoint   ] Safepoint "Cleanup", Time since last: 1009504600 ns, Reaching safepoint: 52800 ns, At safepoint: 24500 ns, Total: 77300 ns
[2022-04-08T19:05:21.180+0000][9408][safepoint   ] Safepoint "Cleanup", Time since last: 1004124000 ns, Reaching safepoint: 46700 ns, At safepoint: 16300 ns, Total: 63000 ns
[2022-04-08T19:05:22.193+0000][9408][safepoint   ] Safepoint "Cleanup", Time since last: 1012773800 ns, Reaching safepoint: 46800 ns, At safepoint: 10900 ns, Total: 57700 ns
[2022-04-08T19:05:23.207+0000][9408][safepoint   ] Safepoint "Cleanup", Time since last: 1014623400 ns, Reaching safepoint: 61000 ns, At safepoint: 18700 ns, Total: 79700 ns
[2022-04-08T19:05:24.209+0000][9408][safepoint   ] Safepoint "Cleanup", Time since last: 1001464100 ns, Reaching safepoint: 52100 ns, At safepoint: 52800 ns, Total: 104900 ns
[2022-04-08T19:05:25.218+0000][9408][safepoint   ] Safepoint "Cleanup", Time since last: 1008962800 ns, Reaching safepoint: 56200 ns, At safepoint: 5500 ns, Total: 61700 ns
[2022-04-08T19:05:26.225+0000][9408][safepoint   ] Safepoint "Cleanup", Time since last: 1006895300 ns, Reaching safepoint: 45900 ns, At safepoint: 8700 ns, Total: 54600 ns
[2022-04-08T19:05:27.236+0000][9408][safepoint   ] Safepoint "Cleanup", Time since last: 1010870700 ns, Reaching safepoint: 43200 ns, At safepoint: 12000 ns, Total: 55200 ns
[2022-04-08T19:05:29.249+0000][9408][safepoint   ] Safepoint "Cleanup", Time since last: 2013532600 ns, Reaching safepoint: 52200 ns, At safepoint: 8300 ns, Total: 60500 ns
[2022-04-08T19:05:32.283+0000][9408][safepoint   ] Safepoint "Cleanup", Time since last: 3032818100 ns, Reaching safepoint: 111100 ns, At safepoint: 62200 ns, Total: 173300 ns
[2022-04-08T19:05:33.295+0000][9408][safepoint   ] Safepoint "Cleanup", Time since last: 1012229300 ns, Reaching safepoint: 59300 ns, At safepoint: 53700 ns, Total: 113000 ns
[2022-04-08T19:05:34.304+0000][9408][safepoint   ] Safepoint "Cleanup", Time since last: 1008675800 ns, Reaching safepoint: 48500 ns, At safepoint: 6100 ns, Total: 54600 ns
[2022-04-08T19:05:35.307+0000][9408][safepoint   ] Safepoint "Cleanup", Time since last: 1003584100 ns, Reaching safepoint: 42800 ns, At safepoint: 16600 ns, Total: 59400 ns
[2022-04-08T19:05:37.323+0000][9408][safepoint   ] Safepoint "Cleanup", Time since last: 2015752800 ns, Reaching safepoint: 45000 ns, At safepoint: 13000 ns, Total: 58000 ns
[2022-04-08T19:05:38.329+0000][9408][safepoint   ] Safepoint "Cleanup", Time since last: 1006179900 ns, Reaching safepoint: 95800 ns, At safepoint: 57900 ns, Total: 153700 ns
[2022-04-08T19:05:39.339+0000][9408][safepoint   ] Safepoint "Cleanup", Time since last: 1009915900 ns, Reaching safepoint: 48100 ns, At safepoint: 6500 ns, Total: 54600 ns
[2022-04-08T19:05:41.367+0000][9408][safepoint   ] Safepoint "Cleanup", Time since last: 2027674000 ns, Reaching safepoint: 50800 ns, At safepoint: 13700 ns, Total: 64500 ns
[2022-04-08T19:05:42.377+0000][9408][safepoint   ] Safepoint "Cleanup", Time since last: 1009616100 ns, Reaching safepoint: 54300 ns, At safepoint: 19000 ns, Total: 73300 ns
[2022-04-08T19:05:44.395+0000][9408][safepoint   ] Safepoint "Cleanup", Time since last: 2018314900 ns, Reaching safepoint: 140300 ns, At safepoint: 51900 ns, Total: 192200 ns
[2022-04-08T19:05:47.415+0000][9408][safepoint   ] Safepoint "Cleanup", Time since last: 3019202500 ns, Reaching safepoint: 38000 ns, At safepoint: 10800 ns, Total: 48800 ns
[2022-04-08T19:05:49.438+0000][9408][safepoint   ] Safepoint "Cleanup", Time since last: 2023658800 ns, Reaching safepoint: 57700 ns, At safepoint: 56400 ns, Total: 114100 ns
[2022-04-08T19:05:50.444+0000][9408][safepoint   ] Safepoint "Cleanup", Time since last: 1005970900 ns, Reaching safepoint: 54000 ns, At safepoint: 17800 ns, Total: 71800 ns
[2022-04-08T19:05:52.462+0000][9408][safepoint   ] Safepoint "Cleanup", Time since last: 2017952000 ns, Reaching safepoint: 47700 ns, At safepoint: 13900 ns, Total: 61600 ns
[2022-04-08T19:05:53.470+0000][9408][safepoint   ] Safepoint "Cleanup", Time since last: 1007363100 ns, Reaching safepoint: 53200 ns, At safepoint: 54800 ns, Total: 108000 ns
[2022-04-08T19:05:54.476+0000][9408][safepoint   ] Safepoint "Cleanup", Time since last: 1006312900 ns, Reaching safepoint: 45000 ns, At safepoint: 17100 ns, Total: 62100 ns
[2022-04-08T19:05:55.483+0000][9408][safepoint   ] Safepoint "Cleanup", Time since last: 1007182700 ns, Reaching safepoint: 53000 ns, At safepoint: 16900 ns, Total: 69900 ns
[2022-04-08T19:05:56.490+0000][9408][safepoint   ] Safepoint "Cleanup", Time since last: 1006231900 ns, Reaching safepoint: 136300 ns, At safepoint: 48500 ns, Total: 184800 ns
[2022-04-08T19:05:57.505+0000][9408][safepoint   ] Safepoint "Cleanup", Time since last: 1014838600 ns, Reaching safepoint: 45000 ns, At safepoint: 15000 ns, Total: 60000 ns
[2022-04-08T19:05:59.530+0000][9408][safepoint   ] Safepoint "Cleanup", Time since last: 2025572100 ns, Reaching safepoint: 58500 ns, At safepoint: 8900 ns, Total: 67400 ns
[2022-04-08T19:06:02.558+0000][9408][safepoint   ] Safepoint "Cleanup", Time since last: 3027243900 ns, Reaching safepoint: 62200 ns, At safepoint: 24500 ns, Total: 86700 ns
[2022-04-08T19:06:04.584+0000][9408][safepoint   ] Safepoint "Cleanup", Time since last: 2026209700 ns, Reaching safepoint: 120900 ns, At safepoint: 51200 ns, Total: 172100 ns
[2022-04-08T19:06:05.596+0000][9408][safepoint   ] Safepoint "Cleanup", Time since last: 1011882900 ns, Reaching safepoint: 55300 ns, At safepoint: 14300 ns, Total: 69600 ns
[2022-04-08T19:06:07.618+0000][9408][safepoint   ] Safepoint "Cleanup", Time since last: 2021447900 ns, Reaching safepoint: 45800 ns, At safepoint: 7300 ns, Total: 53100 ns
[2022-04-08T19:06:08.623+0000][9408][safepoint   ] Safepoint "Cleanup", Time since last: 1005743800 ns, Reaching safepoint: 48400 ns, At safepoint: 57800 ns, Total: 106200 ns
[2022-04-08T19:06:09.634+0000][9408][safepoint   ] Safepoint "Cleanup", Time since last: 1010214000 ns, Reaching safepoint: 71700 ns, At safepoint: 11400 ns, Total: 83100 ns
[2022-04-08T19:06:11.650+0000][9408][safepoint   ] Safepoint "Cleanup", Time since last: 2016415400 ns, Reaching safepoint: 43800 ns, At safepoint: 12400 ns, Total: 56200 ns
[2022-04-08T19:06:12.659+0000][9408][safepoint   ] Safepoint "Cleanup", Time since last: 1008887200 ns, Reaching safepoint: 113200 ns, At safepoint: 48900 ns, Total: 162100 ns
[2022-04-08T19:06:14.684+0000][9408][safepoint   ] Safepoint "Cleanup", Time since last: 2024348600 ns, Reaching safepoint: 82200 ns, At safepoint: 25900 ns, Total: 108100 ns
[2022-04-08T19:06:17.714+0000][9408][safepoint   ] Safepoint "Cleanup", Time since last: 3029988800 ns, Reaching safepoint: 46200 ns, At safepoint: 6100 ns, Total: 52300 ns
[2022-04-08T19:06:19.728+0000][9408][safepoint   ] Safepoint "Cleanup", Time since last: 2013879400 ns, Reaching safepoint: 64100 ns, At safepoint: 8900 ns, Total: 73000 ns
[2022-04-08T19:06:20.737+0000][9408][safepoint   ] Safepoint "Cleanup", Time since last: 1009727600 ns, Reaching safepoint: 36100 ns, At safepoint: 11200 ns, Total: 47300 ns
[2022-04-08T19:06:21.745+0000][9408][safepoint   ] Safepoint "Cleanup", Time since last: 1007662200 ns, Reaching safepoint: 50000 ns, At safepoint: 14500 ns, Total: 64500 ns
[2022-04-08T19:06:23.773+0000][9408][safepoint   ] Safepoint "Cleanup", Time since last: 2027773000 ns, Reaching safepoint: 49900 ns, At safepoint: 7600 ns, Total: 57500 ns
[2022-04-08T19:06:24.784+0000][9408][safepoint   ] Safepoint "Cleanup", Time since last: 1010660700 ns, Reaching safepoint: 44600 ns, At safepoint: 16700 ns, Total: 61300 ns
[2022-04-08T19:06:26.798+0000][9408][safepoint   ] Safepoint "Cleanup", Time since last: 2014257700 ns, Reaching safepoint: 58100 ns, At safepoint: 12700 ns, Total: 70800 ns
[2022-04-08T19:06:29.816+0000][9408][safepoint   ] Safepoint "Cleanup", Time since last: 3017935600 ns, Reaching safepoint: 52000 ns, At safepoint: 23400 ns, Total: 75400 ns
[2022-04-08T19:06:32.836+0000][9408][safepoint   ] Safepoint "Cleanup", Time since last: 3019634100 ns, Reaching safepoint: 57400 ns, At safepoint: 8000 ns, Total: 65400 ns
[2022-04-08T19:06:33.843+0000][9408][safepoint   ] Safepoint "Cleanup", Time since last: 1006789700 ns, Reaching safepoint: 61900 ns, At safepoint: 18300 ns, Total: 80200 ns
[2022-04-08T19:06:34.847+0000][9408][safepoint   ] Safepoint "Cleanup", Time since last: 1004416600 ns, Reaching safepoint: 51400 ns, At safepoint: 7400 ns, Total: 58800 ns
[2022-04-08T19:06:35.854+0000][9408][safepoint   ] Safepoint "Cleanup", Time since last: 1006312700 ns, Reaching safepoint: 131800 ns, At safepoint: 4800 ns, Total: 136600 ns
[2022-04-08T19:06:36.859+0000][9408][safepoint   ] Safepoint "Cleanup", Time since last: 1005753300 ns, Reaching safepoint: 43700 ns, At safepoint: 17200 ns, Total: 60900 ns
[2022-04-08T19:06:38.877+0000][9408][safepoint   ] Safepoint "Cleanup", Time since last: 2017769200 ns, Reaching safepoint: 41100 ns, At safepoint: 6600 ns, Total: 47700 ns
[2022-04-08T19:06:39.889+0000][9408][safepoint   ] Safepoint "Cleanup", Time since last: 1011856800 ns, Reaching safepoint: 105100 ns, At safepoint: 4300 ns, Total: 109400 ns
[2022-04-08T19:06:41.912+0000][9408][safepoint   ] Safepoint "Cleanup", Time since last: 2022787800 ns, Reaching safepoint: 54000 ns, At safepoint: 5000 ns, Total: 59000 ns
[2022-04-08T19:06:44.938+0000][9408][safepoint   ] Safepoint "Cleanup", Time since last: 3025725400 ns, Reaching safepoint: 69300 ns, At safepoint: 6800 ns, Total: 76100 ns
[2022-04-08T19:06:46.956+0000][9408][safepoint   ] Safepoint "Cleanup", Time since last: 2018317000 ns, Reaching safepoint: 116500 ns, At safepoint: 5000 ns, Total: 121500 ns
[2022-04-08T19:06:47.972+0000][9408][safepoint   ] Safepoint "Cleanup", Time since last: 1016043300 ns, Reaching safepoint: 41800 ns, At safepoint: 20200 ns, Total: 62000 ns
[2022-04-08T19:06:49.991+0000][9408][safepoint   ] Safepoint "Cleanup", Time since last: 2018614600 ns, Reaching safepoint: 43600 ns, At safepoint: 19800 ns, Total: 63400 ns
[2022-04-08T19:06:51.000+0000][9408][safepoint   ] Safepoint "Cleanup", Time since last: 1009121300 ns, Reaching safepoint: 119000 ns, At safepoint: 49700 ns, Total: 168700 ns
[2022-04-08T19:06:52.009+0000][9408][safepoint   ] Safepoint "Cleanup", Time since last: 1008930700 ns, Reaching safepoint: 80400 ns, At safepoint: 52900 ns, Total: 133300 ns
[2022-04-08T19:06:54.021+0000][9408][safepoint   ] Safepoint "Cleanup", Time since last: 2011318600 ns, Reaching safepoint: 127100 ns, At safepoint: 57900 ns, Total: 185000 ns
[2022-04-08T19:06:55.033+0000][9408][safepoint   ] Safepoint "Cleanup", Time since last: 1011760300 ns, Reaching safepoint: 46200 ns, At safepoint: 7100 ns, Total: 53300 ns
[2022-04-08T19:06:57.062+0000][9408][safepoint   ] Safepoint "Cleanup", Time since last: 2028692000 ns, Reaching safepoint: 118000 ns, At safepoint: 57400 ns, Total: 175400 ns
[2022-04-08T19:06:58.073+0000][9408][safepoint   ] Safepoint "Cleanup", Time since last: 1011430700 ns, Reaching safepoint: 124100 ns, At safepoint: 54500 ns, Total: 178600 ns
[2022-04-08T19:07:00.088+0000][9408][safepoint   ] Safepoint "Cleanup", Time since last: 2014385900 ns, Reaching safepoint: 38500 ns, At safepoint: 16600 ns, Total: 55100 ns
[2022-04-08T19:07:03.113+0000][9408][safepoint   ] Safepoint "Cleanup", Time since last: 3025046300 ns, Reaching safepoint: 46800 ns, At safepoint: 7500 ns, Total: 54300 ns
[2022-04-08T19:07:04.123+0000][9408][safepoint   ] Safepoint "Cleanup", Time since last: 1010702600 ns, Reaching safepoint: 52600 ns, At safepoint: 56700 ns, Total: 109300 ns
[2022-04-08T19:07:05.139+0000][9408][safepoint   ] Safepoint "Cleanup", Time since last: 1015412900 ns, Reaching safepoint: 44600 ns, At safepoint: 17800 ns, Total: 62400 ns
[2022-04-08T19:07:06.153+0000][9408][safepoint   ] Safepoint "Cleanup", Time since last: 1014262200 ns, Reaching safepoint: 45500 ns, At safepoint: 23800 ns, Total: 69300 ns
[2022-04-08T19:07:07.159+0000][9408][safepoint   ] Safepoint "Cleanup", Time since last: 1005364500 ns, Reaching safepoint: 51100 ns, At safepoint: 16300 ns, Total: 67400 ns
[2022-04-08T19:07:08.167+0000][9408][safepoint   ] Safepoint "Cleanup", Time since last: 1008491000 ns, Reaching safepoint: 83500 ns, At safepoint: 5000 ns, Total: 88500 ns
[2022-04-08T19:07:10.184+0000][9408][safepoint   ] Safepoint "Cleanup", Time since last: 2016344600 ns, Reaching safepoint: 88600 ns, At safepoint: 8600 ns, Total: 97200 ns
[2022-04-08T19:07:11.188+0000][9408][safepoint   ] Safepoint "Cleanup", Time since last: 1004621500 ns, Reaching safepoint: 49100 ns, At safepoint: 42200 ns, Total: 91300 ns
[2022-04-08T19:07:12.195+0000][9408][safepoint   ] Safepoint "Cleanup", Time since last: 1006151400 ns, Reaching safepoint: 50900 ns, At safepoint: 8900 ns, Total: 59800 ns
[2022-04-08T19:07:14.222+0000][9408][safepoint   ] Safepoint "Cleanup", Time since last: 2026678900 ns, Reaching safepoint: 206300 ns, At safepoint: 56500 ns, Total: 262800 ns
[2022-04-08T19:07:15.227+0000][9408][safepoint   ] Safepoint "Cleanup", Time since last: 1005329600 ns, Reaching safepoint: 48000 ns, At safepoint: 6900 ns, Total: 54900 ns
[2022-04-08T19:07:17.240+0000][9408][safepoint   ] Safepoint "Cleanup", Time since last: 2013112200 ns, Reaching safepoint: 78300 ns, At safepoint: 15000 ns, Total: 93300 ns
[2022-04-08T19:07:20.265+0000][9408][safepoint   ] Safepoint "Cleanup", Time since last: 3024614500 ns, Reaching safepoint: 58400 ns, At safepoint: 7400 ns, Total: 65800 ns
[2022-04-08T19:07:21.274+0000][9408][safepoint   ] Safepoint "Cleanup", Time since last: 1009271100 ns, Reaching safepoint: 52300 ns, At safepoint: 15500 ns, Total: 67800 ns
[2022-04-08T19:07:22.288+0000][9408][safepoint   ] Safepoint "Cleanup", Time since last: 1013497900 ns, Reaching safepoint: 53800 ns, At safepoint: 23800 ns, Total: 77600 ns
[2022-04-08T19:07:23.299+0000][9408][safepoint   ] Safepoint "Cleanup", Time since last: 1011350000 ns, Reaching safepoint: 48400 ns, At safepoint: 18800 ns, Total: 67200 ns
[2022-04-08T19:07:25.315+0000][9408][safepoint   ] Safepoint "Cleanup", Time since last: 2015335900 ns, Reaching safepoint: 52800 ns, At safepoint: 22200 ns, Total: 75000 ns
[2022-04-08T19:07:26.323+0000][9408][safepoint   ] Safepoint "Cleanup", Time since last: 1008382100 ns, Reaching safepoint: 50300 ns, At safepoint: 13600 ns, Total: 63900 ns
[2022-04-08T19:07:27.328+0000][9408][safepoint   ] Safepoint "Cleanup", Time since last: 1005309500 ns, Reaching safepoint: 62300 ns, At safepoint: 14000 ns, Total: 76300 ns
[2022-04-08T19:07:29.347+0000][9408][safepoint   ] Safepoint "Cleanup", Time since last: 2018837200 ns, Reaching safepoint: 52600 ns, At safepoint: 7400 ns, Total: 60000 ns
[2022-04-08T19:07:30.349+0000][9408][safepoint   ] Safepoint "Cleanup", Time since last: 1001790000 ns, Reaching safepoint: 44800 ns, At safepoint: 14000 ns, Total: 58800 ns
[2022-04-08T19:07:32.373+0000][9408][safepoint   ] Safepoint "Cleanup", Time since last: 2023358800 ns, Reaching safepoint: 45600 ns, At safepoint: 6900 ns, Total: 52500 ns
[2022-04-08T19:07:34.389+0000][9408][safepoint   ] Safepoint "Cleanup", Time since last: 2016272100 ns, Reaching safepoint: 45100 ns, At safepoint: 7300 ns, Total: 52400 ns
[2022-04-08T19:07:35.394+0000][9408][safepoint   ] Safepoint "Cleanup", Time since last: 1004862500 ns, Reaching safepoint: 77800 ns, At safepoint: 19000 ns, Total: 96800 ns
[2022-04-08T19:07:37.417+0000][9408][safepoint   ] Safepoint "Cleanup", Time since last: 2023247000 ns, Reaching safepoint: 47500 ns, At safepoint: 7400 ns, Total: 54900 ns
[2022-04-08T19:07:38.431+0000][9408][safepoint   ] Safepoint "Cleanup", Time since last: 1013388200 ns, Reaching safepoint: 48300 ns, At safepoint: 5600 ns, Total: 53900 ns
[2022-04-08T19:07:39.440+0000][9408][safepoint   ] Safepoint "Cleanup", Time since last: 1009599000 ns, Reaching safepoint: 56400 ns, At safepoint: 10600 ns, Total: 67000 ns
[2022-04-08T19:07:40.448+0000][9408][safepoint   ] Safepoint "Cleanup", Time since last: 1007629400 ns, Reaching safepoint: 53300 ns, At safepoint: 14400 ns, Total: 67700 ns
[2022-04-08T19:07:41.457+0000][9408][safepoint   ] Safepoint "Cleanup", Time since last: 1008941200 ns, Reaching safepoint: 57900 ns, At safepoint: 7400 ns, Total: 65300 ns
[2022-04-08T19:07:42.464+0000][9408][safepoint   ] Safepoint "Cleanup", Time since last: 1006423900 ns, Reaching safepoint: 48100 ns, At safepoint: 7300 ns, Total: 55400 ns
[2022-04-08T19:07:44.479+0000][9408][safepoint   ] Safepoint "Cleanup", Time since last: 2015527300 ns, Reaching safepoint: 57600 ns, At safepoint: 5900 ns, Total: 63500 ns
[2022-04-08T19:07:47.516+0000][9408][safepoint   ] Safepoint "Cleanup", Time since last: 3036455300 ns, Reaching safepoint: 53900 ns, At safepoint: 5800 ns, Total: 59700 ns
[2022-04-08T19:07:49.531+0000][9408][safepoint   ] Safepoint "Cleanup", Time since last: 2015749800 ns, Reaching safepoint: 50900 ns, At safepoint: 5100 ns, Total: 56000 ns
[2022-04-08T19:07:50.539+0000][9408][safepoint   ] Safepoint "Cleanup", Time since last: 1007173100 ns, Reaching safepoint: 60700 ns, At safepoint: 8200 ns, Total: 68900 ns
[2022-04-08T19:07:52.553+0000][9408][safepoint   ] Safepoint "Cleanup", Time since last: 2013757000 ns, Reaching safepoint: 59000 ns, At safepoint: 6000 ns, Total: 65000 ns
[2022-04-08T19:07:53.560+0000][9408][safepoint   ] Safepoint "Cleanup", Time since last: 1006932500 ns, Reaching safepoint: 46500 ns, At safepoint: 6800 ns, Total: 53300 ns
[2022-04-08T19:07:54.573+0000][9408][safepoint   ] Safepoint "Cleanup", Time since last: 1013791700 ns, Reaching safepoint: 50100 ns, At safepoint: 7800 ns, Total: 57900 ns
[2022-04-08T19:07:56.597+0000][9408][safepoint   ] Safepoint "Cleanup", Time since last: 2023916800 ns, Reaching safepoint: 75100 ns, At safepoint: 9300 ns, Total: 84400 ns
[2022-04-08T19:07:57.605+0000][9408][safepoint   ] Safepoint "Cleanup", Time since last: 1007545700 ns, Reaching safepoint: 41700 ns, At safepoint: 7400 ns, Total: 49100 ns
[2022-04-08T19:07:59.620+0000][9408][safepoint   ] Safepoint "Cleanup", Time since last: 2015111300 ns, Reaching safepoint: 52900 ns, At safepoint: 6200 ns, Total: 59100 ns
[2022-04-08T19:08:02.636+0000][9408][safepoint   ] Safepoint "Cleanup", Time since last: 3015911400 ns, Reaching safepoint: 89100 ns, At safepoint: 7600 ns, Total: 96700 ns
[2022-04-08T19:08:04.657+0000][9408][safepoint   ] Safepoint "Cleanup", Time since last: 2020789000 ns, Reaching safepoint: 51500 ns, At safepoint: 10600 ns, Total: 62100 ns
[2022-04-08T19:08:05.670+0000][9408][safepoint   ] Safepoint "Cleanup", Time since last: 1012788100 ns, Reaching safepoint: 42800 ns, At safepoint: 9200 ns, Total: 52000 ns
[2022-04-08T19:08:07.689+0000][9408][safepoint   ] Safepoint "Cleanup", Time since last: 2019536400 ns, Reaching safepoint: 43200 ns, At safepoint: 5400 ns, Total: 48600 ns
[2022-04-08T19:08:08.695+0000][9408][safepoint   ] Safepoint "Cleanup", Time since last: 1006042200 ns, Reaching safepoint: 63400 ns, At safepoint: 9800 ns, Total: 73200 ns
[2022-04-08T19:08:09.704+0000][9408][safepoint   ] Safepoint "Cleanup", Time since last: 1008122500 ns, Reaching safepoint: 45500 ns, At safepoint: 10400 ns, Total: 55900 ns
[2022-04-08T19:08:11.727+0000][9408][safepoint   ] Safepoint "Cleanup", Time since last: 2022928800 ns, Reaching safepoint: 52000 ns, At safepoint: 7100 ns, Total: 59100 ns
[2022-04-08T19:08:12.729+0000][9408][safepoint   ] Safepoint "Cleanup", Time since last: 1001918400 ns, Reaching safepoint: 39000 ns, At safepoint: 5200 ns, Total: 44200 ns
[2022-04-08T19:08:14.747+0000][9408][safepoint   ] Safepoint "Cleanup", Time since last: 2018254800 ns, Reaching safepoint: 125400 ns, At safepoint: 4900 ns, Total: 130300 ns
[2022-04-08T19:08:17.074+0000][9408][safepoint   ] Safepoint "Cleanup", Time since last: 2326759600 ns, Reaching safepoint: 26400 ns, At safepoint: 12000 ns, Total: 38400 ns
[2022-04-08T19:08:18.081+0000][9408][safepoint   ] Safepoint "Cleanup", Time since last: 1007149400 ns, Reaching safepoint: 94900 ns, At safepoint: 8700 ns, Total: 103600 ns
[2022-04-08T19:08:20.090+0000][9408][safepoint   ] Safepoint "Cleanup", Time since last: 2009064700 ns, Reaching safepoint: 42300 ns, At safepoint: 6800 ns, Total: 49100 ns
[2022-04-08T19:08:21.101+0000][9408][safepoint   ] Safepoint "Cleanup", Time since last: 1011178900 ns, Reaching safepoint: 77400 ns, At safepoint: 6700 ns, Total: 84100 ns
[2022-04-08T19:08:22.115+0000][9408][safepoint   ] Safepoint "Cleanup", Time since last: 1013595900 ns, Reaching safepoint: 52500 ns, At safepoint: 4900 ns, Total: 57400 ns
[2022-04-08T19:08:24.132+0000][9408][safepoint   ] Safepoint "Cleanup", Time since last: 2016643900 ns, Reaching safepoint: 47600 ns, At safepoint: 9000 ns, Total: 56600 ns
[2022-04-08T19:08:25.142+0000][9408][safepoint   ] Safepoint "Cleanup", Time since last: 1009882400 ns, Reaching safepoint: 93300 ns, At safepoint: 9800 ns, Total: 103100 ns
[2022-04-08T19:08:27.161+0000][9408][safepoint   ] Safepoint "Cleanup", Time since last: 2018754800 ns, Reaching safepoint: 56200 ns, At safepoint: 10700 ns, Total: 66900 ns
[2022-04-08T19:08:28.169+0000][9408][safepoint   ] Safepoint "Cleanup", Time since last: 1007878400 ns, Reaching safepoint: 45100 ns, At safepoint: 7500 ns, Total: 52600 ns
[2022-04-08T19:08:30.181+0000][9408][safepoint   ] Safepoint "Cleanup", Time since last: 2012144500 ns, Reaching safepoint: 45300 ns, At safepoint: 7400 ns, Total: 52700 ns
[2022-04-08T19:08:33.207+0000][9408][safepoint   ] Safepoint "Cleanup", Time since last: 3026484500 ns, Reaching safepoint: 37700 ns, At safepoint: 7300 ns, Total: 45000 ns
[2022-04-08T19:08:34.219+0000][9408][safepoint   ] Safepoint "Cleanup", Time since last: 1011202800 ns, Reaching safepoint: 42300 ns, At safepoint: 4000 ns, Total: 46300 ns
[2022-04-08T19:08:35.224+0000][9408][safepoint   ] Safepoint "Cleanup", Time since last: 1005775000 ns, Reaching safepoint: 44500 ns, At safepoint: 8100 ns, Total: 52600 ns
[2022-04-08T19:08:36.232+0000][9408][safepoint   ] Safepoint "Cleanup", Time since last: 1007525100 ns, Reaching safepoint: 110100 ns, At safepoint: 4500 ns, Total: 114600 ns
[2022-04-08T19:08:37.245+0000][9408][safepoint   ] Safepoint "Cleanup", Time since last: 1013263600 ns, Reaching safepoint: 48500 ns, At safepoint: 6600 ns, Total: 55100 ns
[2022-04-08T19:08:39.256+0000][9408][safepoint   ] Safepoint "Cleanup", Time since last: 2010892700 ns, Reaching safepoint: 56200 ns, At safepoint: 8200 ns, Total: 64400 ns
[2022-04-08T19:08:40.265+0000][9408][safepoint   ] Safepoint "Cleanup", Time since last: 1008615100 ns, Reaching safepoint: 78900 ns, At safepoint: 7300 ns, Total: 86200 ns
[2022-04-08T19:08:42.278+0000][9408][safepoint   ] Safepoint "Cleanup", Time since last: 2013097500 ns, Reaching safepoint: 54200 ns, At safepoint: 8300 ns, Total: 62500 ns
[2022-04-08T19:08:44.293+0000][9408][safepoint   ] Safepoint "Cleanup", Time since last: 2014782900 ns, Reaching safepoint: 119600 ns, At safepoint: 5200 ns, Total: 124800 ns
[2022-04-08T19:08:45.305+0000][9408][safepoint   ] Safepoint "Cleanup", Time since last: 1012100800 ns, Reaching safepoint: 66600 ns, At safepoint: 8900 ns, Total: 75500 ns
[2022-04-08T19:08:47.331+0000][9408][safepoint   ] Safepoint "Cleanup", Time since last: 2026126200 ns, Reaching safepoint: 51900 ns, At safepoint: 5900 ns, Total: 57800 ns
[2022-04-08T19:08:48.340+0000][9408][safepoint   ] Safepoint "Cleanup", Time since last: 1008601400 ns, Reaching safepoint: 44200 ns, At safepoint: 6300 ns, Total: 50500 ns
[2022-04-08T19:08:50.356+0000][9408][safepoint   ] Safepoint "Cleanup", Time since last: 2015964700 ns, Reaching safepoint: 46900 ns, At safepoint: 13100 ns, Total: 60000 ns
[2022-04-08T19:08:51.362+0000][9408][safepoint   ] Safepoint "Cleanup", Time since last: 1005702500 ns, Reaching safepoint: 72700 ns, At safepoint: 9200 ns, Total: 81900 ns
[2022-04-08T19:08:52.372+0000][9408][safepoint   ] Safepoint "Cleanup", Time since last: 1010049200 ns, Reaching safepoint: 54200 ns, At safepoint: 7700 ns, Total: 61900 ns
[2022-04-08T19:08:54.393+0000][9408][safepoint   ] Safepoint "Cleanup", Time since last: 2020804500 ns, Reaching safepoint: 57600 ns, At safepoint: 7100 ns, Total: 64700 ns
[2022-04-08T19:08:55.407+0000][9408][safepoint   ] Safepoint "Cleanup", Time since last: 1014306100 ns, Reaching safepoint: 44500 ns, At safepoint: 5300 ns, Total: 49800 ns
[2022-04-08T19:08:56.417+0000][9408][safepoint   ] Safepoint "Cleanup", Time since last: 1009371900 ns, Reaching safepoint: 76100 ns, At safepoint: 6700 ns, Total: 82800 ns
[2022-04-08T19:08:57.426+0000][9408][safepoint   ] Safepoint "Cleanup", Time since last: 1009812500 ns, Reaching safepoint: 65800 ns, At safepoint: 6900 ns, Total: 72700 ns
[2022-04-08T19:08:59.445+0000][9408][safepoint   ] Safepoint "Cleanup", Time since last: 2018590500 ns, Reaching safepoint: 62700 ns, At safepoint: 6800 ns, Total: 69500 ns
[2022-04-08T19:09:00.452+0000][9408][safepoint   ] Safepoint "Cleanup", Time since last: 1006819300 ns, Reaching safepoint: 65900 ns, At safepoint: 9700 ns, Total: 75600 ns
[2022-04-08T19:09:02.469+0000][9408][safepoint   ] Safepoint "Cleanup", Time since last: 2017272100 ns, Reaching safepoint: 40000 ns, At safepoint: 2800 ns, Total: 42800 ns
[2022-04-08T19:09:03.483+0000][9408][safepoint   ] Safepoint "Cleanup", Time since last: 1013563900 ns, Reaching safepoint: 45300 ns, At safepoint: 8700 ns, Total: 54000 ns
[2022-04-08T19:09:04.497+0000][9408][safepoint   ] Safepoint "Cleanup", Time since last: 1013323200 ns, Reaching safepoint: 116600 ns, At safepoint: 4700 ns, Total: 121300 ns
[2022-04-08T19:09:05.501+0000][9408][safepoint   ] Safepoint "Cleanup", Time since last: 1004929800 ns, Reaching safepoint: 53400 ns, At safepoint: 8400 ns, Total: 61800 ns
[2022-04-08T19:09:07.520+0000][9408][safepoint   ] Safepoint "Cleanup", Time since last: 2018896600 ns, Reaching safepoint: 51200 ns, At safepoint: 7000 ns, Total: 58200 ns
[2022-04-08T19:09:08.529+0000][9408][safepoint   ] Safepoint "Cleanup", Time since last: 1009003700 ns, Reaching safepoint: 55500 ns, At safepoint: 14800 ns, Total: 70300 ns
[2022-04-08T19:09:09.540+0000][9408][safepoint   ] Safepoint "Cleanup", Time since last: 1010029500 ns, Reaching safepoint: 49000 ns, At safepoint: 4700 ns, Total: 53700 ns
[2022-04-08T19:09:10.549+0000][9408][safepoint   ] Safepoint "Cleanup", Time since last: 1009174400 ns, Reaching safepoint: 114700 ns, At safepoint: 4500 ns, Total: 119200 ns
[2022-04-08T19:09:11.563+0000][9408][safepoint   ] Safepoint "Cleanup", Time since last: 1014399300 ns, Reaching safepoint: 47000 ns, At safepoint: 7100 ns, Total: 54100 ns
[2022-04-08T19:09:12.573+0000][9408][safepoint   ] Safepoint "Cleanup", Time since last: 1010136200 ns, Reaching safepoint: 47500 ns, At safepoint: 6700 ns, Total: 54200 ns
[2022-04-08T19:09:14.597+0000][9408][safepoint   ] Safepoint "Cleanup", Time since last: 2023164300 ns, Reaching safepoint: 65200 ns, At safepoint: 8000 ns, Total: 73200 ns
[2022-04-08T19:09:15.606+0000][9408][safepoint   ] Safepoint "Cleanup", Time since last: 1009645500 ns, Reaching safepoint: 52700 ns, At safepoint: 7600 ns, Total: 60300 ns
[2022-04-08T19:09:17.624+0000][9408][safepoint   ] Safepoint "Cleanup", Time since last: 2017041500 ns, Reaching safepoint: 69800 ns, At safepoint: 9200 ns, Total: 79000 ns
[2022-04-08T19:09:20.660+0000][9408][safepoint   ] Safepoint "Cleanup", Time since last: 3036593700 ns, Reaching safepoint: 77300 ns, At safepoint: 3400 ns, Total: 80700 ns
[2022-04-08T19:09:22.677+0000][9408][safepoint   ] Safepoint "Cleanup", Time since last: 2016511600 ns, Reaching safepoint: 52900 ns, At safepoint: 8700 ns, Total: 61600 ns
[2022-04-08T19:09:23.687+0000][9408][safepoint   ] Safepoint "Cleanup", Time since last: 1009760700 ns, Reaching safepoint: 59500 ns, At safepoint: 38400 ns, Total: 97900 ns
[2022-04-08T19:09:25.703+0000][9408][safepoint   ] Safepoint "Cleanup", Time since last: 2016207200 ns, Reaching safepoint: 45800 ns, At safepoint: 9400 ns, Total: 55200 ns
[2022-04-08T19:09:26.712+0000][9408][safepoint   ] Safepoint "Cleanup", Time since last: 1008526200 ns, Reaching safepoint: 51300 ns, At safepoint: 11500 ns, Total: 62800 ns
[2022-04-08T19:09:27.721+0000][9408][safepoint   ] Safepoint "Cleanup", Time since last: 1009350700 ns, Reaching safepoint: 88800 ns, At safepoint: 8400 ns, Total: 97200 ns
[2022-04-08T19:09:28.724+0000][9408][safepoint   ] Safepoint "Cleanup", Time since last: 1003434900 ns, Reaching safepoint: 46700 ns, At safepoint: 8900 ns, Total: 55600 ns
[2022-04-08T19:09:29.739+0000][9408][safepoint   ] Safepoint "Cleanup", Time since last: 1013880700 ns, Reaching safepoint: 133400 ns, At safepoint: 8600 ns, Total: 142000 ns
[2022-04-08T19:09:30.748+0000][9408][safepoint   ] Safepoint "Cleanup", Time since last: 1009425000 ns, Reaching safepoint: 47200 ns, At safepoint: 7200 ns, Total: 54400 ns
[2022-04-08T19:09:32.763+0000][9408][safepoint   ] Safepoint "Cleanup", Time since last: 2015261300 ns, Reaching safepoint: 63700 ns, At safepoint: 6300 ns, Total: 70000 ns
[2022-04-08T19:09:33.769+0000][9408][safepoint   ] Safepoint "Cleanup", Time since last: 1005646200 ns, Reaching safepoint: 47100 ns, At safepoint: 6000 ns, Total: 53100 ns
[2022-04-08T19:09:34.779+0000][9408][safepoint   ] Safepoint "Cleanup", Time since last: 1010090800 ns, Reaching safepoint: 57100 ns, At safepoint: 9900 ns, Total: 67000 ns
[2022-04-08T19:09:35.789+0000][9408][safepoint   ] Safepoint "Cleanup", Time since last: 1009908500 ns, Reaching safepoint: 55600 ns, At safepoint: 7200 ns, Total: 62800 ns
[2022-04-08T19:09:37.816+0000][9408][safepoint   ] Safepoint "Cleanup", Time since last: 2027061100 ns, Reaching safepoint: 44300 ns, At safepoint: 9000 ns, Total: 53300 ns
[2022-04-08T19:09:38.827+0000][9408][safepoint   ] Safepoint "Cleanup", Time since last: 1010532800 ns, Reaching safepoint: 60200 ns, At safepoint: 9300 ns, Total: 69500 ns
[2022-04-08T19:09:39.835+0000][9408][safepoint   ] Safepoint "Cleanup", Time since last: 1008320800 ns, Reaching safepoint: 49300 ns, At safepoint: 6100 ns, Total: 55400 ns
[2022-04-08T19:09:41.849+0000][9408][safepoint   ] Safepoint "Cleanup", Time since last: 2013304600 ns, Reaching safepoint: 49900 ns, At safepoint: 16100 ns, Total: 66000 ns
[2022-04-08T19:09:42.856+0000][9408][safepoint   ] Safepoint "Cleanup", Time since last: 1007034500 ns, Reaching safepoint: 47300 ns, At safepoint: 7400 ns, Total: 54700 ns
[2022-04-08T19:09:44.872+0000][9408][safepoint   ] Safepoint "Cleanup", Time since last: 2016229800 ns, Reaching safepoint: 103300 ns, At safepoint: 4900 ns, Total: 108200 ns
[2022-04-08T19:09:46.890+0000][9408][safepoint   ] Safepoint "Cleanup", Time since last: 2017416600 ns, Reaching safepoint: 67800 ns, At safepoint: 27200 ns, Total: 95000 ns
[2022-04-08T19:09:47.899+0000][9408][safepoint   ] Safepoint "Cleanup", Time since last: 1008928700 ns, Reaching safepoint: 53300 ns, At safepoint: 9500 ns, Total: 62800 ns
[2022-04-08T19:09:49.915+0000][9408][safepoint   ] Safepoint "Cleanup", Time since last: 2016827100 ns, Reaching safepoint: 48300 ns, At safepoint: 14300 ns, Total: 62600 ns
[2022-04-08T19:09:50.922+0000][9408][safepoint   ] Safepoint "Cleanup", Time since last: 1006924400 ns, Reaching safepoint: 47700 ns, At safepoint: 5500 ns, Total: 53200 ns
[2022-04-08T19:09:52.940+0000][9408][safepoint   ] Safepoint "Cleanup", Time since last: 2017414000 ns, Reaching safepoint: 48600 ns, At safepoint: 6600 ns, Total: 55200 ns
[2022-04-08T19:09:53.942+0000][9408][safepoint   ] Safepoint "Cleanup", Time since last: 1001767800 ns, Reaching safepoint: 115900 ns, At safepoint: 8100 ns, Total: 124000 ns
[2022-04-08T19:09:54.956+0000][9408][safepoint   ] Safepoint "Cleanup", Time since last: 1013712700 ns, Reaching safepoint: 51300 ns, At safepoint: 7500 ns, Total: 58800 ns
[2022-04-08T19:09:56.972+0000][9408][safepoint   ] Safepoint "Cleanup", Time since last: 2016678300 ns, Reaching safepoint: 65700 ns, At safepoint: 9600 ns, Total: 75300 ns
[2022-04-08T19:09:57.980+0000][9408][safepoint   ] Safepoint "Cleanup", Time since last: 1007254200 ns, Reaching safepoint: 41500 ns, At safepoint: 6600 ns, Total: 48100 ns
[2022-04-08T19:09:59.995+0000][9408][safepoint   ] Safepoint "Cleanup", Time since last: 2015648900 ns, Reaching safepoint: 125500 ns, At safepoint: 7000 ns, Total: 132500 ns
[2022-04-08T19:10:03.028+0000][9408][safepoint   ] Safepoint "Cleanup", Time since last: 3032987100 ns, Reaching safepoint: 51100 ns, At safepoint: 6200 ns, Total: 57300 ns
[2022-04-08T19:10:04.038+0000][9408][safepoint   ] Safepoint "Cleanup", Time since last: 1009170400 ns, Reaching safepoint: 51000 ns, At safepoint: 8300 ns, Total: 59300 ns
[2022-04-08T19:10:05.046+0000][9408][safepoint   ] Safepoint "Cleanup", Time since last: 1008023100 ns, Reaching safepoint: 48900 ns, At safepoint: 6900 ns, Total: 55800 ns
[2022-04-08T19:10:06.053+0000][9408][safepoint   ] Safepoint "Cleanup", Time since last: 1007013700 ns, Reaching safepoint: 44000 ns, At safepoint: 16400 ns, Total: 60400 ns
[2022-04-08T19:10:08.072+0000][9408][safepoint   ] Safepoint "Cleanup", Time since last: 2018718200 ns, Reaching safepoint: 46100 ns, At safepoint: 5500 ns, Total: 51600 ns
[2022-04-08T19:10:09.079+0000][9408][safepoint   ] Safepoint "Cleanup", Time since last: 1007036600 ns, Reaching safepoint: 114300 ns, At safepoint: 4400 ns, Total: 118700 ns
[2022-04-08T19:10:10.088+0000][9408][safepoint   ] Safepoint "Cleanup", Time since last: 1009644300 ns, Reaching safepoint: 52000 ns, At safepoint: 7700 ns, Total: 59700 ns
[2022-04-08T19:10:12.113+0000][9408][safepoint   ] Safepoint "Cleanup", Time since last: 2024684300 ns, Reaching safepoint: 115900 ns, At safepoint: 5000 ns, Total: 120900 ns
[2022-04-08T19:10:13.125+0000][9408][safepoint   ] Safepoint "Cleanup", Time since last: 1011582900 ns, Reaching safepoint: 48400 ns, At safepoint: 8200 ns, Total: 56600 ns
[2022-04-08T19:10:15.134+0000][9408][safepoint   ] Safepoint "Cleanup", Time since last: 2009240300 ns, Reaching safepoint: 55000 ns, At safepoint: 7300 ns, Total: 62300 ns
[2022-04-08T19:10:17.152+0000][9408][safepoint   ] Safepoint "Cleanup", Time since last: 2017884300 ns, Reaching safepoint: 44300 ns, At safepoint: 5500 ns, Total: 49800 ns
[2022-04-08T19:10:18.160+0000][9408][safepoint   ] Safepoint "Cleanup", Time since last: 1007591300 ns, Reaching safepoint: 50300 ns, At safepoint: 6500 ns, Total: 56800 ns
[2022-04-08T19:10:20.188+0000][9408][safepoint   ] Safepoint "Cleanup", Time since last: 2028443100 ns, Reaching safepoint: 47000 ns, At safepoint: 6800 ns, Total: 53800 ns
[2022-04-08T19:10:21.198+0000][9408][safepoint   ] Safepoint "Cleanup", Time since last: 1010163800 ns, Reaching safepoint: 70100 ns, At safepoint: 16100 ns, Total: 86200 ns
[2022-04-08T19:10:23.217+0000][9408][safepoint   ] Safepoint "Cleanup", Time since last: 2018335700 ns, Reaching safepoint: 50900 ns, At safepoint: 5600 ns, Total: 56500 ns
[2022-04-08T19:10:24.224+0000][9408][safepoint   ] Safepoint "Cleanup", Time since last: 1007206200 ns, Reaching safepoint: 49600 ns, At safepoint: 7400 ns, Total: 57000 ns
[2022-04-08T19:10:25.229+0000][9408][safepoint   ] Safepoint "Cleanup", Time since last: 1004710700 ns, Reaching safepoint: 47700 ns, At safepoint: 7700 ns, Total: 55400 ns
[2022-04-08T19:10:27.249+0000][9408][safepoint   ] Safepoint "Cleanup", Time since last: 2020041800 ns, Reaching safepoint: 54800 ns, At safepoint: 8800 ns, Total: 63600 ns
[2022-04-08T19:10:28.263+0000][9408][safepoint   ] Safepoint "Cleanup", Time since last: 1014006700 ns, Reaching safepoint: 43600 ns, At safepoint: 6500 ns, Total: 50100 ns
[2022-04-08T19:10:30.282+0000][9408][safepoint   ] Safepoint "Cleanup", Time since last: 2018524700 ns, Reaching safepoint: 47900 ns, At safepoint: 9000 ns, Total: 56900 ns
[2022-04-08T19:10:33.308+0000][9408][safepoint   ] Safepoint "Cleanup", Time since last: 3026631500 ns, Reaching safepoint: 53300 ns, At safepoint: 4400 ns, Total: 57700 ns
[2022-04-08T19:10:34.318+0000][9408][safepoint   ] Safepoint "Cleanup", Time since last: 1009632500 ns, Reaching safepoint: 50200 ns, At safepoint: 6900 ns, Total: 57100 ns
[2022-04-08T19:10:35.330+0000][9408][safepoint   ] Safepoint "Cleanup", Time since last: 1011565100 ns, Reaching safepoint: 49700 ns, At safepoint: 5300 ns, Total: 55000 ns
[2022-04-08T19:10:36.344+0000][9408][safepoint   ] Safepoint "Cleanup", Time since last: 1014353000 ns, Reaching safepoint: 50500 ns, At safepoint: 9600 ns, Total: 60100 ns
[2022-04-08T19:10:38.366+0000][9408][safepoint   ] Safepoint "Cleanup", Time since last: 2022220800 ns, Reaching safepoint: 42000 ns, At safepoint: 4500 ns, Total: 46500 ns
[2022-04-08T19:10:39.373+0000][9408][safepoint   ] Safepoint "Cleanup", Time since last: 1006600100 ns, Reaching safepoint: 73300 ns, At safepoint: 5500 ns, Total: 78800 ns
[2022-04-08T19:10:40.379+0000][9408][safepoint   ] Safepoint "Cleanup", Time since last: 1005733600 ns, Reaching safepoint: 124400 ns, At safepoint: 4600 ns, Total: 129000 ns
[2022-04-08T19:10:42.396+0000][9408][safepoint   ] Safepoint "Cleanup", Time since last: 2016765100 ns, Reaching safepoint: 55900 ns, At safepoint: 9000 ns, Total: 64900 ns
[2022-04-08T19:10:43.410+0000][9408][safepoint   ] Safepoint "Cleanup", Time since last: 1014654800 ns, Reaching safepoint: 48600 ns, At safepoint: 4500 ns, Total: 53100 ns
[2022-04-08T19:10:44.420+0000][9408][safepoint   ] Safepoint "Cleanup", Time since last: 1009253700 ns, Reaching safepoint: 52500 ns, At safepoint: 10500 ns, Total: 63000 ns
[2022-04-08T19:10:45.432+0000][9408][safepoint   ] Safepoint "Cleanup", Time since last: 1011766500 ns, Reaching safepoint: 35200 ns, At safepoint: 12200 ns, Total: 47400 ns
[2022-04-08T19:10:47.450+0000][9408][safepoint   ] Safepoint "Cleanup", Time since last: 2017971400 ns, Reaching safepoint: 49700 ns, At safepoint: 5600 ns, Total: 55300 ns
[2022-04-08T19:10:48.456+0000][9408][safepoint   ] Safepoint "Cleanup", Time since last: 1006489100 ns, Reaching safepoint: 50400 ns, At safepoint: 13000 ns, Total: 63400 ns
[2022-04-08T19:10:50.471+0000][9408][safepoint   ] Safepoint "Cleanup", Time since last: 2014816500 ns, Reaching safepoint: 43500 ns, At safepoint: 15200 ns, Total: 58700 ns
[2022-04-08T19:10:51.479+0000][9408][safepoint   ] Safepoint "Cleanup", Time since last: 1007716000 ns, Reaching safepoint: 70200 ns, At safepoint: 6600 ns, Total: 76800 ns
[2022-04-08T19:10:52.486+0000][9408][safepoint   ] Safepoint "Cleanup", Time since last: 1007240000 ns, Reaching safepoint: 43000 ns, At safepoint: 6900 ns, Total: 49900 ns
[2022-04-08T19:10:54.509+0000][9408][safepoint   ] Safepoint "Cleanup", Time since last: 2022977600 ns, Reaching safepoint: 58800 ns, At safepoint: 8000 ns, Total: 66800 ns
[2022-04-08T19:10:55.515+0000][9408][safepoint   ] Safepoint "Cleanup", Time since last: 1006036100 ns, Reaching safepoint: 47000 ns, At safepoint: 6800 ns, Total: 53800 ns
[2022-04-08T19:10:57.530+0000][9408][safepoint   ] Safepoint "Cleanup", Time since last: 2014814600 ns, Reaching safepoint: 52000 ns, At safepoint: 6800 ns, Total: 58800 ns
[2022-04-08T19:10:58.535+0000][9408][safepoint   ] Safepoint "Cleanup", Time since last: 1005018200 ns, Reaching safepoint: 44700 ns, At safepoint: 14800 ns, Total: 59500 ns
[2022-04-08T19:11:00.555+0000][9408][safepoint   ] Safepoint "Cleanup", Time since last: 2020127300 ns, Reaching safepoint: 48200 ns, At safepoint: 9200 ns, Total: 57400 ns
[2022-04-08T19:11:03.593+0000][9408][safepoint   ] Safepoint "Cleanup", Time since last: 3037675500 ns, Reaching safepoint: 44500 ns, At safepoint: 6800 ns, Total: 51300 ns
[2022-04-08T19:11:04.600+0000][9408][safepoint   ] Safepoint "Cleanup", Time since last: 1006885000 ns, Reaching safepoint: 48000 ns, At safepoint: 63700 ns, Total: 111700 ns
[2022-04-08T19:11:05.609+0000][9408][safepoint   ] Safepoint "Cleanup", Time since last: 1008381800 ns, Reaching safepoint: 51900 ns, At safepoint: 7400 ns, Total: 59300 ns
[2022-04-08T19:11:06.617+0000][9408][safepoint   ] Safepoint "Cleanup", Time since last: 1008105300 ns, Reaching safepoint: 58900 ns, At safepoint: 7100 ns, Total: 66000 ns
[2022-04-08T19:11:07.623+0000][9408][safepoint   ] Safepoint "Cleanup", Time since last: 1006713200 ns, Reaching safepoint: 52600 ns, At safepoint: 7400 ns, Total: 60000 ns
[2022-04-08T19:11:09.640+0000][9408][safepoint   ] Safepoint "Cleanup", Time since last: 2016377100 ns, Reaching safepoint: 61800 ns, At safepoint: 9400 ns, Total: 71200 ns
[2022-04-08T19:11:10.653+0000][9408][safepoint   ] Safepoint "Cleanup", Time since last: 1013354700 ns, Reaching safepoint: 46500 ns, At safepoint: 5500 ns, Total: 52000 ns
[2022-04-08T19:11:12.673+0000][9408][safepoint   ] Safepoint "Cleanup", Time since last: 2019480500 ns, Reaching safepoint: 54300 ns, At safepoint: 10900 ns, Total: 65200 ns
[2022-04-08T19:11:15.694+0000][9408][safepoint   ] Safepoint "Cleanup", Time since last: 3021614700 ns, Reaching safepoint: 38400 ns, At safepoint: 5700 ns, Total: 44100 ns
[2022-04-08T19:11:16.698+0000][9408][safepoint   ] Safepoint "Cleanup", Time since last: 1003077600 ns, Reaching safepoint: 43900 ns, At safepoint: 4300 ns, Total: 48200 ns
[2022-04-08T19:11:17.700+0000][9408][safepoint   ] Safepoint "Cleanup", Time since last: 1002326500 ns, Reaching safepoint: 45800 ns, At safepoint: 4000 ns, Total: 49800 ns
[2022-04-08T19:11:18.715+0000][9408][safepoint   ] Safepoint "Cleanup", Time since last: 1014794700 ns, Reaching safepoint: 47900 ns, At safepoint: 5700 ns, Total: 53600 ns
[2022-04-08T19:11:20.729+0000][9408][safepoint   ] Safepoint "Cleanup", Time since last: 2013569100 ns, Reaching safepoint: 40200 ns, At safepoint: 12200 ns, Total: 52400 ns
[2022-04-08T19:11:21.739+0000][9408][safepoint   ] Safepoint "Cleanup", Time since last: 1010191400 ns, Reaching safepoint: 42600 ns, At safepoint: 4400 ns, Total: 47000 ns
[2022-04-08T19:11:22.740+0000][9408][safepoint   ] Safepoint "Cleanup", Time since last: 1001478400 ns, Reaching safepoint: 41200 ns, At safepoint: 8200 ns, Total: 49400 ns
[2022-04-08T19:11:24.756+0000][9408][safepoint   ] Safepoint "Cleanup", Time since last: 2016129000 ns, Reaching safepoint: 44700 ns, At safepoint: 8400 ns, Total: 53100 ns
[2022-04-08T19:11:25.767+0000][9408][safepoint   ] Safepoint "Cleanup", Time since last: 1010929700 ns, Reaching safepoint: 53400 ns, At safepoint: 14000 ns, Total: 67400 ns
[2022-04-08T19:11:27.794+0000][9408][safepoint   ] Safepoint "Cleanup", Time since last: 2026106200 ns, Reaching safepoint: 42800 ns, At safepoint: 4900 ns, Total: 47700 ns
[2022-04-08T19:11:29.820+0000][9408][safepoint   ] Safepoint "Cleanup", Time since last: 2026171400 ns, Reaching safepoint: 56700 ns, At safepoint: 18900 ns, Total: 75600 ns
[2022-04-08T19:11:30.823+0000][9408][safepoint   ] Safepoint "Cleanup", Time since last: 1003132000 ns, Reaching safepoint: 47200 ns, At safepoint: 15400 ns, Total: 62600 ns
[2022-04-08T19:11:32.887+0000][9408][safepoint   ] Safepoint "Cleanup", Time since last: 2017360900 ns, Reaching safepoint: 46882700 ns, At safepoint: 199300 ns, Total: 47082000 ns
[2022-04-08T19:11:33.890+0000][9408][safepoint   ] Safepoint "Cleanup", Time since last: 1002191700 ns, Reaching safepoint: 44500 ns, At safepoint: 14500 ns, Total: 59000 ns
[2022-04-08T19:11:34.900+0000][9408][safepoint   ] Safepoint "Cleanup", Time since last: 1010189400 ns, Reaching safepoint: 43900 ns, At safepoint: 14100 ns, Total: 58000 ns
[2022-04-08T19:11:35.911+0000][9408][safepoint   ] Safepoint "Cleanup", Time since last: 1010580900 ns, Reaching safepoint: 45100 ns, At safepoint: 60300 ns, Total: 105400 ns
[2022-04-08T19:11:37.941+0000][9408][safepoint   ] Safepoint "Cleanup", Time since last: 2030692200 ns, Reaching safepoint: 57600 ns, At safepoint: 12200 ns, Total: 69800 ns
[2022-04-08T19:11:38.952+0000][9408][safepoint   ] Safepoint "Cleanup", Time since last: 1010798000 ns, Reaching safepoint: 40500 ns, At safepoint: 17600 ns, Total: 58100 ns
[2022-04-08T19:11:40.961+0000][9408][safepoint   ] Safepoint "Cleanup", Time since last: 2008806700 ns, Reaching safepoint: 33800 ns, At safepoint: 5100 ns, Total: 38900 ns
[2022-04-08T19:11:41.961+0000][9408][safepoint   ] Safepoint "Cleanup", Time since last: 1000195300 ns, Reaching safepoint: 45800 ns, At safepoint: 14400 ns, Total: 60200 ns
[2022-04-08T19:11:42.977+0000][9408][safepoint   ] Safepoint "Cleanup", Time since last: 1015321900 ns, Reaching safepoint: 39700 ns, At safepoint: 18800 ns, Total: 58500 ns
[2022-04-08T19:11:44.987+0000][9408][safepoint   ] Safepoint "Cleanup", Time since last: 2010272600 ns, Reaching safepoint: 51100 ns, At safepoint: 16100 ns, Total: 67200 ns
[2022-04-08T19:11:45.998+0000][9408][safepoint   ] Safepoint "Cleanup", Time since last: 1010480300 ns, Reaching safepoint: 45500 ns, At safepoint: 56900 ns, Total: 102400 ns
[2022-04-08T19:11:47.013+0000][9408][safepoint   ] Safepoint "Cleanup", Time since last: 1015254500 ns, Reaching safepoint: 52500 ns, At safepoint: 15300 ns, Total: 67800 ns
[2022-04-08T19:11:48.028+0000][9408][safepoint   ] Safepoint "Cleanup", Time since last: 1015263200 ns, Reaching safepoint: 57900 ns, At safepoint: 18300 ns, Total: 76200 ns
[2022-04-08T19:11:51.055+0000][9408][safepoint   ] Safepoint "Cleanup", Time since last: 3026294100 ns, Reaching safepoint: 52200 ns, At safepoint: 17000 ns, Total: 69200 ns
[2022-04-08T19:11:52.070+0000][9408][safepoint   ] Safepoint "Cleanup", Time since last: 1015285300 ns, Reaching safepoint: 58800 ns, At safepoint: 7500 ns, Total: 66300 ns
[2022-04-08T19:11:53.085+0000][9408][safepoint   ] Safepoint "Cleanup", Time since last: 1015311900 ns, Reaching safepoint: 44700 ns, At safepoint: 5600 ns, Total: 50300 ns
[2022-04-08T19:11:54.092+0000][9408][safepoint   ] Safepoint "Cleanup", Time since last: 1006438300 ns, Reaching safepoint: 39300 ns, At safepoint: 7200 ns, Total: 46500 ns
[2022-04-08T19:11:56.108+0000][9408][safepoint   ] Safepoint "Cleanup", Time since last: 2015619600 ns, Reaching safepoint: 50800 ns, At safepoint: 17200 ns, Total: 68000 ns
[2022-04-08T19:11:57.112+0000][9408][safepoint   ] Safepoint "Cleanup", Time since last: 1004248400 ns, Reaching safepoint: 55500 ns, At safepoint: 19700 ns, Total: 75200 ns
[2022-04-08T19:11:58.127+0000][9408][safepoint   ] Safepoint "Cleanup", Time since last: 1015280200 ns, Reaching safepoint: 45400 ns, At safepoint: 16400 ns, Total: 61800 ns
[2022-04-08T19:12:00.153+0000][9408][safepoint   ] Safepoint "Cleanup", Time since last: 2025858600 ns, Reaching safepoint: 78700 ns, At safepoint: 16800 ns, Total: 95500 ns
[2022-04-08T19:12:01.161+0000][9408][safepoint   ] Safepoint "Cleanup", Time since last: 1008074500 ns, Reaching safepoint: 57600 ns, At safepoint: 6400 ns, Total: 64000 ns
[2022-04-08T19:12:03.192+0000][9408][safepoint   ] Safepoint "Cleanup", Time since last: 2030618000 ns, Reaching safepoint: 47100 ns, At safepoint: 38900 ns, Total: 86000 ns
[2022-04-08T19:12:04.203+0000][9408][safepoint   ] Safepoint "Cleanup", Time since last: 1010608800 ns, Reaching safepoint: 49900 ns, At safepoint: 6200 ns, Total: 56100 ns
[2022-04-08T19:12:05.218+0000][9408][safepoint   ] Safepoint "Cleanup", Time since last: 1015330700 ns, Reaching safepoint: 77600 ns, At safepoint: 63700 ns, Total: 141300 ns
[2022-04-08T19:12:06.233+0000][9408][safepoint   ] Safepoint "Cleanup", Time since last: 1014569700 ns, Reaching safepoint: 41300 ns, At safepoint: 20300 ns, Total: 61600 ns
[2022-04-08T19:12:08.248+0000][9408][safepoint   ] Safepoint "Cleanup", Time since last: 2015398800 ns, Reaching safepoint: 124100 ns, At safepoint: 4600 ns, Total: 128700 ns
[2022-04-08T19:12:09.259+0000][9408][safepoint   ] Safepoint "Cleanup", Time since last: 1010853300 ns, Reaching safepoint: 60700 ns, At safepoint: 5600 ns, Total: 66300 ns
[2022-04-08T19:12:10.275+0000][9408][safepoint   ] Safepoint "Cleanup", Time since last: 1015303200 ns, Reaching safepoint: 52800 ns, At safepoint: 4700 ns, Total: 57500 ns
[2022-04-08T19:12:12.290+0000][9408][safepoint   ] Safepoint "Cleanup", Time since last: 2015609700 ns, Reaching safepoint: 44700 ns, At safepoint: 6600 ns, Total: 51300 ns
[2022-04-08T19:12:13.306+0000][9408][safepoint   ] Safepoint "Cleanup", Time since last: 1015318300 ns, Reaching safepoint: 48800 ns, At safepoint: 7400 ns, Total: 56200 ns
[2022-04-08T19:12:15.332+0000][9408][safepoint   ] Safepoint "Cleanup", Time since last: 2025965500 ns, Reaching safepoint: 43200 ns, At safepoint: 25200 ns, Total: 68400 ns
[2022-04-08T19:12:17.358+0000][9408][safepoint   ] Safepoint "Cleanup", Time since last: 2025771900 ns, Reaching safepoint: 45500 ns, At safepoint: 9600 ns, Total: 55100 ns
[2022-04-08T19:12:18.373+0000][9408][safepoint   ] Safepoint "Cleanup", Time since last: 1015384900 ns, Reaching safepoint: 40700 ns, At safepoint: 5900 ns, Total: 46600 ns
[2022-04-08T19:12:20.399+0000][9408][safepoint   ] Safepoint "Cleanup", Time since last: 2026209700 ns, Reaching safepoint: 48600 ns, At safepoint: 13600 ns, Total: 62200 ns
[2022-04-08T19:12:21.399+0000][9408][safepoint   ] Safepoint "Cleanup", Time since last: 1000181600 ns, Reaching safepoint: 52600 ns, At safepoint: 42600 ns, Total: 95200 ns
[2022-04-08T19:12:22.415+0000][9408][safepoint   ] Safepoint "Cleanup", Time since last: 1015229000 ns, Reaching safepoint: 62000 ns, At safepoint: 50300 ns, Total: 112300 ns
[2022-04-08T19:12:23.430+0000][9408][safepoint   ] Safepoint "Cleanup", Time since last: 1015116300 ns, Reaching safepoint: 42900 ns, At safepoint: 14400 ns, Total: 57300 ns
[2022-04-08T19:12:24.437+0000][9408][safepoint   ] Safepoint "Cleanup", Time since last: 1006417900 ns, Reaching safepoint: 53800 ns, At safepoint: 7200 ns, Total: 61000 ns
[2022-04-08T19:12:25.452+0000][9408][safepoint   ] Safepoint "Cleanup", Time since last: 1015328400 ns, Reaching safepoint: 45900 ns, At safepoint: 21100 ns, Total: 67000 ns
[2022-04-08T19:12:27.468+0000][9408][safepoint   ] Safepoint "Cleanup", Time since last: 2016101800 ns, Reaching safepoint: 108000 ns, At safepoint: 17000 ns, Total: 125000 ns
[2022-04-08T19:12:28.484+0000][9408][safepoint   ] Safepoint "Cleanup", Time since last: 1015341300 ns, Reaching safepoint: 45400 ns, At safepoint: 15700 ns, Total: 61100 ns
[2022-04-08T19:12:30.510+0000][9408][safepoint   ] Safepoint "Cleanup", Time since last: 2026186800 ns, Reaching safepoint: 56200 ns, At safepoint: 51800 ns, Total: 108000 ns
[2022-04-08T19:12:33.531+0000][9408][safepoint   ] Safepoint "Cleanup", Time since last: 3020853300 ns, Reaching safepoint: 46300 ns, At safepoint: 7000 ns, Total: 53300 ns
[2022-04-08T19:12:34.537+0000][9408][safepoint   ] Safepoint "Cleanup", Time since last: 1006113400 ns, Reaching safepoint: 73700 ns, At safepoint: 57700 ns, Total: 131400 ns
[2022-04-08T19:12:35.552+0000][9408][safepoint   ] Safepoint "Cleanup", Time since last: 1015216800 ns, Reaching safepoint: 82100 ns, At safepoint: 61200 ns, Total: 143300 ns
[2022-04-08T19:12:36.562+0000][9408][safepoint   ] Safepoint "Cleanup", Time since last: 1010087300 ns, Reaching safepoint: 50500 ns, At safepoint: 8500 ns, Total: 59000 ns
[2022-04-08T19:12:38.578+0000][9408][safepoint   ] Safepoint "Cleanup", Time since last: 2015202500 ns, Reaching safepoint: 48600 ns, At safepoint: 14600 ns, Total: 63200 ns
[2022-04-08T19:12:39.579+0000][9408][safepoint   ] Safepoint "Cleanup", Time since last: 1001496700 ns, Reaching safepoint: 56200 ns, At safepoint: 20700 ns, Total: 76900 ns
[2022-04-08T19:12:40.595+0000][9408][safepoint   ] Safepoint "Cleanup", Time since last: 1015262600 ns, Reaching safepoint: 75200 ns, At safepoint: 13900 ns, Total: 89100 ns
[2022-04-08T19:12:42.610+0000][9408][safepoint   ] Safepoint "Cleanup", Time since last: 2015721900 ns, Reaching safepoint: 54900 ns, At safepoint: 5800 ns, Total: 60700 ns
[2022-04-08T19:12:43.626+0000][9408][safepoint   ] Safepoint "Cleanup", Time since last: 1015421200 ns, Reaching safepoint: 49900 ns, At safepoint: 5900 ns, Total: 55800 ns
[2022-04-08T19:12:44.637+0000][9408][safepoint   ] Safepoint "Cleanup", Time since last: 1010630100 ns, Reaching safepoint: 101800 ns, At safepoint: 5300 ns, Total: 107100 ns
[2022-04-08T19:12:45.642+0000][9408][safepoint   ] Safepoint "Cleanup", Time since last: 1005211800 ns, Reaching safepoint: 58500 ns, At safepoint: 22400 ns, Total: 80900 ns
[2022-04-08T19:12:47.668+0000][9408][safepoint   ] Safepoint "Cleanup", Time since last: 2026155700 ns, Reaching safepoint: 60600 ns, At safepoint: 14200 ns, Total: 74800 ns
[2022-04-08T19:12:48.673+0000][9408][safepoint   ] Safepoint "Cleanup", Time since last: 1004975000 ns, Reaching safepoint: 50000 ns, At safepoint: 17500 ns, Total: 67500 ns
[2022-04-08T19:12:50.685+0000][9408][safepoint   ] Safepoint "Cleanup", Time since last: 2012230500 ns, Reaching safepoint: 52600 ns, At safepoint: 19800 ns, Total: 72400 ns
[2022-04-08T19:12:51.701+0000][9408][safepoint   ] Safepoint "Cleanup", Time since last: 1015291000 ns, Reaching safepoint: 62700 ns, At safepoint: 18100 ns, Total: 80800 ns
[2022-04-08T19:12:53.732+0000][9408][safepoint   ] Safepoint "Cleanup", Time since last: 2030595100 ns, Reaching safepoint: 47600 ns, At safepoint: 55300 ns, Total: 102900 ns
[2022-04-08T19:12:54.738+0000][9408][safepoint   ] Safepoint "Cleanup", Time since last: 1005992500 ns, Reaching safepoint: 52100 ns, At safepoint: 6800 ns, Total: 58900 ns
[2022-04-08T19:12:55.748+0000][9408][safepoint   ] Safepoint "Cleanup", Time since last: 1010295200 ns, Reaching safepoint: 48800 ns, At safepoint: 8800 ns, Total: 57600 ns
[2022-04-08T19:12:57.764+0000][9408][safepoint   ] Safepoint "Cleanup", Time since last: 2015632900 ns, Reaching safepoint: 47200 ns, At safepoint: 15500 ns, Total: 62700 ns
[2022-04-08T19:12:58.775+0000][9408][safepoint   ] Safepoint "Cleanup", Time since last: 1010756500 ns, Reaching safepoint: 38600 ns, At safepoint: 15900 ns, Total: 54500 ns
[2022-04-08T19:13:00.793+0000][9408][safepoint   ] Safepoint "Cleanup", Time since last: 2018543700 ns, Reaching safepoint: 52200 ns, At safepoint: 14700 ns, Total: 66900 ns
[2022-04-08T19:13:03.835+0000][9408][safepoint   ] Safepoint "Cleanup", Time since last: 3041465800 ns, Reaching safepoint: 53300 ns, At safepoint: 9500 ns, Total: 62800 ns
[2022-04-08T19:13:04.850+0000][9408][safepoint   ] Safepoint "Cleanup", Time since last: 1015306500 ns, Reaching safepoint: 50800 ns, At safepoint: 18100 ns, Total: 68900 ns
[2022-04-08T19:13:05.861+0000][9408][safepoint   ] Safepoint "Cleanup", Time since last: 1010501000 ns, Reaching safepoint: 45700 ns, At safepoint: 8800 ns, Total: 54500 ns
[2022-04-08T19:13:06.876+0000][9408][safepoint   ] Safepoint "Cleanup", Time since last: 1015519800 ns, Reaching safepoint: 129700 ns, At safepoint: 20300 ns, Total: 150000 ns
[2022-04-08T19:13:07.892+0000][9408][safepoint   ] Safepoint "Cleanup", Time since last: 1015266600 ns, Reaching safepoint: 64200 ns, At safepoint: 14500 ns, Total: 78700 ns
[2022-04-08T19:13:09.918+0000][9408][safepoint   ] Safepoint "Cleanup", Time since last: 2026109100 ns, Reaching safepoint: 78300 ns, At safepoint: 16000 ns, Total: 94300 ns
[2022-04-08T19:13:10.918+0000][9408][safepoint   ] Safepoint "Cleanup", Time since last: 1000227400 ns, Reaching safepoint: 50700 ns, At safepoint: 12400 ns, Total: 63100 ns
[2022-04-08T19:13:12.949+0000][9408][safepoint   ] Safepoint "Cleanup", Time since last: 2030803100 ns, Reaching safepoint: 154100 ns, At safepoint: 54300 ns, Total: 208400 ns
[2022-04-08T19:13:15.970+0000][9408][safepoint   ] Safepoint "Cleanup", Time since last: 3020803200 ns, Reaching safepoint: 44700 ns, At safepoint: 8100 ns, Total: 52800 ns
[2022-04-08T19:13:16.970+0000][9408][safepoint   ] Safepoint "Cleanup", Time since last: 1000141800 ns, Reaching safepoint: 45200 ns, At safepoint: 16600 ns, Total: 61800 ns
[2022-04-08T19:13:18.996+0000][9408][safepoint   ] Safepoint "Cleanup", Time since last: 2026096500 ns, Reaching safepoint: 48000 ns, At safepoint: 8800 ns, Total: 56800 ns
[2022-04-08T19:13:21.027+0000][9408][safepoint   ] Safepoint "Cleanup", Time since last: 2030858500 ns, Reaching safepoint: 49600 ns, At safepoint: 15100 ns, Total: 64700 ns
[2022-04-08T19:13:22.029+0000][9408][safepoint   ] Safepoint "Cleanup", Time since last: 1001861600 ns, Reaching safepoint: 50600 ns, At safepoint: 51900 ns, Total: 102500 ns
[2022-04-08T19:13:23.044+0000][9408][safepoint   ] Safepoint "Cleanup", Time since last: 1015160500 ns, Reaching safepoint: 60100 ns, At safepoint: 19400 ns, Total: 79500 ns
[2022-04-08T19:13:25.066+0000][9408][safepoint   ] Safepoint "Cleanup", Time since last: 2021539300 ns, Reaching safepoint: 56700 ns, At safepoint: 13900 ns, Total: 70600 ns
[2022-04-08T19:13:26.077+0000][9408][safepoint   ] Safepoint "Cleanup", Time since last: 1011100600 ns, Reaching safepoint: 117500 ns, At safepoint: 47800 ns, Total: 165300 ns
[2022-04-08T19:13:28.108+0000][9408][safepoint   ] Safepoint "Cleanup", Time since last: 2030393200 ns, Reaching safepoint: 45400 ns, At safepoint: 16800 ns, Total: 62200 ns
[2022-04-08T19:13:31.119+0000][9408][safepoint   ] Safepoint "Cleanup", Time since last: 3011306400 ns, Reaching safepoint: 61600 ns, At safepoint: 16600 ns, Total: 78200 ns
[2022-04-08T19:13:33.150+0000][9408][safepoint   ] Safepoint "Cleanup", Time since last: 2030680100 ns, Reaching safepoint: 47700 ns, At safepoint: 16700 ns, Total: 64400 ns
[2022-04-08T19:13:34.161+0000][9408][safepoint   ] Safepoint "Cleanup", Time since last: 1010693300 ns, Reaching safepoint: 49600 ns, At safepoint: 6000 ns, Total: 55600 ns
[2022-04-08T19:13:36.172+0000][9408][safepoint   ] Safepoint "Cleanup", Time since last: 2011691400 ns, Reaching safepoint: 47900 ns, At safepoint: 20400 ns, Total: 68300 ns
[2022-04-08T19:13:38.203+0000][9408][safepoint   ] Safepoint "Cleanup", Time since last: 2030735700 ns, Reaching safepoint: 42800 ns, At safepoint: 15400 ns, Total: 58200 ns
[2022-04-08T19:13:39.214+0000][9408][safepoint   ] Safepoint "Cleanup", Time since last: 1010425100 ns, Reaching safepoint: 71900 ns, At safepoint: 11500 ns, Total: 83400 ns
[2022-04-08T19:13:41.230+0000][9408][safepoint   ] Safepoint "Cleanup", Time since last: 2016187200 ns, Reaching safepoint: 47500 ns, At safepoint: 14900 ns, Total: 62400 ns
[2022-04-08T19:13:42.245+0000][9408][safepoint   ] Safepoint "Cleanup", Time since last: 1015313800 ns, Reaching safepoint: 75400 ns, At safepoint: 15700 ns, Total: 91100 ns
[2022-04-08T19:13:43.261+0000][9408][safepoint   ] Safepoint "Cleanup", Time since last: 1015269000 ns, Reaching safepoint: 40700 ns, At safepoint: 15400 ns, Total: 56100 ns
[2022-04-08T19:13:44.271+0000][9408][safepoint   ] Safepoint "Cleanup", Time since last: 1010708400 ns, Reaching safepoint: 53200 ns, At safepoint: 7600 ns, Total: 60800 ns
[2022-04-08T19:13:45.285+0000][9408][safepoint   ] Safepoint "Cleanup", Time since last: 1013607500 ns, Reaching safepoint: 116900 ns, At safepoint: 26900 ns, Total: 143800 ns
[2022-04-08T19:13:46.296+0000][9408][safepoint   ] Safepoint "Cleanup", Time since last: 1011082000 ns, Reaching safepoint: 129400 ns, At safepoint: 51300 ns, Total: 180700 ns
[2022-04-08T19:13:47.311+0000][9408][safepoint   ] Safepoint "Cleanup", Time since last: 1014851100 ns, Reaching safepoint: 47400 ns, At safepoint: 14700 ns, Total: 62100 ns
[2022-04-08T19:13:48.311+0000][9408][safepoint   ] Safepoint "Cleanup", Time since last: 1000070900 ns, Reaching safepoint: 51600 ns, At safepoint: 16500 ns, Total: 68100 ns
[2022-04-08T19:13:51.328+0000][9408][safepoint   ] Safepoint "Cleanup", Time since last: 3016853100 ns, Reaching safepoint: 48200 ns, At safepoint: 6000 ns, Total: 54200 ns
[2022-04-08T19:13:53.344+0000][9408][safepoint   ] Safepoint "Cleanup", Time since last: 2015555400 ns, Reaching safepoint: 549300 ns, At safepoint: 11800 ns, Total: 561100 ns
[2022-04-08T19:13:54.350+0000][9408][safepoint   ] Safepoint "Cleanup", Time since last: 1005737900 ns, Reaching safepoint: 56700 ns, At safepoint: 61200 ns, Total: 117900 ns
[2022-04-08T19:13:56.376+0000][9408][safepoint   ] Safepoint "Cleanup", Time since last: 2025709800 ns, Reaching safepoint: 46900 ns, At safepoint: 16000 ns, Total: 62900 ns
[2022-04-08T19:13:57.378+0000][9408][safepoint   ] Safepoint "Cleanup", Time since last: 1001441500 ns, Reaching safepoint: 43200 ns, At safepoint: 18600 ns, Total: 61800 ns
[2022-04-08T19:13:58.393+0000][9408][safepoint   ] Safepoint "Cleanup", Time since last: 1015345100 ns, Reaching safepoint: 36900 ns, At safepoint: 15500 ns, Total: 52400 ns
[2022-04-08T19:14:00.419+0000][9408][safepoint   ] Safepoint "Cleanup", Time since last: 2025614600 ns, Reaching safepoint: 50400 ns, At safepoint: 15000 ns, Total: 65400 ns
[2022-04-08T19:14:01.420+0000][9408][safepoint   ] Safepoint "Cleanup", Time since last: 1000845900 ns, Reaching safepoint: 61800 ns, At safepoint: 19300 ns, Total: 81100 ns
[2022-04-08T19:14:03.450+0000][9408][safepoint   ] Safepoint "Cleanup", Time since last: 2030671800 ns, Reaching safepoint: 50800 ns, At safepoint: 14200 ns, Total: 65000 ns
[2022-04-08T19:14:04.461+0000][9408][safepoint   ] Safepoint "Cleanup", Time since last: 1010242200 ns, Reaching safepoint: 55800 ns, At safepoint: 10700 ns, Total: 66500 ns
[2022-04-08T19:14:06.487+0000][9408][safepoint   ] Safepoint "Cleanup", Time since last: 2026059900 ns, Reaching safepoint: 48800 ns, At safepoint: 18100 ns, Total: 66900 ns
[2022-04-08T19:14:08.518+0000][9408][safepoint   ] Safepoint "Cleanup", Time since last: 2030663900 ns, Reaching safepoint: 72300 ns, At safepoint: 13600 ns, Total: 85900 ns
[2022-04-08T19:14:09.528+0000][9408][safepoint   ] Safepoint "Cleanup", Time since last: 1010517300 ns, Reaching safepoint: 55700 ns, At safepoint: 16400 ns, Total: 72100 ns
[2022-04-08T19:14:10.544+0000][9408][safepoint   ] Safepoint "Cleanup", Time since last: 1015324200 ns, Reaching safepoint: 42400 ns, At safepoint: 19500 ns, Total: 61900 ns
[2022-04-08T19:14:11.544+0000][9408][safepoint   ] Safepoint "Cleanup", Time since last: 1000612400 ns, Reaching safepoint: 49300 ns, At safepoint: 16200 ns, Total: 65500 ns
[2022-04-08T19:14:12.559+0000][9408][safepoint   ] Safepoint "Cleanup", Time since last: 1014884300 ns, Reaching safepoint: 50400 ns, At safepoint: 13700 ns, Total: 64100 ns
[2022-04-08T19:14:13.559+0000][9408][safepoint   ] Safepoint "Cleanup", Time since last: 1000131000 ns, Reaching safepoint: 80900 ns, At safepoint: 60900 ns, Total: 141800 ns
[2022-04-08T19:14:15.586+0000][9408][safepoint   ] Safepoint "Cleanup", Time since last: 2026120200 ns, Reaching safepoint: 66300 ns, At safepoint: 16200 ns, Total: 82500 ns
[2022-04-08T19:14:17.611+0000][9408][safepoint   ] Safepoint "Cleanup", Time since last: 2025690700 ns, Reaching safepoint: 44700 ns, At safepoint: 10900 ns, Total: 55600 ns
[2022-04-08T19:14:18.627+0000][9408][safepoint   ] Safepoint "Cleanup", Time since last: 1015294500 ns, Reaching safepoint: 46200 ns, At safepoint: 5100 ns, Total: 51300 ns
[2022-04-08T19:14:20.641+0000][9408][safepoint   ] Safepoint "Cleanup", Time since last: 2014206900 ns, Reaching safepoint: 71500 ns, At safepoint: 12200 ns, Total: 83700 ns
[2022-04-08T19:14:21.651+0000][9408][safepoint   ] Safepoint "Cleanup", Time since last: 1009783800 ns, Reaching safepoint: 37100 ns, At safepoint: 4700 ns, Total: 41800 ns
[2022-04-08T19:14:22.666+0000][9408][safepoint   ] Safepoint "Cleanup", Time since last: 1015364500 ns, Reaching safepoint: 33100 ns, At safepoint: 6800 ns, Total: 39900 ns
[2022-04-08T19:14:23.682+0000][9408][safepoint   ] Safepoint "Cleanup", Time since last: 1015345500 ns, Reaching safepoint: 41900 ns, At safepoint: 14000 ns, Total: 55900 ns
[2022-04-08T19:14:24.687+0000][9408][safepoint   ] Safepoint "Cleanup", Time since last: 1004800500 ns, Reaching safepoint: 68100 ns, At safepoint: 15500 ns, Total: 83600 ns
[2022-04-08T19:14:25.702+0000][9408][safepoint   ] Safepoint "Cleanup", Time since last: 1014877100 ns, Reaching safepoint: 51600 ns, At safepoint: 10800 ns, Total: 62400 ns
[2022-04-08T19:14:27.717+0000][9408][safepoint   ] Safepoint "Cleanup", Time since last: 2015390900 ns, Reaching safepoint: 49700 ns, At safepoint: 54700 ns, Total: 104400 ns
[2022-04-08T19:14:28.733+0000][9408][safepoint   ] Safepoint "Cleanup", Time since last: 1015456900 ns, Reaching safepoint: 147400 ns, At safepoint: 51700 ns, Total: 199100 ns
[2022-04-08T19:14:30.744+0000][9408][safepoint   ] Safepoint "Cleanup", Time since last: 2011148600 ns, Reaching safepoint: 46200 ns, At safepoint: 12900 ns, Total: 59100 ns
[2022-04-08T19:14:33.786+0000][9408][safepoint   ] Safepoint "Cleanup", Time since last: 3041711700 ns, Reaching safepoint: 63000 ns, At safepoint: 56400 ns, Total: 119400 ns
[2022-04-08T19:14:34.796+0000][9408][safepoint   ] Safepoint "Cleanup", Time since last: 1010389600 ns, Reaching safepoint: 44600 ns, At safepoint: 8500 ns, Total: 53100 ns
[2022-04-08T19:14:36.578+0000][9408][safepoint   ] Safepoint "Cleanup", Time since last: 1781925500 ns, Reaching safepoint: 75100 ns, At safepoint: 51800 ns, Total: 126900 ns
[2022-04-08T19:14:38.078+0000][9408][safepoint   ] Safepoint "Cleanup", Time since last: 1500779500 ns, Reaching safepoint: 51500 ns, At safepoint: 14000 ns, Total: 65500 ns
[2022-04-08T19:14:39.089+0000][9408][safepoint   ] Safepoint "Cleanup", Time since last: 1009695600 ns, Reaching safepoint: 70200 ns, At safepoint: 10100 ns, Total: 80300 ns
[2022-04-08T19:14:40.323+0000][9408][safepoint   ] Safepoint "Cleanup", Time since last: 1234062900 ns, Reaching safepoint: 68400 ns, At safepoint: 8700 ns, Total: 77100 ns
[2022-04-08T19:14:41.324+0000][9408][safepoint   ] Safepoint "Cleanup", Time since last: 1000761200 ns, Reaching safepoint: 124600 ns, At safepoint: 4800 ns, Total: 129400 ns
[2022-04-08T19:14:42.339+0000][9408][safepoint   ] Safepoint "Cleanup", Time since last: 1015224200 ns, Reaching safepoint: 56600 ns, At safepoint: 10600 ns, Total: 67200 ns
[2022-04-08T19:14:43.354+0000][9408][safepoint   ] Safepoint "Cleanup", Time since last: 1015267800 ns, Reaching safepoint: 50100 ns, At safepoint: 5000 ns, Total: 55100 ns
[2022-04-08T19:14:44.365+0000][9408][safepoint   ] Safepoint "Cleanup", Time since last: 1010835900 ns, Reaching safepoint: 49700 ns, At safepoint: 6200 ns, Total: 55900 ns
[2022-04-08T19:14:45.380+0000][9408][safepoint   ] Safepoint "Cleanup", Time since last: 1014826900 ns, Reaching safepoint: 80800 ns, At safepoint: 4500 ns, Total: 85300 ns
[2022-04-08T19:14:46.390+0000][9408][safepoint   ] Safepoint "Cleanup", Time since last: 1009901600 ns, Reaching safepoint: 49000 ns, At safepoint: 8400 ns, Total: 57400 ns
[2022-04-08T19:14:47.390+0000][9408][safepoint   ] Safepoint "Cleanup", Time since last: 1000125300 ns, Reaching safepoint: 50900 ns, At safepoint: 7200 ns, Total: 58100 ns
[2022-04-08T19:14:48.405+0000][9408][safepoint   ] Safepoint "Cleanup", Time since last: 1014898200 ns, Reaching safepoint: 49300 ns, At safepoint: 8200 ns, Total: 57500 ns
[2022-04-08T19:14:51.433+0000][9408][safepoint   ] Safepoint "Cleanup", Time since last: 3027144700 ns, Reaching safepoint: 40500 ns, At safepoint: 5400 ns, Total: 45900 ns
[2022-04-08T19:14:53.463+0000][9408][safepoint   ] Safepoint "Cleanup", Time since last: 2030622300 ns, Reaching safepoint: 41700 ns, At safepoint: 11300 ns, Total: 53000 ns
[2022-04-08T19:14:54.475+0000][9408][safepoint   ] Safepoint "Cleanup", Time since last: 1011307400 ns, Reaching safepoint: 45700 ns, At safepoint: 8100 ns, Total: 53800 ns
[2022-04-08T19:14:55.490+0000][9408][safepoint   ] Safepoint "Cleanup", Time since last: 1015318100 ns, Reaching safepoint: 51700 ns, At safepoint: 5400 ns, Total: 57100 ns
[2022-04-08T19:14:56.501+0000][9408][safepoint   ] Safepoint "Cleanup", Time since last: 1010645100 ns, Reaching safepoint: 59900 ns, At safepoint: 8400 ns, Total: 68300 ns
[2022-04-08T19:14:57.502+0000][9408][safepoint   ] Safepoint "Cleanup", Time since last: 1001343400 ns, Reaching safepoint: 53000 ns, At safepoint: 61700 ns, Total: 114700 ns
[2022-04-08T19:14:58.518+0000][9408][safepoint   ] Safepoint "Cleanup", Time since last: 1015321500 ns, Reaching safepoint: 42200 ns, At safepoint: 11200 ns, Total: 53400 ns
[2022-04-08T19:15:00.544+0000][9408][safepoint   ] Safepoint "Cleanup", Time since last: 2026680200 ns, Reaching safepoint: 50500 ns, At safepoint: 7900 ns, Total: 58400 ns
[2022-04-08T19:15:01.545+0000][9408][safepoint   ] Safepoint "Cleanup", Time since last: 1000482100 ns, Reaching safepoint: 45000 ns, At safepoint: 9100 ns, Total: 54100 ns
[2022-04-08T19:15:03.575+0000][9408][safepoint   ] Safepoint "Cleanup", Time since last: 2030211700 ns, Reaching safepoint: 48900 ns, At safepoint: 3900 ns, Total: 52800 ns
[2022-04-08T19:15:04.586+0000][9408][safepoint   ] Safepoint "Cleanup", Time since last: 1011204700 ns, Reaching safepoint: 73600 ns, At safepoint: 21800 ns, Total: 95400 ns
[2022-04-08T19:15:06.597+0000][9408][safepoint   ] Safepoint "Cleanup", Time since last: 2011036900 ns, Reaching safepoint: 48700 ns, At safepoint: 10600 ns, Total: 59300 ns
[2022-04-08T19:15:08.628+0000][9408][safepoint   ] Safepoint "Cleanup", Time since last: 2030571900 ns, Reaching safepoint: 48600 ns, At safepoint: 13400 ns, Total: 62000 ns
[2022-04-08T19:15:09.639+0000][9408][safepoint   ] Safepoint "Cleanup", Time since last: 1010937200 ns, Reaching safepoint: 50500 ns, At safepoint: 6500 ns, Total: 57000 ns
[2022-04-08T19:15:10.644+0000][9408][safepoint   ] Safepoint "Cleanup", Time since last: 1005012700 ns, Reaching safepoint: 46700 ns, At safepoint: 6400 ns, Total: 53100 ns
[2022-04-08T19:15:11.655+0000][9408][safepoint   ] Safepoint "Cleanup", Time since last: 1010757100 ns, Reaching safepoint: 50400 ns, At safepoint: 6700 ns, Total: 57100 ns
[2022-04-08T19:15:12.670+0000][9408][safepoint   ] Safepoint "Cleanup", Time since last: 1014995900 ns, Reaching safepoint: 63100 ns, At safepoint: 11500 ns, Total: 74600 ns
[2022-04-08T19:15:14.681+0000][9408][safepoint   ] Safepoint "Cleanup", Time since last: 2011212600 ns, Reaching safepoint: 54500 ns, At safepoint: 9300 ns, Total: 63800 ns
[2022-04-08T19:15:15.691+0000][9408][safepoint   ] Safepoint "Cleanup", Time since last: 1009336800 ns, Reaching safepoint: 41400 ns, At safepoint: 15200 ns, Total: 56600 ns
[2022-04-08T19:15:16.691+0000][9408][safepoint   ] Safepoint "Cleanup", Time since last: 1000159800 ns, Reaching safepoint: 77400 ns, At safepoint: 11500 ns, Total: 88900 ns
[2022-04-08T19:15:17.706+0000][9408][safepoint   ] Safepoint "Cleanup", Time since last: 1015190300 ns, Reaching safepoint: 43700 ns, At safepoint: 4300 ns, Total: 48000 ns
[2022-04-08T19:15:18.721+0000][9408][safepoint   ] Safepoint "Cleanup", Time since last: 1015011200 ns, Reaching safepoint: 111300 ns, At safepoint: 2000 ns, Total: 113300 ns
[2022-04-08T19:15:21.744+0000][9408][safepoint   ] Safepoint "Cleanup", Time since last: 3022873400 ns, Reaching safepoint: 49000 ns, At safepoint: 5300 ns, Total: 54300 ns
[2022-04-08T19:15:23.769+0000][9408][safepoint   ] Safepoint "Cleanup", Time since last: 2024884200 ns, Reaching safepoint: 57900 ns, At safepoint: 10500 ns, Total: 68400 ns
[2022-04-08T19:15:24.779+0000][9408][safepoint   ] Safepoint "Cleanup", Time since last: 1010076300 ns, Reaching safepoint: 46900 ns, At safepoint: 18800 ns, Total: 65700 ns
[2022-04-08T19:15:25.780+0000][9408][safepoint   ] Safepoint "Cleanup", Time since last: 1000791900 ns, Reaching safepoint: 77300 ns, At safepoint: 19200 ns, Total: 96500 ns
[2022-04-08T19:15:27.811+0000][9408][safepoint   ] Safepoint "Cleanup", Time since last: 2030573000 ns, Reaching safepoint: 66900 ns, At safepoint: 19300 ns, Total: 86200 ns
[2022-04-08T19:15:28.822+0000][9408][safepoint   ] Safepoint "Cleanup", Time since last: 1010831100 ns, Reaching safepoint: 47500 ns, At safepoint: 14100 ns, Total: 61600 ns
[2022-04-08T19:15:30.852+0000][9408][safepoint   ] Safepoint "Cleanup", Time since last: 2030059700 ns, Reaching safepoint: 63100 ns, At safepoint: 15700 ns, Total: 78800 ns
[2022-04-08T19:15:33.893+0000][9408][safepoint   ] Safepoint "Cleanup", Time since last: 3040964200 ns, Reaching safepoint: 72700 ns, At safepoint: 18000 ns, Total: 90700 ns
[2022-04-08T19:15:34.904+0000][9408][safepoint   ] Safepoint "Cleanup", Time since last: 1010640000 ns, Reaching safepoint: 47600 ns, At safepoint: 7300 ns, Total: 54900 ns
[2022-04-08T19:15:35.906+0000][9408][safepoint   ] Safepoint "Cleanup", Time since last: 1002501400 ns, Reaching safepoint: 46000 ns, At safepoint: 17400 ns, Total: 63400 ns
[2022-04-08T19:15:36.922+0000][9408][safepoint   ] Safepoint "Cleanup", Time since last: 1015303100 ns, Reaching safepoint: 44500 ns, At safepoint: 19600 ns, Total: 64100 ns
[2022-04-08T19:15:38.947+0000][9408][safepoint   ] Safepoint "Cleanup", Time since last: 2025610500 ns, Reaching safepoint: 60100 ns, At safepoint: 8200 ns, Total: 68300 ns
[2022-04-08T19:15:39.947+0000][9408][safepoint   ] Safepoint "Cleanup", Time since last: 1000020000 ns, Reaching safepoint: 46200 ns, At safepoint: 20800 ns, Total: 67000 ns
[2022-04-08T19:15:40.958+0000][9408][safepoint   ] Safepoint "Cleanup", Time since last: 1010380500 ns, Reaching safepoint: 49700 ns, At safepoint: 7900 ns, Total: 57600 ns
[2022-04-08T19:15:41.973+0000][9408][safepoint   ] Safepoint "Cleanup", Time since last: 1015310900 ns, Reaching safepoint: 63600 ns, At safepoint: 19700 ns, Total: 83300 ns
[2022-04-08T19:15:42.989+0000][9408][safepoint   ] Safepoint "Cleanup", Time since last: 1015275200 ns, Reaching safepoint: 45600 ns, At safepoint: 18200 ns, Total: 63800 ns
[2022-04-08T19:15:43.999+0000][9408][safepoint   ] Safepoint "Cleanup", Time since last: 1010652900 ns, Reaching safepoint: 49300 ns, At safepoint: 8800 ns, Total: 58100 ns
[2022-04-08T19:15:45.015+0000][9408][safepoint   ] Safepoint "Cleanup", Time since last: 1015381800 ns, Reaching safepoint: 114100 ns, At safepoint: 60200 ns, Total: 174300 ns
[2022-04-08T19:15:46.029+0000][9408][safepoint   ] Safepoint "Cleanup", Time since last: 1014319500 ns, Reaching safepoint: 68500 ns, At safepoint: 61300 ns, Total: 129800 ns
[2022-04-08T19:15:47.045+0000][9408][safepoint   ] Safepoint "Cleanup", Time since last: 1015207100 ns, Reaching safepoint: 53700 ns, At safepoint: 13300 ns, Total: 67000 ns
[2022-04-08T19:15:49.071+0000][9408][safepoint   ] Safepoint "Cleanup", Time since last: 2026301600 ns, Reaching safepoint: 50200 ns, At safepoint: 8600 ns, Total: 58800 ns
[2022-04-08T19:15:51.087+0000][9408][safepoint   ] Safepoint "Cleanup", Time since last: 2015629500 ns, Reaching safepoint: 47900 ns, At safepoint: 21600 ns, Total: 69500 ns
[2022-04-08T19:15:52.102+0000][9408][safepoint   ] Safepoint "Cleanup", Time since last: 1015364000 ns, Reaching safepoint: 70200 ns, At safepoint: 15700 ns, Total: 85900 ns
[2022-04-08T19:15:54.123+0000][9408][safepoint   ] Safepoint "Cleanup", Time since last: 2021090300 ns, Reaching safepoint: 43100 ns, At safepoint: 6400 ns, Total: 49500 ns
[2022-04-08T19:15:55.139+0000][9408][safepoint   ] Safepoint "Cleanup", Time since last: 1015320900 ns, Reaching safepoint: 60300 ns, At safepoint: 8300 ns, Total: 68600 ns
[2022-04-08T19:15:56.139+0000][9408][safepoint   ] Safepoint "Cleanup", Time since last: 1000707300 ns, Reaching safepoint: 44500 ns, At safepoint: 18000 ns, Total: 62500 ns
[2022-04-08T19:15:58.170+0000][9408][safepoint   ] Safepoint "Cleanup", Time since last: 2030678800 ns, Reaching safepoint: 41200 ns, At safepoint: 12100 ns, Total: 53300 ns
[2022-04-08T19:15:59.181+0000][9408][safepoint   ] Safepoint "Cleanup", Time since last: 1010518600 ns, Reaching safepoint: 53900 ns, At safepoint: 14100 ns, Total: 68000 ns
[2022-04-08T19:16:01.198+0000][9408][safepoint   ] Safepoint "Cleanup", Time since last: 2017000700 ns, Reaching safepoint: 61000 ns, At safepoint: 18500 ns, Total: 79500 ns
[2022-04-08T19:16:04.239+0000][9408][safepoint   ] Safepoint "Cleanup", Time since last: 3041008200 ns, Reaching safepoint: 61400 ns, At safepoint: 8500 ns, Total: 69900 ns
[2022-04-08T19:16:05.239+0000][9408][safepoint   ] Safepoint "Cleanup", Time since last: 1000357000 ns, Reaching safepoint: 79300 ns, At safepoint: 17600 ns, Total: 96900 ns
[2022-04-08T19:16:06.250+0000][9408][safepoint   ] Safepoint "Cleanup", Time since last: 1010553500 ns, Reaching safepoint: 47300 ns, At safepoint: 6600 ns, Total: 53900 ns
[2022-04-08T19:16:07.265+0000][9408][safepoint   ] Safepoint "Cleanup", Time since last: 1015310700 ns, Reaching safepoint: 47700 ns, At safepoint: 19300 ns, Total: 67000 ns
[2022-04-08T19:16:09.291+0000][9408][safepoint   ] Safepoint "Cleanup", Time since last: 2026090500 ns, Reaching safepoint: 42500 ns, At safepoint: 9000 ns, Total: 51500 ns
[2022-04-08T19:16:10.307+0000][9408][safepoint   ] Safepoint "Cleanup", Time since last: 1015334000 ns, Reaching safepoint: 48300 ns, At safepoint: 23500 ns, Total: 71800 ns
[2022-04-08T19:16:11.307+0000][9408][safepoint   ] Safepoint "Cleanup", Time since last: 1000238000 ns, Reaching safepoint: 45800 ns, At safepoint: 33800 ns, Total: 79600 ns
[2022-04-08T19:16:13.338+0000][9408][safepoint   ] Safepoint "Cleanup", Time since last: 2030622200 ns, Reaching safepoint: 51800 ns, At safepoint: 8400 ns, Total: 60200 ns
[2022-04-08T19:16:14.349+0000][9408][safepoint   ] Safepoint "Cleanup", Time since last: 1011016100 ns, Reaching safepoint: 43700 ns, At safepoint: 9100 ns, Total: 52800 ns
[2022-04-08T19:16:16.375+0000][9408][safepoint   ] Safepoint "Cleanup", Time since last: 2025604100 ns, Reaching safepoint: 53400 ns, At safepoint: 51700 ns, Total: 105100 ns
[2022-04-08T19:16:17.390+0000][9408][safepoint   ] Safepoint "Cleanup", Time since last: 1015073500 ns, Reaching safepoint: 143600 ns, At safepoint: 54800 ns, Total: 198400 ns
[2022-04-08T19:16:19.416+0000][9408][safepoint   ] Safepoint "Cleanup", Time since last: 2026152100 ns, Reaching safepoint: 45800 ns, At safepoint: 8400 ns, Total: 54200 ns
[2022-04-08T19:16:21.432+0000][9408][safepoint   ] Safepoint "Cleanup", Time since last: 2015901200 ns, Reaching safepoint: 44600 ns, At safepoint: 17300 ns, Total: 61900 ns
[2022-04-08T19:16:22.434+0000][9408][safepoint   ] Safepoint "Cleanup", Time since last: 1001905400 ns, Reaching safepoint: 57200 ns, At safepoint: 12700 ns, Total: 69900 ns
[2022-04-08T19:16:24.456+0000][9408][safepoint   ] Safepoint "Cleanup", Time since last: 2021986300 ns, Reaching safepoint: 49300 ns, At safepoint: 8600 ns, Total: 57900 ns
[2022-04-08T19:16:25.471+0000][9408][safepoint   ] Safepoint "Cleanup", Time since last: 1015288000 ns, Reaching safepoint: 59100 ns, At safepoint: 13900 ns, Total: 73000 ns
[2022-04-08T19:16:26.482+0000][9408][safepoint   ] Safepoint "Cleanup", Time since last: 1010698100 ns, Reaching safepoint: 43200 ns, At safepoint: 64300 ns, Total: 107500 ns
[2022-04-08T19:16:28.513+0000][9408][safepoint   ] Safepoint "Cleanup", Time since last: 2030784400 ns, Reaching safepoint: 62600 ns, At safepoint: 43400 ns, Total: 106000 ns
[2022-04-08T19:16:31.540+0000][9408][safepoint   ] Safepoint "Cleanup", Time since last: 3026453100 ns, Reaching safepoint: 42200 ns, At safepoint: 5700 ns, Total: 47900 ns
[2022-04-08T19:16:34.576+0000][9408][safepoint   ] Safepoint "Cleanup", Time since last: 3036375600 ns, Reaching safepoint: 45300 ns, At safepoint: 6800 ns, Total: 52100 ns
[2022-04-08T19:16:36.592+0000][9408][safepoint   ] Safepoint "Cleanup", Time since last: 2016092300 ns, Reaching safepoint: 44400 ns, At safepoint: 15900 ns, Total: 60300 ns
[2022-04-08T19:16:37.608+0000][9408][safepoint   ] Safepoint "Cleanup", Time since last: 1015535100 ns, Reaching safepoint: 59700 ns, At safepoint: 16100 ns, Total: 75800 ns
[2022-04-08T19:16:38.623+0000][9408][safepoint   ] Safepoint "Cleanup", Time since last: 1015345600 ns, Reaching safepoint: 48200 ns, At safepoint: 53300 ns, Total: 101500 ns
[2022-04-08T19:16:40.655+0000][9408][safepoint   ] Safepoint "Cleanup", Time since last: 2031544000 ns, Reaching safepoint: 48500 ns, At safepoint: 17100 ns, Total: 65600 ns
[2022-04-08T19:16:41.665+0000][9408][safepoint   ] Safepoint "Cleanup", Time since last: 1010419800 ns, Reaching safepoint: 51700 ns, At safepoint: 10100 ns, Total: 61800 ns
[2022-04-08T19:16:42.681+0000][9408][safepoint   ] Safepoint "Cleanup", Time since last: 1015484500 ns, Reaching safepoint: 63600 ns, At safepoint: 12600 ns, Total: 76200 ns
[2022-04-08T19:16:43.696+0000][9408][safepoint   ] Safepoint "Cleanup", Time since last: 1015175700 ns, Reaching safepoint: 75100 ns, At safepoint: 6900 ns, Total: 82000 ns
[2022-04-08T19:16:44.706+0000][9408][safepoint   ] Safepoint "Cleanup", Time since last: 1010290800 ns, Reaching safepoint: 59100 ns, At safepoint: 60100 ns, Total: 119200 ns
[2022-04-08T19:16:45.717+0000][9408][safepoint   ] Safepoint "Cleanup", Time since last: 1010869200 ns, Reaching safepoint: 42700 ns, At safepoint: 19000 ns, Total: 61700 ns
[2022-04-08T19:16:46.726+0000][9408][safepoint   ] Safepoint "Cleanup", Time since last: 1008243000 ns, Reaching safepoint: 45400 ns, At safepoint: 5700 ns, Total: 51100 ns
[2022-04-08T19:16:47.726+0000][9408][safepoint   ] Safepoint "Cleanup", Time since last: 1000209100 ns, Reaching safepoint: 38800 ns, At safepoint: 51800 ns, Total: 90600 ns
[2022-04-08T19:16:48.741+0000][9408][safepoint   ] Safepoint "Cleanup", Time since last: 1015264500 ns, Reaching safepoint: 53800 ns, At safepoint: 30800 ns, Total: 84600 ns
[2022-04-08T19:16:51.768+0000][9408][safepoint   ] Safepoint "Cleanup", Time since last: 3026346000 ns, Reaching safepoint: 47800 ns, At safepoint: 10800 ns, Total: 58600 ns
[2022-04-08T19:16:53.779+0000][9408][safepoint   ] Safepoint "Cleanup", Time since last: 2010883500 ns, Reaching safepoint: 67200 ns, At safepoint: 21800 ns, Total: 89000 ns
[2022-04-08T19:16:54.789+0000][9408][safepoint   ] Safepoint "Cleanup", Time since last: 1010017200 ns, Reaching safepoint: 479900 ns, At safepoint: 57600 ns, Total: 537500 ns
[2022-04-08T19:16:55.800+0000][9408][safepoint   ] Safepoint "Cleanup", Time since last: 1010706000 ns, Reaching safepoint: 45400 ns, At safepoint: 17400 ns, Total: 62800 ns
[2022-04-08T19:16:56.815+0000][9408][safepoint   ] Safepoint "Cleanup", Time since last: 1015271500 ns, Reaching safepoint: 46700 ns, At safepoint: 18200 ns, Total: 64900 ns
[2022-04-08T19:16:57.831+0000][9408][safepoint   ] Safepoint "Cleanup", Time since last: 1015247100 ns, Reaching safepoint: 94800 ns, At safepoint: 21700 ns, Total: 116500 ns
[2022-04-08T19:16:58.841+0000][9408][safepoint   ] Safepoint "Cleanup", Time since last: 1009999400 ns, Reaching safepoint: 48700 ns, At safepoint: 7100 ns, Total: 55800 ns
[2022-04-08T19:17:00.857+0000][9408][safepoint   ] Safepoint "Cleanup", Time since last: 2015715300 ns, Reaching safepoint: 37300 ns, At safepoint: 15600 ns, Total: 52900 ns
[2022-04-08T19:17:01.872+0000][9408][safepoint   ] Safepoint "Cleanup", Time since last: 1015292300 ns, Reaching safepoint: 63300 ns, At safepoint: 16200 ns, Total: 79500 ns
[2022-04-08T19:17:03.898+0000][9408][safepoint   ] Safepoint "Cleanup", Time since last: 2025639000 ns, Reaching safepoint: 47600 ns, At safepoint: 20400 ns, Total: 68000 ns
[2022-04-08T19:17:04.913+0000][9408][safepoint   ] Safepoint "Cleanup", Time since last: 1015301200 ns, Reaching safepoint: 156700 ns, At safepoint: 68000 ns, Total: 224700 ns
[2022-04-08T19:17:06.939+0000][9408][safepoint   ] Safepoint "Cleanup", Time since last: 2025835500 ns, Reaching safepoint: 48200 ns, At safepoint: 15500 ns, Total: 63700 ns
[2022-04-08T19:17:08.965+0000][9408][safepoint   ] Safepoint "Cleanup", Time since last: 2026222500 ns, Reaching safepoint: 49900 ns, At safepoint: 19600 ns, Total: 69500 ns
[2022-04-08T19:17:09.980+0000][9408][safepoint   ] Safepoint "Cleanup", Time since last: 1014655100 ns, Reaching safepoint: 70100 ns, At safepoint: 16100 ns, Total: 86200 ns
[2022-04-08T19:17:12.007+0000][9408][safepoint   ] Safepoint "Cleanup", Time since last: 2026429300 ns, Reaching safepoint: 43500 ns, At safepoint: 22000 ns, Total: 65500 ns
[2022-04-08T19:17:13.022+0000][9408][safepoint   ] Safepoint "Cleanup", Time since last: 1015319000 ns, Reaching safepoint: 76400 ns, At safepoint: 60900 ns, Total: 137300 ns
[2022-04-08T19:17:14.032+0000][9408][safepoint   ] Safepoint "Cleanup", Time since last: 1009885000 ns, Reaching safepoint: 45900 ns, At safepoint: 5000 ns, Total: 50900 ns
[2022-04-08T19:17:16.033+0000][9408][safepoint   ] Safepoint "Cleanup", Time since last: 2000832200 ns, Reaching safepoint: 38800 ns, At safepoint: 20100 ns, Total: 58900 ns
[2022-04-08T19:17:17.048+0000][9408][safepoint   ] Safepoint "Cleanup", Time since last: 1015315900 ns, Reaching safepoint: 59400 ns, At safepoint: 20800 ns, Total: 80200 ns
[2022-04-08T19:17:19.074+0000][9408][safepoint   ] Safepoint "Cleanup", Time since last: 2026034200 ns, Reaching safepoint: 46600 ns, At safepoint: 19200 ns, Total: 65800 ns
[2022-04-08T19:17:22.091+0000][9408][safepoint   ] Safepoint "Cleanup", Time since last: 3016024500 ns, Reaching safepoint: 80800 ns, At safepoint: 19400 ns, Total: 100200 ns
[2022-04-08T19:17:24.114+0000][9408][safepoint   ] Safepoint "Cleanup", Time since last: 2023819600 ns, Reaching safepoint: 57300 ns, At safepoint: 10300 ns, Total: 67600 ns
[2022-04-08T19:17:25.130+0000][9408][safepoint   ] Safepoint "Cleanup", Time since last: 1015269400 ns, Reaching safepoint: 46100 ns, At safepoint: 17700 ns, Total: 63800 ns
[2022-04-08T19:17:26.140+0000][9408][safepoint   ] Safepoint "Cleanup", Time since last: 1010206200 ns, Reaching safepoint: 38800 ns, At safepoint: 4700 ns, Total: 43500 ns
[2022-04-08T19:17:28.147+0000][9408][safepoint   ] Safepoint "Cleanup", Time since last: 2006624400 ns, Reaching safepoint: 72400 ns, At safepoint: 22100 ns, Total: 94500 ns
[2022-04-08T19:17:29.158+0000][9408][safepoint   ] Safepoint "Cleanup", Time since last: 1010673000 ns, Reaching safepoint: 48100 ns, At safepoint: 8700 ns, Total: 56800 ns
[2022-04-08T19:17:31.174+0000][9408][safepoint   ] Safepoint "Cleanup", Time since last: 2016337700 ns, Reaching safepoint: 47500 ns, At safepoint: 18200 ns, Total: 65700 ns
[2022-04-08T19:17:34.216+0000][9408][safepoint   ] Safepoint "Cleanup", Time since last: 3041888600 ns, Reaching safepoint: 59100 ns, At safepoint: 12700 ns, Total: 71800 ns
[2022-04-08T19:17:36.237+0000][9408][safepoint   ] Safepoint "Cleanup", Time since last: 2021439400 ns, Reaching safepoint: 114900 ns, At safepoint: 50600 ns, Total: 165500 ns
[2022-04-08T19:17:37.253+0000][9408][safepoint   ] Safepoint "Cleanup", Time since last: 1015188000 ns, Reaching safepoint: 76100 ns, At safepoint: 54600 ns, Total: 130700 ns
[2022-04-08T19:17:39.279+0000][9408][safepoint   ] Safepoint "Cleanup", Time since last: 2026015800 ns, Reaching safepoint: 56900 ns, At safepoint: 45700 ns, Total: 102600 ns
[2022-04-08T19:17:40.294+0000][9408][safepoint   ] Safepoint "Cleanup", Time since last: 1015279300 ns, Reaching safepoint: 65700 ns, At safepoint: 54500 ns, Total: 120200 ns
[2022-04-08T19:17:41.295+0000][9408][safepoint   ] Safepoint "Cleanup", Time since last: 1000906400 ns, Reaching safepoint: 125000 ns, At safepoint: 55000 ns, Total: 180000 ns
[2022-04-08T19:17:43.326+0000][9408][safepoint   ] Safepoint "Cleanup", Time since last: 2030449400 ns, Reaching safepoint: 74600 ns, At safepoint: 45600 ns, Total: 120200 ns
[2022-04-08T19:17:44.337+0000][9408][safepoint   ] Safepoint "Cleanup", Time since last: 1010760400 ns, Reaching safepoint: 48400 ns, At safepoint: 8700 ns, Total: 57100 ns
[2022-04-08T19:17:46.363+0000][9408][safepoint   ] Safepoint "Cleanup", Time since last: 2026450700 ns, Reaching safepoint: 54300 ns, At safepoint: 10100 ns, Total: 64400 ns
[2022-04-08T19:17:47.379+0000][9408][safepoint   ] Safepoint "Cleanup", Time since last: 1015334100 ns, Reaching safepoint: 46600 ns, At safepoint: 18000 ns, Total: 64600 ns
[2022-04-08T19:17:49.404+0000][9408][safepoint   ] Safepoint "Cleanup", Time since last: 2025633800 ns, Reaching safepoint: 47200 ns, At safepoint: 14700 ns, Total: 61900 ns
[2022-04-08T19:17:51.405+0000][9408][safepoint   ] Safepoint "Cleanup", Time since last: 2000663400 ns, Reaching safepoint: 74500 ns, At safepoint: 20000 ns, Total: 94500 ns
[2022-04-08T19:17:52.420+0000][9408][safepoint   ] Safepoint "Cleanup", Time since last: 1014875200 ns, Reaching safepoint: 47900 ns, At safepoint: 4800 ns, Total: 52700 ns
[2022-04-08T19:17:54.426+0000][9408][safepoint   ] Safepoint "Cleanup", Time since last: 2006318700 ns, Reaching safepoint: 36900 ns, At safepoint: 4900 ns, Total: 41800 ns
[2022-04-08T19:17:55.442+0000][9408][safepoint   ] Safepoint "Cleanup", Time since last: 1015569400 ns, Reaching safepoint: 51300 ns, At safepoint: 19100 ns, Total: 70400 ns
[2022-04-08T19:17:56.452+0000][9408][safepoint   ] Safepoint "Cleanup", Time since last: 1010112300 ns, Reaching safepoint: 38200 ns, At safepoint: 2000 ns, Total: 40200 ns
[2022-04-08T19:17:58.468+0000][9408][safepoint   ] Safepoint "Cleanup", Time since last: 2015558500 ns, Reaching safepoint: 50600 ns, At safepoint: 26300 ns, Total: 76900 ns
[2022-04-08T19:17:59.478+0000][9408][safepoint   ] Safepoint "Cleanup", Time since last: 1010471500 ns, Reaching safepoint: 48700 ns, At safepoint: 8700 ns, Total: 57400 ns
[2022-04-08T19:18:01.495+0000][9408][safepoint   ] Safepoint "Cleanup", Time since last: 2016229600 ns, Reaching safepoint: 127800 ns, At safepoint: 5700 ns, Total: 133500 ns
[2022-04-08T19:18:04.536+0000][9408][safepoint   ] Safepoint "Cleanup", Time since last: 3041434600 ns, Reaching safepoint: 60300 ns, At safepoint: 11900 ns, Total: 72200 ns
[2022-04-08T19:18:06.562+0000][9408][safepoint   ] Safepoint "Cleanup", Time since last: 2025992100 ns, Reaching safepoint: 57300 ns, At safepoint: 17600 ns, Total: 74900 ns
[2022-04-08T19:18:07.578+0000][9408][safepoint   ] Safepoint "Cleanup", Time since last: 1015270400 ns, Reaching safepoint: 160500 ns, At safepoint: 52900 ns, Total: 213400 ns
[2022-04-08T19:18:09.604+0000][9408][safepoint   ] Safepoint "Cleanup", Time since last: 2025907400 ns, Reaching safepoint: 49000 ns, At safepoint: 15800 ns, Total: 64800 ns
[2022-04-08T19:18:10.619+0000][9408][safepoint   ] Safepoint "Cleanup", Time since last: 1014837600 ns, Reaching safepoint: 37600 ns, At safepoint: 7000 ns, Total: 44600 ns
[2022-04-08T19:18:11.620+0000][9408][safepoint   ] Safepoint "Cleanup", Time since last: 1001142700 ns, Reaching safepoint: 58000 ns, At safepoint: 7300 ns, Total: 65300 ns
[2022-04-08T19:18:13.651+0000][9408][safepoint   ] Safepoint "Cleanup", Time since last: 2030568400 ns, Reaching safepoint: 54400 ns, At safepoint: 20100 ns, Total: 74500 ns
[2022-04-08T19:18:14.661+0000][9408][safepoint   ] Safepoint "Cleanup", Time since last: 1010725600 ns, Reaching safepoint: 48900 ns, At safepoint: 8700 ns, Total: 57600 ns
[2022-04-08T19:18:16.688+0000][9408][safepoint   ] Safepoint "Cleanup", Time since last: 2026298300 ns, Reaching safepoint: 48000 ns, At safepoint: 6400 ns, Total: 54400 ns
[2022-04-08T19:18:17.703+0000][9408][safepoint   ] Safepoint "Cleanup", Time since last: 1015250300 ns, Reaching safepoint: 46600 ns, At safepoint: 22700 ns, Total: 69300 ns
[2022-04-08T19:18:19.729+0000][9408][safepoint   ] Safepoint "Cleanup", Time since last: 2026289300 ns, Reaching safepoint: 49600 ns, At safepoint: 8200 ns, Total: 57800 ns
[2022-04-08T19:18:21.745+0000][9408][safepoint   ] Safepoint "Cleanup", Time since last: 2015536500 ns, Reaching safepoint: 80900 ns, At safepoint: 17000 ns, Total: 97900 ns
[2022-04-08T19:18:22.760+0000][9408][safepoint   ] Safepoint "Cleanup", Time since last: 1015216200 ns, Reaching safepoint: 54400 ns, At safepoint: 15300 ns, Total: 69700 ns
[2022-04-08T19:18:24.782+0000][9408][safepoint   ] Safepoint "Cleanup", Time since last: 2021424200 ns, Reaching safepoint: 51700 ns, At safepoint: 20000 ns, Total: 71700 ns
[2022-04-08T19:18:26.798+0000][9408][safepoint   ] Safepoint "Cleanup", Time since last: 2015731500 ns, Reaching safepoint: 47100 ns, At safepoint: 20400 ns, Total: 67500 ns
[2022-04-08T19:18:28.824+0000][9408][safepoint   ] Safepoint "Cleanup", Time since last: 2026145000 ns, Reaching safepoint: 40500 ns, At safepoint: 4800 ns, Total: 45300 ns
[2022-04-08T19:18:29.839+0000][9408][safepoint   ] Safepoint "Cleanup", Time since last: 1015365500 ns, Reaching safepoint: 48100 ns, At safepoint: 24600 ns, Total: 72700 ns
[2022-04-08T19:18:31.855+0000][9408][safepoint   ] Safepoint "Cleanup", Time since last: 2015909700 ns, Reaching safepoint: 50200 ns, At safepoint: 39300 ns, Total: 89500 ns
[2022-04-08T19:18:34.892+0000][9408][safepoint   ] Safepoint "Cleanup", Time since last: 3036510500 ns, Reaching safepoint: 46900 ns, At safepoint: 6500 ns, Total: 53400 ns
[2022-04-08T19:18:35.892+0000][9408][safepoint   ] Safepoint "Cleanup", Time since last: 1000644000 ns, Reaching safepoint: 46300 ns, At safepoint: 15300 ns, Total: 61600 ns
[2022-04-08T19:18:36.908+0000][9408][safepoint   ] Safepoint "Cleanup", Time since last: 1015213000 ns, Reaching safepoint: 62600 ns, At safepoint: 59800 ns, Total: 122400 ns
[2022-04-08T19:18:37.909+0000][9408][safepoint   ] Safepoint "Cleanup", Time since last: 1001675900 ns, Reaching safepoint: 82300 ns, At safepoint: 18200 ns, Total: 100500 ns
[2022-04-08T19:18:38.921+0000][9408][safepoint   ] Safepoint "Cleanup", Time since last: 1010948100 ns, Reaching safepoint: 54500 ns, At safepoint: 15100 ns, Total: 69600 ns
[2022-04-08T19:18:40.936+0000][9408][safepoint   ] Safepoint "Cleanup", Time since last: 2015877100 ns, Reaching safepoint: 76600 ns, At safepoint: 17200 ns, Total: 93800 ns
[2022-04-08T19:18:41.952+0000][9408][safepoint   ] Safepoint "Cleanup", Time since last: 1015203800 ns, Reaching safepoint: 68500 ns, At safepoint: 28400 ns, Total: 96900 ns
[2022-04-08T19:18:42.967+0000][9408][safepoint   ] Safepoint "Cleanup", Time since last: 1015288500 ns, Reaching safepoint: 37500 ns, At safepoint: 10300 ns, Total: 47800 ns
[2022-04-08T19:18:43.978+0000][9408][safepoint   ] Safepoint "Cleanup", Time since last: 1011293200 ns, Reaching safepoint: 43000 ns, At safepoint: 22000 ns, Total: 65000 ns
[2022-04-08T19:18:44.994+0000][9408][safepoint   ] Safepoint "Cleanup", Time since last: 1015271200 ns, Reaching safepoint: 46500 ns, At safepoint: 23800 ns, Total: 70300 ns
[2022-04-08T19:18:46.004+0000][9408][safepoint   ] Safepoint "Cleanup", Time since last: 1010057100 ns, Reaching safepoint: 60000 ns, At safepoint: 13800 ns, Total: 73800 ns
[2022-04-08T19:18:47.019+0000][9408][safepoint   ] Safepoint "Cleanup", Time since last: 1015339900 ns, Reaching safepoint: 38500 ns, At safepoint: 14300 ns, Total: 52800 ns
[2022-04-08T19:18:49.030+0000][9408][safepoint   ] Safepoint "Cleanup", Time since last: 2011063900 ns, Reaching safepoint: 52500 ns, At safepoint: 17700 ns, Total: 70200 ns
[2022-04-08T19:18:52.048+0000][9408][safepoint   ] Safepoint "Cleanup", Time since last: 3017165000 ns, Reaching safepoint: 62600 ns, At safepoint: 22200 ns, Total: 84800 ns
[2022-04-08T19:18:53.063+0000][9408][safepoint   ] Safepoint "Cleanup", Time since last: 1015257100 ns, Reaching safepoint: 42400 ns, At safepoint: 16400 ns, Total: 58800 ns
[2022-04-08T19:18:54.070+0000][9408][safepoint   ] Safepoint "Cleanup", Time since last: 1006541100 ns, Reaching safepoint: 50400 ns, At safepoint: 6800 ns, Total: 57200 ns
[2022-04-08T19:18:55.085+0000][9408][safepoint   ] Safepoint "Cleanup", Time since last: 1015085300 ns, Reaching safepoint: 57300 ns, At safepoint: 53400 ns, Total: 110700 ns
[2022-04-08T19:18:56.095+0000][9408][safepoint   ] Safepoint "Cleanup", Time since last: 1010150300 ns, Reaching safepoint: 42900 ns, At safepoint: 16300 ns, Total: 59200 ns
[2022-04-08T19:18:57.111+0000][9408][safepoint   ] Safepoint "Cleanup", Time since last: 1015433500 ns, Reaching safepoint: 46600 ns, At safepoint: 18500 ns, Total: 65100 ns
[2022-04-08T19:18:58.126+0000][9408][safepoint   ] Safepoint "Cleanup", Time since last: 1014855400 ns, Reaching safepoint: 82700 ns, At safepoint: 37700 ns, Total: 120400 ns
[2022-04-08T19:18:59.137+0000][9408][safepoint   ] Safepoint "Cleanup", Time since last: 1011197300 ns, Reaching safepoint: 54800 ns, At safepoint: 8700 ns, Total: 63500 ns
[2022-04-08T19:19:01.153+0000][9408][safepoint   ] Safepoint "Cleanup", Time since last: 2016063600 ns, Reaching safepoint: 42900 ns, At safepoint: 15700 ns, Total: 58600 ns
[2022-04-08T19:19:02.168+0000][9408][safepoint   ] Safepoint "Cleanup", Time since last: 1014941700 ns, Reaching safepoint: 43700 ns, At safepoint: 18800 ns, Total: 62500 ns
[2022-04-08T19:19:04.179+0000][9408][safepoint   ] Safepoint "Cleanup", Time since last: 2010849100 ns, Reaching safepoint: 52500 ns, At safepoint: 9800 ns, Total: 62300 ns
[2022-04-08T19:19:05.194+0000][9408][safepoint   ] Safepoint "Cleanup", Time since last: 1015297300 ns, Reaching safepoint: 50400 ns, At safepoint: 65600 ns, Total: 116000 ns
[2022-04-08T19:19:07.221+0000][9408][safepoint   ] Safepoint "Cleanup", Time since last: 2026296400 ns, Reaching safepoint: 49200 ns, At safepoint: 24800 ns, Total: 74000 ns
[2022-04-08T19:19:09.247+0000][9408][safepoint   ] Safepoint "Cleanup", Time since last: 2026060200 ns, Reaching safepoint: 52300 ns, At safepoint: 67000 ns, Total: 119300 ns
[2022-04-08T19:19:10.262+0000][9408][safepoint   ] Safepoint "Cleanup", Time since last: 1015165100 ns, Reaching safepoint: 82100 ns, At safepoint: 18500 ns, Total: 100600 ns
[2022-04-08T19:19:12.292+0000][9408][safepoint   ] Safepoint "Cleanup", Time since last: 2030057000 ns, Reaching safepoint: 50600 ns, At safepoint: 17800 ns, Total: 68400 ns
[2022-04-08T19:19:13.307+0000][9408][safepoint   ] Safepoint "Cleanup", Time since last: 1014692600 ns, Reaching safepoint: 60900 ns, At safepoint: 8500 ns, Total: 69400 ns
[2022-04-08T19:19:14.322+0000][9408][safepoint   ] Safepoint "Cleanup", Time since last: 1014792500 ns, Reaching safepoint: 49200 ns, At safepoint: 22400 ns, Total: 71600 ns
[2022-04-08T19:19:16.348+0000][9408][safepoint   ] Safepoint "Cleanup", Time since last: 2025920700 ns, Reaching safepoint: 53000 ns, At safepoint: 15800 ns, Total: 68800 ns
[2022-04-08T19:19:17.350+0000][9408][safepoint   ] Safepoint "Cleanup", Time since last: 1001865500 ns, Reaching safepoint: 51800 ns, At safepoint: 13800 ns, Total: 65600 ns
[2022-04-08T19:19:19.361+0000][9408][safepoint   ] Safepoint "Cleanup", Time since last: 2010958200 ns, Reaching safepoint: 41900 ns, At safepoint: 8700 ns, Total: 50600 ns
[2022-04-08T19:19:22.392+0000][9408][safepoint   ] Safepoint "Cleanup", Time since last: 3030914800 ns, Reaching safepoint: 67100 ns, At safepoint: 58300 ns, Total: 125400 ns
[2022-04-08T19:19:24.413+0000][9408][safepoint   ] Safepoint "Cleanup", Time since last: 2020794400 ns, Reaching safepoint: 51300 ns, At safepoint: 10000 ns, Total: 61300 ns
[2022-04-08T19:19:25.428+0000][9408][safepoint   ] Safepoint "Cleanup", Time since last: 1015194600 ns, Reaching safepoint: 74200 ns, At safepoint: 63900 ns, Total: 138100 ns
[2022-04-08T19:19:27.454+0000][9408][safepoint   ] Safepoint "Cleanup", Time since last: 2026336300 ns, Reaching safepoint: 56200 ns, At safepoint: 14100 ns, Total: 70300 ns
[2022-04-08T19:19:28.470+0000][9408][safepoint   ] Safepoint "Cleanup", Time since last: 1015302900 ns, Reaching safepoint: 64900 ns, At safepoint: 19200 ns, Total: 84100 ns
[2022-04-08T19:19:29.480+0000][9408][safepoint   ] Safepoint "Cleanup", Time since last: 1010575400 ns, Reaching safepoint: 49100 ns, At safepoint: 17000 ns, Total: 66100 ns
[2022-04-08T19:19:31.497+0000][9408][safepoint   ] Safepoint "Cleanup", Time since last: 2016076700 ns, Reaching safepoint: 41600 ns, At safepoint: 18400 ns, Total: 60000 ns
[2022-04-08T19:19:32.512+0000][9408][safepoint   ] Safepoint "Cleanup", Time since last: 1015304400 ns, Reaching safepoint: 52600 ns, At safepoint: 19100 ns, Total: 71700 ns
[2022-04-08T19:19:34.534+0000][9408][safepoint   ] Safepoint "Cleanup", Time since last: 2021515400 ns, Reaching safepoint: 60600 ns, At safepoint: 16200 ns, Total: 76800 ns
[2022-04-08T19:19:37.561+0000][9408][safepoint   ] Safepoint "Cleanup", Time since last: 3027340100 ns, Reaching safepoint: 41000 ns, At safepoint: 15700 ns, Total: 56700 ns
[2022-04-08T19:19:39.586+0000][9408][safepoint   ] Safepoint "Cleanup", Time since last: 2025225400 ns, Reaching safepoint: 43000 ns, At safepoint: 6200 ns, Total: 49200 ns
[2022-04-08T19:19:40.586+0000][9408][safepoint   ] Safepoint "Cleanup", Time since last: 1000012300 ns, Reaching safepoint: 58900 ns, At safepoint: 19500 ns, Total: 78400 ns
[2022-04-08T19:19:41.595+0000][9408][safepoint   ] Safepoint "Cleanup", Time since last: 1008342700 ns, Reaching safepoint: 50500 ns, At safepoint: 55100 ns, Total: 105600 ns
[2022-04-08T19:19:43.626+0000][9408][safepoint   ] Safepoint "Cleanup", Time since last: 2031195200 ns, Reaching safepoint: 56700 ns, At safepoint: 16100 ns, Total: 72800 ns
[2022-04-08T19:19:44.637+0000][9408][safepoint   ] Safepoint "Cleanup", Time since last: 1010598000 ns, Reaching safepoint: 55000 ns, At safepoint: 54800 ns, Total: 109800 ns
[2022-04-08T19:19:46.653+0000][9408][safepoint   ] Safepoint "Cleanup", Time since last: 2016218800 ns, Reaching safepoint: 49700 ns, At safepoint: 15800 ns, Total: 65500 ns
[2022-04-08T19:19:47.668+0000][9408][safepoint   ] Safepoint "Cleanup", Time since last: 1014911600 ns, Reaching safepoint: 76000 ns, At safepoint: 15300 ns, Total: 91300 ns
[2022-04-08T19:19:49.678+0000][9408][safepoint   ] Safepoint "Cleanup", Time since last: 2010276000 ns, Reaching safepoint: 51900 ns, At safepoint: 5400 ns, Total: 57300 ns
[2022-04-08T19:19:51.695+0000][9408][safepoint   ] Safepoint "Cleanup", Time since last: 2016168500 ns, Reaching safepoint: 39600 ns, At safepoint: 52500 ns, Total: 92100 ns
[2022-04-08T19:19:52.710+0000][9408][safepoint   ] Safepoint "Cleanup", Time since last: 1015225700 ns, Reaching safepoint: 44400 ns, At safepoint: 17800 ns, Total: 62200 ns
[2022-04-08T19:19:54.738+0000][9408][safepoint   ] Safepoint "Cleanup", Time since last: 2027659300 ns, Reaching safepoint: 48200 ns, At safepoint: 8100 ns, Total: 56300 ns
[2022-04-08T19:19:55.748+0000][9408][safepoint   ] Safepoint "Cleanup", Time since last: 1010550400 ns, Reaching safepoint: 53600 ns, At safepoint: 10700 ns, Total: 64300 ns
[2022-04-08T19:19:56.764+0000][9408][safepoint   ] Safepoint "Cleanup", Time since last: 1015268200 ns, Reaching safepoint: 64600 ns, At safepoint: 53400 ns, Total: 118000 ns
[2022-04-08T19:19:58.513+0000][9408][safepoint   ] Safepoint "Cleanup", Time since last: 1757177000 ns, Reaching safepoint: 33000 ns, At safepoint: 11500 ns, Total: 44500 ns
[2022-04-08T19:19:59.524+0000][9408][safepoint   ] Safepoint "Cleanup", Time since last: 1002619200 ns, Reaching safepoint: 83700 ns, At safepoint: 10300 ns, Total: 94000 ns
[2022-04-08T19:20:01.539+0000][9408][safepoint   ] Safepoint "Cleanup", Time since last: 2015717700 ns, Reaching safepoint: 64400 ns, At safepoint: 7000 ns, Total: 71400 ns
[2022-04-08T19:20:02.555+0000][9408][safepoint   ] Safepoint "Cleanup", Time since last: 1015303900 ns, Reaching safepoint: 43300 ns, At safepoint: 6800 ns, Total: 50100 ns
[2022-04-08T19:20:04.581+0000][9408][safepoint   ] Safepoint "Cleanup", Time since last: 2025973100 ns, Reaching safepoint: 59300 ns, At safepoint: 7000 ns, Total: 66300 ns
[2022-04-08T19:20:05.596+0000][9408][safepoint   ] Safepoint "Cleanup", Time since last: 1015225700 ns, Reaching safepoint: 51700 ns, At safepoint: 6100 ns, Total: 57800 ns
[2022-04-08T19:20:07.607+0000][9408][safepoint   ] Safepoint "Cleanup", Time since last: 2010484200 ns, Reaching safepoint: 46900 ns, At safepoint: 19700 ns, Total: 66600 ns
[2022-04-08T19:20:09.633+0000][9408][safepoint   ] Safepoint "Cleanup", Time since last: 2026058600 ns, Reaching safepoint: 42400 ns, At safepoint: 17500 ns, Total: 59900 ns
[2022-04-08T19:20:10.654+0000][9408][safepoint   ] Safepoint "Cleanup", Time since last: 1021007300 ns, Reaching safepoint: 70900 ns, At safepoint: 24500 ns, Total: 95400 ns
[2022-04-08T19:20:11.665+0000][9408][safepoint   ] Safepoint "Cleanup", Time since last: 1010705600 ns, Reaching safepoint: 48100 ns, At safepoint: 9000 ns, Total: 57100 ns
[2022-04-08T19:20:13.695+0000][9408][safepoint   ] Safepoint "Cleanup", Time since last: 2030752900 ns, Reaching safepoint: 49000 ns, At safepoint: 53100 ns, Total: 102100 ns
[2022-04-08T19:20:14.706+0000][9408][safepoint   ] Safepoint "Cleanup", Time since last: 1010615400 ns, Reaching safepoint: 65900 ns, At safepoint: 51900 ns, Total: 117800 ns
[2022-04-08T19:20:16.732+0000][9408][safepoint   ] Safepoint "Cleanup", Time since last: 2026097300 ns, Reaching safepoint: 52500 ns, At safepoint: 16600 ns, Total: 69100 ns
[2022-04-08T19:20:17.748+0000][9408][safepoint   ] Safepoint "Cleanup", Time since last: 1015371500 ns, Reaching safepoint: 39000 ns, At safepoint: 20700 ns, Total: 59700 ns
[2022-04-08T19:20:19.790+0000][9408][safepoint   ] Safepoint "Cleanup", Time since last: 2041760800 ns, Reaching safepoint: 47400 ns, At safepoint: 13500 ns, Total: 60900 ns
[2022-04-08T19:20:21.806+0000][9408][safepoint   ] Safepoint "Cleanup", Time since last: 2015878300 ns, Reaching safepoint: 50200 ns, At safepoint: 48100 ns, Total: 98300 ns
[2022-04-08T19:20:22.821+0000][9408][safepoint   ] Safepoint "Cleanup", Time since last: 1014961800 ns, Reaching safepoint: 36800 ns, At safepoint: 4900 ns, Total: 41700 ns
[2022-04-08T19:20:24.842+0000][9408][safepoint   ] Safepoint "Cleanup", Time since last: 2021275900 ns, Reaching safepoint: 96500 ns, At safepoint: 12300 ns, Total: 108800 ns
[2022-04-08T19:20:26.859+0000][9408][safepoint   ] Safepoint "Cleanup", Time since last: 2016603900 ns, Reaching safepoint: 59500 ns, At safepoint: 11200 ns, Total: 70700 ns
[2022-04-08T19:20:28.885+0000][9408][safepoint   ] Safepoint "Cleanup", Time since last: 2025926200 ns, Reaching safepoint: 45300 ns, At safepoint: 6600 ns, Total: 51900 ns
[2022-04-08T19:20:29.900+0000][9408][safepoint   ] Safepoint "Cleanup", Time since last: 1015275400 ns, Reaching safepoint: 51500 ns, At safepoint: 53500 ns, Total: 105000 ns
[2022-04-08T19:20:31.916+0000][9408][safepoint   ] Safepoint "Cleanup", Time since last: 2015573100 ns, Reaching safepoint: 44100 ns, At safepoint: 7200 ns, Total: 51300 ns
[2022-04-08T19:20:34.954+0000][9408][safepoint   ] Safepoint "Cleanup", Time since last: 3037888500 ns, Reaching safepoint: 52000 ns, At safepoint: 16000 ns, Total: 68000 ns
[2022-04-08T19:20:36.981+0000][9408][safepoint   ] Safepoint "Cleanup", Time since last: 2027512100 ns, Reaching safepoint: 46100 ns, At safepoint: 18100 ns, Total: 64200 ns
[2022-04-08T19:20:37.996+0000][9408][safepoint   ] Safepoint "Cleanup", Time since last: 1015155900 ns, Reaching safepoint: 44300 ns, At safepoint: 4500 ns, Total: 48800 ns
[2022-04-08T19:20:40.023+0000][9408][safepoint   ] Safepoint "Cleanup", Time since last: 2026256900 ns, Reaching safepoint: 55900 ns, At safepoint: 56300 ns, Total: 112200 ns
[2022-04-08T19:20:41.023+0000][9408][safepoint   ] Safepoint "Cleanup", Time since last: 1000693000 ns, Reaching safepoint: 50300 ns, At safepoint: 5200 ns, Total: 55500 ns
[2022-04-08T19:20:42.039+0000][9408][safepoint   ] Safepoint "Cleanup", Time since last: 1015312100 ns, Reaching safepoint: 46800 ns, At safepoint: 15600 ns, Total: 62400 ns
[2022-04-08T19:20:44.065+0000][9408][safepoint   ] Safepoint "Cleanup", Time since last: 2026059700 ns, Reaching safepoint: 48700 ns, At safepoint: 4600 ns, Total: 53300 ns
[2022-04-08T19:20:45.080+0000][9408][safepoint   ] Safepoint "Cleanup", Time since last: 1015103100 ns, Reaching safepoint: 58700 ns, At safepoint: 7700 ns, Total: 66400 ns
[2022-04-08T19:20:47.107+0000][9408][safepoint   ] Safepoint "Cleanup", Time since last: 2026542500 ns, Reaching safepoint: 48500 ns, At safepoint: 5800 ns, Total: 54300 ns
[2022-04-08T19:20:50.142+0000][9408][safepoint   ] Safepoint "Cleanup", Time since last: 3034754400 ns, Reaching safepoint: 50200 ns, At safepoint: 6400 ns, Total: 56600 ns
[2022-04-08T19:20:52.172+0000][9408][safepoint   ] Safepoint "Cleanup", Time since last: 2030804400 ns, Reaching safepoint: 54700 ns, At safepoint: 7900 ns, Total: 62600 ns
[2022-04-08T19:20:53.173+0000][9408][safepoint   ] Safepoint "Cleanup", Time since last: 1000185600 ns, Reaching safepoint: 44900 ns, At safepoint: 15500 ns, Total: 60400 ns
[2022-04-08T19:20:55.182+0000][9408][safepoint   ] Safepoint "Cleanup", Time since last: 2009143600 ns, Reaching safepoint: 57000 ns, At safepoint: 15400 ns, Total: 72400 ns
[2022-04-08T19:20:56.193+0000][9408][safepoint   ] Safepoint "Cleanup", Time since last: 1010749300 ns, Reaching safepoint: 59100 ns, At safepoint: 14700 ns, Total: 73800 ns
[2022-04-08T19:20:57.208+0000][9408][safepoint   ] Safepoint "Cleanup", Time since last: 1015290100 ns, Reaching safepoint: 63500 ns, At safepoint: 54100 ns, Total: 117600 ns
[2022-04-08T19:20:59.236+0000][9408][safepoint   ] Safepoint "Cleanup", Time since last: 2027909700 ns, Reaching safepoint: 47400 ns, At safepoint: 13400 ns, Total: 60800 ns
[2022-04-08T19:21:00.251+0000][9408][safepoint   ] Safepoint "Cleanup", Time since last: 1015279900 ns, Reaching safepoint: 43200 ns, At safepoint: 17900 ns, Total: 61100 ns
[2022-04-08T19:21:02.267+0000][9408][safepoint   ] Safepoint "Cleanup", Time since last: 2015794200 ns, Reaching safepoint: 97600 ns, At safepoint: 9500 ns, Total: 107100 ns
[2022-04-08T19:21:05.279+0000][9408][safepoint   ] Safepoint "Cleanup", Time since last: 3011640100 ns, Reaching safepoint: 45400 ns, At safepoint: 7100 ns, Total: 52500 ns
[2022-04-08T19:21:06.279+0000][9408][safepoint   ] Safepoint "Cleanup", Time since last: 1000031500 ns, Reaching safepoint: 114400 ns, At safepoint: 4600 ns, Total: 119000 ns
[2022-04-08T19:21:07.294+0000][9408][safepoint   ] Safepoint "Cleanup", Time since last: 1014927500 ns, Reaching safepoint: 47500 ns, At safepoint: 6800 ns, Total: 54300 ns
[2022-04-08T19:21:08.294+0000][9408][safepoint   ] Safepoint "Cleanup", Time since last: 1000032900 ns, Reaching safepoint: 50000 ns, At safepoint: 6800 ns, Total: 56800 ns
[2022-04-08T19:21:10.320+0000][9408][safepoint   ] Safepoint "Cleanup", Time since last: 2025876900 ns, Reaching safepoint: 44200 ns, At safepoint: 7000 ns, Total: 51200 ns
[2022-04-08T19:21:11.321+0000][9408][safepoint   ] Safepoint "Cleanup", Time since last: 1000348000 ns, Reaching safepoint: 47300 ns, At safepoint: 8900 ns, Total: 56200 ns
[2022-04-08T19:21:12.336+0000][9408][safepoint   ] Safepoint "Cleanup", Time since last: 1015302100 ns, Reaching safepoint: 43700 ns, At safepoint: 9900 ns, Total: 53600 ns
[2022-04-08T19:21:13.351+0000][9408][safepoint   ] Safepoint "Cleanup", Time since last: 1014815500 ns, Reaching safepoint: 44300 ns, At safepoint: 4900 ns, Total: 49200 ns
[2022-04-08T19:21:14.362+0000][9408][safepoint   ] Safepoint "Cleanup", Time since last: 1011224200 ns, Reaching safepoint: 116500 ns, At safepoint: 5100 ns, Total: 121600 ns
[2022-04-08T19:21:16.388+0000][9408][safepoint   ] Safepoint "Cleanup", Time since last: 2025446400 ns, Reaching safepoint: 39200 ns, At safepoint: 12100 ns, Total: 51300 ns
[2022-04-08T19:21:17.403+0000][9408][safepoint   ] Safepoint "Cleanup", Time since last: 1015289200 ns, Reaching safepoint: 66000 ns, At safepoint: 4600 ns, Total: 70600 ns
[2022-04-08T19:21:19.414+0000][9408][safepoint   ] Safepoint "Cleanup", Time since last: 2011215800 ns, Reaching safepoint: 49200 ns, At safepoint: 6500 ns, Total: 55700 ns
[2022-04-08T19:21:22.445+0000][9408][safepoint   ] Safepoint "Cleanup", Time since last: 3030641100 ns, Reaching safepoint: 48600 ns, At safepoint: 4900 ns, Total: 53500 ns
[2022-04-08T19:21:24.466+0000][9408][safepoint   ] Safepoint "Cleanup", Time since last: 2021289800 ns, Reaching safepoint: 45000 ns, At safepoint: 8900 ns, Total: 53900 ns
[2022-04-08T19:21:25.482+0000][9408][safepoint   ] Safepoint "Cleanup", Time since last: 1015344100 ns, Reaching safepoint: 104000 ns, At safepoint: 4500 ns, Total: 108500 ns
[2022-04-08T19:21:27.498+0000][9408][safepoint   ] Safepoint "Cleanup", Time since last: 2015992000 ns, Reaching safepoint: 121200 ns, At safepoint: 4600 ns, Total: 125800 ns
[2022-04-08T19:21:28.513+0000][9408][safepoint   ] Safepoint "Cleanup", Time since last: 1015181800 ns, Reaching safepoint: 42200 ns, At safepoint: 5300 ns, Total: 47500 ns
[2022-04-08T19:21:29.524+0000][9408][safepoint   ] Safepoint "Cleanup", Time since last: 1010934000 ns, Reaching safepoint: 47600 ns, At safepoint: 5300 ns, Total: 52900 ns
[2022-04-08T19:21:31.540+0000][9408][safepoint   ] Safepoint "Cleanup", Time since last: 2015443700 ns, Reaching safepoint: 45800 ns, At safepoint: 5300 ns, Total: 51100 ns
[2022-04-08T19:21:33.555+0000][9408][safepoint   ] Safepoint "Cleanup", Time since last: 2015461500 ns, Reaching safepoint: 44100 ns, At safepoint: 5800 ns, Total: 49900 ns
[2022-04-08T19:21:34.560+0000][9408][safepoint   ] Safepoint "Cleanup", Time since last: 1004789400 ns, Reaching safepoint: 40600 ns, At safepoint: 4400 ns, Total: 45000 ns
[2022-04-08T19:21:37.576+0000][9408][safepoint   ] Safepoint "Cleanup", Time since last: 3015952300 ns, Reaching safepoint: 47800 ns, At safepoint: 5300 ns, Total: 53100 ns
[2022-04-08T19:21:39.602+0000][9408][safepoint   ] Safepoint "Cleanup", Time since last: 2025944800 ns, Reaching safepoint: 47200 ns, At safepoint: 8600 ns, Total: 55800 ns
[2022-04-08T19:21:40.617+0000][9408][safepoint   ] Safepoint "Cleanup", Time since last: 1015316800 ns, Reaching safepoint: 45100 ns, At safepoint: 8400 ns, Total: 53500 ns
[2022-04-08T19:21:42.633+0000][9408][safepoint   ] Safepoint "Cleanup", Time since last: 2015838900 ns, Reaching safepoint: 126800 ns, At safepoint: 4500 ns, Total: 131300 ns
[2022-04-08T19:21:44.660+0000][9408][safepoint   ] Safepoint "Cleanup", Time since last: 2026393600 ns, Reaching safepoint: 63000 ns, At safepoint: 5900 ns, Total: 68900 ns
[2022-04-08T19:21:55.780+0000][9408][safepoint   ] Safepoint "Cleanup", Time since last: 11119862800 ns, Reaching safepoint: 47300 ns, At safepoint: 15300 ns, Total: 62600 ns
[2022-04-08T19:21:56.795+0000][9408][safepoint   ] Safepoint "Cleanup", Time since last: 1015190700 ns, Reaching safepoint: 52400 ns, At safepoint: 7900 ns, Total: 60300 ns
[2022-04-08T19:21:58.821+0000][9408][safepoint   ] Safepoint "Cleanup", Time since last: 2026200200 ns, Reaching safepoint: 48500 ns, At safepoint: 8900 ns, Total: 57400 ns
[2022-04-08T19:22:10.962+0000][9408][safepoint   ] Safepoint "Cleanup", Time since last: 12141235400 ns, Reaching safepoint: 53600 ns, At safepoint: 7600 ns, Total: 61200 ns
[2022-04-08T19:22:17.016+0000][9408][safepoint   ] Safepoint "Cleanup", Time since last: 6053835900 ns, Reaching safepoint: 39500 ns, At safepoint: 4600 ns, Total: 44100 ns
[2022-04-08T19:22:19.027+0000][9408][safepoint   ] Safepoint "Cleanup", Time since last: 2011073300 ns, Reaching safepoint: 53800 ns, At safepoint: 9200 ns, Total: 63000 ns
[2022-04-08T19:22:23.074+0000][9408][safepoint   ] Safepoint "Cleanup", Time since last: 4046336900 ns, Reaching safepoint: 53900 ns, At safepoint: 12600 ns, Total: 66500 ns
[2022-04-08T19:22:29.149+0000][9408][safepoint   ] Safepoint "Cleanup", Time since last: 6074994800 ns, Reaching safepoint: 42800 ns, At safepoint: 13500 ns, Total: 56300 ns
[2022-04-08T19:22:35.232+0000][9408][safepoint   ] Safepoint "Cleanup", Time since last: 6083355500 ns, Reaching safepoint: 52700 ns, At safepoint: 4700 ns, Total: 57400 ns
[2022-04-08T19:22:41.317+0000][9408][safepoint   ] Safepoint "Cleanup", Time since last: 6085084000 ns, Reaching safepoint: 47600 ns, At safepoint: 5600 ns, Total: 53200 ns
[2022-04-08T19:22:44.358+0000][9408][safepoint   ] Safepoint "Cleanup", Time since last: 3040676100 ns, Reaching safepoint: 58400 ns, At safepoint: 6000 ns, Total: 64400 ns
[2022-04-08T19:22:50.414+0000][9408][safepoint   ] Safepoint "Cleanup", Time since last: 6056059800 ns, Reaching safepoint: 50500 ns, At safepoint: 5300 ns, Total: 55800 ns
[2022-04-08T19:22:53.438+0000][9408][safepoint   ] Safepoint "Cleanup", Time since last: 3024014200 ns, Reaching safepoint: 50300 ns, At safepoint: 6700 ns, Total: 57000 ns
[2022-04-08T19:22:56.470+0000][9408][safepoint   ] Safepoint "Cleanup", Time since last: 3031467000 ns, Reaching safepoint: 42300 ns, At safepoint: 14000 ns, Total: 56300 ns
[2022-04-08T19:22:59.511+0000][9408][safepoint   ] Safepoint "Cleanup", Time since last: 3040828900 ns, Reaching safepoint: 48100 ns, At safepoint: 6800 ns, Total: 54900 ns
[2022-04-08T19:23:02.542+0000][9408][safepoint   ] Safepoint "Cleanup", Time since last: 3031400600 ns, Reaching safepoint: 47900 ns, At safepoint: 5700 ns, Total: 53600 ns
[2022-04-08T19:23:05.581+0000][9408][safepoint   ] Safepoint "Cleanup", Time since last: 3038709500 ns, Reaching safepoint: 49900 ns, At safepoint: 7100 ns, Total: 57000 ns
[2022-04-08T19:23:11.664+0000][9408][safepoint   ] Safepoint "Cleanup", Time since last: 6082614300 ns, Reaching safepoint: 61600 ns, At safepoint: 8600 ns, Total: 70200 ns
[2022-04-08T19:23:17.746+0000][9408][safepoint   ] Safepoint "Cleanup", Time since last: 6082029900 ns, Reaching safepoint: 62000 ns, At safepoint: 5300 ns, Total: 67300 ns
[2022-04-08T19:23:22.788+0000][9408][safepoint   ] Safepoint "Cleanup", Time since last: 5042404400 ns, Reaching safepoint: 81800 ns, At safepoint: 26400 ns, Total: 108200 ns
[2022-04-08T19:23:34.915+0000][9408][safepoint   ] Safepoint "Cleanup", Time since last: 12126737700 ns, Reaching safepoint: 49800 ns, At safepoint: 6300 ns, Total: 56100 ns
[2022-04-08T19:23:40.948+0000][9408][safepoint   ] Safepoint "Cleanup", Time since last: 6032932300 ns, Reaching safepoint: 55000 ns, At safepoint: 7400 ns, Total: 62400 ns
[2022-04-08T19:23:41.967+0000][9408][safepoint   ] Safepoint "Cleanup", Time since last: 1019236800 ns, Reaching safepoint: 54900 ns, At safepoint: 7200 ns, Total: 62100 ns
[2022-04-08T19:23:45.020+0000][9408][safepoint   ] Safepoint "Cleanup", Time since last: 3052536300 ns, Reaching safepoint: 72800 ns, At safepoint: 6400 ns, Total: 79200 ns
[2022-04-08T19:23:53.103+0000][9408][safepoint   ] Safepoint "Cleanup", Time since last: 8083266500 ns, Reaching safepoint: 53500 ns, At safepoint: 7000 ns, Total: 60500 ns
[2022-04-08T19:23:56.125+0000][9408][safepoint   ] Safepoint "Cleanup", Time since last: 3021626000 ns, Reaching safepoint: 54200 ns, At safepoint: 9000 ns, Total: 63200 ns
[2022-04-08T19:24:11.323+0000][9408][safepoint   ] Safepoint "Cleanup", Time since last: 15197721200 ns, Reaching safepoint: 46100 ns, At safepoint: 14800 ns, Total: 60900 ns
[2022-04-08T19:24:18.399+0000][9408][safepoint   ] Safepoint "Cleanup", Time since last: 7075702800 ns, Reaching safepoint: 161200 ns, At safepoint: 7600 ns, Total: 168800 ns
[2022-04-08T19:24:34.562+0000][9408][safepoint   ] Safepoint "Cleanup", Time since last: 16163502000 ns, Reaching safepoint: 64800 ns, At safepoint: 9200 ns, Total: 74000 ns
[2022-04-08T19:24:35.576+0000][9408][safepoint   ] Safepoint "Cleanup", Time since last: 1014149300 ns, Reaching safepoint: 52000 ns, At safepoint: 10200 ns, Total: 62200 ns
[2022-04-08T19:24:44.656+0000][9408][safepoint   ] Safepoint "Cleanup", Time since last: 9079163100 ns, Reaching safepoint: 55800 ns, At safepoint: 6300 ns, Total: 62100 ns
[2022-04-08T19:24:47.679+0000][9408][safepoint   ] Safepoint "Cleanup", Time since last: 3023604500 ns, Reaching safepoint: 58200 ns, At safepoint: 6200 ns, Total: 64400 ns
[2022-04-08T19:24:53.750+0000][9408][safepoint   ] Safepoint "Cleanup", Time since last: 6070607400 ns, Reaching safepoint: 37800 ns, At safepoint: 4600 ns, Total: 42400 ns
[2022-04-08T19:24:59.790+0000][9408][safepoint   ] Safepoint "Cleanup", Time since last: 6039772500 ns, Reaching safepoint: 58600 ns, At safepoint: 8400 ns, Total: 67000 ns
[2022-04-08T19:25:02.818+0000][9408][safepoint   ] Safepoint "Cleanup", Time since last: 3028586000 ns, Reaching safepoint: 43700 ns, At safepoint: 4100 ns, Total: 47800 ns
[2022-04-08T19:25:05.846+0000][9408][safepoint   ] Safepoint "Cleanup", Time since last: 3027672700 ns, Reaching safepoint: 67700 ns, At safepoint: 8300 ns, Total: 76000 ns
[2022-04-08T19:25:17.949+0000][9408][safepoint   ] Safepoint "Cleanup", Time since last: 12102725500 ns, Reaching safepoint: 55100 ns, At safepoint: 9000 ns, Total: 64100 ns
[2022-04-08T19:25:25.020+0000][9408][safepoint   ] Safepoint "Cleanup", Time since last: 7070776000 ns, Reaching safepoint: 46500 ns, At safepoint: 5700 ns, Total: 52200 ns
[2022-04-08T19:25:35.068+0000][9408][gc,start    ] GC(16) Pause Young (Normal) (G1 Evacuation Pause)
[2022-04-08T19:25:35.068+0000][9408][gc,task     ] GC(16) Using 4 workers of 4 for evacuation
[2022-04-08T19:25:35.068+0000][9408][gc,age      ] GC(16) Desired survivor size 320864256 bytes, new threshold 15 (max threshold 15)
[2022-04-08T19:25:35.115+0000][9408][gc,age      ] GC(16) Age table with threshold 15 (max threshold 15)
[2022-04-08T19:25:35.115+0000][9408][gc,age      ] GC(16) - age   1:    1006280 bytes,    1006280 total
[2022-04-08T19:25:35.115+0000][9408][gc,age      ] GC(16) - age   2:     345064 bytes,    1351344 total
[2022-04-08T19:25:35.115+0000][9408][gc,age      ] GC(16) - age   3:    4221248 bytes,    5572592 total
[2022-04-08T19:25:35.115+0000][9408][gc,age      ] GC(16) - age   4:   21894664 bytes,   27467256 total
[2022-04-08T19:25:35.115+0000][9408][gc,age      ] GC(16) - age   5:   18632704 bytes,   46099960 total
[2022-04-08T19:25:35.115+0000][9408][gc,phases   ] GC(16)   Pre Evacuate Collection Set: 0.2ms
[2022-04-08T19:25:35.115+0000][9408][gc,phases   ] GC(16)   Merge Heap Roots: 0.2ms
[2022-04-08T19:25:35.115+0000][9408][gc,phases   ] GC(16)   Evacuate Collection Set: 33.4ms
[2022-04-08T19:25:35.115+0000][9408][gc,phases   ] GC(16)   Post Evacuate Collection Set: 5.2ms
[2022-04-08T19:25:35.115+0000][9408][gc,phases   ] GC(16)   Other: 0.5ms
[2022-04-08T19:25:35.115+0000][9408][gc,heap     ] GC(16) Eden regions: 1208->0(1208)
[2022-04-08T19:25:35.115+0000][9408][gc,heap     ] GC(16) Survivor regions: 12->12(153)
[2022-04-08T19:25:35.115+0000][9408][gc,heap     ] GC(16) Old regions: 12->12
[2022-04-08T19:25:35.115+0000][9408][gc,heap     ] GC(16) Archive regions: 0->0
[2022-04-08T19:25:35.115+0000][9408][gc,heap     ] GC(16) Humongous regions: 5->5
[2022-04-08T19:25:35.115+0000][9408][gc,metaspace] GC(16) Metaspace: 126094K(128320K)->126094K(128320K) NonClass: 109269K(110592K)->109269K(110592K) Class: 16824K(17728K)->16824K(17728K)
[2022-04-08T19:25:35.115+0000][9408][gc          ] GC(16) Pause Young (Normal) (G1 Evacuation Pause) 4946M->114M(8136M) 39.662ms
[2022-04-08T19:25:35.115+0000][9408][gc,cpu      ] GC(16) User=0.19s Sys=0.00s Real=0.05s
[2022-04-08T19:25:35.115+0000][9408][safepoint   ] Safepoint "G1CollectForAllocation", Time since last: 10062885100 ns, Reaching safepoint: 102200 ns, At safepoint: 39794100 ns, Total: 39896300 ns
[2022-04-08T19:25:44.205+0000][9408][safepoint   ] Safepoint "Cleanup", Time since last: 9082402400 ns, Reaching safepoint: 53700 ns, At safepoint: 7900 ns, Total: 61600 ns
[2022-04-08T19:25:47.247+0000][9408][safepoint   ] Safepoint "Cleanup", Time since last: 3041664000 ns, Reaching safepoint: 52800 ns, At safepoint: 11900 ns, Total: 64700 ns
[2022-04-08T19:25:53.320+0000][9408][safepoint   ] Safepoint "Cleanup", Time since last: 6072716900 ns, Reaching safepoint: 48100 ns, At safepoint: 8500 ns, Total: 56600 ns
[2022-04-08T19:25:56.342+0000][9408][safepoint   ] Safepoint "Cleanup", Time since last: 3022169300 ns, Reaching safepoint: 56000 ns, At safepoint: 8400 ns, Total: 64400 ns
[2022-04-08T19:25:59.383+0000][9408][safepoint   ] Safepoint "Cleanup", Time since last: 3041468400 ns, Reaching safepoint: 44600 ns, At safepoint: 6000 ns, Total: 50600 ns
[2022-04-08T19:26:05.434+0000][9408][safepoint   ] Safepoint "Cleanup", Time since last: 6050523500 ns, Reaching safepoint: 54800 ns, At safepoint: 5300 ns, Total: 60100 ns
[2022-04-08T19:26:10.492+0000][9408][safepoint   ] Safepoint "Cleanup", Time since last: 5058003600 ns, Reaching safepoint: 53600 ns, At safepoint: 6900 ns, Total: 60500 ns
[2022-04-08T19:26:17.552+0000][9408][safepoint   ] Safepoint "Cleanup", Time since last: 7060312300 ns, Reaching safepoint: 50800 ns, At safepoint: 9300 ns, Total: 60100 ns
[2022-04-08T19:26:23.619+0000][9408][safepoint   ] Safepoint "Cleanup", Time since last: 6066937600 ns, Reaching safepoint: 49200 ns, At safepoint: 16500 ns, Total: 65700 ns
[2022-04-08T19:26:26.657+0000][9408][safepoint   ] Safepoint "Cleanup", Time since last: 3037919800 ns, Reaching safepoint: 40000 ns, At safepoint: 5100 ns, Total: 45100 ns
[2022-04-08T19:26:40.820+0000][9408][safepoint   ] Safepoint "Cleanup", Time since last: 14163014900 ns, Reaching safepoint: 46700 ns, At safepoint: 7500 ns, Total: 54200 ns
[2022-04-08T19:26:44.869+0000][9408][safepoint   ] Safepoint "Cleanup", Time since last: 4048588100 ns, Reaching safepoint: 100600 ns, At safepoint: 10300 ns, Total: 110900 ns
[2022-04-08T19:26:47.895+0000][9408][safepoint   ] Safepoint "Cleanup", Time since last: 3025593500 ns, Reaching safepoint: 74700 ns, At safepoint: 8200 ns, Total: 82900 ns
[2022-04-08T19:26:56.999+0000][9408][safepoint   ] Safepoint "Cleanup", Time since last: 9104398900 ns, Reaching safepoint: 70400 ns, At safepoint: 7800 ns, Total: 78200 ns
[2022-04-08T19:27:05.094+0000][9408][safepoint   ] Safepoint "Cleanup", Time since last: 8094927000 ns, Reaching safepoint: 56800 ns, At safepoint: 10300 ns, Total: 67100 ns
[2022-04-08T19:27:06.094+0000][9408][safepoint   ] Safepoint "Cleanup", Time since last: 1000113200 ns, Reaching safepoint: 56100 ns, At safepoint: 14400 ns, Total: 70500 ns
[2022-04-08T19:27:13.181+0000][9408][safepoint   ] Safepoint "Cleanup", Time since last: 7086836900 ns, Reaching safepoint: 62600 ns, At safepoint: 5300 ns, Total: 67900 ns
[2022-04-08T19:27:29.371+0000][9408][safepoint   ] Safepoint "Cleanup", Time since last: 16189600800 ns, Reaching safepoint: 118000 ns, At safepoint: 56800 ns, Total: 174800 ns
[2022-04-08T19:27:30.386+0000][9408][safepoint   ] Safepoint "Cleanup", Time since last: 1015305700 ns, Reaching safepoint: 51600 ns, At safepoint: 5900 ns, Total: 57500 ns
[2022-04-08T19:27:36.454+0000][9408][safepoint   ] Safepoint "Cleanup", Time since last: 6067565500 ns, Reaching safepoint: 71100 ns, At safepoint: 15200 ns, Total: 86300 ns
[2022-04-08T19:27:41.513+0000][9408][safepoint   ] Safepoint "Cleanup", Time since last: 5058513700 ns, Reaching safepoint: 57600 ns, At safepoint: 7500 ns, Total: 65100 ns
[2022-04-08T19:27:44.539+0000][9408][safepoint   ] Safepoint "Cleanup", Time since last: 3026445000 ns, Reaching safepoint: 66700 ns, At safepoint: 11300 ns, Total: 78000 ns
[2022-04-08T19:27:48.596+0000][9408][safepoint   ] Safepoint "Cleanup", Time since last: 4056752700 ns, Reaching safepoint: 72300 ns, At safepoint: 10300 ns, Total: 82600 ns
[2022-04-08T19:27:53.642+0000][9408][safepoint   ] Safepoint "Cleanup", Time since last: 5046318000 ns, Reaching safepoint: 50300 ns, At safepoint: 7700 ns, Total: 58000 ns
[2022-04-08T19:27:54.649+0000][9408][safepoint   ] Safepoint "Cleanup", Time since last: 1006104500 ns, Reaching safepoint: 117800 ns, At safepoint: 6300 ns, Total: 124100 ns
[2022-04-08T19:28:42.998+0000][9408][safepoint   ] Safepoint "Cleanup", Time since last: 48348901700 ns, Reaching safepoint: 109900 ns, At safepoint: 6000 ns, Total: 115900 ns
[2022-04-08T19:28:45.024+0000][9408][safepoint   ] Safepoint "Cleanup", Time since last: 2026278700 ns, Reaching safepoint: 53700 ns, At safepoint: 5200 ns, Total: 58900 ns
[2022-04-08T19:29:00.211+0000][9408][safepoint   ] Safepoint "Cleanup", Time since last: 15186977800 ns, Reaching safepoint: 41200 ns, At safepoint: 8100 ns, Total: 49300 ns
[2022-04-08T19:29:01.213+0000][9408][safepoint   ] Safepoint "Cleanup", Time since last: 1002167500 ns, Reaching safepoint: 46000 ns, At safepoint: 5400 ns, Total: 51400 ns
[2022-04-08T19:29:12.340+0000][9408][safepoint   ] Safepoint "Cleanup", Time since last: 11126415600 ns, Reaching safepoint: 49600 ns, At safepoint: 9400 ns, Total: 59000 ns
[2022-04-08T19:29:17.393+0000][9408][safepoint   ] Safepoint "Cleanup", Time since last: 5053279200 ns, Reaching safepoint: 44600 ns, At safepoint: 5800 ns, Total: 50400 ns
[2022-04-08T19:29:19.404+0000][9408][safepoint   ] Safepoint "Cleanup", Time since last: 2011179600 ns, Reaching safepoint: 47200 ns, At safepoint: 7300 ns, Total: 54500 ns
[2022-04-08T19:29:24.472+0000][9408][safepoint   ] Safepoint "Cleanup", Time since last: 5067621600 ns, Reaching safepoint: 43300 ns, At safepoint: 9700 ns, Total: 53000 ns
[2022-04-08T19:29:25.488+0000][9408][safepoint   ] Safepoint "Cleanup", Time since last: 1015489500 ns, Reaching safepoint: 95100 ns, At safepoint: 5700 ns, Total: 100800 ns
[2022-04-08T19:29:26.920+0000][9408][safepoint   ] Safepoint "Cleanup", Time since last: 1431927700 ns, Reaching safepoint: 106000 ns, At safepoint: 5700 ns, Total: 111700 ns
[2022-04-08T19:29:29.961+0000][9408][safepoint   ] Safepoint "Cleanup", Time since last: 3041142400 ns, Reaching safepoint: 51000 ns, At safepoint: 6800 ns, Total: 57800 ns
[2022-04-08T19:29:30.976+0000][9408][safepoint   ] Safepoint "Cleanup", Time since last: 1014874500 ns, Reaching safepoint: 39100 ns, At safepoint: 7600 ns, Total: 46700 ns
[2022-04-08T19:29:36.044+0000][9408][safepoint   ] Safepoint "Cleanup", Time since last: 5067802200 ns, Reaching safepoint: 54100 ns, At safepoint: 9300 ns, Total: 63400 ns
[2022-04-08T19:29:48.182+0000][9408][safepoint   ] Safepoint "Cleanup", Time since last: 12138163000 ns, Reaching safepoint: 38300 ns, At safepoint: 5800 ns, Total: 44100 ns
[2022-04-08T19:29:54.820+0000][9408][safepoint   ] Safepoint "Cleanup", Time since last: 6638605400 ns, Reaching safepoint: 54000 ns, At safepoint: 10200 ns, Total: 64200 ns
[2022-04-08T19:30:12.031+0000][9408][safepoint   ] Safepoint "Cleanup", Time since last: 17210451100 ns, Reaching safepoint: 44600 ns, At safepoint: 7500 ns, Total: 52100 ns
[2022-04-08T19:30:18.113+0000][9408][safepoint   ] Safepoint "Cleanup", Time since last: 6082370600 ns, Reaching safepoint: 113100 ns, At safepoint: 5000 ns, Total: 118100 ns
[2022-04-08T19:30:36.299+0000][9408][safepoint   ] Safepoint "Cleanup", Time since last: 18185058200 ns, Reaching safepoint: 64600 ns, At safepoint: 9300 ns, Total: 73900 ns
[2022-04-08T19:30:38.307+0000][9408][safepoint   ] Safepoint "Cleanup", Time since last: 2008704400 ns, Reaching safepoint: 118700 ns, At safepoint: 4300 ns, Total: 123000 ns
[2022-04-08T19:30:41.334+0000][9408][safepoint   ] Safepoint "Cleanup", Time since last: 3026784000 ns, Reaching safepoint: 49300 ns, At safepoint: 10100 ns, Total: 59400 ns
[2022-04-08T19:30:44.376+0000][9408][safepoint   ] Safepoint "Cleanup", Time since last: 3041510700 ns, Reaching safepoint: 34900 ns, At safepoint: 6100 ns, Total: 41000 ns
[2022-04-08T19:31:09.637+0000][9408][safepoint   ] Safepoint "Cleanup", Time since last: 25260664400 ns, Reaching safepoint: 51100 ns, At safepoint: 5100 ns, Total: 56200 ns
[2022-04-08T19:31:12.668+0000][9408][safepoint   ] Safepoint "Cleanup", Time since last: 3031063600 ns, Reaching safepoint: 45500 ns, At safepoint: 10000 ns, Total: 55500 ns
[2022-04-08T19:31:18.751+0000][9408][safepoint   ] Safepoint "Cleanup", Time since last: 6082998000 ns, Reaching safepoint: 50100 ns, At safepoint: 16100 ns, Total: 66200 ns
[2022-04-08T19:31:19.761+0000][9408][safepoint   ] Safepoint "Cleanup", Time since last: 1010487700 ns, Reaching safepoint: 45100 ns, At safepoint: 9200 ns, Total: 54300 ns
[2022-04-08T19:31:24.814+0000][9408][safepoint   ] Safepoint "Cleanup", Time since last: 5052272900 ns, Reaching safepoint: 44400 ns, At safepoint: 7100 ns, Total: 51500 ns
[2022-04-08T19:31:36.968+0000][9408][safepoint   ] Safepoint "Cleanup", Time since last: 12154288800 ns, Reaching safepoint: 55000 ns, At safepoint: 10000 ns, Total: 65000 ns
[2022-04-08T19:31:45.068+0000][9408][safepoint   ] Safepoint "Cleanup", Time since last: 8100057000 ns, Reaching safepoint: 44800 ns, At safepoint: 5600 ns, Total: 50400 ns
[2022-04-08T19:31:50.127+0000][9408][safepoint   ] Safepoint "Cleanup", Time since last: 5059349100 ns, Reaching safepoint: 48300 ns, At safepoint: 10300 ns, Total: 58600 ns
[2022-04-08T19:31:51.128+0000][9408][safepoint   ] Safepoint "Cleanup", Time since last: 1000640800 ns, Reaching safepoint: 44300 ns, At safepoint: 5900 ns, Total: 50200 ns
[2022-04-08T19:31:54.165+0000][9408][safepoint   ] Safepoint "Cleanup", Time since last: 3036581700 ns, Reaching safepoint: 56600 ns, At safepoint: 6000 ns, Total: 62600 ns
[2022-04-08T19:31:55.165+0000][9408][safepoint   ] Safepoint "Cleanup", Time since last: 1000063100 ns, Reaching safepoint: 111800 ns, At safepoint: 4200 ns, Total: 116000 ns
[2022-04-08T19:31:57.191+0000][9408][safepoint   ] Safepoint "Cleanup", Time since last: 2025603000 ns, Reaching safepoint: 74800 ns, At safepoint: 10600 ns, Total: 85400 ns
[2022-04-08T19:32:04.275+0000][9408][safepoint   ] Safepoint "Cleanup", Time since last: 7084586300 ns, Reaching safepoint: 48900 ns, At safepoint: 7200 ns, Total: 56100 ns
[2022-04-08T19:32:31.555+0000][9408][safepoint   ] Safepoint "Cleanup", Time since last: 27279941400 ns, Reaching safepoint: 103900 ns, At safepoint: 4400 ns, Total: 108300 ns
[2022-04-08T19:32:35.597+0000][9408][safepoint   ] Safepoint "Cleanup", Time since last: 4041617100 ns, Reaching safepoint: 57300 ns, At safepoint: 10000 ns, Total: 67300 ns
[2022-04-08T19:32:36.611+0000][9408][safepoint   ] Safepoint "Cleanup", Time since last: 1014016500 ns, Reaching safepoint: 45800 ns, At safepoint: 7300 ns, Total: 53100 ns
[2022-04-08T19:32:42.669+0000][9408][safepoint   ] Safepoint "Cleanup", Time since last: 6057465400 ns, Reaching safepoint: 42900 ns, At safepoint: 16800 ns, Total: 59700 ns
[2022-04-08T19:32:44.695+0000][9408][safepoint   ] Safepoint "Cleanup", Time since last: 2025906400 ns, Reaching safepoint: 67400 ns, At safepoint: 8900 ns, Total: 76300 ns
[2022-04-08T19:32:49.762+0000][9408][safepoint   ] Safepoint "Cleanup", Time since last: 5067263200 ns, Reaching safepoint: 48500 ns, At safepoint: 6400 ns, Total: 54900 ns
[2022-04-08T19:32:57.846+0000][9408][safepoint   ] Safepoint "Cleanup", Time since last: 8083845900 ns, Reaching safepoint: 53800 ns, At safepoint: 13900 ns, Total: 67700 ns
[2022-04-08T19:32:58.856+0000][9408][safepoint   ] Safepoint "Cleanup", Time since last: 1010242300 ns, Reaching safepoint: 51500 ns, At safepoint: 8300 ns, Total: 59800 ns
[2022-04-08T19:33:00.857+0000][9408][safepoint   ] Safepoint "Cleanup", Time since last: 2000614500 ns, Reaching safepoint: 44200 ns, At safepoint: 6600 ns, Total: 50800 ns
[2022-04-08T19:33:04.914+0000][9408][safepoint   ] Safepoint "Cleanup", Time since last: 4056663000 ns, Reaching safepoint: 49300 ns, At safepoint: 6900 ns, Total: 56200 ns
[2022-04-08T19:33:22.109+0000][9408][safepoint   ] Safepoint "Cleanup", Time since last: 17195769900 ns, Reaching safepoint: 47700 ns, At safepoint: 4700 ns, Total: 52400 ns
[2022-04-08T19:33:44.346+0000][9408][safepoint   ] Safepoint "Cleanup", Time since last: 22236873500 ns, Reaching safepoint: 46400 ns, At safepoint: 5300 ns, Total: 51700 ns
[2022-04-08T19:33:49.413+0000][9408][safepoint   ] Safepoint "Cleanup", Time since last: 5067144100 ns, Reaching safepoint: 41300 ns, At safepoint: 5800 ns, Total: 47100 ns
[2022-04-08T19:33:54.435+0000][9408][safepoint   ] Safepoint "Cleanup", Time since last: 5021543200 ns, Reaching safepoint: 34000 ns, At safepoint: 12600 ns, Total: 46600 ns
[2022-04-08T19:33:55.450+0000][9408][safepoint   ] Safepoint "Cleanup", Time since last: 1015317100 ns, Reaching safepoint: 61800 ns, At safepoint: 12800 ns, Total: 74600 ns
[2022-04-08T19:33:58.467+0000][9408][safepoint   ] Safepoint "Cleanup", Time since last: 3016282000 ns, Reaching safepoint: 49300 ns, At safepoint: 7600 ns, Total: 56900 ns
[2022-04-08T19:34:01.494+0000][9408][safepoint   ] Safepoint "Cleanup", Time since last: 3026691100 ns, Reaching safepoint: 108400 ns, At safepoint: 7800 ns, Total: 116200 ns
[2022-04-08T19:34:05.536+0000][9408][safepoint   ] Safepoint "Cleanup", Time since last: 4041967300 ns, Reaching safepoint: 44500 ns, At safepoint: 7400 ns, Total: 51900 ns
[2022-04-08T19:34:06.547+0000][9408][safepoint   ] Safepoint "Cleanup", Time since last: 1011188500 ns, Reaching safepoint: 90600 ns, At safepoint: 10100 ns, Total: 100700 ns
[2022-04-08T19:34:07.562+0000][9408][safepoint   ] Safepoint "Cleanup", Time since last: 1015201200 ns, Reaching safepoint: 64500 ns, At safepoint: 15500 ns, Total: 80000 ns
[2022-04-08T19:34:14.646+0000][9408][safepoint   ] Safepoint "Cleanup", Time since last: 7083625800 ns, Reaching safepoint: 59700 ns, At safepoint: 4500 ns, Total: 64200 ns
[2022-04-08T19:34:18.703+0000][9408][safepoint   ] Safepoint "Cleanup", Time since last: 4056756500 ns, Reaching safepoint: 51600 ns, At safepoint: 4500 ns, Total: 56100 ns
[2022-04-08T19:34:24.782+0000][9408][safepoint   ] Safepoint "Cleanup", Time since last: 6078786600 ns, Reaching safepoint: 50700 ns, At safepoint: 8000 ns, Total: 58700 ns
[2022-04-08T19:34:33.881+0000][9408][safepoint   ] Safepoint "Cleanup", Time since last: 9099516600 ns, Reaching safepoint: 52100 ns, At safepoint: 6700 ns, Total: 58800 ns
[2022-04-08T19:34:39.951+0000][9408][safepoint   ] Safepoint "Cleanup", Time since last: 6069479300 ns, Reaching safepoint: 67100 ns, At safepoint: 8600 ns, Total: 75700 ns
[2022-04-08T19:34:42.966+0000][9408][safepoint   ] Safepoint "Cleanup", Time since last: 3015633100 ns, Reaching safepoint: 46600 ns, At safepoint: 5300 ns, Total: 51900 ns
[2022-04-08T19:34:44.993+0000][9408][safepoint   ] Safepoint "Cleanup", Time since last: 2026145700 ns, Reaching safepoint: 56700 ns, At safepoint: 4800 ns, Total: 61500 ns
[2022-04-08T19:34:49.033+0000][9408][safepoint   ] Safepoint "Cleanup", Time since last: 4040625800 ns, Reaching safepoint: 39700 ns, At safepoint: 6800 ns, Total: 46500 ns
[2022-04-08T19:34:52.064+0000][9408][safepoint   ] Safepoint "Cleanup", Time since last: 3030852100 ns, Reaching safepoint: 43200 ns, At safepoint: 4300 ns, Total: 47500 ns
[2022-04-08T19:34:58.108+0000][9408][safepoint   ] Safepoint "Cleanup", Time since last: 6044134100 ns, Reaching safepoint: 59400 ns, At safepoint: 7600 ns, Total: 67000 ns
[2022-04-08T19:35:01.135+0000][9408][safepoint   ] Safepoint "Cleanup", Time since last: 3026706800 ns, Reaching safepoint: 54200 ns, At safepoint: 6700 ns, Total: 60900 ns
[2022-04-08T19:35:05.208+0000][9408][safepoint   ] Safepoint "Cleanup", Time since last: 4072407100 ns, Reaching safepoint: 46100 ns, At safepoint: 51500 ns, Total: 97600 ns
[2022-04-08T19:35:13.307+0000][9408][safepoint   ] Safepoint "Cleanup", Time since last: 8098879900 ns, Reaching safepoint: 61100 ns, At safepoint: 5800 ns, Total: 66900 ns
[2022-04-08T19:35:15.333+0000][9408][safepoint   ] Safepoint "Cleanup", Time since last: 2026291300 ns, Reaching safepoint: 46400 ns, At safepoint: 4500 ns, Total: 50900 ns
[2022-04-08T19:35:19.369+0000][9408][safepoint   ] Safepoint "Cleanup", Time since last: 4035785100 ns, Reaching safepoint: 51300 ns, At safepoint: 8300 ns, Total: 59600 ns
[2022-04-08T19:35:25.423+0000][9408][safepoint   ] Safepoint "Cleanup", Time since last: 6054429300 ns, Reaching safepoint: 55500 ns, At safepoint: 5200 ns, Total: 60700 ns
[2022-04-08T19:35:30.475+0000][9408][safepoint   ] Safepoint "Cleanup", Time since last: 5051710400 ns, Reaching safepoint: 59100 ns, At safepoint: 16700 ns, Total: 75800 ns
[2022-04-08T19:35:32.491+0000][9408][safepoint   ] Safepoint "Cleanup", Time since last: 2015513000 ns, Reaching safepoint: 47800 ns, At safepoint: 5200 ns, Total: 53000 ns
[2022-04-08T19:35:36.528+0000][9408][safepoint   ] Safepoint "Cleanup", Time since last: 4037450300 ns, Reaching safepoint: 60100 ns, At safepoint: 7800 ns, Total: 67900 ns
[2022-04-08T19:35:37.543+0000][9408][safepoint   ] Safepoint "Cleanup", Time since last: 1015309500 ns, Reaching safepoint: 51400 ns, At safepoint: 6000 ns, Total: 57400 ns
[2022-04-08T19:35:44.596+0000][9408][safepoint   ] Safepoint "Cleanup", Time since last: 7052601000 ns, Reaching safepoint: 47100 ns, At safepoint: 7400 ns, Total: 54500 ns
[2022-04-08T19:35:49.663+0000][9408][safepoint   ] Safepoint "Cleanup", Time since last: 5066530600 ns, Reaching safepoint: 37600 ns, At safepoint: 2000 ns, Total: 39600 ns
[2022-04-08T19:35:57.780+0000][9408][safepoint   ] Safepoint "Cleanup", Time since last: 8117655800 ns, Reaching safepoint: 86900 ns, At safepoint: 6800 ns, Total: 93700 ns
[2022-04-08T19:35:58.790+0000][9408][safepoint   ] Safepoint "Cleanup", Time since last: 1009938900 ns, Reaching safepoint: 48300 ns, At safepoint: 12800 ns, Total: 61100 ns
[2022-04-08T19:36:01.822+0000][9408][safepoint   ] Safepoint "Cleanup", Time since last: 3031191600 ns, Reaching safepoint: 59800 ns, At safepoint: 7100 ns, Total: 66900 ns
[2022-04-08T19:36:06.890+0000][9408][safepoint   ] Safepoint "Cleanup", Time since last: 5067765100 ns, Reaching safepoint: 521600 ns, At safepoint: 4200 ns, Total: 525800 ns
[2022-04-08T19:36:09.915+0000][9408][safepoint   ] Safepoint "Cleanup", Time since last: 3025429400 ns, Reaching safepoint: 49600 ns, At safepoint: 18300 ns, Total: 67900 ns
[2022-04-08T19:36:12.947+0000][9408][safepoint   ] Safepoint "Cleanup", Time since last: 3031239900 ns, Reaching safepoint: 85600 ns, At safepoint: 25000 ns, Total: 110600 ns
[2022-04-08T19:36:22.041+0000][9408][safepoint   ] Safepoint "Cleanup", Time since last: 9093659200 ns, Reaching safepoint: 51200 ns, At safepoint: 7100 ns, Total: 58300 ns
[2022-04-08T19:36:29.104+0000][9408][safepoint   ] Safepoint "Cleanup", Time since last: 7063910000 ns, Reaching safepoint: 52600 ns, At safepoint: 4800 ns, Total: 57400 ns
[2022-04-08T19:36:32.120+0000][9408][safepoint   ] Safepoint "Cleanup", Time since last: 3015810700 ns, Reaching safepoint: 66100 ns, At safepoint: 10000 ns, Total: 76100 ns
[2022-04-08T19:36:34.131+0000][9408][safepoint   ] Safepoint "Cleanup", Time since last: 2010843500 ns, Reaching safepoint: 53300 ns, At safepoint: 7700 ns, Total: 61000 ns
[2022-04-08T19:36:35.147+0000][9408][safepoint   ] Safepoint "Cleanup", Time since last: 1015184700 ns, Reaching safepoint: 63000 ns, At safepoint: 4500 ns, Total: 67500 ns
[2022-04-08T19:36:37.174+0000][9408][safepoint   ] Safepoint "Cleanup", Time since last: 2026883600 ns, Reaching safepoint: 64800 ns, At safepoint: 6500 ns, Total: 71300 ns
[2022-04-08T19:36:40.216+0000][9408][safepoint   ] Safepoint "Cleanup", Time since last: 3042577500 ns, Reaching safepoint: 47600 ns, At safepoint: 8600 ns, Total: 56200 ns
[2022-04-08T19:36:41.217+0000][9408][safepoint   ] Safepoint "Cleanup", Time since last: 1000567700 ns, Reaching safepoint: 44600 ns, At safepoint: 7500 ns, Total: 52100 ns
[2022-04-08T19:36:44.258+0000][9408][safepoint   ] Safepoint "Cleanup", Time since last: 3041525100 ns, Reaching safepoint: 68500 ns, At safepoint: 6600 ns, Total: 75100 ns
[2022-04-08T19:36:49.326+0000][9408][safepoint   ] Safepoint "Cleanup", Time since last: 5067693200 ns, Reaching safepoint: 49400 ns, At safepoint: 8100 ns, Total: 57500 ns
[2022-04-08T19:36:52.368+0000][9408][safepoint   ] Safepoint "Cleanup", Time since last: 3041472900 ns, Reaching safepoint: 61000 ns, At safepoint: 9300 ns, Total: 70300 ns
[2022-04-08T19:36:55.404+0000][9408][safepoint   ] Safepoint "Cleanup", Time since last: 3036345600 ns, Reaching safepoint: 44900 ns, At safepoint: 6800 ns, Total: 51700 ns
[2022-04-08T19:36:58.435+0000][9408][safepoint   ] Safepoint "Cleanup", Time since last: 3031202400 ns, Reaching safepoint: 69000 ns, At safepoint: 8600 ns, Total: 77600 ns
[2022-04-08T19:37:04.488+0000][9408][safepoint   ] Safepoint "Cleanup", Time since last: 6052271300 ns, Reaching safepoint: 55300 ns, At safepoint: 7200 ns, Total: 62500 ns
[2022-04-08T19:37:07.513+0000][9408][safepoint   ] Safepoint "Cleanup", Time since last: 3025555100 ns, Reaching safepoint: 63800 ns, At safepoint: 9600 ns, Total: 73400 ns
[2022-04-08T19:37:12.556+0000][9408][safepoint   ] Safepoint "Cleanup", Time since last: 5042157400 ns, Reaching safepoint: 64700 ns, At safepoint: 6800 ns, Total: 71500 ns
[2022-04-08T19:37:13.571+0000][9408][safepoint   ] Safepoint "Cleanup", Time since last: 1015250000 ns, Reaching safepoint: 58500 ns, At safepoint: 8400 ns, Total: 66900 ns
[2022-04-08T19:37:19.633+0000][9408][safepoint   ] Safepoint "Cleanup", Time since last: 6061859300 ns, Reaching safepoint: 48500 ns, At safepoint: 8300 ns, Total: 56800 ns
[2022-04-08T19:37:25.701+0000][9408][safepoint   ] Safepoint "Cleanup", Time since last: 6067845600 ns, Reaching safepoint: 53600 ns, At safepoint: 7800 ns, Total: 61400 ns
[2022-04-08T19:37:29.744+0000][9408][safepoint   ] Safepoint "Cleanup", Time since last: 4043254400 ns, Reaching safepoint: 51200 ns, At safepoint: 7100 ns, Total: 58300 ns
[2022-04-08T19:37:37.844+0000][9408][safepoint   ] Safepoint "Cleanup", Time since last: 8099472100 ns, Reaching safepoint: 46500 ns, At safepoint: 7400 ns, Total: 53900 ns
[2022-04-08T19:37:40.872+0000][9408][safepoint   ] Safepoint "Cleanup", Time since last: 3028447900 ns, Reaching safepoint: 44100 ns, At safepoint: 16600 ns, Total: 60700 ns
[2022-04-08T19:37:41.887+0000][9408][safepoint   ] Safepoint "Cleanup", Time since last: 1015272500 ns, Reaching safepoint: 45700 ns, At safepoint: 19100 ns, Total: 64800 ns
[2022-04-08T19:37:44.475+0000][9408][safepoint   ] Safepoint "Cleanup", Time since last: 2589348100 ns, Reaching safepoint: 21700 ns, At safepoint: 10100 ns, Total: 31800 ns
[2022-04-08T19:37:46.487+0000][9408][safepoint   ] Safepoint "Cleanup", Time since last: 2009874300 ns, Reaching safepoint: 113300 ns, At safepoint: 5600 ns, Total: 118900 ns
[2022-04-08T19:37:55.587+0000][9408][safepoint   ] Safepoint "Cleanup", Time since last: 9100323700 ns, Reaching safepoint: 40800 ns, At safepoint: 6000 ns, Total: 46800 ns
[2022-04-08T19:38:01.654+0000][9408][safepoint   ] Safepoint "Cleanup", Time since last: 6066919500 ns, Reaching safepoint: 55900 ns, At safepoint: 8400 ns, Total: 64300 ns
[2022-04-08T19:38:17.862+0000][9408][safepoint   ] Safepoint "Cleanup", Time since last: 16208137700 ns, Reaching safepoint: 49600 ns, At safepoint: 6800 ns, Total: 56400 ns
[2022-04-08T19:38:35.066+0000][9408][safepoint   ] Safepoint "Cleanup", Time since last: 17203693900 ns, Reaching safepoint: 183400 ns, At safepoint: 10800 ns, Total: 194200 ns
[2022-04-08T19:38:39.111+0000][9408][safepoint   ] Safepoint "Cleanup", Time since last: 4044465300 ns, Reaching safepoint: 52300 ns, At safepoint: 6800 ns, Total: 59100 ns
[2022-04-08T19:38:55.282+0000][9408][safepoint   ] Safepoint "Cleanup", Time since last: 16171012800 ns, Reaching safepoint: 102400 ns, At safepoint: 5800 ns, Total: 108200 ns
[2022-04-08T19:38:58.314+0000][9408][safepoint   ] Safepoint "Cleanup", Time since last: 3031975900 ns, Reaching safepoint: 55700 ns, At safepoint: 10300 ns, Total: 66000 ns
[2022-04-08T19:39:00.316+0000][9408][safepoint   ] Safepoint "Cleanup", Time since last: 2001638700 ns, Reaching safepoint: 47600 ns, At safepoint: 6300 ns, Total: 53900 ns
[2022-04-08T19:39:01.317+0000][9408][safepoint   ] Safepoint "Cleanup", Time since last: 1001164100 ns, Reaching safepoint: 41300 ns, At safepoint: 4600 ns, Total: 45900 ns
[2022-04-08T19:39:02.317+0000][9408][safepoint   ] Safepoint "Cleanup", Time since last: 1000216100 ns, Reaching safepoint: 57900 ns, At safepoint: 8600 ns, Total: 66500 ns
[2022-04-08T19:39:04.343+0000][9408][safepoint   ] Safepoint "Cleanup", Time since last: 2026008000 ns, Reaching safepoint: 48000 ns, At safepoint: 15600 ns, Total: 63600 ns
[2022-04-08T19:39:07.391+0000][9408][safepoint   ] Safepoint "Cleanup", Time since last: 3047662000 ns, Reaching safepoint: 47200 ns, At safepoint: 8300 ns, Total: 55500 ns
[2022-04-08T19:39:10.417+0000][9408][safepoint   ] Safepoint "Cleanup", Time since last: 3025725200 ns, Reaching safepoint: 47900 ns, At safepoint: 16000 ns, Total: 63900 ns
[2022-04-08T19:39:19.503+0000][9408][safepoint   ] Safepoint "Cleanup", Time since last: 9086554900 ns, Reaching safepoint: 115800 ns, At safepoint: 4800 ns, Total: 120600 ns
[2022-04-08T19:39:22.536+0000][9408][safepoint   ] Safepoint "Cleanup", Time since last: 3032642300 ns, Reaching safepoint: 49200 ns, At safepoint: 6600 ns, Total: 55800 ns
[2022-04-08T19:39:33.686+0000][9408][safepoint   ] Safepoint "Cleanup", Time since last: 11149918500 ns, Reaching safepoint: 74800 ns, At safepoint: 8500 ns, Total: 83300 ns
[2022-04-08T19:39:35.707+0000][9408][safepoint   ] Safepoint "Cleanup", Time since last: 2021320600 ns, Reaching safepoint: 113500 ns, At safepoint: 5000 ns, Total: 118500 ns
[2022-04-08T19:39:37.734+0000][9408][safepoint   ] Safepoint "Cleanup", Time since last: 2026607300 ns, Reaching safepoint: 51400 ns, At safepoint: 9100 ns, Total: 60500 ns
[2022-04-08T19:39:43.788+0000][9408][safepoint   ] Safepoint "Cleanup", Time since last: 6053987900 ns, Reaching safepoint: 43100 ns, At safepoint: 8100 ns, Total: 51200 ns
[2022-04-08T19:39:44.803+0000][9408][safepoint   ] Safepoint "Cleanup", Time since last: 1014965600 ns, Reaching safepoint: 43100 ns, At safepoint: 4500 ns, Total: 47600 ns
[2022-04-08T19:39:45.815+0000][9408][safepoint   ] Safepoint "Cleanup", Time since last: 1011357700 ns, Reaching safepoint: 50400 ns, At safepoint: 7700 ns, Total: 58100 ns
[2022-04-08T19:39:49.869+0000][9408][safepoint   ] Safepoint "Cleanup", Time since last: 4054847500 ns, Reaching safepoint: 87800 ns, At safepoint: 8700 ns, Total: 96500 ns
[2022-04-08T19:39:50.878+0000][9408][safepoint   ] Safepoint "Cleanup", Time since last: 1008293000 ns, Reaching safepoint: 93400 ns, At safepoint: 55200 ns, Total: 148600 ns
[2022-04-08T19:39:52.909+0000][9408][safepoint   ] Safepoint "Cleanup", Time since last: 2030865100 ns, Reaching safepoint: 44600 ns, At safepoint: 7500 ns, Total: 52100 ns
[2022-04-08T19:39:55.937+0000][9408][safepoint   ] Safepoint "Cleanup", Time since last: 3028087600 ns, Reaching safepoint: 54200 ns, At safepoint: 9800 ns, Total: 64000 ns
[2022-04-08T19:39:59.994+0000][9408][safepoint   ] Safepoint "Cleanup", Time since last: 4056779100 ns, Reaching safepoint: 54700 ns, At safepoint: 6600 ns, Total: 61300 ns
[2022-04-08T19:40:02.010+0000][9408][safepoint   ] Safepoint "Cleanup", Time since last: 2016195400 ns, Reaching safepoint: 52200 ns, At safepoint: 5400 ns, Total: 57600 ns
[2022-04-08T19:40:03.025+0000][9408][safepoint   ] Safepoint "Cleanup", Time since last: 1015255300 ns, Reaching safepoint: 52700 ns, At safepoint: 6400 ns, Total: 59100 ns
[2022-04-08T19:40:05.036+0000][9408][safepoint   ] Safepoint "Cleanup", Time since last: 2010264900 ns, Reaching safepoint: 41300 ns, At safepoint: 4100 ns, Total: 45400 ns
[2022-04-08T19:40:08.078+0000][9408][safepoint   ] Safepoint "Cleanup", Time since last: 3042576000 ns, Reaching safepoint: 55000 ns, At safepoint: 7800 ns, Total: 62800 ns
[2022-04-08T19:40:18.195+0000][9408][safepoint   ] Safepoint "Cleanup", Time since last: 10116173100 ns, Reaching safepoint: 48600 ns, At safepoint: 7200 ns, Total: 55800 ns
[2022-04-08T19:40:20.221+0000][9408][safepoint   ] Safepoint "Cleanup", Time since last: 2025898700 ns, Reaching safepoint: 51000 ns, At safepoint: 7500 ns, Total: 58500 ns
[2022-04-08T19:40:26.282+0000][9408][safepoint   ] Safepoint "Cleanup", Time since last: 6061706700 ns, Reaching safepoint: 53900 ns, At safepoint: 13900 ns, Total: 67800 ns
[2022-04-08T19:40:32.341+0000][9408][safepoint   ] Safepoint "Cleanup", Time since last: 6058195000 ns, Reaching safepoint: 45100 ns, At safepoint: 5900 ns, Total: 51000 ns
[2022-04-08T19:40:38.377+0000][9408][safepoint   ] Safepoint "Cleanup", Time since last: 6036564600 ns, Reaching safepoint: 53700 ns, At safepoint: 6000 ns, Total: 59700 ns
[2022-04-08T19:40:41.419+0000][9408][safepoint   ] Safepoint "Cleanup", Time since last: 3041504700 ns, Reaching safepoint: 51900 ns, At safepoint: 9300 ns, Total: 61200 ns
[2022-04-08T19:40:44.445+0000][9408][safepoint   ] Safepoint "Cleanup", Time since last: 3025833500 ns, Reaching safepoint: 61900 ns, At safepoint: 6900 ns, Total: 68800 ns
[2022-04-08T19:40:46.471+0000][9408][safepoint   ] Safepoint "Cleanup", Time since last: 2026242800 ns, Reaching safepoint: 46900 ns, At safepoint: 7300 ns, Total: 54200 ns
[2022-04-08T19:40:47.486+0000][9408][safepoint   ] Safepoint "Cleanup", Time since last: 1014911300 ns, Reaching safepoint: 48800 ns, At safepoint: 5500 ns, Total: 54300 ns
[2022-04-08T19:40:55.581+0000][9408][safepoint   ] Safepoint "Cleanup", Time since last: 8095487900 ns, Reaching safepoint: 49400 ns, At safepoint: 4300 ns, Total: 53700 ns
[2022-04-08T19:41:00.614+0000][9408][safepoint   ] Safepoint "Cleanup", Time since last: 5032252100 ns, Reaching safepoint: 76100 ns, At safepoint: 10200 ns, Total: 86300 ns
[2022-04-08T19:41:01.631+0000][9408][safepoint   ] Safepoint "Cleanup", Time since last: 1017144500 ns, Reaching safepoint: 50300 ns, At safepoint: 7500 ns, Total: 57800 ns
[2022-04-08T19:41:07.682+0000][9408][safepoint   ] Safepoint "Cleanup", Time since last: 6051144400 ns, Reaching safepoint: 48100 ns, At safepoint: 8300 ns, Total: 56400 ns
[2022-04-08T19:41:10.699+0000][9408][safepoint   ] Safepoint "Cleanup", Time since last: 3017087400 ns, Reaching safepoint: 130800 ns, At safepoint: 30300 ns, Total: 161100 ns
[2022-04-08T19:41:13.730+0000][9408][safepoint   ] Safepoint "Cleanup", Time since last: 3030523500 ns, Reaching safepoint: 53300 ns, At safepoint: 6500 ns, Total: 59800 ns
[2022-04-08T19:41:19.751+0000][9408][safepoint   ] Safepoint "Cleanup", Time since last: 6020529900 ns, Reaching safepoint: 125700 ns, At safepoint: 4700 ns, Total: 130400 ns
[2022-04-08T19:41:20.751+0000][9408][safepoint   ] Safepoint "Cleanup", Time since last: 1000220400 ns, Reaching safepoint: 54300 ns, At safepoint: 52400 ns, Total: 106700 ns
[2022-04-08T19:41:25.769+0000][9408][safepoint   ] Safepoint "Cleanup", Time since last: 5017906200 ns, Reaching safepoint: 46600 ns, At safepoint: 7700 ns, Total: 54300 ns
[2022-04-08T19:41:37.895+0000][9408][safepoint   ] Safepoint "Cleanup", Time since last: 12126159400 ns, Reaching safepoint: 228900 ns, At safepoint: 45100 ns, Total: 274000 ns
[2022-04-08T19:41:43.941+0000][9408][safepoint   ] Safepoint "Cleanup", Time since last: 6045567200 ns, Reaching safepoint: 62300 ns, At safepoint: 7600 ns, Total: 69900 ns
[2022-04-08T19:41:59.117+0000][9408][safepoint   ] Safepoint "Cleanup", Time since last: 15175554900 ns, Reaching safepoint: 52600 ns, At safepoint: 9500 ns, Total: 62100 ns
[2022-04-08T19:42:03.148+0000][9408][safepoint   ] Safepoint "Cleanup", Time since last: 4030942800 ns, Reaching safepoint: 53100 ns, At safepoint: 13100 ns, Total: 66200 ns
[2022-04-08T19:42:18.309+0000][9408][safepoint   ] Safepoint "Cleanup", Time since last: 15161584200 ns, Reaching safepoint: 56700 ns, At safepoint: 6700 ns, Total: 63400 ns
[2022-04-08T19:42:29.419+0000][9408][safepoint   ] Safepoint "Cleanup", Time since last: 11109204300 ns, Reaching safepoint: 161500 ns, At safepoint: 27300 ns, Total: 188800 ns
[2022-04-08T19:42:38.516+0000][9408][safepoint   ] Safepoint "Cleanup", Time since last: 9096710200 ns, Reaching safepoint: 76400 ns, At safepoint: 9600 ns, Total: 86000 ns
[2022-04-08T19:42:44.571+0000][9408][safepoint   ] Safepoint "Cleanup", Time since last: 6055808300 ns, Reaching safepoint: 45900 ns, At safepoint: 8300 ns, Total: 54200 ns
[2022-04-08T19:42:50.643+0000][9408][safepoint   ] Safepoint "Cleanup", Time since last: 6071756800 ns, Reaching safepoint: 148000 ns, At safepoint: 10800 ns, Total: 158800 ns
[2022-04-08T19:42:56.691+0000][9408][safepoint   ] Safepoint "Cleanup", Time since last: 6047834400 ns, Reaching safepoint: 45700 ns, At safepoint: 7700 ns, Total: 53400 ns
[2022-04-08T19:43:08.797+0000][9408][safepoint   ] Safepoint "Cleanup", Time since last: 12106000400 ns, Reaching safepoint: 35600 ns, At safepoint: 3900 ns, Total: 39500 ns
[2022-04-08T19:43:20.906+0000][9408][safepoint   ] Safepoint "Cleanup", Time since last: 12108569900 ns, Reaching safepoint: 158100 ns, At safepoint: 11000 ns, Total: 169100 ns
[2022-04-08T19:43:44.538+0000][9408][safepoint   ] Safepoint "Cleanup", Time since last: 23637123400 ns, Reaching safepoint: 33500 ns, At safepoint: 11000 ns, Total: 44500 ns
[2022-04-08T19:43:46.549+0000][9408][safepoint   ] Safepoint "Cleanup", Time since last: 2005956200 ns, Reaching safepoint: 77400 ns, At safepoint: 5800 ns, Total: 83200 ns
[2022-04-08T19:43:53.627+0000][9408][safepoint   ] Safepoint "Cleanup", Time since last: 7077854200 ns, Reaching safepoint: 53300 ns, At safepoint: 6000 ns, Total: 59300 ns
[2022-04-08T19:43:56.970+0000][9408][safepoint   ] Safepoint "Cleanup", Time since last: 3342952700 ns, Reaching safepoint: 54000 ns, At safepoint: 7400 ns, Total: 61400 ns
[2022-04-08T19:44:02.987+0000][9408][safepoint   ] Safepoint "Cleanup", Time since last: 6016555800 ns, Reaching safepoint: 59100 ns, At safepoint: 8700 ns, Total: 67800 ns
[2022-04-08T19:44:07.999+0000][9408][safepoint   ] Safepoint "Cleanup", Time since last: 5025697600 ns, Reaching safepoint: 89000 ns, At safepoint: 45400 ns, Total: 134400 ns
[2022-04-08T19:44:10.010+0000][9408][safepoint   ] Safepoint "Cleanup", Time since last: 1997685100 ns, Reaching safepoint: 51700 ns, At safepoint: 7300 ns, Total: 59000 ns
[2022-04-08T19:44:13.041+0000][9408][safepoint   ] Safepoint "Cleanup", Time since last: 3031090900 ns, Reaching safepoint: 52300 ns, At safepoint: 7600 ns, Total: 59900 ns
[2022-04-08T19:44:17.109+0000][9408][safepoint   ] Safepoint "Cleanup", Time since last: 4067862400 ns, Reaching safepoint: 87100 ns, At safepoint: 7500 ns, Total: 94600 ns
[2022-04-08T19:44:32.298+0000][9408][safepoint   ] Safepoint "Cleanup", Time since last: 15188779200 ns, Reaching safepoint: 44800 ns, At safepoint: 6300 ns, Total: 51100 ns
[2022-04-08T19:44:34.309+0000][9408][safepoint   ] Safepoint "Cleanup", Time since last: 2010381400 ns, Reaching safepoint: 54500 ns, At safepoint: 7500 ns, Total: 62000 ns
[2022-04-08T19:44:44.383+0000][9408][safepoint   ] Safepoint "Cleanup", Time since last: 10074201100 ns, Reaching safepoint: 54900 ns, At safepoint: 9500 ns, Total: 64400 ns
[2022-04-08T19:44:50.436+0000][9408][safepoint   ] Safepoint "Cleanup", Time since last: 6052561200 ns, Reaching safepoint: 51600 ns, At safepoint: 7700 ns, Total: 59300 ns
[2022-04-08T19:44:59.529+0000][9408][safepoint   ] Safepoint "Cleanup", Time since last: 9093666300 ns, Reaching safepoint: 44000 ns, At safepoint: 3900 ns, Total: 47900 ns
[2022-04-08T19:45:08.583+0000][9408][safepoint   ] Safepoint "Cleanup", Time since last: 9053931500 ns, Reaching safepoint: 52700 ns, At safepoint: 16800 ns, Total: 69500 ns
[2022-04-08T19:45:14.638+0000][9408][safepoint   ] Safepoint "Cleanup", Time since last: 6054638300 ns, Reaching safepoint: 42400 ns, At safepoint: 19100 ns, Total: 61500 ns
[2022-04-08T19:45:27.740+0000][9408][safepoint   ] Safepoint "Cleanup", Time since last: 13101697200 ns, Reaching safepoint: 69800 ns, At safepoint: 5900 ns, Total: 75700 ns
[2022-04-08T19:45:29.741+0000][9408][safepoint   ] Safepoint "Cleanup", Time since last: 2000721300 ns, Reaching safepoint: 47200 ns, At safepoint: 6700 ns, Total: 53900 ns
[2022-04-08T19:45:44.901+0000][9408][safepoint   ] Safepoint "Cleanup", Time since last: 15160212100 ns, Reaching safepoint: 165400 ns, At safepoint: 35500 ns, Total: 200900 ns
[2022-04-08T19:45:57.015+0000][9408][safepoint   ] Safepoint "Cleanup", Time since last: 12114159500 ns, Reaching safepoint: 367600 ns, At safepoint: 53400 ns, Total: 421000 ns
[2022-04-08T19:46:45.350+0000][9408][safepoint   ] Safepoint "Cleanup", Time since last: 48334910500 ns, Reaching safepoint: 143100 ns, At safepoint: 27400 ns, Total: 170500 ns
[2022-04-08T19:46:47.352+0000][9408][safepoint   ] Safepoint "Cleanup", Time since last: 2001084600 ns, Reaching safepoint: 52100 ns, At safepoint: 7800 ns, Total: 59900 ns
[2022-04-08T19:46:48.367+0000][9408][safepoint   ] Safepoint "Cleanup", Time since last: 1014806300 ns, Reaching safepoint: 79600 ns, At safepoint: 7400 ns, Total: 87000 ns
[2022-04-08T19:46:50.383+0000][9408][safepoint   ] Safepoint "Cleanup", Time since last: 2016647300 ns, Reaching safepoint: 106100 ns, At safepoint: 13500 ns, Total: 119600 ns
[2022-04-08T19:46:51.057+0000][9408][gc,start    ] GC(17) Pause Young (Normal) (G1 Evacuation Pause)
[2022-04-08T19:46:51.057+0000][9408][gc,task     ] GC(17) Using 4 workers of 4 for evacuation
[2022-04-08T19:46:51.057+0000][9408][gc,age      ] GC(17) Desired survivor size 320864256 bytes, new threshold 15 (max threshold 15)
[2022-04-08T19:46:51.104+0000][9408][gc,age      ] GC(17) Age table with threshold 15 (max threshold 15)
[2022-04-08T19:46:51.104+0000][9408][gc,age      ] GC(17) - age   1:     952336 bytes,     952336 total
[2022-04-08T19:46:51.104+0000][9408][gc,age      ] GC(17) - age   2:     147280 bytes,    1099616 total
[2022-04-08T19:46:51.104+0000][9408][gc,age      ] GC(17) - age   3:     344560 bytes,    1444176 total
[2022-04-08T19:46:51.104+0000][9408][gc,age      ] GC(17) - age   4:    4114008 bytes,    5558184 total
[2022-04-08T19:46:51.104+0000][9408][gc,age      ] GC(17) - age   5:   21893712 bytes,   27451896 total
[2022-04-08T19:46:51.104+0000][9408][gc,age      ] GC(17) - age   6:   18632704 bytes,   46084600 total
[2022-04-08T19:46:51.104+0000][9408][gc,phases   ] GC(17)   Pre Evacuate Collection Set: 0.1ms
[2022-04-08T19:46:51.104+0000][9408][gc,phases   ] GC(17)   Merge Heap Roots: 0.2ms
[2022-04-08T19:46:51.104+0000][9408][gc,phases   ] GC(17)   Evacuate Collection Set: 31.7ms
[2022-04-08T19:46:51.104+0000][9408][gc,phases   ] GC(17)   Post Evacuate Collection Set: 6.8ms
[2022-04-08T19:46:51.104+0000][9408][gc,phases   ] GC(17)   Other: 0.4ms
[2022-04-08T19:46:51.104+0000][9408][gc,heap     ] GC(17) Eden regions: 1208->0(1208)
[2022-04-08T19:46:51.104+0000][9408][gc,heap     ] GC(17) Survivor regions: 12->12(153)
[2022-04-08T19:46:51.104+0000][9408][gc,heap     ] GC(17) Old regions: 12->12
[2022-04-08T19:46:51.104+0000][9408][gc,heap     ] GC(17) Archive regions: 0->0
[2022-04-08T19:46:51.104+0000][9408][gc,heap     ] GC(17) Humongous regions: 5->5
[2022-04-08T19:46:51.104+0000][9408][gc,metaspace] GC(17) Metaspace: 126366K(128512K)->126366K(128512K) NonClass: 109529K(110784K)->109529K(110784K) Class: 16836K(17728K)->16836K(17728K)
[2022-04-08T19:46:51.104+0000][9408][gc          ] GC(17) Pause Young (Normal) (G1 Evacuation Pause) 4946M->112M(8136M) 39.325ms
[2022-04-08T19:46:51.104+0000][9408][gc,cpu      ] GC(17) User=0.11s Sys=0.06s Real=0.05s
[2022-04-08T19:46:51.104+0000][9408][safepoint   ] Safepoint "G1CollectForAllocation", Time since last: 684093000 ns, Reaching safepoint: 104900 ns, At safepoint: 39418200 ns, Total: 39523100 ns
[2022-04-08T19:46:57.155+0000][9408][safepoint   ] Safepoint "Cleanup", Time since last: 6047680100 ns, Reaching safepoint: 98800 ns, At safepoint: 15400 ns, Total: 114200 ns
[2022-04-08T19:47:00.171+0000][9408][safepoint   ] Safepoint "Cleanup", Time since last: 3015688600 ns, Reaching safepoint: 81500 ns, At safepoint: 11100 ns, Total: 92600 ns
[2022-04-08T19:47:03.189+0000][9408][safepoint   ] Safepoint "Cleanup", Time since last: 3018087600 ns, Reaching safepoint: 85400 ns, At safepoint: 7600 ns, Total: 93000 ns
[2022-04-08T19:47:10.223+0000][9408][safepoint   ] Safepoint "Cleanup", Time since last: 7033788100 ns, Reaching safepoint: 91600 ns, At safepoint: 3900 ns, Total: 95500 ns
[2022-04-08T19:47:20.322+0000][9408][safepoint   ] Safepoint "Cleanup", Time since last: 10099124300 ns, Reaching safepoint: 60100 ns, At safepoint: 8800 ns, Total: 68900 ns
[2022-04-08T19:47:44.489+0000][9408][safepoint   ] Safepoint "Cleanup", Time since last: 24167239100 ns, Reaching safepoint: 54600 ns, At safepoint: 5700 ns, Total: 60300 ns
[2022-04-08T19:47:48.535+0000][9408][safepoint   ] Safepoint "Cleanup", Time since last: 4045341700 ns, Reaching safepoint: 41200 ns, At safepoint: 7200 ns, Total: 48400 ns
[2022-04-08T19:47:50.538+0000][9408][safepoint   ] Safepoint "Cleanup", Time since last: 2003251000 ns, Reaching safepoint: 80900 ns, At safepoint: 8100 ns, Total: 89000 ns
[2022-04-08T19:47:56.590+0000][9408][safepoint   ] Safepoint "Cleanup", Time since last: 6051927400 ns, Reaching safepoint: 49700 ns, At safepoint: 7000 ns, Total: 56700 ns
[2022-04-08T19:48:32.875+0000][9408][safepoint   ] Safepoint "Cleanup", Time since last: 36284946600 ns, Reaching safepoint: 50700 ns, At safepoint: 7900 ns, Total: 58600 ns
[2022-04-08T19:48:38.940+0000][9408][safepoint   ] Safepoint "Cleanup", Time since last: 6064801200 ns, Reaching safepoint: 67800 ns, At safepoint: 7100 ns, Total: 74900 ns
[2022-04-08T19:48:41.970+0000][9408][safepoint   ] Safepoint "Cleanup", Time since last: 3030497400 ns, Reaching safepoint: 107200 ns, At safepoint: 4400 ns, Total: 111600 ns
[2022-04-08T19:48:44.981+0000][9408][safepoint   ] Safepoint "Cleanup", Time since last: 3010478300 ns, Reaching safepoint: 57100 ns, At safepoint: 7700 ns, Total: 64800 ns
[2022-04-08T19:48:48.012+0000][9408][safepoint   ] Safepoint "Cleanup", Time since last: 3031393900 ns, Reaching safepoint: 45100 ns, At safepoint: 8000 ns, Total: 53100 ns
[2022-04-08T19:48:51.037+0000][9408][safepoint   ] Safepoint "Cleanup", Time since last: 3024708100 ns, Reaching safepoint: 55800 ns, At safepoint: 8900 ns, Total: 64700 ns
[2022-04-08T19:49:03.140+0000][9408][safepoint   ] Safepoint "Cleanup", Time since last: 12102663000 ns, Reaching safepoint: 51400 ns, At safepoint: 6100 ns, Total: 57500 ns
[2022-04-08T19:49:15.277+0000][9408][safepoint   ] Safepoint "Cleanup", Time since last: 12137415000 ns, Reaching safepoint: 109200 ns, At safepoint: 10000 ns, Total: 119200 ns
[2022-04-08T19:49:21.332+0000][9408][safepoint   ] Safepoint "Cleanup", Time since last: 6054412900 ns, Reaching safepoint: 52200 ns, At safepoint: 9500 ns, Total: 61700 ns
[2022-04-08T19:49:27.396+0000][9408][safepoint   ] Safepoint "Cleanup", Time since last: 6064121900 ns, Reaching safepoint: 48800 ns, At safepoint: 6600 ns, Total: 55400 ns
[2022-04-08T19:49:33.483+0000][9408][safepoint   ] Safepoint "Cleanup", Time since last: 6086617400 ns, Reaching safepoint: 115500 ns, At safepoint: 11900 ns, Total: 127400 ns
[2022-04-08T19:49:35.509+0000][9408][safepoint   ] Safepoint "Cleanup", Time since last: 2026188600 ns, Reaching safepoint: 48900 ns, At safepoint: 62800 ns, Total: 111700 ns
[2022-04-08T19:49:38.550+0000][9408][safepoint   ] Safepoint "Cleanup", Time since last: 3040894000 ns, Reaching safepoint: 42500 ns, At safepoint: 5400 ns, Total: 47900 ns
[2022-04-08T19:49:41.577+0000][9408][safepoint   ] Safepoint "Cleanup", Time since last: 3026722100 ns, Reaching safepoint: 42100 ns, At safepoint: 4100 ns, Total: 46200 ns
[2022-04-08T19:49:46.644+0000][9408][safepoint   ] Safepoint "Cleanup", Time since last: 5066987700 ns, Reaching safepoint: 47000 ns, At safepoint: 15800 ns, Total: 62800 ns
[2022-04-08T19:50:02.850+0000][9408][safepoint   ] Safepoint "Cleanup", Time since last: 16206484400 ns, Reaching safepoint: 51400 ns, At safepoint: 12200 ns, Total: 63600 ns
[2022-04-08T19:50:15.002+0000][9408][safepoint   ] Safepoint "Cleanup", Time since last: 12151662700 ns, Reaching safepoint: 56300 ns, At safepoint: 15800 ns, Total: 72100 ns
[2022-04-08T19:50:22.085+0000][9408][safepoint   ] Safepoint "Cleanup", Time since last: 7082974700 ns, Reaching safepoint: 46600 ns, At safepoint: 7800 ns, Total: 54400 ns
[2022-04-08T19:50:45.346+0000][9408][safepoint   ] Safepoint "Cleanup", Time since last: 23261185700 ns, Reaching safepoint: 47400 ns, At safepoint: 6200 ns, Total: 53600 ns
[2022-04-08T19:51:09.619+0000][9408][safepoint   ] Safepoint "Cleanup", Time since last: 24272281100 ns, Reaching safepoint: 48500 ns, At safepoint: 9600 ns, Total: 58100 ns
[2022-04-08T19:51:15.687+0000][9408][safepoint   ] Safepoint "Cleanup", Time since last: 6068297700 ns, Reaching safepoint: 59800 ns, At safepoint: 6100 ns, Total: 65900 ns
[2022-04-08T19:51:20.747+0000][9408][safepoint   ] Safepoint "Cleanup", Time since last: 5059407500 ns, Reaching safepoint: 38900 ns, At safepoint: 4300 ns, Total: 43200 ns
[2022-04-08T19:51:25.794+0000][9408][safepoint   ] Safepoint "Cleanup", Time since last: 5047636500 ns, Reaching safepoint: 40400 ns, At safepoint: 6000 ns, Total: 46400 ns
[2022-04-08T19:51:27.811+0000][9408][safepoint   ] Safepoint "Cleanup", Time since last: 2016593000 ns, Reaching safepoint: 44000 ns, At safepoint: 4800 ns, Total: 48800 ns
[2022-04-08T19:51:39.947+0000][9408][safepoint   ] Safepoint "Cleanup", Time since last: 12136327200 ns, Reaching safepoint: 114600 ns, At safepoint: 4400 ns, Total: 119000 ns
[2022-04-08T19:51:45.020+0000][9408][safepoint   ] Safepoint "Cleanup", Time since last: 5072270100 ns, Reaching safepoint: 47500 ns, At safepoint: 10900 ns, Total: 58400 ns
[2022-04-08T19:51:53.119+0000][9408][safepoint   ] Safepoint "Cleanup", Time since last: 8099608400 ns, Reaching safepoint: 41700 ns, At safepoint: 8600 ns, Total: 50300 ns
[2022-04-08T19:52:27.388+0000][9408][safepoint   ] Safepoint "Cleanup", Time since last: 34268213500 ns, Reaching safepoint: 50000 ns, At safepoint: 7000 ns, Total: 57000 ns
[2022-04-08T19:52:57.652+0000][9408][safepoint   ] Safepoint "Cleanup", Time since last: 30263947900 ns, Reaching safepoint: 55300 ns, At safepoint: 8800 ns, Total: 64100 ns
[2022-04-08T19:53:06.699+0000][9408][safepoint   ] Safepoint "Cleanup", Time since last: 9047426600 ns, Reaching safepoint: 49500 ns, At safepoint: 7900 ns, Total: 57400 ns
[2022-04-08T19:53:15.784+0000][9408][safepoint   ] Safepoint "Cleanup", Time since last: 9084607200 ns, Reaching safepoint: 82800 ns, At safepoint: 5900 ns, Total: 88700 ns
[2022-04-08T19:53:17.815+0000][9408][safepoint   ] Safepoint "Cleanup", Time since last: 2030699100 ns, Reaching safepoint: 124000 ns, At safepoint: 10400 ns, Total: 134400 ns
[2022-04-08T19:53:27.869+0000][9408][safepoint   ] Safepoint "Cleanup", Time since last: 10054236000 ns, Reaching safepoint: 56500 ns, At safepoint: 6300 ns, Total: 62800 ns
[2022-04-08T19:53:35.925+0000][9408][safepoint   ] Safepoint "Cleanup", Time since last: 8056300500 ns, Reaching safepoint: 54300 ns, At safepoint: 9100 ns, Total: 63400 ns
[2022-04-08T19:53:44.011+0000][9408][safepoint   ] Safepoint "Cleanup", Time since last: 8085388100 ns, Reaching safepoint: 58800 ns, At safepoint: 8100 ns, Total: 66900 ns
[2022-04-08T19:53:45.012+0000][9408][safepoint   ] Safepoint "Cleanup", Time since last: 1001290000 ns, Reaching safepoint: 70600 ns, At safepoint: 8300 ns, Total: 78900 ns
[2022-04-08T19:54:03.188+0000][9408][safepoint   ] Safepoint "Cleanup", Time since last: 18175946600 ns, Reaching safepoint: 53400 ns, At safepoint: 9800 ns, Total: 63200 ns
[2022-04-08T19:54:06.225+0000][9408][safepoint   ] Safepoint "Cleanup", Time since last: 3036799700 ns, Reaching safepoint: 47000 ns, At safepoint: 7200 ns, Total: 54200 ns
[2022-04-08T19:54:28.432+0000][9408][safepoint   ] Safepoint "Cleanup", Time since last: 22206961000 ns, Reaching safepoint: 52300 ns, At safepoint: 6300 ns, Total: 58600 ns
[2022-04-08T19:54:33.490+0000][9408][safepoint   ] Safepoint "Cleanup", Time since last: 5057820200 ns, Reaching safepoint: 51700 ns, At safepoint: 16300 ns, Total: 68000 ns
[2022-04-08T19:54:35.517+0000][9408][safepoint   ] Safepoint "Cleanup", Time since last: 2026929600 ns, Reaching safepoint: 72400 ns, At safepoint: 4900 ns, Total: 77300 ns
[2022-04-08T19:54:42.615+0000][9408][safepoint   ] Safepoint "Cleanup", Time since last: 7097638800 ns, Reaching safepoint: 66800 ns, At safepoint: 8900 ns, Total: 75700 ns
[2022-04-08T19:54:44.627+0000][9408][safepoint   ] Safepoint "Cleanup", Time since last: 2012788100 ns, Reaching safepoint: 81400 ns, At safepoint: 9800 ns, Total: 91200 ns
[2022-04-08T19:54:51.727+0000][9408][safepoint   ] Safepoint "Cleanup", Time since last: 7099656500 ns, Reaching safepoint: 52300 ns, At safepoint: 7600 ns, Total: 59900 ns
[2022-04-08T19:54:59.822+0000][9408][safepoint   ] Safepoint "Cleanup", Time since last: 8094268800 ns, Reaching safepoint: 52700 ns, At safepoint: 6700 ns, Total: 59400 ns
[2022-04-08T19:55:03.857+0000][9408][safepoint   ] Safepoint "Cleanup", Time since last: 4035655900 ns, Reaching safepoint: 53100 ns, At safepoint: 6200 ns, Total: 59300 ns
[2022-04-08T19:55:09.923+0000][9408][safepoint   ] Safepoint "Cleanup", Time since last: 6065325300 ns, Reaching safepoint: 51900 ns, At safepoint: 10900 ns, Total: 62800 ns
[2022-04-08T19:55:15.965+0000][9408][safepoint   ] Safepoint "Cleanup", Time since last: 6042241400 ns, Reaching safepoint: 98500 ns, At safepoint: 15300 ns, Total: 113800 ns
[2022-04-08T19:55:34.145+0000][9408][safepoint   ] Safepoint "Cleanup", Time since last: 18180177500 ns, Reaching safepoint: 52500 ns, At safepoint: 7100 ns, Total: 59600 ns
[2022-04-08T19:55:40.229+0000][9408][safepoint   ] Safepoint "Cleanup", Time since last: 6083398600 ns, Reaching safepoint: 49200 ns, At safepoint: 14700 ns, Total: 63900 ns
[2022-04-08T19:55:43.260+0000][9408][safepoint   ] Safepoint "Cleanup", Time since last: 3031258400 ns, Reaching safepoint: 69700 ns, At safepoint: 14000 ns, Total: 83700 ns
[2022-04-08T19:55:45.286+0000][9408][safepoint   ] Safepoint "Cleanup", Time since last: 2026081100 ns, Reaching safepoint: 70700 ns, At safepoint: 15600 ns, Total: 86300 ns
[2022-04-08T19:55:46.297+0000][9408][safepoint   ] Safepoint "Cleanup", Time since last: 1010289500 ns, Reaching safepoint: 60300 ns, At safepoint: 8100 ns, Total: 68400 ns
[2022-04-08T19:55:55.406+0000][9408][safepoint   ] Safepoint "Cleanup", Time since last: 9109372200 ns, Reaching safepoint: 92900 ns, At safepoint: 22000 ns, Total: 114900 ns
[2022-04-08T19:56:00.456+0000][9408][safepoint   ] Safepoint "Cleanup", Time since last: 5049554300 ns, Reaching safepoint: 70900 ns, At safepoint: 16200 ns, Total: 87100 ns
[2022-04-08T19:56:15.567+0000][9408][safepoint   ] Safepoint "Cleanup", Time since last: 15111136400 ns, Reaching safepoint: 70200 ns, At safepoint: 16300 ns, Total: 86500 ns
[2022-04-08T19:56:27.704+0000][9408][safepoint   ] Safepoint "Cleanup", Time since last: 12137305100 ns, Reaching safepoint: 37800 ns, At safepoint: 11700 ns, Total: 49500 ns
[2022-04-08T19:56:32.747+0000][9408][safepoint   ] Safepoint "Cleanup", Time since last: 5042243300 ns, Reaching safepoint: 49000 ns, At safepoint: 6400 ns, Total: 55400 ns
[2022-04-08T19:56:35.769+0000][9408][safepoint   ] Safepoint "Cleanup", Time since last: 3022330000 ns, Reaching safepoint: 54000 ns, At safepoint: 6900 ns, Total: 60900 ns
[2022-04-08T19:56:46.909+0000][9408][safepoint   ] Safepoint "Cleanup", Time since last: 11140319000 ns, Reaching safepoint: 59600 ns, At safepoint: 12200 ns, Total: 71800 ns
[2022-04-08T19:57:15.252+0000][9408][safepoint   ] Safepoint "Cleanup", Time since last: 28343020300 ns, Reaching safepoint: 51000 ns, At safepoint: 6300 ns, Total: 57300 ns
[2022-04-08T19:57:44.587+0000][9408][safepoint   ] Safepoint "Cleanup", Time since last: 29334137300 ns, Reaching safepoint: 57100 ns, At safepoint: 6900 ns, Total: 64000 ns
[2022-04-08T19:57:46.612+0000][9408][safepoint   ] Safepoint "Cleanup", Time since last: 2025514800 ns, Reaching safepoint: 39800 ns, At safepoint: 6000 ns, Total: 45800 ns
[2022-04-08T19:57:57.763+0000][9408][safepoint   ] Safepoint "Cleanup", Time since last: 11151053300 ns, Reaching safepoint: 54700 ns, At safepoint: 10800 ns, Total: 65500 ns
[2022-04-08T19:57:58.773+0000][9408][safepoint   ] Safepoint "Cleanup", Time since last: 1009870800 ns, Reaching safepoint: 45200 ns, At safepoint: 4100 ns, Total: 49300 ns
[2022-04-08T19:58:36.166+0000][9408][safepoint   ] Safepoint "Cleanup", Time since last: 37392870800 ns, Reaching safepoint: 45400 ns, At safepoint: 12900 ns, Total: 58300 ns
[2022-04-08T19:58:45.248+0000][9408][safepoint   ] Safepoint "Cleanup", Time since last: 9081572600 ns, Reaching safepoint: 55100 ns, At safepoint: 21500 ns, Total: 76600 ns
[2022-04-08T19:58:46.250+0000][9408][safepoint   ] Safepoint "Cleanup", Time since last: 1002569800 ns, Reaching safepoint: 42000 ns, At safepoint: 7800 ns, Total: 49800 ns
[2022-04-08T19:58:52.317+0000][9408][safepoint   ] Safepoint "Cleanup", Time since last: 6066601200 ns, Reaching safepoint: 79100 ns, At safepoint: 16800 ns, Total: 95900 ns
[2022-04-08T19:59:06.454+0000][9408][safepoint   ] Safepoint "Cleanup", Time since last: 14136542600 ns, Reaching safepoint: 54300 ns, At safepoint: 16800 ns, Total: 71100 ns
[2022-04-08T19:59:18.552+0000][9408][safepoint   ] Safepoint "Cleanup", Time since last: 12098391900 ns, Reaching safepoint: 53300 ns, At safepoint: 14100 ns, Total: 67400 ns
[2022-04-08T19:59:28.652+0000][9408][safepoint   ] Safepoint "Cleanup", Time since last: 10100149700 ns, Reaching safepoint: 88400 ns, At safepoint: 16000 ns, Total: 104400 ns
[2022-04-08T19:59:34.700+0000][9408][safepoint   ] Safepoint "Cleanup", Time since last: 6047634700 ns, Reaching safepoint: 52800 ns, At safepoint: 11600 ns, Total: 64400 ns
[2022-04-08T19:59:52.890+0000][9408][safepoint   ] Safepoint "Cleanup", Time since last: 18190178800 ns, Reaching safepoint: 57300 ns, At safepoint: 15100 ns, Total: 72400 ns
[2022-04-08T19:59:54.912+0000][9408][safepoint   ] Safepoint "Cleanup", Time since last: 2021539300 ns, Reaching safepoint: 100300 ns, At safepoint: 26100 ns, Total: 126400 ns
[2022-04-08T19:59:57.953+0000][9408][safepoint   ] Safepoint "Cleanup", Time since last: 3040781800 ns, Reaching safepoint: 69400 ns, At safepoint: 14700 ns, Total: 84100 ns
[2022-04-08T20:00:04.021+0000][9408][safepoint   ] Safepoint "Cleanup", Time since last: 6068280100 ns, Reaching safepoint: 58300 ns, At safepoint: 9300 ns, Total: 67600 ns
[2022-04-08T20:00:05.023+0000][9408][safepoint   ] Safepoint "Cleanup", Time since last: 1002098700 ns, Reaching safepoint: 51100 ns, At safepoint: 12000 ns, Total: 63100 ns
[2022-04-08T20:00:34.350+0000][9408][safepoint   ] Safepoint "Cleanup", Time since last: 29326150100 ns, Reaching safepoint: 48800 ns, At safepoint: 5900 ns, Total: 54700 ns
[2022-04-08T20:00:44.475+0000][9408][safepoint   ] Safepoint "Cleanup", Time since last: 10125464700 ns, Reaching safepoint: 53400 ns, At safepoint: 16500 ns, Total: 69900 ns
[2022-04-08T20:01:25.876+0000][9408][safepoint   ] Safepoint "Cleanup", Time since last: 41400788500 ns, Reaching safepoint: 44900 ns, At safepoint: 6500 ns, Total: 51400 ns
[2022-04-08T20:01:42.073+0000][9408][safepoint   ] Safepoint "Cleanup", Time since last: 16196630700 ns, Reaching safepoint: 53700 ns, At safepoint: 8500 ns, Total: 62200 ns
[2022-04-08T20:01:45.114+0000][9408][safepoint   ] Safepoint "Cleanup", Time since last: 3041595300 ns, Reaching safepoint: 50500 ns, At safepoint: 9500 ns, Total: 60000 ns
[2022-04-08T20:01:47.141+0000][9408][safepoint   ] Safepoint "Cleanup", Time since last: 2026184800 ns, Reaching safepoint: 49800 ns, At safepoint: 7000 ns, Total: 56800 ns
[2022-04-08T20:02:01.260+0000][9408][safepoint   ] Safepoint "Cleanup", Time since last: 14119699500 ns, Reaching safepoint: 43200 ns, At safepoint: 17500 ns, Total: 60700 ns
[2022-04-08T20:02:04.302+0000][9408][safepoint   ] Safepoint "Cleanup", Time since last: 3041750900 ns, Reaching safepoint: 41300 ns, At safepoint: 5700 ns, Total: 47000 ns
[2022-04-08T20:02:11.386+0000][9408][safepoint   ] Safepoint "Cleanup", Time since last: 7083839400 ns, Reaching safepoint: 128300 ns, At safepoint: 17600 ns, Total: 145900 ns
[2022-04-08T20:02:44.786+0000][9408][safepoint   ] Safepoint "Cleanup", Time since last: 33399330200 ns, Reaching safepoint: 48700 ns, At safepoint: 8800 ns, Total: 57500 ns
[2022-04-08T20:02:48.824+0000][9408][safepoint   ] Safepoint "Cleanup", Time since last: 4038188500 ns, Reaching safepoint: 52800 ns, At safepoint: 7200 ns, Total: 60000 ns
[2022-04-08T20:02:58.939+0000][9408][safepoint   ] Safepoint "Cleanup", Time since last: 10115138800 ns, Reaching safepoint: 52400 ns, At safepoint: 14400 ns, Total: 66800 ns
[2022-04-08T20:03:02.970+0000][9408][safepoint   ] Safepoint "Cleanup", Time since last: 4031227800 ns, Reaching safepoint: 65500 ns, At safepoint: 15500 ns, Total: 81000 ns
[2022-04-08T20:03:45.448+0000][9408][safepoint   ] Safepoint "Cleanup", Time since last: 42477405100 ns, Reaching safepoint: 50900 ns, At safepoint: 14400 ns, Total: 65300 ns
[2022-04-08T20:04:06.674+0000][9408][safepoint   ] Safepoint "Cleanup", Time since last: 21226524800 ns, Reaching safepoint: 48300 ns, At safepoint: 13600 ns, Total: 61900 ns
[2022-04-08T20:04:11.653+0000][9408][safepoint   ] Safepoint "Cleanup", Time since last: 4978815200 ns, Reaching safepoint: 110900 ns, At safepoint: 5900 ns, Total: 116800 ns
[2022-04-08T20:04:16.721+0000][9408][safepoint   ] Safepoint "Cleanup", Time since last: 5067351600 ns, Reaching safepoint: 35700 ns, At safepoint: 11800 ns, Total: 47500 ns
[2022-04-08T20:04:23.791+0000][9408][safepoint   ] Safepoint "Cleanup", Time since last: 7070206500 ns, Reaching safepoint: 83900 ns, At safepoint: 7700 ns, Total: 91600 ns
[2022-04-08T20:04:28.838+0000][9408][safepoint   ] Safepoint "Cleanup", Time since last: 5046647200 ns, Reaching safepoint: 53100 ns, At safepoint: 8500 ns, Total: 61600 ns
[2022-04-08T20:04:33.866+0000][9408][safepoint   ] Safepoint "Cleanup", Time since last: 5028757000 ns, Reaching safepoint: 49600 ns, At safepoint: 5900 ns, Total: 55500 ns
[2022-04-08T20:04:45.007+0000][9408][safepoint   ] Safepoint "Cleanup", Time since last: 11140239400 ns, Reaching safepoint: 39300 ns, At safepoint: 4400 ns, Total: 43700 ns
[2022-04-08T20:04:48.049+0000][9408][safepoint   ] Safepoint "Cleanup", Time since last: 3041719000 ns, Reaching safepoint: 53300 ns, At safepoint: 6500 ns, Total: 59800 ns
[2022-04-08T20:04:53.106+0000][9408][safepoint   ] Safepoint "Cleanup", Time since last: 5057621800 ns, Reaching safepoint: 47400 ns, At safepoint: 7300 ns, Total: 54700 ns
[2022-04-08T20:05:35.461+0000][9408][safepoint   ] Safepoint "Cleanup", Time since last: 42354518000 ns, Reaching safepoint: 73500 ns, At safepoint: 7000 ns, Total: 80500 ns
[2022-04-08T20:05:37.477+0000][9408][safepoint   ] Safepoint "Cleanup", Time since last: 2016261600 ns, Reaching safepoint: 47100 ns, At safepoint: 52300 ns, Total: 99400 ns
[2022-04-08T20:05:41.518+0000][9408][safepoint   ] Safepoint "Cleanup", Time since last: 4040634400 ns, Reaching safepoint: 54900 ns, At safepoint: 6300 ns, Total: 61200 ns
[2022-04-08T20:06:05.734+0000][9408][safepoint   ] Safepoint "Cleanup", Time since last: 24215743600 ns, Reaching safepoint: 50400 ns, At safepoint: 4700 ns, Total: 55100 ns
[2022-04-08T20:06:06.749+0000][9408][safepoint   ] Safepoint "Cleanup", Time since last: 1015474000 ns, Reaching safepoint: 44300 ns, At safepoint: 6800 ns, Total: 51100 ns
[2022-04-08T20:06:16.857+0000][9408][safepoint   ] Safepoint "Cleanup", Time since last: 10107718100 ns, Reaching safepoint: 36200 ns, At safepoint: 12500 ns, Total: 48700 ns
[2022-04-08T20:06:30.000+0000][9408][safepoint   ] Safepoint "Cleanup", Time since last: 13142730100 ns, Reaching safepoint: 77700 ns, At safepoint: 6700 ns, Total: 84400 ns
[2022-04-08T20:07:05.427+0000][9408][safepoint   ] Safepoint "Cleanup", Time since last: 35427534000 ns, Reaching safepoint: 49100 ns, At safepoint: 5900 ns, Total: 55000 ns
[2022-04-08T20:07:07.455+0000][9408][safepoint   ] Safepoint "Cleanup", Time since last: 2027201900 ns, Reaching safepoint: 64900 ns, At safepoint: 61600 ns, Total: 126500 ns
[2022-04-08T20:07:35.795+0000][9408][safepoint   ] Safepoint "Cleanup", Time since last: 28340115000 ns, Reaching safepoint: 48000 ns, At safepoint: 7500 ns, Total: 55500 ns
[2022-04-08T20:07:36.810+0000][9408][safepoint   ] Safepoint "Cleanup", Time since last: 1015126500 ns, Reaching safepoint: 63600 ns, At safepoint: 8800 ns, Total: 72400 ns
[2022-04-08T20:07:41.867+0000][9408][safepoint   ] Safepoint "Cleanup", Time since last: 5057127700 ns, Reaching safepoint: 53100 ns, At safepoint: 6000 ns, Total: 59100 ns
[2022-04-08T20:07:42.868+0000][9408][safepoint   ] Safepoint "Cleanup", Time since last: 1000236300 ns, Reaching safepoint: 104900 ns, At safepoint: 9800 ns, Total: 114700 ns
[2022-04-08T20:08:00.063+0000][9408][safepoint   ] Safepoint "Cleanup", Time since last: 17195497800 ns, Reaching safepoint: 51500 ns, At safepoint: 4400 ns, Total: 55900 ns
[2022-04-08T20:08:06.156+0000][9408][safepoint   ] Safepoint "Cleanup", Time since last: 6092299700 ns, Reaching safepoint: 48000 ns, At safepoint: 11600 ns, Total: 59600 ns
[2022-04-08T20:08:23.364+0000][9408][safepoint   ] Safepoint "Cleanup", Time since last: 17208456100 ns, Reaching safepoint: 128300 ns, At safepoint: 7800 ns, Total: 136100 ns
[2022-04-08T20:08:35.243+0000][9408][gc,start    ] GC(18) Pause Young (Normal) (G1 Evacuation Pause)
[2022-04-08T20:08:35.243+0000][9408][gc,task     ] GC(18) Using 4 workers of 4 for evacuation
[2022-04-08T20:08:35.243+0000][9408][gc,age      ] GC(18) Desired survivor size 320864256 bytes, new threshold 15 (max threshold 15)
[2022-04-08T20:08:35.274+0000][9408][gc,age      ] GC(18) Age table with threshold 15 (max threshold 15)
[2022-04-08T20:08:35.274+0000][9408][gc,age      ] GC(18) - age   1:    1211200 bytes,    1211200 total
[2022-04-08T20:08:35.274+0000][9408][gc,age      ] GC(18) - age   2:      60240 bytes,    1271440 total
[2022-04-08T20:08:35.274+0000][9408][gc,age      ] GC(18) - age   3:     125712 bytes,    1397152 total
[2022-04-08T20:08:35.274+0000][9408][gc,age      ] GC(18) - age   4:     240144 bytes,    1637296 total
[2022-04-08T20:08:35.274+0000][9408][gc,age      ] GC(18) - age   5:    4111152 bytes,    5748448 total
[2022-04-08T20:08:35.274+0000][9408][gc,age      ] GC(18) - age   6:   21817488 bytes,   27565936 total
[2022-04-08T20:08:35.274+0000][9408][gc,age      ] GC(18) - age   7:   18632520 bytes,   46198456 total
[2022-04-08T20:08:35.274+0000][9408][gc,phases   ] GC(18)   Pre Evacuate Collection Set: 0.1ms
[2022-04-08T20:08:35.274+0000][9408][gc,phases   ] GC(18)   Merge Heap Roots: 0.2ms
[2022-04-08T20:08:35.274+0000][9408][gc,phases   ] GC(18)   Evacuate Collection Set: 33.3ms
[2022-04-08T20:08:35.274+0000][9408][gc,phases   ] GC(18)   Post Evacuate Collection Set: 5.9ms
[2022-04-08T20:08:35.274+0000][9408][gc,phases   ] GC(18)   Other: 0.4ms
[2022-04-08T20:08:35.274+0000][9408][gc,heap     ] GC(18) Eden regions: 1208->0(1208)
[2022-04-08T20:08:35.274+0000][9408][gc,heap     ] GC(18) Survivor regions: 12->12(153)
[2022-04-08T20:08:35.274+0000][9408][gc,heap     ] GC(18) Old regions: 12->12
[2022-04-08T20:08:35.274+0000][9408][gc,heap     ] GC(18) Archive regions: 0->0
[2022-04-08T20:08:35.274+0000][9408][gc,heap     ] GC(18) Humongous regions: 5->5
[2022-04-08T20:08:35.274+0000][9408][gc,metaspace] GC(18) Metaspace: 126491K(128640K)->126491K(128640K) NonClass: 109652K(110912K)->109652K(110912K) Class: 16839K(17728K)->16839K(17728K)
[2022-04-08T20:08:35.274+0000][9408][gc          ] GC(18) Pause Young (Normal) (G1 Evacuation Pause) 4944M->114M(8136M) 40.123ms
[2022-04-08T20:08:35.274+0000][9408][gc,cpu      ] GC(18) User=0.09s Sys=0.00s Real=0.03s
[2022-04-08T20:08:35.274+0000][9408][safepoint   ] Safepoint "G1CollectForAllocation", Time since last: 11883894000 ns, Reaching safepoint: 102600 ns, At safepoint: 40224900 ns, Total: 40327500 ns
[2022-04-08T20:08:51.420+0000][9408][safepoint   ] Safepoint "Cleanup", Time since last: 16131917000 ns, Reaching safepoint: 48300 ns, At safepoint: 8100 ns, Total: 56400 ns
[2022-04-08T20:09:11.571+0000][9408][safepoint   ] Safepoint "Cleanup", Time since last: 20150667100 ns, Reaching safepoint: 52400 ns, At safepoint: 6500 ns, Total: 58900 ns
[2022-04-08T20:09:22.677+0000][9408][safepoint   ] Safepoint "Cleanup", Time since last: 11106145600 ns, Reaching safepoint: 108100 ns, At safepoint: 10200 ns, Total: 118300 ns
[2022-04-08T20:09:23.692+0000][9408][safepoint   ] Safepoint "Cleanup", Time since last: 1015164900 ns, Reaching safepoint: 119800 ns, At safepoint: 7700 ns, Total: 127500 ns
[2022-04-08T20:09:29.765+0000][9408][safepoint   ] Safepoint "Cleanup", Time since last: 6072524200 ns, Reaching safepoint: 198600 ns, At safepoint: 27900 ns, Total: 226500 ns
[2022-04-08T20:09:35.825+0000][9408][safepoint   ] Safepoint "Cleanup", Time since last: 6059452000 ns, Reaching safepoint: 49000 ns, At safepoint: 8600 ns, Total: 57600 ns
[2022-04-08T20:09:41.884+0000][9408][safepoint   ] Safepoint "Cleanup", Time since last: 6059275900 ns, Reaching safepoint: 134500 ns, At safepoint: 43500 ns, Total: 178000 ns
[2022-04-08T20:09:44.908+0000][9408][safepoint   ] Safepoint "Cleanup", Time since last: 3023854600 ns, Reaching safepoint: 54000 ns, At safepoint: 8400 ns, Total: 62400 ns
[2022-04-08T20:10:06.064+0000][9408][safepoint   ] Safepoint "Cleanup", Time since last: 21155317700 ns, Reaching safepoint: 64500 ns, At safepoint: 10700 ns, Total: 75200 ns
[2022-04-08T20:10:27.308+0000][9408][safepoint   ] Safepoint "Cleanup", Time since last: 21244748100 ns, Reaching safepoint: 55300 ns, At safepoint: 7700 ns, Total: 63000 ns
[2022-04-08T20:10:33.367+0000][9408][safepoint   ] Safepoint "Cleanup", Time since last: 6058736500 ns, Reaching safepoint: 49400 ns, At safepoint: 7700 ns, Total: 57100 ns
[2022-04-08T20:10:45.502+0000][9408][safepoint   ] Safepoint "Cleanup", Time since last: 12134287700 ns, Reaching safepoint: 67500 ns, At safepoint: 20300 ns, Total: 87800 ns
[2022-04-08T20:10:54.589+0000][9408][safepoint   ] Safepoint "Cleanup", Time since last: 9087373900 ns, Reaching safepoint: 38800 ns, At safepoint: 6100 ns, Total: 44900 ns
[2022-04-08T20:11:42.009+0000][9408][safepoint   ] Safepoint "Cleanup", Time since last: 47420205100 ns, Reaching safepoint: 50900 ns, At safepoint: 17500 ns, Total: 68400 ns
[2022-04-08T20:11:48.074+0000][9408][safepoint   ] Safepoint "Cleanup", Time since last: 6064827500 ns, Reaching safepoint: 48100 ns, At safepoint: 6800 ns, Total: 54900 ns
[2022-04-08T20:12:44.628+0000][9408][safepoint   ] Safepoint "Cleanup", Time since last: 56553480100 ns, Reaching safepoint: 36600 ns, At safepoint: 5400 ns, Total: 42000 ns
[2022-04-08T20:12:48.667+0000][9408][safepoint   ] Safepoint "Cleanup", Time since last: 4039222900 ns, Reaching safepoint: 41900 ns, At safepoint: 10900 ns, Total: 52800 ns
[2022-04-08T20:13:06.847+0000][9408][safepoint   ] Safepoint "Cleanup", Time since last: 18179876400 ns, Reaching safepoint: 49800 ns, At safepoint: 7600 ns, Total: 57400 ns
[2022-04-08T20:13:24.970+0000][9408][safepoint   ] Safepoint "Cleanup", Time since last: 18122709300 ns, Reaching safepoint: 52400 ns, At safepoint: 3900 ns, Total: 56300 ns
[2022-04-08T20:14:03.336+0000][9408][safepoint   ] Safepoint "Cleanup", Time since last: 38366199300 ns, Reaching safepoint: 39000 ns, At safepoint: 5000 ns, Total: 44000 ns
[2022-04-08T20:14:06.350+0000][9408][safepoint   ] Safepoint "Cleanup", Time since last: 3014040900 ns, Reaching safepoint: 45500 ns, At safepoint: 4600 ns, Total: 50100 ns
[2022-04-08T20:14:34.607+0000][9408][safepoint   ] Safepoint "Cleanup", Time since last: 28257025700 ns, Reaching safepoint: 40700 ns, At safepoint: 7400 ns, Total: 48100 ns
[2022-04-08T20:14:36.630+0000][9408][safepoint   ] Safepoint "Cleanup", Time since last: 2023026200 ns, Reaching safepoint: 42400 ns, At safepoint: 8800 ns, Total: 51200 ns
[2022-04-08T20:14:44.736+0000][9408][safepoint   ] Safepoint "Cleanup", Time since last: 8105954000 ns, Reaching safepoint: 42500 ns, At safepoint: 5900 ns, Total: 48400 ns
[2022-04-08T20:15:06.901+0000][9408][safepoint   ] Safepoint "Cleanup", Time since last: 22165092200 ns, Reaching safepoint: 45500 ns, At safepoint: 8200 ns, Total: 53700 ns
[2022-04-08T20:15:08.916+0000][9408][safepoint   ] Safepoint "Cleanup", Time since last: 2014212100 ns, Reaching safepoint: 57200 ns, At safepoint: 7700 ns, Total: 64900 ns
[2022-04-08T20:15:12.958+0000][9408][safepoint   ] Safepoint "Cleanup", Time since last: 4042177300 ns, Reaching safepoint: 44400 ns, At safepoint: 8700 ns, Total: 53100 ns
[2022-04-08T20:15:19.020+0000][9408][safepoint   ] Safepoint "Cleanup", Time since last: 6062297400 ns, Reaching safepoint: 49000 ns, At safepoint: 7500 ns, Total: 56500 ns
[2022-04-08T20:15:31.150+0000][9408][safepoint   ] Safepoint "Cleanup", Time since last: 12130079000 ns, Reaching safepoint: 88900 ns, At safepoint: 11000 ns, Total: 99900 ns
[2022-04-08T20:16:02.448+0000][9408][safepoint   ] Safepoint "Cleanup", Time since last: 31297615500 ns, Reaching safepoint: 52600 ns, At safepoint: 18100 ns, Total: 70700 ns
[2022-04-08T20:16:03.462+0000][9408][safepoint   ] Safepoint "Cleanup", Time since last: 1014104800 ns, Reaching safepoint: 46700 ns, At safepoint: 9700 ns, Total: 56400 ns
[2022-04-08T20:16:06.481+0000][9408][safepoint   ] Safepoint "Cleanup", Time since last: 3019119400 ns, Reaching safepoint: 110700 ns, At safepoint: 9500 ns, Total: 120200 ns
[2022-04-08T20:16:12.519+0000][9408][safepoint   ] Safepoint "Cleanup", Time since last: 6037457700 ns, Reaching safepoint: 48500 ns, At safepoint: 3800 ns, Total: 52300 ns
[2022-04-08T20:16:21.597+0000][9408][safepoint   ] Safepoint "Cleanup", Time since last: 9078316000 ns, Reaching safepoint: 54200 ns, At safepoint: 8300 ns, Total: 62500 ns
[2022-04-08T20:16:30.683+0000][9408][safepoint   ] Safepoint "Cleanup", Time since last: 9085230800 ns, Reaching safepoint: 87300 ns, At safepoint: 9900 ns, Total: 97200 ns
[2022-04-08T20:16:36.744+0000][9408][safepoint   ] Safepoint "Cleanup", Time since last: 6060889900 ns, Reaching safepoint: 54800 ns, At safepoint: 9100 ns, Total: 63900 ns
[2022-04-08T20:16:37.751+0000][9408][safepoint   ] Safepoint "Cleanup", Time since last: 1007346900 ns, Reaching safepoint: 46600 ns, At safepoint: 7000 ns, Total: 53600 ns
[2022-04-08T20:16:54.915+0000][9408][safepoint   ] Safepoint "Cleanup", Time since last: 17164021000 ns, Reaching safepoint: 52000 ns, At safepoint: 8000 ns, Total: 60000 ns
[2022-04-08T20:16:55.921+0000][9408][safepoint   ] Safepoint "Cleanup", Time since last: 1005432200 ns, Reaching safepoint: 52300 ns, At safepoint: 13100 ns, Total: 65400 ns
[2022-04-08T20:17:43.901+0000][9408][safepoint   ] Safepoint "Cleanup", Time since last: 47980373100 ns, Reaching safepoint: 65600 ns, At safepoint: 4200 ns, Total: 69800 ns
[2022-04-08T20:17:44.908+0000][9408][safepoint   ] Safepoint "Cleanup", Time since last: 1006964700 ns, Reaching safepoint: 52500 ns, At safepoint: 25600 ns, Total: 78100 ns
[2022-04-08T20:18:01.025+0000][9408][safepoint   ] Safepoint "Cleanup", Time since last: 16117225000 ns, Reaching safepoint: 56800 ns, At safepoint: 5400 ns, Total: 62200 ns
[2022-04-08T20:18:06.169+0000][9408][safepoint   ] Safepoint "Cleanup", Time since last: 5143579000 ns, Reaching safepoint: 57500 ns, At safepoint: 49500 ns, Total: 107000 ns
[2022-04-08T20:18:44.867+0000][9408][safepoint   ] Safepoint "Cleanup", Time since last: 38697612400 ns, Reaching safepoint: 62900 ns, At safepoint: 6500 ns, Total: 69400 ns
[2022-04-08T20:18:55.958+0000][9408][safepoint   ] Safepoint "Cleanup", Time since last: 11091078900 ns, Reaching safepoint: 51500 ns, At safepoint: 9800 ns, Total: 61300 ns
[2022-04-08T20:19:01.013+0000][9408][safepoint   ] Safepoint "Cleanup", Time since last: 5055190600 ns, Reaching safepoint: 44800 ns, At safepoint: 8500 ns, Total: 53300 ns
[2022-04-08T20:19:13.122+0000][9408][safepoint   ] Safepoint "Cleanup", Time since last: 12108316100 ns, Reaching safepoint: 37700 ns, At safepoint: 9100 ns, Total: 46800 ns
[2022-04-08T20:19:37.331+0000][9408][safepoint   ] Safepoint "Cleanup", Time since last: 24209357800 ns, Reaching safepoint: 57600 ns, At safepoint: 10500 ns, Total: 68100 ns
[2022-04-08T20:19:43.387+0000][9408][safepoint   ] Safepoint "Cleanup", Time since last: 6055594500 ns, Reaching safepoint: 52300 ns, At safepoint: 4900 ns, Total: 57200 ns
[2022-04-08T20:19:49.430+0000][9408][safepoint   ] Safepoint "Cleanup", Time since last: 6043296400 ns, Reaching safepoint: 62800 ns, At safepoint: 6700 ns, Total: 69500 ns
[2022-04-08T20:20:02.549+0000][9408][safepoint   ] Safepoint "Cleanup", Time since last: 13119289600 ns, Reaching safepoint: 55900 ns, At safepoint: 10700 ns, Total: 66600 ns
[2022-04-08T20:20:31.808+0000][9408][safepoint   ] Safepoint "Cleanup", Time since last: 29258546400 ns, Reaching safepoint: 46900 ns, At safepoint: 7000 ns, Total: 53900 ns
[2022-04-08T20:20:36.835+0000][9408][safepoint   ] Safepoint "Cleanup", Time since last: 5027364500 ns, Reaching safepoint: 79500 ns, At safepoint: 5900 ns, Total: 85400 ns
[2022-04-08T20:20:43.867+0000][9408][safepoint   ] Safepoint "Cleanup", Time since last: 7031902400 ns, Reaching safepoint: 56100 ns, At safepoint: 8000 ns, Total: 64100 ns
[2022-04-08T20:21:07.040+0000][9408][safepoint   ] Safepoint "Cleanup", Time since last: 23173146600 ns, Reaching safepoint: 42500 ns, At safepoint: 4800 ns, Total: 47300 ns
[2022-04-08T20:21:15.110+0000][9408][safepoint   ] Safepoint "Cleanup", Time since last: 8069433500 ns, Reaching safepoint: 132900 ns, At safepoint: 6300 ns, Total: 139200 ns
[2022-04-08T20:21:16.124+0000][9408][safepoint   ] Safepoint "Cleanup", Time since last: 1013919500 ns, Reaching safepoint: 65900 ns, At safepoint: 3600 ns, Total: 69500 ns
