[2022-04-06T19:23:22.295+0000][1244][gc] Using G1
[2022-04-06T19:23:23.843+0000][1244][gc,init] Version: 17.0.2+8 (release)
[2022-04-06T19:23:23.844+0000][1244][gc,init] CPUs: 4 total, 4 available
[2022-04-06T19:23:23.844+0000][1244][gc,init] Memory: 16268M
[2022-04-06T19:23:23.844+0000][1244][gc,init] Large Page Support: Disabled
[2022-04-06T19:23:23.844+0000][1244][gc,init] NUMA Support: Disabled
[2022-04-06T19:23:23.844+0000][1244][gc,init] Compressed Oops: Enabled (Zero based)
[2022-04-06T19:23:23.844+0000][1244][gc,init] Heap Region Size: 4M
[2022-04-06T19:23:23.844+0000][1244][gc,init] Heap Min Capacity: 8136M
[2022-04-06T19:23:23.844+0000][1244][gc,init] Heap Initial Capacity: 8136M
[2022-04-06T19:23:23.844+0000][1244][gc,init] Heap Max Capacity: 8136M
[2022-04-06T19:23:23.848+0000][1244][gc,init] Pre-touch: Enabled
[2022-04-06T19:23:23.848+0000][1244][gc,init] Parallel Workers: 4
[2022-04-06T19:23:23.848+0000][1244][gc,init] Concurrent Workers: 1
[2022-04-06T19:23:23.848+0000][1244][gc,init] Concurrent Refinement Workers: 4
[2022-04-06T19:23:23.848+0000][1244][gc,init] Periodic GC: Disabled
[2022-04-06T19:23:23.848+0000][1244][gc,metaspace] CDS archive(s) mapped at: [0x0000000800000000-0x0000000800bc0000-0x0000000800bc0000), size 12320768, SharedBaseAddress: 0x0000000800000000, ArchiveRelocationMode: 0.
[2022-04-06T19:23:23.848+0000][1244][gc,metaspace] Compressed class space mapped at: 0x0000000800c00000-0x0000000840c00000, reserved size: 1073741824
[2022-04-06T19:23:23.848+0000][1244][gc,metaspace] Narrow klass base: 0x0000000800000000, Narrow klass shift: 0, Narrow klass range: 0x100000000
[2022-04-06T19:23:24.119+0000][1244][safepoint   ] Safepoint "ICBufferFull", Time since last: 264128500 ns, Reaching safepoint: 68200 ns, At safepoint: 1500 ns, Total: 69700 ns
[2022-04-06T19:23:24.120+0000][1244][safepoint   ] Safepoint "ICBufferFull", Time since last: 1213400 ns, Reaching safepoint: 23600 ns, At safepoint: 1600 ns, Total: 25200 ns
[2022-04-06T19:23:24.122+0000][1244][safepoint   ] Safepoint "ICBufferFull", Time since last: 1683800 ns, Reaching safepoint: 22600 ns, At safepoint: 1300 ns, Total: 23900 ns
[2022-04-06T19:23:24.455+0000][1244][safepoint   ] Safepoint "ICBufferFull", Time since last: 333014800 ns, Reaching safepoint: 59200 ns, At safepoint: 1900 ns, Total: 61100 ns
[2022-04-06T19:23:25.051+0000][1244][safepoint   ] Safepoint "ICBufferFull", Time since last: 596237100 ns, Reaching safepoint: 77700 ns, At safepoint: 1400 ns, Total: 79100 ns
[2022-04-06T19:23:26.040+0000][1244][safepoint   ] Safepoint "ICBufferFull", Time since last: 988116600 ns, Reaching safepoint: 129500 ns, At safepoint: 12400 ns, Total: 141900 ns
[2022-04-06T19:23:26.886+0000][1244][safepoint   ] Safepoint "ICBufferFull", Time since last: 846183500 ns, Reaching safepoint: 207400 ns, At safepoint: 3500 ns, Total: 210900 ns
[2022-04-06T19:23:28.558+0000][1244][safepoint   ] Safepoint "Cleanup", Time since last: 1671045300 ns, Reaching safepoint: 170500 ns, At safepoint: 8900 ns, Total: 179400 ns
[2022-04-06T19:23:28.930+0000][1244][gc,start    ] GC(0) Pause Young (Normal) (G1 Evacuation Pause)
[2022-04-06T19:23:28.930+0000][1244][gc,task     ] GC(0) Using 4 workers of 4 for evacuation
[2022-04-06T19:23:28.930+0000][1244][gc,age      ] GC(0) Desired survivor size 27262976 bytes, new threshold 15 (max threshold 15)
[2022-04-06T19:23:28.940+0000][1244][gc,age      ] GC(0) Age table with threshold 15 (max threshold 15)
[2022-04-06T19:23:28.940+0000][1244][gc,age      ] GC(0) - age   1:   12684128 bytes,   12684128 total
[2022-04-06T19:23:28.940+0000][1244][gc,phases   ] GC(0)   Pre Evacuate Collection Set: 0.2ms
[2022-04-06T19:23:28.940+0000][1244][gc,phases   ] GC(0)   Merge Heap Roots: 0.1ms
[2022-04-06T19:23:28.940+0000][1244][gc,phases   ] GC(0)   Evacuate Collection Set: 8.6ms
[2022-04-06T19:23:28.940+0000][1244][gc,phases   ] GC(0)   Post Evacuate Collection Set: 1.0ms
[2022-04-06T19:23:28.940+0000][1244][gc,phases   ] GC(0)   Other: 0.2ms
[2022-04-06T19:23:28.940+0000][1244][gc,heap     ] GC(0) Eden regions: 101->0(97)
[2022-04-06T19:23:28.940+0000][1244][gc,heap     ] GC(0) Survivor regions: 0->4(13)
[2022-04-06T19:23:28.940+0000][1244][gc,heap     ] GC(0) Old regions: 0->0
[2022-04-06T19:23:28.940+0000][1244][gc,heap     ] GC(0) Archive regions: 0->0
[2022-04-06T19:23:28.940+0000][1244][gc,heap     ] GC(0) Humongous regions: 0->0
[2022-04-06T19:23:28.940+0000][1244][gc,metaspace] GC(0) Metaspace: 20441K(20928K)->20441K(20928K) NonClass: 18018K(18304K)->18018K(18304K) Class: 2423K(2624K)->2423K(2624K)
[2022-04-06T19:23:28.940+0000][1244][gc          ] GC(0) Pause Young (Normal) (G1 Evacuation Pause) 404M->12M(8136M) 10.273ms
[2022-04-06T19:23:28.940+0000][1244][gc,cpu      ] GC(0) User=0.06s Sys=0.00s Real=0.01s
[2022-04-06T19:23:28.940+0000][1244][safepoint   ] Safepoint "G1CollectForAllocation", Time since last: 372664800 ns, Reaching safepoint: 99800 ns, At safepoint: 10387300 ns, Total: 10487100 ns
[2022-04-06T19:23:29.388+0000][1244][gc,start    ] GC(1) Pause Young (Concurrent Start) (Metadata GC Threshold)
[2022-04-06T19:23:29.388+0000][1244][gc,task     ] GC(1) Using 4 workers of 4 for evacuation
[2022-04-06T19:23:29.388+0000][1244][gc,age      ] GC(1) Desired survivor size 27262976 bytes, new threshold 15 (max threshold 15)
[2022-04-06T19:23:29.397+0000][1244][gc,age      ] GC(1) Age table with threshold 15 (max threshold 15)
[2022-04-06T19:23:29.398+0000][1244][gc,age      ] GC(1) - age   1:     804592 bytes,     804592 total
[2022-04-06T19:23:29.398+0000][1244][gc,age      ] GC(1) - age   2:   12617280 bytes,   13421872 total
[2022-04-06T19:23:29.398+0000][1244][gc,phases   ] GC(1)   Pre Evacuate Collection Set: 0.2ms
[2022-04-06T19:23:29.398+0000][1244][gc,phases   ] GC(1)   Merge Heap Roots: 0.0ms
[2022-04-06T19:23:29.398+0000][1244][gc,phases   ] GC(1)   Evacuate Collection Set: 8.1ms
[2022-04-06T19:23:29.398+0000][1244][gc,phases   ] GC(1)   Post Evacuate Collection Set: 0.6ms
[2022-04-06T19:23:29.398+0000][1244][gc,phases   ] GC(1)   Other: 0.3ms
[2022-04-06T19:23:29.398+0000][1244][gc,heap     ] GC(1) Eden regions: 35->0(97)
[2022-04-06T19:23:29.398+0000][1244][gc,heap     ] GC(1) Survivor regions: 4->4(13)
[2022-04-06T19:23:29.398+0000][1244][gc,heap     ] GC(1) Old regions: 0->0
[2022-04-06T19:23:29.398+0000][1244][gc,heap     ] GC(1) Archive regions: 0->0
[2022-04-06T19:23:29.398+0000][1244][gc,heap     ] GC(1) Humongous regions: 0->0
[2022-04-06T19:23:29.398+0000][1244][gc,metaspace] GC(1) Metaspace: 21073K(21504K)->21073K(21504K) NonClass: 18548K(18752K)->18548K(18752K) Class: 2525K(2752K)->2525K(2752K)
[2022-04-06T19:23:29.398+0000][1244][gc          ] GC(1) Pause Young (Concurrent Start) (Metadata GC Threshold) 152M->13M(8136M) 9.349ms
[2022-04-06T19:23:29.398+0000][1244][gc,cpu      ] GC(1) User=0.00s Sys=0.00s Real=0.01s
[2022-04-06T19:23:29.398+0000][1244][gc          ] GC(2) Concurrent Mark Cycle
[2022-04-06T19:23:29.398+0000][1244][safepoint   ] Safepoint "CollectForMetadataAllocation", Time since last: 447925400 ns, Reaching safepoint: 64000 ns, At safepoint: 9483900 ns, Total: 9547900 ns
[2022-04-06T19:23:29.398+0000][1244][gc,marking  ] GC(2) Concurrent Clear Claimed Marks
[2022-04-06T19:23:29.398+0000][1244][gc,marking  ] GC(2) Concurrent Clear Claimed Marks 0.063ms
[2022-04-06T19:23:29.398+0000][1244][gc,marking  ] GC(2) Concurrent Scan Root Regions
[2022-04-06T19:23:29.405+0000][1244][gc,marking  ] GC(2) Concurrent Scan Root Regions 7.191ms
[2022-04-06T19:23:29.405+0000][1244][gc,marking  ] GC(2) Concurrent Mark
[2022-04-06T19:23:29.405+0000][1244][gc,marking  ] GC(2) Concurrent Mark From Roots
[2022-04-06T19:23:29.405+0000][1244][gc,task     ] GC(2) Using 1 workers of 1 for marking
[2022-04-06T19:23:29.407+0000][1244][gc,marking  ] GC(2) Concurrent Mark From Roots 1.732ms
[2022-04-06T19:23:29.407+0000][1244][gc,marking  ] GC(2) Concurrent Preclean
[2022-04-06T19:23:29.407+0000][1244][gc,marking  ] GC(2) Concurrent Preclean 0.100ms
[2022-04-06T19:23:29.407+0000][1244][gc,start    ] GC(2) Pause Remark
[2022-04-06T19:23:29.410+0000][1244][gc          ] GC(2) Pause Remark 15M->15M(8136M) 2.632ms
[2022-04-06T19:23:29.410+0000][1244][gc,cpu      ] GC(2) User=0.00s Sys=0.00s Real=0.00s
[2022-04-06T19:23:29.410+0000][1244][safepoint   ] Safepoint "G1Concurrent", Time since last: 9324800 ns, Reaching safepoint: 27000 ns, At safepoint: 2784900 ns, Total: 2811900 ns
[2022-04-06T19:23:29.410+0000][1244][gc,marking  ] GC(2) Concurrent Mark 4.811ms
[2022-04-06T19:23:29.410+0000][1244][gc,marking  ] GC(2) Concurrent Rebuild Remembered Sets
[2022-04-06T19:23:29.410+0000][1244][gc,marking  ] GC(2) Concurrent Rebuild Remembered Sets 0.037ms
[2022-04-06T19:23:29.410+0000][1244][gc,start    ] GC(2) Pause Cleanup
[2022-04-06T19:23:29.410+0000][1244][gc          ] GC(2) Pause Cleanup 15M->15M(8136M) 0.028ms
[2022-04-06T19:23:29.410+0000][1244][gc,cpu      ] GC(2) User=0.00s Sys=0.00s Real=0.00s
[2022-04-06T19:23:29.410+0000][1244][safepoint   ] Safepoint "G1Concurrent", Time since last: 164300 ns, Reaching safepoint: 32500 ns, At safepoint: 89000 ns, Total: 121500 ns
[2022-04-06T19:23:29.410+0000][1244][gc,marking  ] GC(2) Concurrent Cleanup for Next Mark
[2022-04-06T19:23:29.419+0000][1244][gc,marking  ] GC(2) Concurrent Cleanup for Next Mark 8.896ms
[2022-04-06T19:23:29.419+0000][1244][gc          ] GC(2) Concurrent Mark Cycle 21.496ms
[2022-04-06T19:23:29.476+0000][1244][safepoint   ] Safepoint "ICBufferFull", Time since last: 65941200 ns, Reaching safepoint: 56200 ns, At safepoint: 9800 ns, Total: 66000 ns
[2022-04-06T19:23:29.478+0000][1244][safepoint   ] Safepoint "ICBufferFull", Time since last: 1690200 ns, Reaching safepoint: 22800 ns, At safepoint: 7900 ns, Total: 30700 ns
[2022-04-06T19:23:29.484+0000][1244][safepoint   ] Safepoint "ICBufferFull", Time since last: 5838900 ns, Reaching safepoint: 26000 ns, At safepoint: 2400 ns, Total: 28400 ns
[2022-04-06T19:23:29.485+0000][1244][safepoint   ] Safepoint "ICBufferFull", Time since last: 883900 ns, Reaching safepoint: 22800 ns, At safepoint: 1700 ns, Total: 24500 ns
[2022-04-06T19:23:29.486+0000][1244][safepoint   ] Safepoint "ICBufferFull", Time since last: 915300 ns, Reaching safepoint: 21400 ns, At safepoint: 1700 ns, Total: 23100 ns
[2022-04-06T19:23:30.496+0000][1244][safepoint   ] Safepoint "Cleanup", Time since last: 1009348500 ns, Reaching safepoint: 51200 ns, At safepoint: 2500 ns, Total: 53700 ns
[2022-04-06T19:23:31.501+0000][1244][safepoint   ] Safepoint "Cleanup", Time since last: 1005728100 ns, Reaching safepoint: 41600 ns, At safepoint: 2900 ns, Total: 44500 ns
[2022-04-06T19:23:31.818+0000][1244][gc,start    ] GC(3) Pause Young (Normal) (G1 Evacuation Pause)
[2022-04-06T19:23:31.818+0000][1244][gc,task     ] GC(3) Using 4 workers of 4 for evacuation
[2022-04-06T19:23:31.818+0000][1244][gc,age      ] GC(3) Desired survivor size 27262976 bytes, new threshold 15 (max threshold 15)
[2022-04-06T19:23:31.829+0000][1244][gc,age      ] GC(3) Age table with threshold 15 (max threshold 15)
[2022-04-06T19:23:31.829+0000][1244][gc,age      ] GC(3) - age   1:    4620696 bytes,    4620696 total
[2022-04-06T19:23:31.829+0000][1244][gc,age      ] GC(3) - age   2:     799456 bytes,    5420152 total
[2022-04-06T19:23:31.829+0000][1244][gc,age      ] GC(3) - age   3:   12611984 bytes,   18032136 total
[2022-04-06T19:23:31.829+0000][1244][gc,phases   ] GC(3)   Pre Evacuate Collection Set: 0.1ms
[2022-04-06T19:23:31.829+0000][1244][gc,phases   ] GC(3)   Merge Heap Roots: 0.1ms
[2022-04-06T19:23:31.829+0000][1244][gc,phases   ] GC(3)   Evacuate Collection Set: 9.4ms
[2022-04-06T19:23:31.829+0000][1244][gc,phases   ] GC(3)   Post Evacuate Collection Set: 0.8ms
[2022-04-06T19:23:31.829+0000][1244][gc,phases   ] GC(3)   Other: 0.4ms
[2022-04-06T19:23:31.829+0000][1244][gc,heap     ] GC(3) Eden regions: 97->0(96)
[2022-04-06T19:23:31.829+0000][1244][gc,heap     ] GC(3) Survivor regions: 4->5(13)
[2022-04-06T19:23:31.829+0000][1244][gc,heap     ] GC(3) Old regions: 0->0
[2022-04-06T19:23:31.829+0000][1244][gc,heap     ] GC(3) Archive regions: 0->0
[2022-04-06T19:23:31.829+0000][1244][gc,heap     ] GC(3) Humongous regions: 0->0
[2022-04-06T19:23:31.829+0000][1244][gc,metaspace] GC(3) Metaspace: 22632K(23104K)->22632K(23104K) NonClass: 19910K(20160K)->19910K(20160K) Class: 2721K(2944K)->2721K(2944K)
[2022-04-06T19:23:31.829+0000][1244][gc          ] GC(3) Pause Young (Normal) (G1 Evacuation Pause) 401M->18M(8136M) 11.010ms
[2022-04-06T19:23:31.829+0000][1244][gc,cpu      ] GC(3) User=0.06s Sys=0.00s Real=0.01s
[2022-04-06T19:23:31.829+0000][1244][safepoint   ] Safepoint "G1CollectForAllocation", Time since last: 317355200 ns, Reaching safepoint: 68700 ns, At safepoint: 11114000 ns, Total: 11182700 ns
[2022-04-06T19:23:33.208+0000][1244][safepoint   ] Safepoint "Cleanup", Time since last: 1377669100 ns, Reaching safepoint: 57100 ns, At safepoint: 43000 ns, Total: 100100 ns
[2022-04-06T19:23:34.224+0000][1244][safepoint   ] Safepoint "Cleanup", Time since last: 1015644900 ns, Reaching safepoint: 133500 ns, At safepoint: 45100 ns, Total: 178600 ns
[2022-04-06T19:23:34.400+0000][1244][gc,start    ] GC(4) Pause Young (Normal) (G1 Evacuation Pause)
[2022-04-06T19:23:34.400+0000][1244][gc,task     ] GC(4) Using 4 workers of 4 for evacuation
[2022-04-06T19:23:34.400+0000][1244][gc,age      ] GC(4) Desired survivor size 27262976 bytes, new threshold 15 (max threshold 15)
[2022-04-06T19:23:34.411+0000][1244][gc,age      ] GC(4) Age table with threshold 15 (max threshold 15)
[2022-04-06T19:23:34.411+0000][1244][gc,age      ] GC(4) - age   1:    4524776 bytes,    4524776 total
[2022-04-06T19:23:34.411+0000][1244][gc,age      ] GC(4) - age   2:    2979744 bytes,    7504520 total
[2022-04-06T19:23:34.411+0000][1244][gc,age      ] GC(4) - age   3:     796240 bytes,    8300760 total
[2022-04-06T19:23:34.411+0000][1244][gc,age      ] GC(4) - age   4:   12572232 bytes,   20872992 total
[2022-04-06T19:23:34.411+0000][1244][gc,phases   ] GC(4)   Pre Evacuate Collection Set: 0.1ms
[2022-04-06T19:23:34.411+0000][1244][gc,phases   ] GC(4)   Merge Heap Roots: 0.0ms
[2022-04-06T19:23:34.411+0000][1244][gc,phases   ] GC(4)   Evacuate Collection Set: 10.2ms
[2022-04-06T19:23:34.411+0000][1244][gc,phases   ] GC(4)   Post Evacuate Collection Set: 0.9ms
[2022-04-06T19:23:34.411+0000][1244][gc,phases   ] GC(4)   Other: 0.3ms
[2022-04-06T19:23:34.411+0000][1244][gc,heap     ] GC(4) Eden regions: 96->0(96)
[2022-04-06T19:23:34.411+0000][1244][gc,heap     ] GC(4) Survivor regions: 5->6(13)
[2022-04-06T19:23:34.411+0000][1244][gc,heap     ] GC(4) Old regions: 0->0
[2022-04-06T19:23:34.411+0000][1244][gc,heap     ] GC(4) Archive regions: 0->0
[2022-04-06T19:23:34.411+0000][1244][gc,heap     ] GC(4) Humongous regions: 0->0
[2022-04-06T19:23:34.411+0000][1244][gc,metaspace] GC(4) Metaspace: 27826K(28416K)->27826K(28416K) NonClass: 24504K(24832K)->24504K(24832K) Class: 3322K(3584K)->3322K(3584K)
[2022-04-06T19:23:34.411+0000][1244][gc          ] GC(4) Pause Young (Normal) (G1 Evacuation Pause) 402M->21M(8136M) 11.768ms
[2022-04-06T19:23:34.411+0000][1244][gc,cpu      ] GC(4) User=0.06s Sys=0.00s Real=0.01s
[2022-04-06T19:23:34.412+0000][1244][safepoint   ] Safepoint "G1CollectForAllocation", Time since last: 176138900 ns, Reaching safepoint: 38400 ns, At safepoint: 11845800 ns, Total: 11884200 ns
[2022-04-06T19:23:35.417+0000][1244][safepoint   ] Safepoint "Cleanup", Time since last: 1005776100 ns, Reaching safepoint: 63900 ns, At safepoint: 8900 ns, Total: 72800 ns
[2022-04-06T19:23:35.564+0000][1244][gc,start    ] GC(5) Pause Young (Normal) (G1 Evacuation Pause)
[2022-04-06T19:23:35.564+0000][1244][gc,task     ] GC(5) Using 4 workers of 4 for evacuation
[2022-04-06T19:23:35.564+0000][1244][gc,age      ] GC(5) Desired survivor size 27262976 bytes, new threshold 15 (max threshold 15)
[2022-04-06T19:23:35.575+0000][1244][gc,age      ] GC(5) Age table with threshold 15 (max threshold 15)
[2022-04-06T19:23:35.575+0000][1244][gc,age      ] GC(5) - age   1:    3209816 bytes,    3209816 total
[2022-04-06T19:23:35.575+0000][1244][gc,age      ] GC(5) - age   2:    3080328 bytes,    6290144 total
[2022-04-06T19:23:35.575+0000][1244][gc,age      ] GC(5) - age   3:    2978592 bytes,    9268736 total
[2022-04-06T19:23:35.576+0000][1244][gc,age      ] GC(5) - age   4:     795928 bytes,   10064664 total
[2022-04-06T19:23:35.576+0000][1244][gc,age      ] GC(5) - age   5:   12533200 bytes,   22597864 total
[2022-04-06T19:23:35.576+0000][1244][gc,phases   ] GC(5)   Pre Evacuate Collection Set: 0.1ms
[2022-04-06T19:23:35.576+0000][1244][gc,phases   ] GC(5)   Merge Heap Roots: 0.1ms
[2022-04-06T19:23:35.576+0000][1244][gc,phases   ] GC(5)   Evacuate Collection Set: 9.7ms
[2022-04-06T19:23:35.576+0000][1244][gc,phases   ] GC(5)   Post Evacuate Collection Set: 1.0ms
[2022-04-06T19:23:35.576+0000][1244][gc,phases   ] GC(5)   Other: 0.3ms
[2022-04-06T19:23:35.576+0000][1244][gc,heap     ] GC(5) Eden regions: 96->0(101)
[2022-04-06T19:23:35.576+0000][1244][gc,heap     ] GC(5) Survivor regions: 6->6(13)
[2022-04-06T19:23:35.576+0000][1244][gc,heap     ] GC(5) Old regions: 0->0
[2022-04-06T19:23:35.576+0000][1244][gc,heap     ] GC(5) Archive regions: 0->0
[2022-04-06T19:23:35.576+0000][1244][gc,heap     ] GC(5) Humongous regions: 0->0
[2022-04-06T19:23:35.576+0000][1244][gc,metaspace] GC(5) Metaspace: 29246K(29888K)->29246K(29888K) NonClass: 25720K(26112K)->25720K(26112K) Class: 3526K(3776K)->3526K(3776K)
[2022-04-06T19:23:35.576+0000][1244][gc          ] GC(5) Pause Young (Normal) (G1 Evacuation Pause) 405M->24M(8136M) 11.356ms
[2022-04-06T19:23:35.576+0000][1244][gc,cpu      ] GC(5) User=0.06s Sys=0.00s Real=0.01s
[2022-04-06T19:23:35.576+0000][1244][safepoint   ] Safepoint "G1CollectForAllocation", Time since last: 147759300 ns, Reaching safepoint: 102700 ns, At safepoint: 11433700 ns, Total: 11536400 ns
[2022-04-06T19:23:36.104+0000][1244][gc,heap,exit] Heap
[2022-04-06T19:23:36.104+0000][1244][gc,heap,exit]  garbage-first heap   total 8331264K, used 307200K [0x0000000603800000, 0x0000000800000000)
[2022-04-06T19:23:36.104+0000][1244][gc,heap,exit]   region size 4096K, 75 young (307200K), 6 survivors (24576K)
[2022-04-06T19:23:36.104+0000][1244][gc,heap,exit]  Metaspace       used 29885K, committed 30592K, reserved 1081344K
[2022-04-06T19:23:36.104+0000][1244][gc,heap,exit]   class space    used 3618K, committed 3904K, reserved 1048576K
