[2022-04-06T19:07:18.794+0000][2888][gc] Using G1
[2022-04-06T19:07:20.136+0000][2888][gc,init] Version: 17.0.2+8 (release)
[2022-04-06T19:07:20.136+0000][2888][gc,init] CPUs: 4 total, 4 available
[2022-04-06T19:07:20.136+0000][2888][gc,init] Memory: 16268M
[2022-04-06T19:07:20.136+0000][2888][gc,init] Large Page Support: Disabled
[2022-04-06T19:07:20.136+0000][2888][gc,init] NUMA Support: Disabled
[2022-04-06T19:07:20.136+0000][2888][gc,init] Compressed Oops: Enabled (Zero based)
[2022-04-06T19:07:20.136+0000][2888][gc,init] Heap Region Size: 4M
[2022-04-06T19:07:20.137+0000][2888][gc,init] Heap Min Capacity: 8136M
[2022-04-06T19:07:20.137+0000][2888][gc,init] Heap Initial Capacity: 8136M
[2022-04-06T19:07:20.137+0000][2888][gc,init] Heap Max Capacity: 8136M
[2022-04-06T19:07:20.141+0000][2888][gc,init] Pre-touch: Enabled
[2022-04-06T19:07:20.141+0000][2888][gc,init] Parallel Workers: 4
[2022-04-06T19:07:20.141+0000][2888][gc,init] Concurrent Workers: 1
[2022-04-06T19:07:20.141+0000][2888][gc,init] Concurrent Refinement Workers: 4
[2022-04-06T19:07:20.141+0000][2888][gc,init] Periodic GC: Disabled
[2022-04-06T19:07:20.141+0000][2888][gc,metaspace] CDS archive(s) mapped at: [0x0000000800000000-0x0000000800bc0000-0x0000000800bc0000), size 12320768, SharedBaseAddress: 0x0000000800000000, ArchiveRelocationMode: 0.
[2022-04-06T19:07:20.142+0000][2888][gc,metaspace] Compressed class space mapped at: 0x0000000800c00000-0x0000000840c00000, reserved size: 1073741824
[2022-04-06T19:07:20.142+0000][2888][gc,metaspace] Narrow klass base: 0x0000000800000000, Narrow klass shift: 0, Narrow klass range: 0x100000000
[2022-04-06T19:07:20.397+0000][2888][safepoint   ] Safepoint "ICBufferFull", Time since last: 251353700 ns, Reaching safepoint: 69000 ns, At safepoint: 2300 ns, Total: 71300 ns
[2022-04-06T19:07:20.398+0000][2888][safepoint   ] Safepoint "ICBufferFull", Time since last: 1345600 ns, Reaching safepoint: 19200 ns, At safepoint: 2100 ns, Total: 21300 ns
[2022-04-06T19:07:20.399+0000][2888][safepoint   ] Safepoint "ICBufferFull", Time since last: 1081700 ns, Reaching safepoint: 21700 ns, At safepoint: 1400 ns, Total: 23100 ns
[2022-04-06T19:07:20.799+0000][2888][safepoint   ] Safepoint "ICBufferFull", Time since last: 399187800 ns, Reaching safepoint: 115800 ns, At safepoint: 8400 ns, Total: 124200 ns
[2022-04-06T19:07:21.562+0000][2888][safepoint   ] Safepoint "ICBufferFull", Time since last: 763206100 ns, Reaching safepoint: 89900 ns, At safepoint: 1600 ns, Total: 91500 ns
[2022-04-06T19:07:22.392+0000][2888][safepoint   ] Safepoint "ICBufferFull", Time since last: 828585700 ns, Reaching safepoint: 119200 ns, At safepoint: 9400 ns, Total: 128600 ns
[2022-04-06T19:07:23.307+0000][2888][safepoint   ] Safepoint "ICBufferFull", Time since last: 915435400 ns, Reaching safepoint: 168200 ns, At safepoint: 8900 ns, Total: 177100 ns
[2022-04-06T19:07:24.312+0000][2888][safepoint   ] Safepoint "Cleanup", Time since last: 1004726200 ns, Reaching safepoint: 128300 ns, At safepoint: 10800 ns, Total: 139100 ns
[2022-04-06T19:07:24.566+0000][2888][gc,start    ] GC(0) Pause Young (Normal) (G1 Evacuation Pause)
[2022-04-06T19:07:24.566+0000][2888][gc,task     ] GC(0) Using 4 workers of 4 for evacuation
[2022-04-06T19:07:24.566+0000][2888][gc,age      ] GC(0) Desired survivor size 27262976 bytes, new threshold 15 (max threshold 15)
[2022-04-06T19:07:24.578+0000][2888][gc,age      ] GC(0) Age table with threshold 15 (max threshold 15)
[2022-04-06T19:07:24.578+0000][2888][gc,age      ] GC(0) - age   1:   12906536 bytes,   12906536 total
[2022-04-06T19:07:24.578+0000][2888][gc,phases   ] GC(0)   Pre Evacuate Collection Set: 0.2ms
[2022-04-06T19:07:24.578+0000][2888][gc,phases   ] GC(0)   Merge Heap Roots: 0.0ms
[2022-04-06T19:07:24.578+0000][2888][gc,phases   ] GC(0)   Evacuate Collection Set: 10.3ms
[2022-04-06T19:07:24.578+0000][2888][gc,phases   ] GC(0)   Post Evacuate Collection Set: 0.9ms
[2022-04-06T19:07:24.578+0000][2888][gc,phases   ] GC(0)   Other: 0.2ms
[2022-04-06T19:07:24.578+0000][2888][gc,heap     ] GC(0) Eden regions: 101->0(97)
[2022-04-06T19:07:24.578+0000][2888][gc,heap     ] GC(0) Survivor regions: 0->4(13)
[2022-04-06T19:07:24.578+0000][2888][gc,heap     ] GC(0) Old regions: 0->0
[2022-04-06T19:07:24.578+0000][2888][gc,heap     ] GC(0) Archive regions: 0->0
[2022-04-06T19:07:24.578+0000][2888][gc,heap     ] GC(0) Humongous regions: 0->0
[2022-04-06T19:07:24.578+0000][2888][gc,metaspace] GC(0) Metaspace: 20406K(20864K)->20406K(20864K) NonClass: 17990K(18240K)->17990K(18240K) Class: 2415K(2624K)->2415K(2624K)
[2022-04-06T19:07:24.578+0000][2888][gc          ] GC(0) Pause Young (Normal) (G1 Evacuation Pause) 404M->12M(8136M) 11.896ms
[2022-04-06T19:07:24.578+0000][2888][gc,cpu      ] GC(0) User=0.06s Sys=0.00s Real=0.01s
[2022-04-06T19:07:24.578+0000][2888][safepoint   ] Safepoint "G1CollectForAllocation", Time since last: 253923100 ns, Reaching safepoint: 59200 ns, At safepoint: 12006100 ns, Total: 12065300 ns
[2022-04-06T19:07:24.857+0000][2888][gc,start    ] GC(1) Pause Young (Concurrent Start) (Metadata GC Threshold)
[2022-04-06T19:07:24.857+0000][2888][gc,task     ] GC(1) Using 4 workers of 4 for evacuation
[2022-04-06T19:07:24.857+0000][2888][gc,age      ] GC(1) Desired survivor size 27262976 bytes, new threshold 15 (max threshold 15)
[2022-04-06T19:07:24.868+0000][2888][gc,age      ] GC(1) Age table with threshold 15 (max threshold 15)
[2022-04-06T19:07:24.868+0000][2888][gc,age      ] GC(1) - age   1:     816096 bytes,     816096 total
[2022-04-06T19:07:24.868+0000][2888][gc,age      ] GC(1) - age   2:   12580672 bytes,   13396768 total
[2022-04-06T19:07:24.868+0000][2888][gc,phases   ] GC(1)   Pre Evacuate Collection Set: 0.2ms
[2022-04-06T19:07:24.869+0000][2888][gc,phases   ] GC(1)   Merge Heap Roots: 0.0ms
[2022-04-06T19:07:24.869+0000][2888][gc,phases   ] GC(1)   Evacuate Collection Set: 10.4ms
[2022-04-06T19:07:24.869+0000][2888][gc,phases   ] GC(1)   Post Evacuate Collection Set: 0.8ms
[2022-04-06T19:07:24.869+0000][2888][gc,phases   ] GC(1)   Other: 0.3ms
[2022-04-06T19:07:24.869+0000][2888][gc,heap     ] GC(1) Eden regions: 35->0(97)
[2022-04-06T19:07:24.869+0000][2888][gc,heap     ] GC(1) Survivor regions: 4->4(13)
[2022-04-06T19:07:24.869+0000][2888][gc,heap     ] GC(1) Old regions: 0->0
[2022-04-06T19:07:24.869+0000][2888][gc,heap     ] GC(1) Archive regions: 0->0
[2022-04-06T19:07:24.869+0000][2888][gc,heap     ] GC(1) Humongous regions: 0->0
[2022-04-06T19:07:24.869+0000][2888][gc,metaspace] GC(1) Metaspace: 21100K(21504K)->21100K(21504K) NonClass: 18578K(18816K)->18578K(18816K) Class: 2521K(2688K)->2521K(2688K)
[2022-04-06T19:07:24.869+0000][2888][gc          ] GC(1) Pause Young (Concurrent Start) (Metadata GC Threshold) 152M->13M(8136M) 12.045ms
[2022-04-06T19:07:24.869+0000][2888][gc,cpu      ] GC(1) User=0.03s Sys=0.00s Real=0.01s
[2022-04-06T19:07:24.869+0000][2888][gc          ] GC(2) Concurrent Mark Cycle
[2022-04-06T19:07:24.869+0000][2888][gc,marking  ] GC(2) Concurrent Clear Claimed Marks
[2022-04-06T19:07:24.869+0000][2888][gc,marking  ] GC(2) Concurrent Clear Claimed Marks 0.044ms
[2022-04-06T19:07:24.869+0000][2888][safepoint   ] Safepoint "CollectForMetadataAllocation", Time since last: 278762300 ns, Reaching safepoint: 41900 ns, At safepoint: 12222200 ns, Total: 12264100 ns
[2022-04-06T19:07:24.869+0000][2888][gc,marking  ] GC(2) Concurrent Scan Root Regions
[2022-04-06T19:07:24.876+0000][2888][gc,marking  ] GC(2) Concurrent Scan Root Regions 7.049ms
[2022-04-06T19:07:24.876+0000][2888][gc,marking  ] GC(2) Concurrent Mark
[2022-04-06T19:07:24.876+0000][2888][gc,marking  ] GC(2) Concurrent Mark From Roots
[2022-04-06T19:07:24.876+0000][2888][gc,task     ] GC(2) Using 1 workers of 1 for marking
[2022-04-06T19:07:24.878+0000][2888][gc,marking  ] GC(2) Concurrent Mark From Roots 1.691ms
[2022-04-06T19:07:24.878+0000][2888][gc,marking  ] GC(2) Concurrent Preclean
[2022-04-06T19:07:24.878+0000][2888][gc,marking  ] GC(2) Concurrent Preclean 0.079ms
[2022-04-06T19:07:24.878+0000][2888][gc,start    ] GC(2) Pause Remark
[2022-04-06T19:07:24.881+0000][2888][gc          ] GC(2) Pause Remark 15M->15M(8136M) 3.472ms
[2022-04-06T19:07:24.882+0000][2888][gc,cpu      ] GC(2) User=0.00s Sys=0.00s Real=0.00s
[2022-04-06T19:07:24.882+0000][2888][safepoint   ] Safepoint "G1Concurrent", Time since last: 9005200 ns, Reaching safepoint: 32400 ns, At safepoint: 3784400 ns, Total: 3816800 ns
[2022-04-06T19:07:24.882+0000][2888][gc,marking  ] GC(2) Concurrent Mark 5.742ms
[2022-04-06T19:07:24.882+0000][2888][gc,marking  ] GC(2) Concurrent Rebuild Remembered Sets
[2022-04-06T19:07:24.882+0000][2888][gc,marking  ] GC(2) Concurrent Rebuild Remembered Sets 0.021ms
[2022-04-06T19:07:24.882+0000][2888][gc,start    ] GC(2) Pause Cleanup
[2022-04-06T19:07:24.882+0000][2888][gc          ] GC(2) Pause Cleanup 15M->15M(8136M) 0.026ms
[2022-04-06T19:07:24.882+0000][2888][gc,cpu      ] GC(2) User=0.00s Sys=0.00s Real=0.00s
[2022-04-06T19:07:24.882+0000][2888][safepoint   ] Safepoint "G1Concurrent", Time since last: 137400 ns, Reaching safepoint: 33800 ns, At safepoint: 74100 ns, Total: 107900 ns
[2022-04-06T19:07:24.882+0000][2888][gc,marking  ] GC(2) Concurrent Cleanup for Next Mark
[2022-04-06T19:07:24.897+0000][2888][gc,marking  ] GC(2) Concurrent Cleanup for Next Mark 15.017ms
[2022-04-06T19:07:24.897+0000][2888][gc          ] GC(2) Concurrent Mark Cycle 28.284ms
[2022-04-06T19:07:24.951+0000][2888][safepoint   ] Safepoint "ICBufferFull", Time since last: 68467100 ns, Reaching safepoint: 41400 ns, At safepoint: 7600 ns, Total: 49000 ns
[2022-04-06T19:07:24.955+0000][2888][safepoint   ] Safepoint "ICBufferFull", Time since last: 4620200 ns, Reaching safepoint: 20000 ns, At safepoint: 14100 ns, Total: 34100 ns
[2022-04-06T19:07:24.958+0000][2888][safepoint   ] Safepoint "ICBufferFull", Time since last: 2418800 ns, Reaching safepoint: 30300 ns, At safepoint: 2200 ns, Total: 32500 ns
[2022-04-06T19:07:24.959+0000][2888][safepoint   ] Safepoint "ICBufferFull", Time since last: 810800 ns, Reaching safepoint: 20800 ns, At safepoint: 1800 ns, Total: 22600 ns
[2022-04-06T19:07:24.960+0000][2888][safepoint   ] Safepoint "ICBufferFull", Time since last: 894900 ns, Reaching safepoint: 19900 ns, At safepoint: 1000 ns, Total: 20900 ns
[2022-04-06T19:07:25.601+0000][2888][gc,start    ] GC(3) Pause Young (Normal) (G1 Evacuation Pause)
[2022-04-06T19:07:25.601+0000][2888][gc,task     ] GC(3) Using 4 workers of 4 for evacuation
[2022-04-06T19:07:25.601+0000][2888][gc,age      ] GC(3) Desired survivor size 27262976 bytes, new threshold 15 (max threshold 15)
[2022-04-06T19:07:25.611+0000][2888][gc,age      ] GC(3) Age table with threshold 15 (max threshold 15)
[2022-04-06T19:07:25.611+0000][2888][gc,age      ] GC(3) - age   1:    4393072 bytes,    4393072 total
[2022-04-06T19:07:25.611+0000][2888][gc,age      ] GC(3) - age   2:     810840 bytes,    5203912 total
[2022-04-06T19:07:25.611+0000][2888][gc,age      ] GC(3) - age   3:   12575816 bytes,   17779728 total
[2022-04-06T19:07:25.611+0000][2888][gc,phases   ] GC(3)   Pre Evacuate Collection Set: 0.1ms
[2022-04-06T19:07:25.611+0000][2888][gc,phases   ] GC(3)   Merge Heap Roots: 0.0ms
[2022-04-06T19:07:25.611+0000][2888][gc,phases   ] GC(3)   Evacuate Collection Set: 9.1ms
[2022-04-06T19:07:25.611+0000][2888][gc,phases   ] GC(3)   Post Evacuate Collection Set: 0.7ms
[2022-04-06T19:07:25.611+0000][2888][gc,phases   ] GC(3)   Other: 0.3ms
[2022-04-06T19:07:25.611+0000][2888][gc,heap     ] GC(3) Eden regions: 97->0(96)
[2022-04-06T19:07:25.611+0000][2888][gc,heap     ] GC(3) Survivor regions: 4->5(13)
[2022-04-06T19:07:25.611+0000][2888][gc,heap     ] GC(3) Old regions: 0->0
[2022-04-06T19:07:25.611+0000][2888][gc,heap     ] GC(3) Archive regions: 0->0
[2022-04-06T19:07:25.611+0000][2888][gc,heap     ] GC(3) Humongous regions: 0->0
[2022-04-06T19:07:25.611+0000][2888][gc,metaspace] GC(3) Metaspace: 22613K(23104K)->22613K(23104K) NonClass: 19898K(20160K)->19898K(20160K) Class: 2714K(2944K)->2714K(2944K)
[2022-04-06T19:07:25.611+0000][2888][gc          ] GC(3) Pause Young (Normal) (G1 Evacuation Pause) 401M->18M(8136M) 10.521ms
[2022-04-06T19:07:25.611+0000][2888][gc,cpu      ] GC(3) User=0.06s Sys=0.00s Real=0.01s
[2022-04-06T19:07:25.611+0000][2888][safepoint   ] Safepoint "G1CollectForAllocation", Time since last: 641464100 ns, Reaching safepoint: 87000 ns, At safepoint: 10622200 ns, Total: 10709200 ns
[2022-04-06T19:07:26.439+0000][2888][safepoint   ] Safepoint "ICBufferFull", Time since last: 827002500 ns, Reaching safepoint: 115700 ns, At safepoint: 2300 ns, Total: 118000 ns
[2022-04-06T19:07:26.653+0000][2888][gc,start    ] GC(4) Pause Young (Normal) (G1 Evacuation Pause)
[2022-04-06T19:07:26.653+0000][2888][gc,task     ] GC(4) Using 4 workers of 4 for evacuation
[2022-04-06T19:07:26.653+0000][2888][gc,age      ] GC(4) Desired survivor size 27262976 bytes, new threshold 15 (max threshold 15)
[2022-04-06T19:07:26.669+0000][2888][gc,age      ] GC(4) Age table with threshold 15 (max threshold 15)
[2022-04-06T19:07:26.669+0000][2888][gc,age      ] GC(4) - age   1:    4217776 bytes,    4217776 total
[2022-04-06T19:07:26.669+0000][2888][gc,age      ] GC(4) - age   2:    2968248 bytes,    7186024 total
[2022-04-06T19:07:26.669+0000][2888][gc,age      ] GC(4) - age   3:     807624 bytes,    7993648 total
[2022-04-06T19:07:26.669+0000][2888][gc,age      ] GC(4) - age   4:   12536128 bytes,   20529776 total
[2022-04-06T19:07:26.669+0000][2888][gc,phases   ] GC(4)   Pre Evacuate Collection Set: 0.2ms
[2022-04-06T19:07:26.669+0000][2888][gc,phases   ] GC(4)   Merge Heap Roots: 0.0ms
[2022-04-06T19:07:26.669+0000][2888][gc,phases   ] GC(4)   Evacuate Collection Set: 13.5ms
[2022-04-06T19:07:26.669+0000][2888][gc,phases   ] GC(4)   Post Evacuate Collection Set: 2.0ms
[2022-04-06T19:07:26.669+0000][2888][gc,phases   ] GC(4)   Other: 0.4ms
[2022-04-06T19:07:26.669+0000][2888][gc,heap     ] GC(4) Eden regions: 96->0(98)
[2022-04-06T19:07:26.669+0000][2888][gc,heap     ] GC(4) Survivor regions: 5->6(13)
[2022-04-06T19:07:26.669+0000][2888][gc,heap     ] GC(4) Old regions: 0->0
[2022-04-06T19:07:26.669+0000][2888][gc,heap     ] GC(4) Archive regions: 0->0
[2022-04-06T19:07:26.669+0000][2888][gc,heap     ] GC(4) Humongous regions: 0->0
[2022-04-06T19:07:26.669+0000][2888][gc,metaspace] GC(4) Metaspace: 27791K(28352K)->27791K(28352K) NonClass: 24474K(24768K)->24474K(24768K) Class: 3316K(3584K)->3316K(3584K)
[2022-04-06T19:07:26.669+0000][2888][gc          ] GC(4) Pause Young (Normal) (G1 Evacuation Pause) 402M->20M(8136M) 16.363ms
[2022-04-06T19:07:26.669+0000][2888][gc,cpu      ] GC(4) User=0.05s Sys=0.00s Real=0.02s
[2022-04-06T19:07:26.669+0000][2888][safepoint   ] Safepoint "G1CollectForAllocation", Time since last: 214414000 ns, Reaching safepoint: 51600 ns, At safepoint: 16477800 ns, Total: 16529400 ns
[2022-04-06T19:07:27.520+0000][2888][gc,start    ] GC(5) Pause Young (Normal) (G1 Evacuation Pause)
[2022-04-06T19:07:27.520+0000][2888][gc,task     ] GC(5) Using 4 workers of 4 for evacuation
[2022-04-06T19:07:27.520+0000][2888][gc,age      ] GC(5) Desired survivor size 27262976 bytes, new threshold 15 (max threshold 15)
[2022-04-06T19:07:27.531+0000][2888][gc,age      ] GC(5) Age table with threshold 15 (max threshold 15)
[2022-04-06T19:07:27.531+0000][2888][gc,age      ] GC(5) - age   1:    2828000 bytes,    2828000 total
[2022-04-06T19:07:27.531+0000][2888][gc,age      ] GC(5) - age   2:    3079952 bytes,    5907952 total
[2022-04-06T19:07:27.531+0000][2888][gc,age      ] GC(5) - age   3:    2967096 bytes,    8875048 total
[2022-04-06T19:07:27.531+0000][2888][gc,age      ] GC(5) - age   4:     807248 bytes,    9682296 total
[2022-04-06T19:07:27.531+0000][2888][gc,age      ] GC(5) - age   5:   12497128 bytes,   22179424 total
[2022-04-06T19:07:27.531+0000][2888][gc,phases   ] GC(5)   Pre Evacuate Collection Set: 0.1ms
[2022-04-06T19:07:27.531+0000][2888][gc,phases   ] GC(5)   Merge Heap Roots: 0.0ms
[2022-04-06T19:07:27.531+0000][2888][gc,phases   ] GC(5)   Evacuate Collection Set: 9.8ms
[2022-04-06T19:07:27.531+0000][2888][gc,phases   ] GC(5)   Post Evacuate Collection Set: 0.9ms
[2022-04-06T19:07:27.531+0000][2888][gc,phases   ] GC(5)   Other: 0.3ms
[2022-04-06T19:07:27.531+0000][2888][gc,heap     ] GC(5) Eden regions: 98->0(102)
[2022-04-06T19:07:27.531+0000][2888][gc,heap     ] GC(5) Survivor regions: 6->6(13)
[2022-04-06T19:07:27.531+0000][2888][gc,heap     ] GC(5) Old regions: 0->0
[2022-04-06T19:07:27.531+0000][2888][gc,heap     ] GC(5) Archive regions: 0->0
[2022-04-06T19:07:27.531+0000][2888][gc,heap     ] GC(5) Humongous regions: 0->0
[2022-04-06T19:07:27.531+0000][2888][gc,metaspace] GC(5) Metaspace: 29226K(29888K)->29226K(29888K) NonClass: 25705K(26112K)->25705K(26112K) Class: 3521K(3776K)->3521K(3776K)
[2022-04-06T19:07:27.532+0000][2888][gc          ] GC(5) Pause Young (Normal) (G1 Evacuation Pause) 412M->22M(8136M) 11.339ms
[2022-04-06T19:07:27.532+0000][2888][gc,cpu      ] GC(5) User=0.06s Sys=0.00s Real=0.01s
[2022-04-06T19:07:27.532+0000][2888][safepoint   ] Safepoint "G1CollectForAllocation", Time since last: 850635000 ns, Reaching safepoint: 59700 ns, At safepoint: 11425800 ns, Total: 11485500 ns
[2022-04-06T19:07:28.041+0000][2888][gc,start    ] GC(6) Pause Young (Normal) (G1 Evacuation Pause)
[2022-04-06T19:07:28.041+0000][2888][gc,task     ] GC(6) Using 4 workers of 4 for evacuation
[2022-04-06T19:07:28.041+0000][2888][gc,age      ] GC(6) Desired survivor size 29360128 bytes, new threshold 15 (max threshold 15)
[2022-04-06T19:07:28.052+0000][2888][gc,age      ] GC(6) Age table with threshold 15 (max threshold 15)
[2022-04-06T19:07:28.052+0000][2888][gc,age      ] GC(6) - age   1:    1677128 bytes,    1677128 total
[2022-04-06T19:07:28.052+0000][2888][gc,age      ] GC(6) - age   2:    2352312 bytes,    4029440 total
[2022-04-06T19:07:28.052+0000][2888][gc,age      ] GC(6) - age   3:    3078648 bytes,    7108088 total
[2022-04-06T19:07:28.053+0000][2888][gc,age      ] GC(6) - age   4:    2966728 bytes,   10074816 total
[2022-04-06T19:07:28.053+0000][2888][gc,age      ] GC(6) - age   5:     807248 bytes,   10882064 total
[2022-04-06T19:07:28.053+0000][2888][gc,age      ] GC(6) - age   6:   12496936 bytes,   23379000 total
[2022-04-06T19:07:28.053+0000][2888][gc,phases   ] GC(6)   Pre Evacuate Collection Set: 0.1ms
[2022-04-06T19:07:28.053+0000][2888][gc,phases   ] GC(6)   Merge Heap Roots: 0.1ms
[2022-04-06T19:07:28.053+0000][2888][gc,phases   ] GC(6)   Evacuate Collection Set: 10.5ms
[2022-04-06T19:07:28.053+0000][2888][gc,phases   ] GC(6)   Post Evacuate Collection Set: 1.0ms
[2022-04-06T19:07:28.053+0000][2888][gc,phases   ] GC(6)   Other: 0.4ms
[2022-04-06T19:07:28.053+0000][2888][gc,heap     ] GC(6) Eden regions: 102->0(1214)
[2022-04-06T19:07:28.053+0000][2888][gc,heap     ] GC(6) Survivor regions: 6->6(14)
[2022-04-06T19:07:28.053+0000][2888][gc,heap     ] GC(6) Old regions: 0->0
[2022-04-06T19:07:28.053+0000][2888][gc,heap     ] GC(6) Archive regions: 0->0
[2022-04-06T19:07:28.053+0000][2888][gc,heap     ] GC(6) Humongous regions: 0->0
[2022-04-06T19:07:28.053+0000][2888][gc,metaspace] GC(6) Metaspace: 29862K(30592K)->29862K(30592K) NonClass: 26245K(26688K)->26245K(26688K) Class: 3617K(3904K)->3617K(3904K)
[2022-04-06T19:07:28.053+0000][2888][gc          ] GC(6) Pause Young (Normal) (G1 Evacuation Pause) 430M->24M(8136M) 12.237ms
[2022-04-06T19:07:28.053+0000][2888][gc,cpu      ] GC(6) User=0.00s Sys=0.00s Real=0.01s
[2022-04-06T19:07:28.053+0000][2888][safepoint   ] Safepoint "G1CollectForAllocation", Time since last: 509137500 ns, Reaching safepoint: 99700 ns, At safepoint: 12316000 ns, Total: 12415700 ns
[2022-04-06T19:07:29.014+0000][2888][safepoint   ] Safepoint "ICBufferFull", Time since last: 960388700 ns, Reaching safepoint: 87700 ns, At safepoint: 9000 ns, Total: 96700 ns
[2022-04-06T19:07:29.088+0000][2888][safepoint   ] Safepoint "ICBufferFull", Time since last: 74373500 ns, Reaching safepoint: 116900 ns, At safepoint: 2800 ns, Total: 119700 ns
[2022-04-06T19:07:29.090+0000][2888][safepoint   ] Safepoint "ICBufferFull", Time since last: 1706400 ns, Reaching safepoint: 25900 ns, At safepoint: 1700 ns, Total: 27600 ns
[2022-04-06T19:07:29.091+0000][2888][safepoint   ] Safepoint "ICBufferFull", Time since last: 1221700 ns, Reaching safepoint: 28900 ns, At safepoint: 3500 ns, Total: 32400 ns
[2022-04-06T19:07:29.174+0000][2888][safepoint   ] Safepoint "ICBufferFull", Time since last: 82130000 ns, Reaching safepoint: 35600 ns, At safepoint: 1600 ns, Total: 37200 ns
[2022-04-06T19:07:29.175+0000][2888][safepoint   ] Safepoint "ICBufferFull", Time since last: 1208600 ns, Reaching safepoint: 25200 ns, At safepoint: 2400 ns, Total: 27600 ns
[2022-04-06T19:07:29.201+0000][2888][gc,start    ] GC(7) Pause Young (Concurrent Start) (Metadata GC Threshold)
[2022-04-06T19:07:29.201+0000][2888][gc,task     ] GC(7) Using 4 workers of 4 for evacuation
[2022-04-06T19:07:29.201+0000][2888][gc,age      ] GC(7) Desired survivor size 320864256 bytes, new threshold 15 (max threshold 15)
[2022-04-06T19:07:29.214+0000][2888][gc,age      ] GC(7) Age table with threshold 15 (max threshold 15)
[2022-04-06T19:07:29.214+0000][2888][gc,age      ] GC(7) - age   1:    1947200 bytes,    1947200 total
[2022-04-06T19:07:29.214+0000][2888][gc,age      ] GC(7) - age   2:    1074968 bytes,    3022168 total
[2022-04-06T19:07:29.214+0000][2888][gc,age      ] GC(7) - age   3:    2332944 bytes,    5355112 total
[2022-04-06T19:07:29.214+0000][2888][gc,age      ] GC(7) - age   4:    3063136 bytes,    8418248 total
[2022-04-06T19:07:29.214+0000][2888][gc,age      ] GC(7) - age   5:    2953184 bytes,   11371432 total
[2022-04-06T19:07:29.214+0000][2888][gc,age      ] GC(7) - age   6:     801680 bytes,   12173112 total
[2022-04-06T19:07:29.215+0000][2888][gc,age      ] GC(7) - age   7:   12425008 bytes,   24598120 total
[2022-04-06T19:07:29.215+0000][2888][gc,phases   ] GC(7)   Pre Evacuate Collection Set: 0.2ms
[2022-04-06T19:07:29.215+0000][2888][gc,phases   ] GC(7)   Merge Heap Roots: 0.0ms
[2022-04-06T19:07:29.215+0000][2888][gc,phases   ] GC(7)   Evacuate Collection Set: 13.0ms
[2022-04-06T19:07:29.215+0000][2888][gc,phases   ] GC(7)   Post Evacuate Collection Set: 1.1ms
[2022-04-06T19:07:29.215+0000][2888][gc,phases   ] GC(7)   Other: 0.5ms
[2022-04-06T19:07:29.215+0000][2888][gc,heap     ] GC(7) Eden regions: 41->0(1213)
[2022-04-06T19:07:29.215+0000][2888][gc,heap     ] GC(7) Survivor regions: 6->7(153)
[2022-04-06T19:07:29.215+0000][2888][gc,heap     ] GC(7) Old regions: 0->0
[2022-04-06T19:07:29.215+0000][2888][gc,heap     ] GC(7) Archive regions: 0->0
[2022-04-06T19:07:29.215+0000][2888][gc,heap     ] GC(7) Humongous regions: 0->0
[2022-04-06T19:07:29.215+0000][2888][gc,metaspace] GC(7) Metaspace: 35202K(35968K)->35202K(35968K) NonClass: 30864K(31296K)->30864K(31296K) Class: 4338K(4672K)->4338K(4672K)
[2022-04-06T19:07:29.215+0000][2888][gc          ] GC(7) Pause Young (Concurrent Start) (Metadata GC Threshold) 188M->25M(8136M) 15.027ms
[2022-04-06T19:07:29.215+0000][2888][gc,cpu      ] GC(7) User=0.05s Sys=0.02s Real=0.01s
[2022-04-06T19:07:29.215+0000][2888][gc          ] GC(8) Concurrent Mark Cycle
[2022-04-06T19:07:29.215+0000][2888][gc,marking  ] GC(8) Concurrent Clear Claimed Marks
[2022-04-06T19:07:29.215+0000][2888][safepoint   ] Safepoint "CollectForMetadataAllocation", Time since last: 25857100 ns, Reaching safepoint: 26400 ns, At safepoint: 15195000 ns, Total: 15221400 ns
[2022-04-06T19:07:29.215+0000][2888][gc,marking  ] GC(8) Concurrent Clear Claimed Marks 0.053ms
[2022-04-06T19:07:29.215+0000][2888][gc,marking  ] GC(8) Concurrent Scan Root Regions
[2022-04-06T19:07:29.227+0000][2888][gc,marking  ] GC(8) Concurrent Scan Root Regions 11.393ms
[2022-04-06T19:07:29.227+0000][2888][gc,marking  ] GC(8) Concurrent Mark
[2022-04-06T19:07:29.227+0000][2888][gc,marking  ] GC(8) Concurrent Mark From Roots
[2022-04-06T19:07:29.227+0000][2888][gc,task     ] GC(8) Using 1 workers of 1 for marking
[2022-04-06T19:07:29.228+0000][2888][gc,marking  ] GC(8) Concurrent Mark From Roots 1.766ms
[2022-04-06T19:07:29.228+0000][2888][gc,marking  ] GC(8) Concurrent Preclean
[2022-04-06T19:07:29.229+0000][2888][gc,marking  ] GC(8) Concurrent Preclean 0.135ms
[2022-04-06T19:07:29.229+0000][2888][gc,start    ] GC(8) Pause Remark
[2022-04-06T19:07:29.231+0000][2888][gc          ] GC(8) Pause Remark 29M->29M(8136M) 2.164ms
[2022-04-06T19:07:29.231+0000][2888][gc,cpu      ] GC(8) User=0.00s Sys=0.00s Real=0.00s
[2022-04-06T19:07:29.231+0000][2888][safepoint   ] Safepoint "G1Concurrent", Time since last: 13625600 ns, Reaching safepoint: 57800 ns, At safepoint: 2404800 ns, Total: 2462600 ns
[2022-04-06T19:07:29.231+0000][2888][gc,marking  ] GC(8) Concurrent Mark 4.612ms
[2022-04-06T19:07:29.231+0000][2888][gc,marking  ] GC(8) Concurrent Rebuild Remembered Sets
[2022-04-06T19:07:29.231+0000][2888][gc,marking  ] GC(8) Concurrent Rebuild Remembered Sets 0.026ms
[2022-04-06T19:07:29.232+0000][2888][gc,start    ] GC(8) Pause Cleanup
[2022-04-06T19:07:29.232+0000][2888][gc          ] GC(8) Pause Cleanup 29M->29M(8136M) 0.034ms
[2022-04-06T19:07:29.232+0000][2888][gc,cpu      ] GC(8) User=0.00s Sys=0.00s Real=0.00s
[2022-04-06T19:07:29.232+0000][2888][safepoint   ] Safepoint "G1Concurrent", Time since last: 158100 ns, Reaching safepoint: 270700 ns, At safepoint: 232400 ns, Total: 503100 ns
[2022-04-06T19:07:29.232+0000][2888][gc,marking  ] GC(8) Concurrent Cleanup for Next Mark
[2022-04-06T19:07:29.246+0000][2888][gc,marking  ] GC(8) Concurrent Cleanup for Next Mark 14.402ms
[2022-04-06T19:07:29.246+0000][2888][gc          ] GC(8) Concurrent Mark Cycle 31.331ms
[2022-04-06T19:07:29.274+0000][2888][safepoint   ] Safepoint "ICBufferFull", Time since last: 42374400 ns, Reaching safepoint: 83700 ns, At safepoint: 7300 ns, Total: 91000 ns
[2022-04-06T19:07:29.293+0000][2888][safepoint   ] Safepoint "ICBufferFull", Time since last: 18662800 ns, Reaching safepoint: 26800 ns, At safepoint: 8100 ns, Total: 34900 ns
[2022-04-06T19:07:29.366+0000][2888][safepoint   ] Safepoint "ICBufferFull", Time since last: 72418700 ns, Reaching safepoint: 29200 ns, At safepoint: 2400 ns, Total: 31600 ns
[2022-04-06T19:07:29.366+0000][2888][safepoint   ] Safepoint "ICBufferFull", Time since last: 703200 ns, Reaching safepoint: 22300 ns, At safepoint: 1900 ns, Total: 24200 ns
[2022-04-06T19:07:29.368+0000][2888][safepoint   ] Safepoint "ICBufferFull", Time since last: 1357800 ns, Reaching safepoint: 33200 ns, At safepoint: 2600 ns, Total: 35800 ns
[2022-04-06T19:07:29.794+0000][2888][safepoint   ] Safepoint "ICBufferFull", Time since last: 426365800 ns, Reaching safepoint: 67400 ns, At safepoint: 2200 ns, Total: 69600 ns
[2022-04-06T19:07:30.609+0000][2888][safepoint   ] Safepoint "ICBufferFull", Time since last: 814532200 ns, Reaching safepoint: 103000 ns, At safepoint: 3000 ns, Total: 106000 ns
[2022-04-06T19:07:31.610+0000][2888][safepoint   ] Safepoint "Cleanup", Time since last: 1000402700 ns, Reaching safepoint: 344800 ns, At safepoint: 78500 ns, Total: 423300 ns
[2022-04-06T19:07:32.154+0000][2888][safepoint   ] Safepoint "ICBufferFull", Time since last: 543402700 ns, Reaching safepoint: 104000 ns, At safepoint: 8300 ns, Total: 112300 ns
[2022-04-06T19:07:33.429+0000][2888][safepoint   ] Safepoint "Cleanup", Time since last: 1275259600 ns, Reaching safepoint: 122500 ns, At safepoint: 29000 ns, Total: 151500 ns
[2022-04-06T19:07:34.142+0000][2888][gc,start    ] GC(9) Pause Young (Concurrent Start) (Metadata GC Threshold)
[2022-04-06T19:07:34.142+0000][2888][gc,task     ] GC(9) Using 4 workers of 4 for evacuation
[2022-04-06T19:07:34.142+0000][2888][gc,age      ] GC(9) Desired survivor size 320864256 bytes, new threshold 15 (max threshold 15)
[2022-04-06T19:07:34.181+0000][2888][gc,age      ] GC(9) Age table with threshold 15 (max threshold 15)
[2022-04-06T19:07:34.181+0000][2888][gc,age      ] GC(9) - age   1:   24923080 bytes,   24923080 total
[2022-04-06T19:07:34.181+0000][2888][gc,age      ] GC(9) - age   2:    1834136 bytes,   26757216 total
[2022-04-06T19:07:34.181+0000][2888][gc,age      ] GC(9) - age   3:    1066472 bytes,   27823688 total
[2022-04-06T19:07:34.181+0000][2888][gc,age      ] GC(9) - age   4:    2274584 bytes,   30098272 total
[2022-04-06T19:07:34.181+0000][2888][gc,age      ] GC(9) - age   5:    3010784 bytes,   33109056 total
[2022-04-06T19:07:34.182+0000][2888][gc,age      ] GC(9) - age   6:    2943472 bytes,   36052528 total
[2022-04-06T19:07:34.182+0000][2888][gc,age      ] GC(9) - age   7:     792568 bytes,   36845096 total
[2022-04-06T19:07:34.182+0000][2888][gc,age      ] GC(9) - age   8:   12349648 bytes,   49194744 total
[2022-04-06T19:07:34.182+0000][2888][gc,phases   ] GC(9)   Pre Evacuate Collection Set: 0.2ms
[2022-04-06T19:07:34.182+0000][2888][gc,phases   ] GC(9)   Merge Heap Roots: 0.0ms
[2022-04-06T19:07:34.182+0000][2888][gc,phases   ] GC(9)   Evacuate Collection Set: 36.7ms
[2022-04-06T19:07:34.182+0000][2888][gc,phases   ] GC(9)   Post Evacuate Collection Set: 2.0ms
[2022-04-06T19:07:34.182+0000][2888][gc,phases   ] GC(9)   Other: 0.5ms
[2022-04-06T19:07:34.182+0000][2888][gc,heap     ] GC(9) Eden regions: 153->0(146)
[2022-04-06T19:07:34.182+0000][2888][gc,heap     ] GC(9) Survivor regions: 7->13(153)
[2022-04-06T19:07:34.182+0000][2888][gc,heap     ] GC(9) Old regions: 0->0
[2022-04-06T19:07:34.182+0000][2888][gc,heap     ] GC(9) Archive regions: 0->0
[2022-04-06T19:07:34.182+0000][2888][gc,heap     ] GC(9) Humongous regions: 0->0
[2022-04-06T19:07:34.182+0000][2888][gc,metaspace] GC(9) Metaspace: 58882K(60160K)->58882K(60160K) NonClass: 50970K(51712K)->50970K(51712K) Class: 7912K(8448K)->7912K(8448K)
[2022-04-06T19:07:34.182+0000][2888][gc          ] GC(9) Pause Young (Concurrent Start) (Metadata GC Threshold) 637M->49M(8136M) 39.655ms
[2022-04-06T19:07:34.182+0000][2888][gc,cpu      ] GC(9) User=0.17s Sys=0.00s Real=0.04s
[2022-04-06T19:07:34.182+0000][2888][gc          ] GC(10) Concurrent Mark Cycle
[2022-04-06T19:07:34.182+0000][2888][gc,marking  ] GC(10) Concurrent Clear Claimed Marks
[2022-04-06T19:07:34.182+0000][2888][gc,marking  ] GC(10) Concurrent Clear Claimed Marks 0.057ms
[2022-04-06T19:07:34.182+0000][2888][gc,marking  ] GC(10) Concurrent Scan Root Regions
[2022-04-06T19:07:34.182+0000][2888][safepoint   ] Safepoint "CollectForMetadataAllocation", Time since last: 713335000 ns, Reaching safepoint: 124800 ns, At safepoint: 39887600 ns, Total: 40012400 ns
[2022-04-06T19:07:34.215+0000][2888][gc,marking  ] GC(10) Concurrent Scan Root Regions 33.407ms
[2022-04-06T19:07:34.216+0000][2888][gc,marking  ] GC(10) Concurrent Mark
[2022-04-06T19:07:34.216+0000][2888][gc,marking  ] GC(10) Concurrent Mark From Roots
[2022-04-06T19:07:34.216+0000][2888][gc,task     ] GC(10) Using 1 workers of 1 for marking
[2022-04-06T19:07:34.217+0000][2888][gc,marking  ] GC(10) Concurrent Mark From Roots 1.679ms
[2022-04-06T19:07:34.217+0000][2888][gc,marking  ] GC(10) Concurrent Preclean
[2022-04-06T19:07:34.217+0000][2888][gc,marking  ] GC(10) Concurrent Preclean 0.082ms
[2022-04-06T19:07:34.217+0000][2888][gc,start    ] GC(10) Pause Remark
[2022-04-06T19:07:34.221+0000][2888][gc          ] GC(10) Pause Remark 53M->53M(8136M) 3.753ms
[2022-04-06T19:07:34.221+0000][2888][gc,cpu      ] GC(10) User=0.00s Sys=0.00s Real=0.00s
[2022-04-06T19:07:34.221+0000][2888][safepoint   ] Safepoint "G1Concurrent", Time since last: 35299100 ns, Reaching safepoint: 47400 ns, At safepoint: 4018200 ns, Total: 4065600 ns
[2022-04-06T19:07:34.222+0000][2888][gc,marking  ] GC(10) Concurrent Mark 5.985ms
[2022-04-06T19:07:34.222+0000][2888][gc,marking  ] GC(10) Concurrent Rebuild Remembered Sets
[2022-04-06T19:07:34.222+0000][2888][gc,marking  ] GC(10) Concurrent Rebuild Remembered Sets 0.022ms
[2022-04-06T19:07:34.237+0000][2888][gc,start    ] GC(10) Pause Cleanup
[2022-04-06T19:07:34.237+0000][2888][gc          ] GC(10) Pause Cleanup 53M->53M(8136M) 0.074ms
[2022-04-06T19:07:34.237+0000][2888][gc,cpu      ] GC(10) User=0.00s Sys=0.00s Real=0.00s
[2022-04-06T19:07:34.237+0000][2888][safepoint   ] Safepoint "G1Concurrent", Time since last: 141500 ns, Reaching safepoint: 14883300 ns, At safepoint: 176100 ns, Total: 15059400 ns
[2022-04-06T19:07:34.237+0000][2888][gc,marking  ] GC(10) Concurrent Cleanup for Next Mark
[2022-04-06T19:07:34.251+0000][2888][gc,marking  ] GC(10) Concurrent Cleanup for Next Mark 14.089ms
[2022-04-06T19:07:34.251+0000][2888][gc          ] GC(10) Concurrent Mark Cycle 69.021ms
[2022-04-06T19:07:34.949+0000][2888][safepoint   ] Safepoint "ICBufferFull", Time since last: 711774800 ns, Reaching safepoint: 391000 ns, At safepoint: 10100 ns, Total: 401100 ns
[2022-04-06T19:07:36.205+0000][2888][safepoint   ] Safepoint "Cleanup", Time since last: 1256291000 ns, Reaching safepoint: 116800 ns, At safepoint: 8200 ns, Total: 125000 ns
[2022-04-06T19:07:37.208+0000][2888][safepoint   ] Safepoint "Cleanup", Time since last: 1002120900 ns, Reaching safepoint: 227800 ns, At safepoint: 36600 ns, Total: 264400 ns
[2022-04-06T19:07:38.248+0000][2888][safepoint   ] Safepoint "ICBufferFull", Time since last: 1039673200 ns, Reaching safepoint: 154300 ns, At safepoint: 2300 ns, Total: 156600 ns
[2022-04-06T19:07:38.575+0000][2888][safepoint   ] Safepoint "ICBufferFull", Time since last: 327306500 ns, Reaching safepoint: 114500 ns, At safepoint: 3200 ns, Total: 117700 ns
[2022-04-06T19:07:39.208+0000][2888][safepoint   ] Safepoint "ICBufferFull", Time since last: 633040100 ns, Reaching safepoint: 138400 ns, At safepoint: 5700 ns, Total: 144100 ns
[2022-04-06T19:07:39.373+0000][2888][gc,start    ] GC(11) Pause Young (Concurrent Start) (Metadata GC Threshold)
[2022-04-06T19:07:39.373+0000][2888][gc,task     ] GC(11) Using 4 workers of 4 for evacuation
[2022-04-06T19:07:39.373+0000][2888][gc,age      ] GC(11) Desired survivor size 41943040 bytes, new threshold 8 (max threshold 15)
[2022-04-06T19:07:39.434+0000][2888][gc,age      ] GC(11) Age table with threshold 8 (max threshold 15)
[2022-04-06T19:07:39.434+0000][2888][gc,age      ] GC(11) - age   1:   19142456 bytes,   19142456 total
[2022-04-06T19:07:39.434+0000][2888][gc,age      ] GC(11) - age   2:   24418752 bytes,   43561208 total
[2022-04-06T19:07:39.434+0000][2888][gc,age      ] GC(11) - age   3:    1803448 bytes,   45364656 total
[2022-04-06T19:07:39.434+0000][2888][gc,age      ] GC(11) - age   4:    1057368 bytes,   46422024 total
[2022-04-06T19:07:39.434+0000][2888][gc,age      ] GC(11) - age   5:    2265224 bytes,   48687248 total
[2022-04-06T19:07:39.434+0000][2888][gc,age      ] GC(11) - age   6:    2985408 bytes,   51672656 total
[2022-04-06T19:07:39.434+0000][2888][gc,age      ] GC(11) - age   7:    2938800 bytes,   54611456 total
[2022-04-06T19:07:39.434+0000][2888][gc,age      ] GC(11) - age   8:     786720 bytes,   55398176 total
[2022-04-06T19:07:39.434+0000][2888][gc,phases   ] GC(11)   Pre Evacuate Collection Set: 0.2ms
[2022-04-06T19:07:39.434+0000][2888][gc,phases   ] GC(11)   Merge Heap Roots: 0.0ms
[2022-04-06T19:07:39.434+0000][2888][gc,phases   ] GC(11)   Evacuate Collection Set: 57.7ms
[2022-04-06T19:07:39.434+0000][2888][gc,phases   ] GC(11)   Post Evacuate Collection Set: 2.8ms
[2022-04-06T19:07:39.434+0000][2888][gc,phases   ] GC(11)   Other: 0.5ms
[2022-04-06T19:07:39.434+0000][2888][gc,heap     ] GC(11) Eden regions: 109->0(107)
[2022-04-06T19:07:39.434+0000][2888][gc,heap     ] GC(11) Survivor regions: 13->15(20)
[2022-04-06T19:07:39.434+0000][2888][gc,heap     ] GC(11) Old regions: 0->3
[2022-04-06T19:07:39.434+0000][2888][gc,heap     ] GC(11) Archive regions: 0->0
[2022-04-06T19:07:39.434+0000][2888][gc,heap     ] GC(11) Humongous regions: 0->0
[2022-04-06T19:07:39.434+0000][2888][gc,metaspace] GC(11) Metaspace: 98982K(100736K)->98982K(100736K) NonClass: 85352K(86336K)->85352K(86336K) Class: 13629K(14400K)->13629K(14400K)
[2022-04-06T19:07:39.434+0000][2888][gc          ] GC(11) Pause Young (Concurrent Start) (Metadata GC Threshold) 481M->69M(8136M) 61.521ms
[2022-04-06T19:07:39.434+0000][2888][gc,cpu      ] GC(11) User=0.23s Sys=0.00s Real=0.06s
[2022-04-06T19:07:39.435+0000][2888][gc          ] GC(12) Concurrent Mark Cycle
[2022-04-06T19:07:39.435+0000][2888][gc,marking  ] GC(12) Concurrent Clear Claimed Marks
[2022-04-06T19:07:39.435+0000][2888][gc,marking  ] GC(12) Concurrent Clear Claimed Marks 0.074ms
[2022-04-06T19:07:39.435+0000][2888][gc,marking  ] GC(12) Concurrent Scan Root Regions
[2022-04-06T19:07:39.438+0000][2888][safepoint   ] Safepoint "CollectForMetadataAllocation", Time since last: 164361000 ns, Reaching safepoint: 339600 ns, At safepoint: 64852500 ns, Total: 65192100 ns
[2022-04-06T19:07:39.481+0000][2888][gc,marking  ] GC(12) Concurrent Scan Root Regions 46.665ms
[2022-04-06T19:07:39.482+0000][2888][gc,marking  ] GC(12) Concurrent Mark
[2022-04-06T19:07:39.482+0000][2888][gc,marking  ] GC(12) Concurrent Mark From Roots
[2022-04-06T19:07:39.482+0000][2888][gc,task     ] GC(12) Using 1 workers of 1 for marking
[2022-04-06T19:07:39.483+0000][2888][gc,marking  ] GC(12) Concurrent Mark From Roots 1.810ms
[2022-04-06T19:07:39.483+0000][2888][gc,marking  ] GC(12) Concurrent Preclean
[2022-04-06T19:07:39.483+0000][2888][gc,marking  ] GC(12) Concurrent Preclean 0.082ms
[2022-04-06T19:07:39.484+0000][2888][gc,start    ] GC(12) Pause Remark
[2022-04-06T19:07:39.487+0000][2888][gc          ] GC(12) Pause Remark 81M->81M(8136M) 3.537ms
[2022-04-06T19:07:39.487+0000][2888][gc,cpu      ] GC(12) User=0.00s Sys=0.00s Real=0.00s
[2022-04-06T19:07:39.488+0000][2888][safepoint   ] Safepoint "G1Concurrent", Time since last: 45679400 ns, Reaching safepoint: 254800 ns, At safepoint: 4162900 ns, Total: 4417700 ns
[2022-04-06T19:07:39.488+0000][2888][gc,marking  ] GC(12) Concurrent Mark 6.497ms
[2022-04-06T19:07:39.488+0000][2888][gc,marking  ] GC(12) Concurrent Rebuild Remembered Sets
[2022-04-06T19:07:39.488+0000][2888][gc,marking  ] GC(12) Concurrent Rebuild Remembered Sets 0.025ms
[2022-04-06T19:07:39.488+0000][2888][gc,start    ] GC(12) Pause Cleanup
[2022-04-06T19:07:39.488+0000][2888][gc          ] GC(12) Pause Cleanup 81M->81M(8136M) 0.039ms
[2022-04-06T19:07:39.488+0000][2888][gc,cpu      ] GC(12) User=0.00s Sys=0.00s Real=0.00s
[2022-04-06T19:07:39.489+0000][2888][safepoint   ] Safepoint "G1Concurrent", Time since last: 154300 ns, Reaching safepoint: 178000 ns, At safepoint: 202400 ns, Total: 380400 ns
[2022-04-06T19:07:39.489+0000][2888][gc,marking  ] GC(12) Concurrent Cleanup for Next Mark
[2022-04-06T19:07:39.503+0000][2888][gc,marking  ] GC(12) Concurrent Cleanup for Next Mark 14.609ms
[2022-04-06T19:07:39.503+0000][2888][gc          ] GC(12) Concurrent Mark Cycle 68.563ms
[2022-04-06T19:07:40.339+0000][2888][safepoint   ] Safepoint "ICBufferFull", Time since last: 850602300 ns, Reaching safepoint: 610600 ns, At safepoint: 240100 ns, Total: 850700 ns
[2022-04-06T19:07:40.661+0000][2888][safepoint   ] Safepoint "ICBufferFull", Time since last: 321447000 ns, Reaching safepoint: 96300 ns, At safepoint: 12500 ns, Total: 108800 ns
[2022-04-06T19:07:41.077+0000][2888][safepoint   ] Safepoint "ICBufferFull", Time since last: 407600000 ns, Reaching safepoint: 308100 ns, At safepoint: 7421800 ns, Total: 7729900 ns
[2022-04-06T19:07:42.115+0000][2888][safepoint   ] Safepoint "Cleanup", Time since last: 1037679800 ns, Reaching safepoint: 104000 ns, At safepoint: 57200 ns, Total: 161200 ns
[2022-04-06T19:07:43.120+0000][2888][safepoint   ] Safepoint "Cleanup", Time since last: 1005065500 ns, Reaching safepoint: 52400 ns, At safepoint: 12100 ns, Total: 64500 ns
[2022-04-06T19:07:44.123+0000][2888][safepoint   ] Safepoint "Cleanup", Time since last: 1002565000 ns, Reaching safepoint: 52900 ns, At safepoint: 5700 ns, Total: 58600 ns
[2022-04-06T19:07:45.129+0000][2888][safepoint   ] Safepoint "Cleanup", Time since last: 1006548600 ns, Reaching safepoint: 58800 ns, At safepoint: 5500 ns, Total: 64300 ns
[2022-04-06T19:07:51.155+0000][2888][safepoint   ] Safepoint "Cleanup", Time since last: 6025653400 ns, Reaching safepoint: 54700 ns, At safepoint: 5800 ns, Total: 60500 ns
[2022-04-06T19:07:59.253+0000][2888][safepoint   ] Safepoint "Cleanup", Time since last: 8098461100 ns, Reaching safepoint: 181200 ns, At safepoint: 26600 ns, Total: 207800 ns
[2022-04-06T19:08:00.268+0000][2888][safepoint   ] Safepoint "Cleanup", Time since last: 1014803500 ns, Reaching safepoint: 57800 ns, At safepoint: 5800 ns, Total: 63600 ns
[2022-04-06T19:08:03.286+0000][2888][safepoint   ] Safepoint "Cleanup", Time since last: 3017484600 ns, Reaching safepoint: 41900 ns, At safepoint: 6500 ns, Total: 48400 ns
[2022-04-06T19:08:04.291+0000][2888][safepoint   ] Safepoint "Cleanup", Time since last: 1005076800 ns, Reaching safepoint: 59500 ns, At safepoint: 3900 ns, Total: 63400 ns
[2022-04-06T19:08:05.301+0000][2888][safepoint   ] Safepoint "Cleanup", Time since last: 1009749800 ns, Reaching safepoint: 40200 ns, At safepoint: 6100 ns, Total: 46300 ns
[2022-04-06T19:08:07.321+0000][2888][safepoint   ] Safepoint "Cleanup", Time since last: 2019598500 ns, Reaching safepoint: 38700 ns, At safepoint: 5900 ns, Total: 44600 ns
[2022-04-06T19:08:09.336+0000][2888][safepoint   ] Safepoint "Cleanup", Time since last: 2014880700 ns, Reaching safepoint: 53600 ns, At safepoint: 5600 ns, Total: 59200 ns
[2022-04-06T19:08:10.348+0000][2888][safepoint   ] Safepoint "Cleanup", Time since last: 1012031200 ns, Reaching safepoint: 107300 ns, At safepoint: 15500 ns, Total: 122800 ns
[2022-04-06T19:08:11.355+0000][2888][safepoint   ] Safepoint "Cleanup", Time since last: 1007046300 ns, Reaching safepoint: 51900 ns, At safepoint: 53900 ns, Total: 105800 ns
[2022-04-06T19:08:12.369+0000][2888][safepoint   ] Safepoint "Cleanup", Time since last: 1014194000 ns, Reaching safepoint: 42500 ns, At safepoint: 5100 ns, Total: 47600 ns
[2022-04-06T19:08:18.418+0000][2888][safepoint   ] Safepoint "Cleanup", Time since last: 6049359300 ns, Reaching safepoint: 41600 ns, At safepoint: 12100 ns, Total: 53700 ns
[2022-04-06T19:08:21.453+0000][2888][safepoint   ] Safepoint "Cleanup", Time since last: 3034596100 ns, Reaching safepoint: 56600 ns, At safepoint: 4500 ns, Total: 61100 ns
[2022-04-06T19:08:24.466+0000][2888][safepoint   ] Safepoint "Cleanup", Time since last: 3012923800 ns, Reaching safepoint: 43200 ns, At safepoint: 7500 ns, Total: 50700 ns
[2022-04-06T19:08:25.479+0000][2888][safepoint   ] Safepoint "Cleanup", Time since last: 1012578400 ns, Reaching safepoint: 39800 ns, At safepoint: 4800 ns, Total: 44600 ns
[2022-04-06T19:08:26.493+0000][2888][safepoint   ] Safepoint "Cleanup", Time since last: 1014472800 ns, Reaching safepoint: 111300 ns, At safepoint: 4500 ns, Total: 115800 ns
[2022-04-06T19:08:34.565+0000][2888][safepoint   ] Safepoint "Cleanup", Time since last: 8071223700 ns, Reaching safepoint: 44900 ns, At safepoint: 8200 ns, Total: 53100 ns
[2022-04-06T19:08:35.568+0000][2888][safepoint   ] Safepoint "Cleanup", Time since last: 1003205400 ns, Reaching safepoint: 40400 ns, At safepoint: 5100 ns, Total: 45500 ns
[2022-04-06T19:08:40.592+0000][2888][safepoint   ] Safepoint "Cleanup", Time since last: 5023831100 ns, Reaching safepoint: 43900 ns, At safepoint: 4900 ns, Total: 48800 ns
[2022-04-06T19:08:46.641+0000][2888][safepoint   ] Safepoint "Cleanup", Time since last: 6049361000 ns, Reaching safepoint: 44600 ns, At safepoint: 11100 ns, Total: 55700 ns
[2022-04-06T19:08:49.660+0000][2888][safepoint   ] Safepoint "Cleanup", Time since last: 3018693300 ns, Reaching safepoint: 51400 ns, At safepoint: 4300 ns, Total: 55700 ns
[2022-04-06T19:08:59.746+0000][2888][safepoint   ] Safepoint "Cleanup", Time since last: 10085736500 ns, Reaching safepoint: 43300 ns, At safepoint: 5400 ns, Total: 48700 ns
[2022-04-06T19:09:02.756+0000][2888][safepoint   ] Safepoint "Cleanup", Time since last: 3010464300 ns, Reaching safepoint: 51500 ns, At safepoint: 5100 ns, Total: 56600 ns
[2022-04-06T19:09:03.770+0000][2888][safepoint   ] Safepoint "Cleanup", Time since last: 1013409600 ns, Reaching safepoint: 43900 ns, At safepoint: 4900 ns, Total: 48800 ns
[2022-04-06T19:09:04.770+0000][2888][safepoint   ] Safepoint "Cleanup", Time since last: 1000416600 ns, Reaching safepoint: 36500 ns, At safepoint: 3100 ns, Total: 39600 ns
[2022-04-06T19:09:09.802+0000][2888][safepoint   ] Safepoint "Cleanup", Time since last: 5032089000 ns, Reaching safepoint: 45100 ns, At safepoint: 5200 ns, Total: 50300 ns
[2022-04-06T19:09:15.871+0000][2888][safepoint   ] Safepoint "Cleanup", Time since last: 6068497800 ns, Reaching safepoint: 90500 ns, At safepoint: 16200 ns, Total: 106700 ns
[2022-04-06T19:09:16.874+0000][2888][safepoint   ] Safepoint "Cleanup", Time since last: 1002806500 ns, Reaching safepoint: 38100 ns, At safepoint: 5900 ns, Total: 44000 ns
[2022-04-06T19:09:19.893+0000][2888][safepoint   ] Safepoint "Cleanup", Time since last: 3019337500 ns, Reaching safepoint: 42900 ns, At safepoint: 4600 ns, Total: 47500 ns
[2022-04-06T19:09:27.964+0000][2888][safepoint   ] Safepoint "Cleanup", Time since last: 8071158700 ns, Reaching safepoint: 42500 ns, At safepoint: 6500 ns, Total: 49000 ns
[2022-04-06T19:09:29.982+0000][2888][safepoint   ] Safepoint "Cleanup", Time since last: 2017337100 ns, Reaching safepoint: 55100 ns, At safepoint: 5200 ns, Total: 60300 ns
[2022-04-06T19:09:30.994+0000][2888][safepoint   ] Safepoint "Cleanup", Time since last: 1012518500 ns, Reaching safepoint: 47300 ns, At safepoint: 7500 ns, Total: 54800 ns
[2022-04-06T19:09:33.020+0000][2888][safepoint   ] Safepoint "Cleanup", Time since last: 2025915000 ns, Reaching safepoint: 50500 ns, At safepoint: 6900 ns, Total: 57400 ns
[2022-04-06T19:09:35.035+0000][2888][safepoint   ] Safepoint "Cleanup", Time since last: 2014727400 ns, Reaching safepoint: 50400 ns, At safepoint: 6300 ns, Total: 56700 ns
[2022-04-06T19:09:37.048+0000][2888][safepoint   ] Safepoint "Cleanup", Time since last: 2012634800 ns, Reaching safepoint: 33900 ns, At safepoint: 5000 ns, Total: 38900 ns
[2022-04-06T19:09:41.084+0000][2888][safepoint   ] Safepoint "Cleanup", Time since last: 4036350600 ns, Reaching safepoint: 44100 ns, At safepoint: 4800 ns, Total: 48900 ns
[2022-04-06T19:09:42.085+0000][2888][safepoint   ] Safepoint "Cleanup", Time since last: 1000752100 ns, Reaching safepoint: 40400 ns, At safepoint: 6000 ns, Total: 46400 ns
[2022-04-06T19:09:44.100+0000][2888][safepoint   ] Safepoint "Cleanup", Time since last: 2014714400 ns, Reaching safepoint: 43100 ns, At safepoint: 5500 ns, Total: 48600 ns
[2022-04-06T19:09:45.114+0000][2888][safepoint   ] Safepoint "Cleanup", Time since last: 1013945000 ns, Reaching safepoint: 48300 ns, At safepoint: 5500 ns, Total: 53800 ns
[2022-04-06T19:09:46.114+0000][2888][safepoint   ] Safepoint "Cleanup", Time since last: 1000322200 ns, Reaching safepoint: 125200 ns, At safepoint: 49000 ns, Total: 174200 ns
[2022-04-06T19:09:54.156+0000][2888][safepoint   ] Safepoint "Cleanup", Time since last: 8042152700 ns, Reaching safepoint: 106900 ns, At safepoint: 3300 ns, Total: 110200 ns
[2022-04-06T19:09:56.168+0000][2888][safepoint   ] Safepoint "Cleanup", Time since last: 2011876400 ns, Reaching safepoint: 35500 ns, At safepoint: 9400 ns, Total: 44900 ns
[2022-04-06T19:09:57.181+0000][2888][safepoint   ] Safepoint "Cleanup", Time since last: 1012903600 ns, Reaching safepoint: 87800 ns, At safepoint: 11100 ns, Total: 98900 ns
[2022-04-06T19:10:00.209+0000][2888][safepoint   ] Safepoint "Cleanup", Time since last: 3027445300 ns, Reaching safepoint: 47000 ns, At safepoint: 6200 ns, Total: 53200 ns
[2022-04-06T19:10:11.300+0000][2888][safepoint   ] Safepoint "Cleanup", Time since last: 11090967300 ns, Reaching safepoint: 43400 ns, At safepoint: 4300 ns, Total: 47700 ns
[2022-04-06T19:10:16.328+0000][2888][safepoint   ] Safepoint "Cleanup", Time since last: 5027862300 ns, Reaching safepoint: 57100 ns, At safepoint: 7000 ns, Total: 64100 ns
[2022-04-06T19:10:39.486+0000][2888][safepoint   ] Safepoint "Cleanup", Time since last: 23158606700 ns, Reaching safepoint: 47500 ns, At safepoint: 5900 ns, Total: 53400 ns
[2022-04-06T19:10:40.491+0000][2888][safepoint   ] Safepoint "Cleanup", Time since last: 1004769200 ns, Reaching safepoint: 44300 ns, At safepoint: 5400 ns, Total: 49700 ns
[2022-04-06T19:10:43.502+0000][2888][safepoint   ] Safepoint "Cleanup", Time since last: 3010739400 ns, Reaching safepoint: 50600 ns, At safepoint: 9000 ns, Total: 59600 ns
[2022-04-06T19:10:55.597+0000][2888][safepoint   ] Safepoint "Cleanup", Time since last: 12095105800 ns, Reaching safepoint: 244500 ns, At safepoint: 26200 ns, Total: 270700 ns
[2022-04-06T19:10:58.633+0000][2888][safepoint   ] Safepoint "Cleanup", Time since last: 3036406800 ns, Reaching safepoint: 297400 ns, At safepoint: 34500 ns, Total: 331900 ns
[2022-04-06T19:11:00.656+0000][2888][safepoint   ] Safepoint "Cleanup", Time since last: 2021602300 ns, Reaching safepoint: 114300 ns, At safepoint: 8000 ns, Total: 122300 ns
[2022-04-06T19:11:10.737+0000][2888][safepoint   ] Safepoint "Cleanup", Time since last: 10081401900 ns, Reaching safepoint: 50600 ns, At safepoint: 10400 ns, Total: 61000 ns
[2022-04-06T19:11:25.835+0000][2888][safepoint   ] Safepoint "Cleanup", Time since last: 15096964700 ns, Reaching safepoint: 106300 ns, At safepoint: 3800 ns, Total: 110100 ns
[2022-04-06T19:11:35.892+0000][2888][safepoint   ] Safepoint "Cleanup", Time since last: 10057727600 ns, Reaching safepoint: 42600 ns, At safepoint: 4100 ns, Total: 46700 ns
[2022-04-06T19:12:03.067+0000][2888][safepoint   ] Safepoint "Cleanup", Time since last: 27174260500 ns, Reaching safepoint: 53200 ns, At safepoint: 5800 ns, Total: 59000 ns
[2022-04-06T19:12:30.222+0000][2888][gc,start    ] GC(13) Pause Young (Normal) (G1 Evacuation Pause)
[2022-04-06T19:12:30.222+0000][2888][gc,task     ] GC(13) Using 4 workers of 4 for evacuation
[2022-04-06T19:12:30.222+0000][2888][gc,age      ] GC(13) Desired survivor size 35651584 bytes, new threshold 2 (max threshold 15)
[2022-04-06T19:12:30.262+0000][2888][gc,age      ] GC(13) Age table with threshold 2 (max threshold 15)
[2022-04-06T19:12:30.262+0000][2888][gc,age      ] GC(13) - age   1:    7721816 bytes,    7721816 total
[2022-04-06T19:12:30.262+0000][2888][gc,age      ] GC(13) - age   2:   18619392 bytes,   26341208 total
[2022-04-06T19:12:30.262+0000][2888][gc,phases   ] GC(13)   Pre Evacuate Collection Set: 0.1ms
[2022-04-06T19:12:30.262+0000][2888][gc,phases   ] GC(13)   Merge Heap Roots: 0.1ms
[2022-04-06T19:12:30.262+0000][2888][gc,phases   ] GC(13)   Evacuate Collection Set: 38.2ms
[2022-04-06T19:12:30.262+0000][2888][gc,phases   ] GC(13)   Post Evacuate Collection Set: 1.9ms
[2022-04-06T19:12:30.262+0000][2888][gc,phases   ] GC(13)   Other: 0.2ms
[2022-04-06T19:12:30.262+0000][2888][gc,heap     ] GC(13) Eden regions: 120->0(227)
[2022-04-06T19:12:30.262+0000][2888][gc,heap     ] GC(13) Survivor regions: 15->7(17)
[2022-04-06T19:12:30.262+0000][2888][gc,heap     ] GC(13) Old regions: 3->12
[2022-04-06T19:12:30.262+0000][2888][gc,heap     ] GC(13) Archive regions: 0->0
[2022-04-06T19:12:30.262+0000][2888][gc,heap     ] GC(13) Humongous regions: 5->5
[2022-04-06T19:12:30.262+0000][2888][gc,metaspace] GC(13) Metaspace: 109249K(111040K)->109249K(111040K) NonClass: 94071K(95104K)->94071K(95104K) Class: 15178K(15936K)->15178K(15936K)
[2022-04-06T19:12:30.262+0000][2888][gc          ] GC(13) Pause Young (Normal) (G1 Evacuation Pause) 569M->95M(8136M) 40.726ms
[2022-04-06T19:12:30.263+0000][2888][gc,cpu      ] GC(13) User=0.19s Sys=0.00s Real=0.04s
[2022-04-06T19:12:30.263+0000][2888][safepoint   ] Safepoint "G1CollectForAllocation", Time since last: 27155003600 ns, Reaching safepoint: 107600 ns, At safepoint: 40808800 ns, Total: 40916400 ns
[2022-04-06T19:12:32.287+0000][2888][safepoint   ] Safepoint "Cleanup", Time since last: 2024064100 ns, Reaching safepoint: 55400 ns, At safepoint: 5900 ns, Total: 61300 ns
[2022-04-06T19:12:33.301+0000][2888][safepoint   ] Safepoint "Cleanup", Time since last: 1013972700 ns, Reaching safepoint: 47700 ns, At safepoint: 6600 ns, Total: 54300 ns
[2022-04-06T19:12:35.326+0000][2888][safepoint   ] Safepoint "Cleanup", Time since last: 2025453700 ns, Reaching safepoint: 43900 ns, At safepoint: 8500 ns, Total: 52400 ns
[2022-04-06T19:12:37.350+0000][2888][safepoint   ] Safepoint "Cleanup", Time since last: 2023598300 ns, Reaching safepoint: 106400 ns, At safepoint: 3900 ns, Total: 110300 ns
[2022-04-06T19:13:38.837+0000][2888][safepoint   ] Safepoint "Cleanup", Time since last: 61487535900 ns, Reaching safepoint: 45400 ns, At safepoint: 5800 ns, Total: 51200 ns
[2022-04-06T19:13:40.856+0000][2888][safepoint   ] Safepoint "Cleanup", Time since last: 2018133700 ns, Reaching safepoint: 93900 ns, At safepoint: 8900 ns, Total: 102800 ns
[2022-04-06T19:13:50.947+0000][2888][safepoint   ] Safepoint "Cleanup", Time since last: 10091492900 ns, Reaching safepoint: 41300 ns, At safepoint: 5000 ns, Total: 46300 ns
[2022-04-06T19:14:26.266+0000][2888][safepoint   ] Safepoint "Cleanup", Time since last: 35318616100 ns, Reaching safepoint: 47000 ns, At safepoint: 5600 ns, Total: 52600 ns
[2022-04-06T19:14:27.271+0000][2888][safepoint   ] Safepoint "Cleanup", Time since last: 1004728000 ns, Reaching safepoint: 50800 ns, At safepoint: 5100 ns, Total: 55900 ns
[2022-04-06T19:14:40.331+0000][2888][safepoint   ] Safepoint "Cleanup", Time since last: 13060656000 ns, Reaching safepoint: 54200 ns, At safepoint: 5900 ns, Total: 60100 ns
[2022-04-06T19:14:41.339+0000][2888][safepoint   ] Safepoint "Cleanup", Time since last: 1007154200 ns, Reaching safepoint: 43400 ns, At safepoint: 5000 ns, Total: 48400 ns
[2022-04-06T19:14:44.354+0000][2888][safepoint   ] Safepoint "Cleanup", Time since last: 3015785700 ns, Reaching safepoint: 113900 ns, At safepoint: 4400 ns, Total: 118300 ns
[2022-04-06T19:15:07.475+0000][2888][safepoint   ] Safepoint "Cleanup", Time since last: 23120033300 ns, Reaching safepoint: 34800 ns, At safepoint: 5300 ns, Total: 40100 ns
[2022-04-06T19:15:09.493+0000][2888][safepoint   ] Safepoint "Cleanup", Time since last: 2017926900 ns, Reaching safepoint: 43800 ns, At safepoint: 4200 ns, Total: 48000 ns
[2022-04-06T19:15:10.498+0000][2888][safepoint   ] Safepoint "Cleanup", Time since last: 1005625800 ns, Reaching safepoint: 54000 ns, At safepoint: 3400 ns, Total: 57400 ns
[2022-04-06T19:15:11.500+0000][2888][safepoint   ] Safepoint "Cleanup", Time since last: 1001329300 ns, Reaching safepoint: 61100 ns, At safepoint: 9100 ns, Total: 70200 ns
[2022-04-06T19:15:16.544+0000][2888][safepoint   ] Safepoint "Cleanup", Time since last: 5044172700 ns, Reaching safepoint: 42300 ns, At safepoint: 20400 ns, Total: 62700 ns
[2022-04-06T19:15:40.719+0000][2888][safepoint   ] Safepoint "Cleanup", Time since last: 24174964000 ns, Reaching safepoint: 45800 ns, At safepoint: 8300 ns, Total: 54100 ns
[2022-04-06T19:15:41.721+0000][2888][safepoint   ] Safepoint "Cleanup", Time since last: 1001826400 ns, Reaching safepoint: 52200 ns, At safepoint: 5000 ns, Total: 57200 ns
[2022-04-06T19:16:00.857+0000][2888][safepoint   ] Safepoint "Cleanup", Time since last: 19135852100 ns, Reaching safepoint: 55000 ns, At safepoint: 7700 ns, Total: 62700 ns
[2022-04-06T19:16:03.874+0000][2888][safepoint   ] Safepoint "Cleanup", Time since last: 3017355300 ns, Reaching safepoint: 45300 ns, At safepoint: 5200 ns, Total: 50500 ns
[2022-04-06T19:16:06.884+0000][2888][safepoint   ] Safepoint "Cleanup", Time since last: 3009861500 ns, Reaching safepoint: 47600 ns, At safepoint: 7000 ns, Total: 54600 ns
[2022-04-06T19:16:10.898+0000][2888][safepoint   ] Safepoint "Cleanup", Time since last: 4013839900 ns, Reaching safepoint: 55000 ns, At safepoint: 7300 ns, Total: 62300 ns
[2022-04-06T19:16:37.086+0000][2888][safepoint   ] Safepoint "Cleanup", Time since last: 26187840400 ns, Reaching safepoint: 50500 ns, At safepoint: 5600 ns, Total: 56100 ns
[2022-04-06T19:16:40.105+0000][2888][safepoint   ] Safepoint "Cleanup", Time since last: 3019310500 ns, Reaching safepoint: 50600 ns, At safepoint: 5200 ns, Total: 55800 ns
[2022-04-06T19:17:39.574+0000][2888][safepoint   ] Safepoint "Cleanup", Time since last: 59469096000 ns, Reaching safepoint: 47100 ns, At safepoint: 7200 ns, Total: 54300 ns
[2022-04-06T19:17:40.585+0000][2888][safepoint   ] Safepoint "Cleanup", Time since last: 1010251300 ns, Reaching safepoint: 59500 ns, At safepoint: 7100 ns, Total: 66600 ns
[2022-04-06T19:17:45.599+0000][2888][safepoint   ] Safepoint "Cleanup", Time since last: 5014541700 ns, Reaching safepoint: 65600 ns, At safepoint: 8400 ns, Total: 74000 ns
[2022-04-06T19:18:10.773+0000][2888][safepoint   ] Safepoint "Cleanup", Time since last: 25173478300 ns, Reaching safepoint: 54600 ns, At safepoint: 5300 ns, Total: 59900 ns
[2022-04-06T19:18:40.945+0000][2888][safepoint   ] Safepoint "Cleanup", Time since last: 30172582000 ns, Reaching safepoint: 150400 ns, At safepoint: 5700 ns, Total: 156100 ns
[2022-04-06T19:18:49.010+0000][2888][safepoint   ] Safepoint "Cleanup", Time since last: 8064585700 ns, Reaching safepoint: 55300 ns, At safepoint: 10900 ns, Total: 66200 ns
[2022-04-06T19:18:50.025+0000][2888][safepoint   ] Safepoint "Cleanup", Time since last: 1014596500 ns, Reaching safepoint: 61000 ns, At safepoint: 8100 ns, Total: 69100 ns
[2022-04-06T19:18:56.068+0000][2888][safepoint   ] Safepoint "Cleanup", Time since last: 6043111700 ns, Reaching safepoint: 62100 ns, At safepoint: 12600 ns, Total: 74700 ns
[2022-04-06T19:19:10.198+0000][2888][safepoint   ] Safepoint "Cleanup", Time since last: 14130064600 ns, Reaching safepoint: 42700 ns, At safepoint: 5700 ns, Total: 48400 ns
[2022-04-06T19:19:18.257+0000][2888][safepoint   ] Safepoint "Cleanup", Time since last: 8058773900 ns, Reaching safepoint: 104300 ns, At safepoint: 4800 ns, Total: 109100 ns
[2022-04-06T19:19:26.324+0000][2888][safepoint   ] Safepoint "Cleanup", Time since last: 8066492900 ns, Reaching safepoint: 44800 ns, At safepoint: 27900 ns, Total: 72700 ns
[2022-04-06T19:19:40.423+0000][2888][safepoint   ] Safepoint "Cleanup", Time since last: 14099688500 ns, Reaching safepoint: 51700 ns, At safepoint: 12300 ns, Total: 64000 ns
[2022-04-06T19:20:40.859+0000][2888][safepoint   ] Safepoint "Cleanup", Time since last: 60435320000 ns, Reaching safepoint: 45300 ns, At safepoint: 2700 ns, Total: 48000 ns
[2022-04-06T19:21:03.012+0000][2888][safepoint   ] Safepoint "Cleanup", Time since last: 22153000600 ns, Reaching safepoint: 65100 ns, At safepoint: 7600 ns, Total: 72700 ns
[2022-04-06T19:21:58.382+0000][2888][safepoint   ] Safepoint "Cleanup", Time since last: 55370333100 ns, Reaching safepoint: 39800 ns, At safepoint: 13400 ns, Total: 53200 ns
[2022-04-06T19:22:05.466+0000][2888][safepoint   ] Safepoint "Cleanup", Time since last: 7083763800 ns, Reaching safepoint: 45800 ns, At safepoint: 5200 ns, Total: 51000 ns
[2022-04-06T19:22:40.747+0000][2888][safepoint   ] Safepoint "Cleanup", Time since last: 35280885400 ns, Reaching safepoint: 93300 ns, At safepoint: 4600 ns, Total: 97900 ns
[2022-04-06T19:23:05.912+0000][2888][safepoint   ] Safepoint "Cleanup", Time since last: 25165282300 ns, Reaching safepoint: 89300 ns, At safepoint: 5100 ns, Total: 94400 ns
[2022-04-06T19:23:07.582+0000][2888][gc,heap,exit] Heap
[2022-04-06T19:23:07.583+0000][2888][gc,heap,exit]  garbage-first heap   total 8331264K, used 775543K [0x0000000603800000, 0x0000000800000000)
[2022-04-06T19:23:07.583+0000][2888][gc,heap,exit]   region size 4096K, 173 young (708608K), 7 survivors (28672K)
[2022-04-06T19:23:07.583+0000][2888][gc,heap,exit]  Metaspace       used 110156K, committed 112000K, reserved 1146880K
[2022-04-06T19:23:07.583+0000][2888][gc,heap,exit]   class space    used 15321K, committed 16128K, reserved 1048576K
